<*GNU-Linker-generated-mapfile*> 
Archive member included to satisfy reference by file (symbol)

d:\Program Files\dSPACE RCPHIL 2017-B\DS1202\Lib/librtversion.a(RtVersion.o)
                              (--whole-archive)
d:\Program Files\dSPACE RCPHIL 2017-B\DS1202\Lib/librtglobals.a(DsEESPort.o)
                              (--whole-archive)
d:\Program Files\dSPACE RCPHIL 2017-B\DS1202\Lib/libm_fastpow.a(w_pow.o)
                              Human_in_Loop.o07 (pow)
d:\Program Files\dSPACE RCPHIL 2017-B\DS1202\Lib/libm_fastpow.a(e_pow.o)
                              d:\Program Files\dSPACE RCPHIL 2017-B\DS1202\Lib/libm_fastpow.a(w_pow.o) (__ieee754_pow)
d:\Program Files\dSPACE RCPHIL 2017-B\DS1202\Lib/libm_fastpow.a(s_scalbn.o)
                              d:\Program Files\dSPACE RCPHIL 2017-B\DS1202\Lib/libm_fastpow.a(e_pow.o) (scalbn)

As-needed library included to satisfy reference by file (symbol)

libDsRealTimeTestingRP.so.1   rti_sim_engine.o07 (dsrtt_script_service_pre_computation)

Memory Configuration

Name             Origin             Length             Attributes
*default*        0x0000000000000000 0xffffffffffffffff

Linker script and memory map

LOAD C:\ProgramData\dSPACE\1184D92C-D928-4591-A1E9-B54339797C20\Compiler\QNX650_520\target\qnx6/ppcbe/lib/crt1.o
LOAD C:\ProgramData\dSPACE\1184D92C-D928-4591-A1E9-B54339797C20\Compiler\QNX650_520\target\qnx6/ppcbe/lib/crti.o
LOAD c:/programdata/dspace/1184d92c-d928-4591-a1e9-b54339797c20/compiler/qnx650_520/host/win32/x86/usr/bin/../lib/gcc/powerpc-unknown-nto-qnx6.5.0/5.2.0/crtbegin.o
                0x0000000000000000                _DSPACE_START = 0x0
                0x0000000000000000                _DSPACE_START_ = 0x0
                0x00000000000004b2                DS_TARGET_PLATFORM = 0x4b2
START GROUP
LOAD Human_in_Loop.o07
LOAD Human_in_Loop_data.o07
LOAD Human_in_Loop_trc_ptr.o07
LOAD rtGetInf.o07
LOAD rtGetNaN.o07
LOAD rt_nonfinite.o07
LOAD rti_sim_engine.o07
LOAD rti_init_c.o07
LOAD rt_sim.o07
LOAD rti_assert.o07
LOAD d:\Program Files\dSPACE RCPHIL 2017-B\DS1202\Lib/librtcan.so
LOAD d:\Program Files\dSPACE RCPHIL 2017-B\DS1202\Lib/librtj1939.so
LOAD d:\Program Files\dSPACE RCPHIL 2017-B\DS1202\Lib/librtser.so
LOAD d:\Program Files\dSPACE RCPHIL 2017-B\DS1202\Lib/librt13xxio.so
LOAD d:\Program Files\dSPACE RCPHIL 2017-B\DS1202\Lib/librt1202.so
LOAD d:\Program Files\dSPACE RCPHIL 2017-B\DS1202\Lib/librtwrap.so
LOAD d:\Program Files\dSPACE RCPHIL 2017-B\DS1202\Lib/librtversion.a
LOAD d:\Program Files\dSPACE RCPHIL 2017-B\DS1202\Lib/librtglobals.a
LOAD d:\Program Files\dSPACE RCPHIL 2017-B\DS1202\Lib/libm_fastpow.a
END GROUP
LOAD d:\Program Files\dSPACE RCPHIL 2017-B\DS1202\Lib/libstdc++.so
LOAD C:\ProgramData\dSPACE\1184D92C-D928-4591-A1E9-B54339797C20\Compiler\QNX650_520\target\qnx6/ppcbe/lib/libm.so
LOAD c:/programdata/dspace/1184d92c-d928-4591-a1e9-b54339797c20/compiler/qnx650_520/host/win32/x86/usr/bin/../lib/gcc/powerpc-unknown-nto-qnx6.5.0/5.2.0\libgcc.a
LOAD C:\ProgramData\dSPACE\1184D92C-D928-4591-A1E9-B54339797C20\Compiler\QNX650_520\target\qnx6/ppcbe/lib/libc.so
LOAD C:\ProgramData\dSPACE\1184D92C-D928-4591-A1E9-B54339797C20\Compiler\QNX650_520\target\qnx6/ppcbe/lib\libc.a
LOAD c:/programdata/dspace/1184d92c-d928-4591-a1e9-b54339797c20/compiler/qnx650_520/host/win32/x86/usr/bin/../lib/gcc/powerpc-unknown-nto-qnx6.5.0/5.2.0\libgcc.a
LOAD c:/programdata/dspace/1184d92c-d928-4591-a1e9-b54339797c20/compiler/qnx650_520/host/win32/x86/usr/bin/../lib/gcc/powerpc-unknown-nto-qnx6.5.0/5.2.0/crtend.o
LOAD C:\ProgramData\dSPACE\1184D92C-D928-4591-A1E9-B54339797C20\Compiler\QNX650_520\target\qnx6/ppcbe/lib/crtn.o
                [!provide]                        PROVIDE (__stack, 0x0)
                [!provide]                        PROVIDE (___stack, 0x0)
                [!provide]                        PROVIDE (__executable_start, 0x48040000)
                0x0000000048040134                . = (0x48040000 + SIZEOF_HEADERS)

.interp         0x0000000048040134       0x14
 *(.interp)
 .interp        0x0000000048040134       0x14 C:\ProgramData\dSPACE\1184D92C-D928-4591-A1E9-B54339797C20\Compiler\QNX650_520\target\qnx6/ppcbe/lib/crt1.o

.note           0x0000000048040150       0x18
 .note          0x0000000048040150       0x18 C:\ProgramData\dSPACE\1184D92C-D928-4591-A1E9-B54339797C20\Compiler\QNX650_520\target\qnx6/ppcbe/lib/crtn.o

.note.gnu.build-id
                0x0000000048040168       0x20
 *(.note.gnu.build-id)
 .note.gnu.build-id
                0x0000000048040168       0x20 C:\ProgramData\dSPACE\1184D92C-D928-4591-A1E9-B54339797C20\Compiler\QNX650_520\target\qnx6/ppcbe/lib/crt1.o

.hash           0x0000000048040188      0x37c
 *(.hash)
 .hash          0x0000000048040188      0x37c C:\ProgramData\dSPACE\1184D92C-D928-4591-A1E9-B54339797C20\Compiler\QNX650_520\target\qnx6/ppcbe/lib/crt1.o

.gnu.hash
 *(.gnu.hash)

.dynsym         0x0000000048040504      0x7c0
 *(.dynsym)
 .dynsym        0x0000000048040504      0x7c0 C:\ProgramData\dSPACE\1184D92C-D928-4591-A1E9-B54339797C20\Compiler\QNX650_520\target\qnx6/ppcbe/lib/crt1.o

.dynstr         0x0000000048040cc4      0xa7c
 *(.dynstr)
 .dynstr        0x0000000048040cc4      0xa7c C:\ProgramData\dSPACE\1184D92C-D928-4591-A1E9-B54339797C20\Compiler\QNX650_520\target\qnx6/ppcbe/lib/crt1.o

.gnu.version    0x0000000048041740        0x0
 *(.gnu.version)
 .gnu.version   0x0000000048041740        0x0 C:\ProgramData\dSPACE\1184D92C-D928-4591-A1E9-B54339797C20\Compiler\QNX650_520\target\qnx6/ppcbe/lib/crt1.o

.gnu.version_d  0x0000000048041740        0x0
 *(.gnu.version_d)
 .gnu.version_d
                0x0000000048041740        0x0 C:\ProgramData\dSPACE\1184D92C-D928-4591-A1E9-B54339797C20\Compiler\QNX650_520\target\qnx6/ppcbe/lib/crt1.o

.gnu.version_r  0x0000000048041740        0x0
 *(.gnu.version_r)
 .gnu.version_r
                0x0000000048041740        0x0 C:\ProgramData\dSPACE\1184D92C-D928-4591-A1E9-B54339797C20\Compiler\QNX650_520\target\qnx6/ppcbe/lib/crt1.o

.rel.dyn
 *(.rel.init)
 *(.rel.text .rel.text.* .rel.gnu.linkonce.t.*)
 *(.rel.fini)
 *(.rel.rodata .rel.rodata.* .rel.gnu.linkonce.r.*)
 *(.rel.data.rel.ro* .rel.gnu.linkonce.d.rel.ro.*)
 *(.rel.data .rel.data.* .rel.gnu.linkonce.d.*)
 *(.rel.tdata .rel.tdata.* .rel.gnu.linkonce.td.*)
 *(.rel.tbss .rel.tbss.* .rel.gnu.linkonce.tb.*)
 *(.rel.ctors)
 *(.rel.dtors)
 *(.rel.got)
 *(.rel.sdata .rel.sdata.* .rel.gnu.linkonce.s.*)
 *(.rel.sbss .rel.sbss.* .rel.gnu.linkonce.sb.*)
 *(.rel.sdata2 .rel.sdata2.* .rel.gnu.linkonce.s2.*)
 *(.rel.sbss2 .rel.sbss2.* .rel.gnu.linkonce.sb2.*)
 *(.rel.bss .rel.bss.* .rel.gnu.linkonce.b.*)

.rela.dyn       0x0000000048041740       0x6c
 *(.rela.init)
 *(.rela.text .rela.text.* .rela.gnu.linkonce.t.*)
 .rela.text     0x0000000048041740        0x0 C:\ProgramData\dSPACE\1184D92C-D928-4591-A1E9-B54339797C20\Compiler\QNX650_520\target\qnx6/ppcbe/lib/crt1.o
 *(.rela.fini)
 *(.rela.rodata .rela.rodata.* .rela.gnu.linkonce.r.*)
 .rela.rodata   0x0000000048041740        0x0 C:\ProgramData\dSPACE\1184D92C-D928-4591-A1E9-B54339797C20\Compiler\QNX650_520\target\qnx6/ppcbe/lib/crt1.o
 *(.rela.data .rela.data.* .rela.gnu.linkonce.d.*)
 *(.rela.tdata .rela.tdata.* .rela.gnu.linkonce.td.*)
 *(.rela.tbss .rela.tbss.* .rela.gnu.linkonce.tb.*)
 *(.rela.ctors)
 *(.rela.dtors)
 *(.rela.got)
 .rela.got      0x0000000048041740       0x48 C:\ProgramData\dSPACE\1184D92C-D928-4591-A1E9-B54339797C20\Compiler\QNX650_520\target\qnx6/ppcbe/lib/crt1.o
 *(.rela.got1)
 *(.rela.got2)
 *(.rela.sdata .rela.sdata.* .rela.gnu.linkonce.s.*)
 *(.rela.sbss .rela.sbss.* .rela.gnu.linkonce.sb.*)
 .rela.sbss     0x0000000048041788        0x0 C:\ProgramData\dSPACE\1184D92C-D928-4591-A1E9-B54339797C20\Compiler\QNX650_520\target\qnx6/ppcbe/lib/crt1.o
 *(.rela.sdata2 .rela.sdata2.* .rela.gnu.linkonce.s2.*)
 *(.rela.sbss2 .rela.sbss2.* .rela.gnu.linkonce.sb2.*)
 *(.rela.bss .rela.bss.* .rela.gnu.linkonce.b.*)
 .rela.bss      0x0000000048041788       0x24 C:\ProgramData\dSPACE\1184D92C-D928-4591-A1E9-B54339797C20\Compiler\QNX650_520\target\qnx6/ppcbe/lib/crt1.o
 .rela.iplt     0x00000000480417ac        0x0 C:\ProgramData\dSPACE\1184D92C-D928-4591-A1E9-B54339797C20\Compiler\QNX650_520\target\qnx6/ppcbe/lib/crt1.o

.rel.plt
 *(.rel.plt)

.rela.plt       0x00000000480417ac      0x4ec
 *(.rela.plt)
 .rela.plt      0x00000000480417ac      0x4ec C:\ProgramData\dSPACE\1184D92C-D928-4591-A1E9-B54339797C20\Compiler\QNX650_520\target\qnx6/ppcbe/lib/crt1.o

.init           0x0000000048041c98       0x24
 *(.init)
 .init          0x0000000048041c98        0xc C:\ProgramData\dSPACE\1184D92C-D928-4591-A1E9-B54339797C20\Compiler\QNX650_520\target\qnx6/ppcbe/lib/crti.o
                0x0000000048041c98                _init
 .init          0x0000000048041ca4        0x4 c:/programdata/dspace/1184d92c-d928-4591-a1e9-b54339797c20/compiler/qnx650_520/host/win32/x86/usr/bin/../lib/gcc/powerpc-unknown-nto-qnx6.5.0/5.2.0/crtbegin.o
 .init          0x0000000048041ca8        0x4 c:/programdata/dspace/1184d92c-d928-4591-a1e9-b54339797c20/compiler/qnx650_520/host/win32/x86/usr/bin/../lib/gcc/powerpc-unknown-nto-qnx6.5.0/5.2.0/crtend.o
 .init          0x0000000048041cac       0x10 C:\ProgramData\dSPACE\1184D92C-D928-4591-A1E9-B54339797C20\Compiler\QNX650_520\target\qnx6/ppcbe/lib/crtn.o

.text           0x0000000048041cc0     0x66ec
                0x0000000048041cc0                _btext = .
 *(.text .stub .text.* .gnu.linkonce.t.*)
 .text          0x0000000048041cc0      0x118 C:\ProgramData\dSPACE\1184D92C-D928-4591-A1E9-B54339797C20\Compiler\QNX650_520\target\qnx6/ppcbe/lib/crt1.o
                0x0000000048041cc0                _start
 .text          0x0000000048041dd8        0x0 C:\ProgramData\dSPACE\1184D92C-D928-4591-A1E9-B54339797C20\Compiler\QNX650_520\target\qnx6/ppcbe/lib/crti.o
 .text          0x0000000048041dd8      0x2b0 c:/programdata/dspace/1184d92c-d928-4591-a1e9-b54339797c20/compiler/qnx650_520/host/win32/x86/usr/bin/../lib/gcc/powerpc-unknown-nto-qnx6.5.0/5.2.0/crtbegin.o
 *fill*         0x0000000048042088        0x8 00000000
 .text          0x0000000048042090     0x3d94 Human_in_Loop.o07
                0x0000000048042880                Human_in_Loop_Mux
                0x0000000048042890                rt_powd_snf
                0x0000000048042b50                Human_in_Lo_ControlModule_Reset
                0x0000000048042b70                Human_in_Loo_ControlModule_Init
                0x0000000048042b80                Human_in_Loop_ControlModule
                0x00000000480441e0                Human_in_Loo_ControlModule_Term
                0x0000000048044220                rt_hypotd_snf
                0x0000000048044300                Human_in_Loop_output
                0x00000000480459d0                Human_in_Loop_update
                0x0000000048045ad0                Human_in_Loop_initialize
                0x0000000048045d90                Human_in_Loop_terminate
 .text          0x0000000048045e24        0x0 Human_in_Loop_data.o07
 .text          0x0000000048045e24      0x104 Human_in_Loop_trc_ptr.o07
                0x0000000048045ef4                Human_in_Loop_rti_init_trc_pointers
 *fill*         0x0000000048045f28        0x8 00000000
 .text          0x0000000048045f30       0x5c rtGetInf.o07
                0x0000000048045f30                rtGetInf
                0x0000000048045f50                rtGetInfF
                0x0000000048045f60                rtGetMinusInf
                0x0000000048045f80                rtGetMinusInfF
 *fill*         0x0000000048045f8c        0x4 00000000
 .text          0x0000000048045f90       0x3c rtGetNaN.o07
                0x0000000048045f90                rtGetNaN
                0x0000000048045fc0                rtGetNaNF
 *fill*         0x0000000048045fcc        0x4 00000000
 .text          0x0000000048045fd0       0xf4 rt_nonfinite.o07
                0x0000000048045fd0                rt_InitInfAndNaN
                0x0000000048046030                rtIsInf
                0x0000000048046060                rtIsInfF
                0x0000000048046090                rtIsNaN
                0x00000000480460b0                rtIsNaNF
 *fill*         0x00000000480460c4        0xc 00000000
 .text          0x00000000480460d0      0xad4 rti_sim_engine.o07
                0x0000000048046b30                rtk_idle_function
                0x0000000048046b40                rti_th_timertask1_trigger_source
                0x0000000048046b90                initConditions
                0x0000000048046ba0                initVariables
 .text.unlikely
                0x0000000048046ba4       0x78 rti_sim_engine.o07
 *fill*         0x0000000048046c1c        0x4 00000000
 .text.startup  0x0000000048046c20      0xb78 rti_sim_engine.o07
                0x0000000048046c20                main
 *fill*         0x0000000048047798        0x8 00000000
 .text          0x00000000480477a0       0x40 rti_init_c.o07
                0x00000000480477a0                rti_init
 .text          0x00000000480477e0       0x44 rt_sim.o07
                0x00000000480477e0                rt_SimInitTimingEngine
                0x0000000048047810                rt_SimGetNextSampleHit
                0x0000000048047820                rt_SimUpdateDiscreteTaskSampleHits
 *fill*         0x0000000048047824        0xc 00000000
 .text          0x0000000048047830       0xd4 rti_assert.o07
                0x0000000048047830                rti_assertion_handler
                0x00000000480478c0                rti_assertion_mode_msg
 .text          0x0000000048047904        0x0 d:\Program Files\dSPACE RCPHIL 2017-B\DS1202\Lib/librtversion.a(RtVersion.o)
 *fill*         0x0000000048047904        0xc 00000000
 .text          0x0000000048047910        0x4 d:\Program Files\dSPACE RCPHIL 2017-B\DS1202\Lib/librtglobals.a(DsEESPort.o)
                0x0000000048047910                DsEesPort_init()
 .text          0x0000000048047914       0x20 d:\Program Files\dSPACE RCPHIL 2017-B\DS1202\Lib/libm_fastpow.a(w_pow.o)
                0x0000000048047914                pow
 .text          0x0000000048047934      0x85c d:\Program Files\dSPACE RCPHIL 2017-B\DS1202\Lib/libm_fastpow.a(e_pow.o)
                0x0000000048047934                __ieee754_pow
 .text          0x0000000048048190      0x188 d:\Program Files\dSPACE RCPHIL 2017-B\DS1202\Lib/libm_fastpow.a(s_scalbn.o)
                0x0000000048048190                scalbn
 .text          0x0000000048048318       0x94 c:/programdata/dspace/1184d92c-d928-4591-a1e9-b54339797c20/compiler/qnx650_520/host/win32/x86/usr/bin/../lib/gcc/powerpc-unknown-nto-qnx6.5.0/5.2.0/crtend.o
 .text          0x00000000480483ac        0x0 C:\ProgramData\dSPACE\1184D92C-D928-4591-A1E9-B54339797C20\Compiler\QNX650_520\target\qnx6/ppcbe/lib/crtn.o
 *(.gnu.warning)
 *(.glink)
 .glink         0x00000000480483ac        0x0 C:\ProgramData\dSPACE\1184D92C-D928-4591-A1E9-B54339797C20\Compiler\QNX650_520\target\qnx6/ppcbe/lib/crt1.o

.fini           0x00000000480483ac       0x20
 *(.fini)
 .fini          0x00000000480483ac        0xc C:\ProgramData\dSPACE\1184D92C-D928-4591-A1E9-B54339797C20\Compiler\QNX650_520\target\qnx6/ppcbe/lib/crti.o
                0x00000000480483ac                _fini
 .fini          0x00000000480483b8        0x4 c:/programdata/dspace/1184d92c-d928-4591-a1e9-b54339797c20/compiler/qnx650_520/host/win32/x86/usr/bin/../lib/gcc/powerpc-unknown-nto-qnx6.5.0/5.2.0/crtbegin.o
 .fini          0x00000000480483bc       0x10 C:\ProgramData\dSPACE\1184D92C-D928-4591-A1E9-B54339797C20\Compiler\QNX650_520\target\qnx6/ppcbe/lib/crtn.o
                [!provide]                        PROVIDE (__etext, .)
                0x00000000480483cc                PROVIDE (_etext, .)
                [!provide]                        PROVIDE (etext, .)

.rodata         0x00000000480483d0      0x5d0
 *(.rodata .rodata.* .gnu.linkonce.r.*)
 .rodata        0x00000000480483d0       0x38 Human_in_Loop.o07
                0x0000000048048404                Human_in_Loop_M
 .rodata.cst4   0x0000000048048408       0x44 Human_in_Loop.o07
 *fill*         0x000000004804844c        0x4 
 .rodata.cst8   0x0000000048048450       0x58 Human_in_Loop.o07
 .rodata.cst4   0x00000000480484a8        0x8 rtGetInf.o07
 .rodata.cst4   0x00000000480484b0        0x4 rtGetNaN.o07
 .rodata        0x00000000480484b4        0xc rti_sim_engine.o07
                0x00000000480484b4                rtiDataSetStorageEnabled
                0x00000000480484b8                p_dsts_sum_of_reset_time
                0x00000000480484bc                p_msg_last_error_no
 .rodata.cst4   0x00000000480484c0        0x8 rti_sim_engine.o07
                                         0x10 (size before relaxing)
 .rodata.cst8   0x00000000480484c8        0x8 rti_sim_engine.o07
                                         0x10 (size before relaxing)
 .rodata.str1.4
                0x00000000480484d0      0x294 rti_sim_engine.o07
 .rodata.cst4   0x0000000048048764        0x4 rt_sim.o07
                                          0x8 (size before relaxing)
 .rodata.str1.4
                0x0000000048048768       0x71 rt_sim.o07
 *fill*         0x00000000480487d9        0x3 
 .rodata.str1.4
                0x00000000480487dc       0x70 rti_assert.o07
                                         0x6d (size before relaxing)
 *fill*         0x000000004804884c        0x4 
 .rodata        0x0000000048048850       0x30 d:\Program Files\dSPACE RCPHIL 2017-B\DS1202\Lib/libm_fastpow.a(e_pow.o)
 .rodata.cst4   0x0000000048048880        0x8 d:\Program Files\dSPACE RCPHIL 2017-B\DS1202\Lib/libm_fastpow.a(e_pow.o)
 .rodata.cst8   0x0000000048048888       0xe8 d:\Program Files\dSPACE RCPHIL 2017-B\DS1202\Lib/libm_fastpow.a(e_pow.o)
 .rodata.cst8   0x0000000048048970       0x30 d:\Program Files\dSPACE RCPHIL 2017-B\DS1202\Lib/libm_fastpow.a(s_scalbn.o)

.rodata1
 *(.rodata1)

.sdata2         0x00000000480489a0        0x0
                0x0000000000008000                PROVIDE (_SDA2_BASE_, 0x8000)
 *(.sdata2 .sdata2.* .gnu.linkonce.s2.*)
 .sdata2        0x00000000480489a0        0x0 C:\ProgramData\dSPACE\1184D92C-D928-4591-A1E9-B54339797C20\Compiler\QNX650_520\target\qnx6/ppcbe/lib/crt1.o

.sbss2
 *(.sbss2 .sbss2.* .gnu.linkonce.sb2.*)

.eh_frame_hdr   0x00000000480489a0       0x14
 *(.eh_frame_hdr)
 .eh_frame_hdr  0x00000000480489a0       0x14 d:\Program Files\dSPACE RCPHIL 2017-B\DS1202\Lib/librtglobals.a(DsEESPort.o)

.eh_frame       0x00000000480489b4       0x2c
 *(.eh_frame)
 .eh_frame      0x00000000480489b4        0x0 C:\ProgramData\dSPACE\1184D92C-D928-4591-A1E9-B54339797C20\Compiler\QNX650_520\target\qnx6/ppcbe/lib/crt1.o
 .eh_frame      0x00000000480489b4        0x0 c:/programdata/dspace/1184d92c-d928-4591-a1e9-b54339797c20/compiler/qnx650_520/host/win32/x86/usr/bin/../lib/gcc/powerpc-unknown-nto-qnx6.5.0/5.2.0/crtbegin.o
 .eh_frame      0x00000000480489b4       0x28 d:\Program Files\dSPACE RCPHIL 2017-B\DS1202\Lib/librtglobals.a(DsEESPort.o)
 .eh_frame      0x00000000480489dc        0x4 c:/programdata/dspace/1184d92c-d928-4591-a1e9-b54339797c20/compiler/qnx650_520/host/win32/x86/usr/bin/../lib/gcc/powerpc-unknown-nto-qnx6.5.0/5.2.0/crtend.o

.gcc_except_table
 *(.gcc_except_table .gcc_except_table.*)
                0x00000000480489e0                . = (ALIGN (0x1000) - ((0x1000 - .) & 0xfff))
                0x0000000048049000                . = DATA_SEGMENT_ALIGN (0x1000, 0x1000)

.eh_frame
 *(.eh_frame)

.gcc_except_table
 *(.gcc_except_table .gcc_except_table.*)

.tdata
 *(.tdata .tdata.* .gnu.linkonce.td.*)

.tbss
 *(.tbss .tbss.* .gnu.linkonce.tb.*)
 *(.tcommon)

.preinit_array  0x0000000048049000        0x0
                0x0000000048049000                PROVIDE (__preinit_array_start, .)
 *(.preinit_array)
                0x0000000048049000                PROVIDE (__preinit_array_end, .)

.init_array     0x0000000048049000        0x0
                0x0000000048049000                PROVIDE (__init_array_start, .)
 *(SORT(.init_array.*))
 *(.init_array)
                0x0000000048049000                PROVIDE (__init_array_end, .)

.fini_array     0x0000000048049000        0x0
                0x0000000048049000                PROVIDE (__fini_array_start, .)
 *(.fini_array)
 *(SORT(.fini_array.*))
                0x0000000048049000                PROVIDE (__fini_array_end, .)

.ctors          0x0000000048049000        0x8
 *crtbegin.o(.ctors)
 .ctors         0x0000000048049000        0x4 c:/programdata/dspace/1184d92c-d928-4591-a1e9-b54339797c20/compiler/qnx650_520/host/win32/x86/usr/bin/../lib/gcc/powerpc-unknown-nto-qnx6.5.0/5.2.0/crtbegin.o
 *crtbegin?.o(.ctors)
 *(EXCLUDE_FILE(*crtend?.o *crtend.o) .ctors)
 *(SORT(.ctors.*))
 *(.ctors)
 .ctors         0x0000000048049004        0x4 c:/programdata/dspace/1184d92c-d928-4591-a1e9-b54339797c20/compiler/qnx650_520/host/win32/x86/usr/bin/../lib/gcc/powerpc-unknown-nto-qnx6.5.0/5.2.0/crtend.o

.dtors          0x0000000048049008        0x8
 *crtbegin.o(.dtors)
 .dtors         0x0000000048049008        0x4 c:/programdata/dspace/1184d92c-d928-4591-a1e9-b54339797c20/compiler/qnx650_520/host/win32/x86/usr/bin/../lib/gcc/powerpc-unknown-nto-qnx6.5.0/5.2.0/crtbegin.o
 *crtbegin?.o(.dtors)
 *(EXCLUDE_FILE(*crtend?.o *crtend.o) .dtors)
 *(SORT(.dtors.*))
 *(.dtors)
 .dtors         0x000000004804900c        0x4 c:/programdata/dspace/1184d92c-d928-4591-a1e9-b54339797c20/compiler/qnx650_520/host/win32/x86/usr/bin/../lib/gcc/powerpc-unknown-nto-qnx6.5.0/5.2.0/crtend.o
                0x000000004804900c                __DTOR_END__

.jcr            0x0000000048049010        0x4
 *(.jcr)
 .jcr           0x0000000048049010        0x0 c:/programdata/dspace/1184d92c-d928-4591-a1e9-b54339797c20/compiler/qnx650_520/host/win32/x86/usr/bin/../lib/gcc/powerpc-unknown-nto-qnx6.5.0/5.2.0/crtbegin.o
 .jcr           0x0000000048049010        0x4 c:/programdata/dspace/1184d92c-d928-4591-a1e9-b54339797c20/compiler/qnx650_520/host/win32/x86/usr/bin/../lib/gcc/powerpc-unknown-nto-qnx6.5.0/5.2.0/crtend.o

.data.rel.ro
 *(.data.rel.ro.local* .gnu.linkonce.d.rel.ro.local.*)
 *(.data.rel.ro* .gnu.linkonce.d.rel.ro.*)

.fixup
 *(.fixup)

.got1
 *(.got1)

.got2
 *(.got2)

.dynamic        0x0000000048049014      0x100
 *(.dynamic)
 .dynamic       0x0000000048049014      0x100 C:\ProgramData\dSPACE\1184D92C-D928-4591-A1E9-B54339797C20\Compiler\QNX650_520\target\qnx6/ppcbe/lib/crt1.o
                0x0000000048049014                _DYNAMIC

.got
 *(.got)
                0x0000000048049114                . = DATA_SEGMENT_RELRO_END (., 0x0)

.plt
 *(.plt)

.data           0x0000000048049118     0x8be8
 *(.data .data.* .gnu.linkonce.d.*)
 .data          0x0000000048049118        0x0 C:\ProgramData\dSPACE\1184D92C-D928-4591-A1E9-B54339797C20\Compiler\QNX650_520\target\qnx6/ppcbe/lib/crt1.o
 .data          0x0000000048049118        0x0 C:\ProgramData\dSPACE\1184D92C-D928-4591-A1E9-B54339797C20\Compiler\QNX650_520\target\qnx6/ppcbe/lib/crti.o
 .data          0x0000000048049118        0x0 c:/programdata/dspace/1184d92c-d928-4591-a1e9-b54339797c20/compiler/qnx650_520/host/win32/x86/usr/bin/../lib/gcc/powerpc-unknown-nto-qnx6.5.0/5.2.0/crtbegin.o
 .data.rel.local
                0x0000000048049118        0x4 c:/programdata/dspace/1184d92c-d928-4591-a1e9-b54339797c20/compiler/qnx650_520/host/win32/x86/usr/bin/../lib/gcc/powerpc-unknown-nto-qnx6.5.0/5.2.0/crtbegin.o
                0x0000000048049118                __dso_handle
 .data          0x000000004804911c        0x0 Human_in_Loop.o07
 *fill*         0x000000004804911c        0x4 
 .data          0x0000000048049120     0x8bc0 Human_in_Loop_data.o07
                0x0000000048049120                Human_in_Loop_P
 .data          0x0000000048051ce0        0x0 Human_in_Loop_trc_ptr.o07
 .data          0x0000000048051ce0        0x0 rtGetInf.o07
 .data          0x0000000048051ce0        0x0 rtGetNaN.o07
 .data          0x0000000048051ce0        0x0 rt_nonfinite.o07
 .data          0x0000000048051ce0       0x14 rti_sim_engine.o07
                0x0000000048051ce0                simState
                0x0000000048051cf0                lastSimState
 .data          0x0000000048051cf4        0x0 rti_init_c.o07
 .data          0x0000000048051cf4        0x0 rt_sim.o07
 .data          0x0000000048051cf4        0x0 rti_assert.o07
 .data          0x0000000048051cf4        0x0 d:\Program Files\dSPACE RCPHIL 2017-B\DS1202\Lib/librtversion.a(RtVersion.o)
 .data          0x0000000048051cf4        0x0 d:\Program Files\dSPACE RCPHIL 2017-B\DS1202\Lib/librtglobals.a(DsEESPort.o)
 .data.rel      0x0000000048051cf4        0xc d:\Program Files\dSPACE RCPHIL 2017-B\DS1202\Lib/librtglobals.a(DsEESPort.o)
                0x0000000048051cf4                p_xilapi_eesport_errorswitching_uint32_T
                0x0000000048051cf8                p_xilapi_eesport_erroractivated_uint32_T
                0x0000000048051cfc                p_xilapi_eesport_activeerrorset_uint32_T
 .data          0x0000000048051d00        0x0 d:\Program Files\dSPACE RCPHIL 2017-B\DS1202\Lib/libm_fastpow.a(w_pow.o)
 .data          0x0000000048051d00        0x0 d:\Program Files\dSPACE RCPHIL 2017-B\DS1202\Lib/libm_fastpow.a(e_pow.o)
 .data          0x0000000048051d00        0x0 d:\Program Files\dSPACE RCPHIL 2017-B\DS1202\Lib/libm_fastpow.a(s_scalbn.o)
 .data          0x0000000048051d00        0x0 c:/programdata/dspace/1184d92c-d928-4591-a1e9-b54339797c20/compiler/qnx650_520/host/win32/x86/usr/bin/../lib/gcc/powerpc-unknown-nto-qnx6.5.0/5.2.0/crtend.o
 .data          0x0000000048051d00        0x0 C:\ProgramData\dSPACE\1184D92C-D928-4591-A1E9-B54339797C20\Compiler\QNX650_520\target\qnx6/ppcbe/lib/crtn.o

.tm_clone_table
                0x0000000048051d00        0x0
 .tm_clone_table
                0x0000000048051d00        0x0 c:/programdata/dspace/1184d92c-d928-4591-a1e9-b54339797c20/compiler/qnx650_520/host/win32/x86/usr/bin/../lib/gcc/powerpc-unknown-nto-qnx6.5.0/5.2.0/crtbegin.o
 .tm_clone_table
                0x0000000048051d00        0x0 c:/programdata/dspace/1184d92c-d928-4591-a1e9-b54339797c20/compiler/qnx650_520/host/win32/x86/usr/bin/../lib/gcc/powerpc-unknown-nto-qnx6.5.0/5.2.0/crtend.o

.data1
 *(.data1)

.got            0x0000000048051d00       0x54
 *(.got)
 .got           0x0000000048051d00       0x54 C:\ProgramData\dSPACE\1184D92C-D928-4591-A1E9-B54339797C20\Compiler\QNX650_520\target\qnx6/ppcbe/lib/crt1.o
                0x0000000048051d48                _GLOBAL_OFFSET_TABLE_

.sdata          0x0000000048051d54        0x0
                0x0000000000008000                PROVIDE (_SDA_BASE_, 0x8000)
 *(.sdata .sdata.* .gnu.linkonce.s.*)
 .sdata         0x0000000048051d54        0x0 C:\ProgramData\dSPACE\1184D92C-D928-4591-A1E9-B54339797C20\Compiler\QNX650_520\target\qnx6/ppcbe/lib/crt1.o
                0x0000000048051d54                _edata = .
                [!provide]                        PROVIDE (edata, .)
                0x0000000048051d54                __bss_start = .

.sbss           0x0000000048051d54        0x0
                [!provide]                        PROVIDE (__sbss_start, .)
                [!provide]                        PROVIDE (___sbss_start, .)
 *(.dynsbss)
 .dynsbss       0x0000000048051d54        0x0 C:\ProgramData\dSPACE\1184D92C-D928-4591-A1E9-B54339797C20\Compiler\QNX650_520\target\qnx6/ppcbe/lib/crt1.o
 *(.sbss .sbss.* .gnu.linkonce.sb.*)
 *(.scommon)
                [!provide]                        PROVIDE (__sbss_end, .)
                [!provide]                        PROVIDE (___sbss_end, .)

.plt            0x0000000048051d54      0x534
 *(.plt)
 .plt           0x0000000048051d54      0x534 C:\ProgramData\dSPACE\1184D92C-D928-4591-A1E9-B54339797C20\Compiler\QNX650_520\target\qnx6/ppcbe/lib/crt1.o
                0x0000000048051d9c                ts_reset
                0x0000000048051da4                __register_frame_info
                0x0000000048051dac                DioCl2EncoderIn_create
                0x0000000048051db4                msg_error_clear
                0x0000000048051dbc                AdcCl1AnalogIn_read
                0x0000000048051dc4                dsrtt_set_current_time
                0x0000000048051dcc                sqrt
                0x0000000048051dd4                DioCl2EncoderIn_read
                0x0000000048051ddc                rtk_current_task_absolute_time_ptr_get
                0x0000000048051de4                DioCl1DigIn_start
                0x0000000048051dec                DsTimeSync_simstateRun
                0x0000000048051df4                DacCl1AnalogOut_create
                0x0000000048051dfc                DioCl2EncoderIn_setEncPosition
                0x0000000048051e04                DioCl2EncoderIn_stop
                0x0000000048051e0c                DioCl1DigIn_setInputFilter
                0x0000000048051e14                floor
                0x0000000048051e1c                DioCl1DigIn_create
                0x0000000048051e24                memcpy
                0x0000000048051e2c                rtk_setup_temp_overrun_handling
                0x0000000048051e34                DioCl1DigOut_setChMaskOutData
                0x0000000048051e3c                DioCl2EncoderIn_setIndexMode
                0x0000000048051e44                SrtkIntBase_requestTaskMode
                0x0000000048051e4c                rtk_reset_tasks
                0x0000000048051e54                __cxa_finalize
                0x0000000048051e5c                _init_array
                0x0000000048051e64                rtk_set_task_type
                0x0000000048051e6c                DsTimeSync_baserate
                0x0000000048051e74                rtk_task_name_set
                0x0000000048051e7c                DacCl1AnalogOut_apply
                0x0000000048051e84                DioCl1DigIn_getChMaskInData
                0x0000000048051e8c                DioCl1DigOut_setChMaskOutHighZ
                0x0000000048051e94                dsrtt_script_service_post_computation
                0x0000000048051e9c                rtk_create_task
                0x0000000048051ea4                msg_warning_printf
                0x0000000048051eac                msg_last_error_number
                0x0000000048051eb4                DioCl2EncoderIn_start
                0x0000000048051ebc                AdcCl1AnalogIn_setConversTrigger
                0x0000000048051ec4                dsparam_copy_data_set
                0x0000000048051ecc                SrtkPreload_preloadRegion
                0x0000000048051ed4                msg_error_set
                0x0000000048051edc                rtk_enable_services
                0x0000000048051ee4                SrtkDaq_Init
                0x0000000048051eec                DioCl1DigOut_setSignalVoltage
                0x0000000048051ef4                rtk_task_task_calls_get
                0x0000000048051efc                DioCl1DigIn_apply
                0x0000000048051f04                DsTimeSync_setCurrentTimePtr
                0x0000000048051f0c                DioCl2EncoderIn_setMinEncVelocity
                0x0000000048051f14                SrtkIntBase_enableIntGlobal
                0x0000000048051f1c                DacCl1AnalogOut_write
                0x0000000048051f24                AdcCl1AnalogIn_setConversionMode
                0x0000000048051f2c                rtk_overrun_flag_clear
                0x0000000048051f34                rtk_bind_interrupt
                0x0000000048051f3c                DacCl1AnalogOut_stop
                0x0000000048051f44                AdcCl1AnalogIn_apply
                0x0000000048051f4c                _init_libc
                0x0000000048051f54                DioCl2EncoderIn_setGatedMode
                0x0000000048051f5c                dsrtt_init
                0x0000000048051f64                AdcCl1AnalogIn_write
                0x0000000048051f6c                DioCl1DigOut_write
                0x0000000048051f74                SrtkApp_terminate
                0x0000000048051f7c                DioCl1DigOut_start
                0x0000000048051f84                DioCl2EncoderIn_setMaxPosition
                0x0000000048051f8c                DioCl2EncoderIn_setMinPosition
                0x0000000048051f94                AdcCl1AnalogIn_isDataReady
                0x0000000048051f9c                msg_info_set
                0x0000000048051fa4                dsrtt_script_service_pre_computation
                0x0000000048051fac                DacCl1AnalogOut_start
                0x0000000048051fb4                msg_error_printf
                0x0000000048051fbc                memset
                0x0000000048051fc4                DioCl1DigOut_create
                0x0000000048051fcc                DioCl2EncoderIn_getEncPosition
                0x0000000048051fd4                rtk_leave_idle_mode
                0x0000000048051fdc                __wrap_exit
                0x0000000048051fe4                DioCl1DigOut_apply
                0x0000000048051fec                __wrap_atexit
                0x0000000048051ff4                DioCl2EncoderIn_setMeasurementInterval
                0x0000000048051ffc                DacCl1AnalogOut_setOutputValue
                0x0000000048052004                AdcCl1AnalogIn_start
                0x000000004805200c                _fini_array
                0x0000000048052014                SrtkDaq_Background
                0x000000004805201c                _preinit_array
                0x0000000048052024                SrtkApp_init
                0x000000004805202c                SrtkDaq_Service
                0x0000000048052034                rtk_task_task_name_get
                0x000000004805203c                AdcCl1AnalogIn_setConversSwTrigger
                0x0000000048052044                DioCl1DigIn_read
                0x000000004805204c                SrtkSim_notifyStateTransition
                0x0000000048052054                AdcCl1AnalogIn_getSingleValue
                0x000000004805205c                DioCl2EncoderIn_apply
                0x0000000048052064                DioCl2EncoderIn_getEncVelocity
                0x000000004805206c                msg_set
                0x0000000048052074                rtk_get_subentry
                0x000000004805207c                dsrtt_set_step_size
                0x0000000048052084                rtk_enter_idle_mode
                0x000000004805208c                rtk_initialize
                0x0000000048052094                DacCl1AnalogOut_setOutputHighZ
                0x000000004805209c                DioCl2EncoderIn_setEncoderLines
                0x00000000480520a4                SrtkApp_background
                0x00000000480520ac                rtk_default_overrun_fcn
                0x00000000480520b4                AdcCl1AnalogIn_create
                0x00000000480520bc                vcm_module_register
                0x00000000480520c4                DsTimeSync_simstateStop
                0x00000000480520cc                SrtkIntBase_disableIntGlobal
                0x00000000480520d4                SrtkSim_registerState
                0x00000000480520dc                __deregister_frame_info

.bss            0x0000000048052288    0x2dacc
 *(.dynbss)
 .dynbss        0x0000000048052288       0x14 C:\ProgramData\dSPACE\1184D92C-D928-4591-A1E9-B54339797C20\Compiler\QNX650_520\target\qnx6/ppcbe/lib/crt1.o
                0x0000000048052288                errno
                0x0000000048052290                dsts_sum_of_reseted_time
                0x0000000048052298                msg_last_error_no
 *(.bss .bss.* .gnu.linkonce.b.*)
 .bss           0x000000004805229c        0x0 C:\ProgramData\dSPACE\1184D92C-D928-4591-A1E9-B54339797C20\Compiler\QNX650_520\target\qnx6/ppcbe/lib/crt1.o
 .bss           0x000000004805229c        0x0 C:\ProgramData\dSPACE\1184D92C-D928-4591-A1E9-B54339797C20\Compiler\QNX650_520\target\qnx6/ppcbe/lib/crti.o
 .bss           0x000000004805229c       0x20 c:/programdata/dspace/1184d92c-d928-4591-a1e9-b54339797c20/compiler/qnx650_520/host/win32/x86/usr/bin/../lib/gcc/powerpc-unknown-nto-qnx6.5.0/5.2.0/crtbegin.o
 *fill*         0x00000000480522bc        0x4 
 .bss           0x00000000480522c0    0x2d998 Human_in_Loop.o07
                0x00000000480522c0                Human_in_Loop_B
                0x0000000048076ff0                Human_in_Loop_DW
                0x000000004807fc30                Human_in_Loop_M_
 .bss           0x000000004807fc58        0x0 Human_in_Loop_data.o07
 .bss           0x000000004807fc58       0x2c Human_in_Loop_trc_ptr.o07
                0x000000004807fc58                p_0_Human_in_Loop_real_T_0
                0x000000004807fc5c                p_0_Human_in_Loop_boolean_T_1
                0x000000004807fc60                p_0_Human_in_Loop_real_T_2
                0x000000004807fc64                p_0_Human_in_Loop_real_T_3
                0x000000004807fc68                p_1_Human_in_Loop_real_T_0
                0x000000004807fc6c                p_1_Human_in_Loop_int8_T_1
                0x000000004807fc70                p_1_Human_in_Loop_boolean_T_2
                0x000000004807fc74                p_1_Human_in_Loop_real_T_3
                0x000000004807fc78                p_1_Human_in_Loop_boolean_T_4
                0x000000004807fc7c                p_2_Human_in_Loop_real_T_0
                0x000000004807fc80                p_2_Human_in_Loop_int8_T_1
 .bss           0x000000004807fc84        0x0 rtGetInf.o07
 .bss           0x000000004807fc84        0x0 rtGetNaN.o07
 *fill*         0x000000004807fc84        0x4 
 .bss           0x000000004807fc88       0x2c rt_nonfinite.o07
                0x000000004807fc88                rtNaN
                0x000000004807fc90                rtNaNF
                0x000000004807fc98                rtInf
                0x000000004807fca0                rtInfF
                0x000000004807fca8                rtMinusInf
                0x000000004807fcb0                rtMinusInfF
 *fill*         0x000000004807fcb4        0x4 
 .bss           0x000000004807fcb8       0x84 rti_sim_engine.o07
                0x000000004807fcb8                currentTime
                0x000000004807fcbc                finalTime
                0x000000004807fcc0                modelStepSize
                0x000000004807fcc8                pRTIDacC1AnalogOut_Ch_16
                0x000000004807fccc                pRTIEmcEncoder_Unit_1_DioCl_2_Port_1_Ch1
                0x000000004807fcd0                pRTIEmcEncoder_Unit_3_DioCl_2_Port_1_Ch5
                0x000000004807fcd4                pRTIDioC1DigOut_Port_3_Ch_11
                0x000000004807fcd8                pRTIDioC1DigOut_Port_3_Ch_13
                0x000000004807fcdc                pRTIDioC1DigOut_Port_1_Ch_1
                0x000000004807fce0                pRTIAdcC1AnalogIn_Ch_6
                0x000000004807fce4                pRTIDioC1DigIn_Port_1_Ch_2
                0x000000004807fce8                taskMode
                0x000000004807fcec                pRti_TIMERA_STime
                0x000000004807fcf0                pRti_TIMERA_TTime
                0x000000004807fcf4                pRti_TIMERA_TState
                0x000000004807fcf8                pRti_TIMERA_OType
                0x000000004807fcfc                pRti_TIMERA_OMax
                0x000000004807fd00                pRti_TIMERA_ORpt
                0x000000004807fd04                pRti_TIMERA_OCnt
                0x000000004807fd08                pRti_TIMERA_TCnt
                0x000000004807fd0c                pRti_TIMERA_Prio
                0x000000004807fd14                pRti_TIMERB_STime
                0x000000004807fd18                pRti_TIMERB_TTime
                0x000000004807fd1c                pRti_TIMERB_TState
                0x000000004807fd20                pRti_TIMERB_OType
                0x000000004807fd24                pRti_TIMERB_OMax
                0x000000004807fd28                pRti_TIMERB_ORpt
                0x000000004807fd2c                pRti_TIMERB_OCnt
                0x000000004807fd30                pRti_TIMERB_TCnt
                0x000000004807fd34                pRti_TIMERB_Prio
                0x000000004807fd38                rtiAssertionMode
 .bss           0x000000004807fd3c        0x4 rti_init_c.o07
 .bss           0x000000004807fd40        0x0 rt_sim.o07
 .bss           0x000000004807fd40        0x0 rti_assert.o07
 .bss           0x000000004807fd40        0x0 d:\Program Files\dSPACE RCPHIL 2017-B\DS1202\Lib/librtversion.a(RtVersion.o)
 .bss           0x000000004807fd40       0x14 d:\Program Files\dSPACE RCPHIL 2017-B\DS1202\Lib/librtglobals.a(DsEESPort.o)
                0x000000004807fd40                xilapi_eesport_trigger_uint32_T
                0x000000004807fd44                xilapi_eesport_flags_uint32_T
                0x000000004807fd48                xilapi_eesport_errorswitching_uint32_T
                0x000000004807fd4c                xilapi_eesport_erroractivated_uint32_T
                0x000000004807fd50                xilapi_eesport_activeerrorset_uint32_T
 .bss           0x000000004807fd54        0x0 d:\Program Files\dSPACE RCPHIL 2017-B\DS1202\Lib/libm_fastpow.a(w_pow.o)
 .bss           0x000000004807fd54        0x0 d:\Program Files\dSPACE RCPHIL 2017-B\DS1202\Lib/libm_fastpow.a(e_pow.o)
 .bss           0x000000004807fd54        0x0 d:\Program Files\dSPACE RCPHIL 2017-B\DS1202\Lib/libm_fastpow.a(s_scalbn.o)
 .bss           0x000000004807fd54        0x0 c:/programdata/dspace/1184d92c-d928-4591-a1e9-b54339797c20/compiler/qnx650_520/host/win32/x86/usr/bin/../lib/gcc/powerpc-unknown-nto-qnx6.5.0/5.2.0/crtend.o
 .bss           0x000000004807fd54        0x0 C:\ProgramData\dSPACE\1184D92C-D928-4591-A1E9-B54339797C20\Compiler\QNX650_520\target\qnx6/ppcbe/lib/crtn.o
 *(COMMON)
                0x000000004807fd54                . = ALIGN ((. != 0x0)?0x4:0x1)

.iplt           0x000000004807fd60        0x0
 .iplt          0x000000004807fd60        0x0 C:\ProgramData\dSPACE\1184D92C-D928-4591-A1E9-B54339797C20\Compiler\QNX650_520\target\qnx6/ppcbe/lib/crt1.o
                0x000000004807fd60                . = ALIGN (0x4)
                0x000000004807fd60                . = ALIGN (0x4)
                0x000000004807fd60                __end = .
                0x000000004807fd60                _end = .
                [!provide]                        PROVIDE (end, .)
                0x000000004807fd60                . = DATA_SEGMENT_END (.)

.stab
 *(.stab)

.stabstr
 *(.stabstr)

.stab.excl
 *(.stab.excl)

.stab.exclstr
 *(.stab.exclstr)

.stab.index
 *(.stab.index)

.stab.indexstr
 *(.stab.indexstr)

.comment        0x0000000000000000       0x47
 *(.comment)
 .comment       0x0000000000000000       0x11 c:/programdata/dspace/1184d92c-d928-4591-a1e9-b54339797c20/compiler/qnx650_520/host/win32/x86/usr/bin/../lib/gcc/powerpc-unknown-nto-qnx6.5.0/5.2.0/crtbegin.o
                                         0x12 (size before relaxing)
 .comment       0x0000000000000011       0x12 Human_in_Loop.o07
 .comment       0x0000000000000011       0x12 Human_in_Loop_data.o07
 .comment       0x0000000000000011       0x12 Human_in_Loop_trc_ptr.o07
 .comment       0x0000000000000011       0x12 rtGetInf.o07
 .comment       0x0000000000000011       0x12 rtGetNaN.o07
 .comment       0x0000000000000011       0x12 rt_nonfinite.o07
 .comment       0x0000000000000011       0x12 rti_sim_engine.o07
 .comment       0x0000000000000011       0x12 rti_init_c.o07
 .comment       0x0000000000000011       0x12 rt_sim.o07
 .comment       0x0000000000000011       0x12 rti_assert.o07
 .comment       0x0000000000000011       0x12 d:\Program Files\dSPACE RCPHIL 2017-B\DS1202\Lib/librtversion.a(RtVersion.o)
 .comment       0x0000000000000011       0x12 d:\Program Files\dSPACE RCPHIL 2017-B\DS1202\Lib/librtglobals.a(DsEESPort.o)
 .comment       0x0000000000000011       0x12 d:\Program Files\dSPACE RCPHIL 2017-B\DS1202\Lib/libm_fastpow.a(w_pow.o)
 .comment       0x0000000000000023       0x12 d:\Program Files\dSPACE RCPHIL 2017-B\DS1202\Lib/libm_fastpow.a(e_pow.o)
 .comment       0x0000000000000035       0x12 d:\Program Files\dSPACE RCPHIL 2017-B\DS1202\Lib/libm_fastpow.a(s_scalbn.o)
 .comment       0x0000000000000047       0x12 c:/programdata/dspace/1184d92c-d928-4591-a1e9-b54339797c20/compiler/qnx650_520/host/win32/x86/usr/bin/../lib/gcc/powerpc-unknown-nto-qnx6.5.0/5.2.0/crtend.o

.PPC.EMB.apuinfo
                0x0000000000000000       0x18
 .PPC.EMB.apuinfo
                0x0000000000000000       0x18 Human_in_Loop.o07

.debug
 *(.debug)

.line
 *(.line)

.debug_srcinfo
 *(.debug_srcinfo)

.debug_sfnames
 *(.debug_sfnames)

.debug_aranges
 *(.debug_aranges)

.debug_pubnames
 *(.debug_pubnames)

.debug_info
 *(.debug_info .gnu.linkonce.wi.*)

.debug_abbrev
 *(.debug_abbrev)

.debug_line
 *(.debug_line)

.debug_frame
 *(.debug_frame)

.debug_str
 *(.debug_str)

.debug_loc
 *(.debug_loc)

.debug_macinfo
 *(.debug_macinfo)

.debug_weaknames
 *(.debug_weaknames)

.debug_funcnames
 *(.debug_funcnames)

.debug_typenames
 *(.debug_typenames)

.debug_varnames
 *(.debug_varnames)

.debug_pubtypes
 *(.debug_pubtypes)

.debug_ranges
 *(.debug_ranges)

.gnu.attributes
                0x0000000000000000       0x14
 *(.gnu.attributes)
 .gnu.attributes
                0x0000000000000000       0x10 Human_in_Loop.o07
 .gnu.attributes
                0x0000000000000010       0x10 rtGetInf.o07
 .gnu.attributes
                0x0000000000000020       0x10 rtGetNaN.o07
 .gnu.attributes
                0x0000000000000030       0x10 rt_nonfinite.o07
 .gnu.attributes
                0x0000000000000040       0x10 rti_sim_engine.o07
 .gnu.attributes
                0x0000000000000050       0x10 rt_sim.o07
 .gnu.attributes
                0x0000000000000060       0x10 rti_assert.o07
 .gnu.attributes
                0x0000000000000070       0x14 d:\Program Files\dSPACE RCPHIL 2017-B\DS1202\Lib/libm_fastpow.a(w_pow.o)
 .gnu.attributes
                0x0000000000000084       0x14 d:\Program Files\dSPACE RCPHIL 2017-B\DS1202\Lib/libm_fastpow.a(e_pow.o)
 .gnu.attributes
                0x0000000000000098       0x14 d:\Program Files\dSPACE RCPHIL 2017-B\DS1202\Lib/libm_fastpow.a(s_scalbn.o)

/DISCARD/
 *(.note.GNU-stack)
 *(.gnu_debuglink)
OUTPUT(Human_in_Loop.ppc elf32-powerpc)
