<*GNU-Linker-generated-mapfile*> 
Archive member included to satisfy reference by file (symbol)

d:\Program Files\dSPACE RCPHIL 2017-B\DS1202\Lib/librtversion.a(RtVersion.o)
                              (--whole-archive)
d:\Program Files\dSPACE RCPHIL 2017-B\DS1202\Lib/librtglobals.a(DsEESPort.o)
                              (--whole-archive)
d:\Program Files\dSPACE RCPHIL 2017-B\DS1202\Lib/libm_fastpow.a(w_pow.o)
                              Human_in_Loop.o07 (pow)
d:\Program Files\dSPACE RCPHIL 2017-B\DS1202\Lib/libm_fastpow.a(e_pow.o)
                              d:\Program Files\dSPACE RCPHIL 2017-B\DS1202\Lib/libm_fastpow.a(w_pow.o) (__ieee754_pow)
d:\Program Files\dSPACE RCPHIL 2017-B\DS1202\Lib/libm_fastpow.a(s_scalbn.o)
                              d:\Program Files\dSPACE RCPHIL 2017-B\DS1202\Lib/libm_fastpow.a(e_pow.o) (scalbn)

As-needed library included to satisfy reference by file (symbol)

libDsRealTimeTestingRP.so.1   rti_sim_engine.o07 (dsrtt_script_service_pre_computation)

Memory Configuration

Name             Origin             Length             Attributes
*default*        0x0000000000000000 0xffffffffffffffff

Linker script and memory map

LOAD C:\ProgramData\dSPACE\1184D92C-D928-4591-A1E9-B54339797C20\Compiler\QNX650_520\target\qnx6/ppcbe/lib/crt1.o
LOAD C:\ProgramData\dSPACE\1184D92C-D928-4591-A1E9-B54339797C20\Compiler\QNX650_520\target\qnx6/ppcbe/lib/crti.o
LOAD c:/programdata/dspace/1184d92c-d928-4591-a1e9-b54339797c20/compiler/qnx650_520/host/win32/x86/usr/bin/../lib/gcc/powerpc-unknown-nto-qnx6.5.0/5.2.0/crtbegin.o
                0x0000000000000000                _DSPACE_START = 0x0
                0x0000000000000000                _DSPACE_START_ = 0x0
                0x00000000000004b2                DS_TARGET_PLATFORM = 0x4b2
START GROUP
LOAD Human_in_Loop.o07
LOAD Human_in_Loop_data.o07
LOAD Human_in_Loop_trc_ptr.o07
LOAD rtGetInf.o07
LOAD rtGetNaN.o07
LOAD rt_nonfinite.o07
LOAD rt_zcfcn.o07
LOAD rti_sim_engine.o07
LOAD rti_init_c.o07
LOAD rt_sim.o07
LOAD rti_assert.o07
LOAD d:\Program Files\dSPACE RCPHIL 2017-B\DS1202\Lib/librtcan.so
LOAD d:\Program Files\dSPACE RCPHIL 2017-B\DS1202\Lib/librtj1939.so
LOAD d:\Program Files\dSPACE RCPHIL 2017-B\DS1202\Lib/librtser.so
LOAD d:\Program Files\dSPACE RCPHIL 2017-B\DS1202\Lib/librt13xxio.so
LOAD d:\Program Files\dSPACE RCPHIL 2017-B\DS1202\Lib/librt1202.so
LOAD d:\Program Files\dSPACE RCPHIL 2017-B\DS1202\Lib/librtwrap.so
LOAD d:\Program Files\dSPACE RCPHIL 2017-B\DS1202\Lib/librtversion.a
LOAD d:\Program Files\dSPACE RCPHIL 2017-B\DS1202\Lib/librtglobals.a
LOAD d:\Program Files\dSPACE RCPHIL 2017-B\DS1202\Lib/libm_fastpow.a
END GROUP
LOAD d:\Program Files\dSPACE RCPHIL 2017-B\DS1202\Lib/libstdc++.so
LOAD C:\ProgramData\dSPACE\1184D92C-D928-4591-A1E9-B54339797C20\Compiler\QNX650_520\target\qnx6/ppcbe/lib/libm.so
LOAD c:/programdata/dspace/1184d92c-d928-4591-a1e9-b54339797c20/compiler/qnx650_520/host/win32/x86/usr/bin/../lib/gcc/powerpc-unknown-nto-qnx6.5.0/5.2.0\libgcc.a
LOAD C:\ProgramData\dSPACE\1184D92C-D928-4591-A1E9-B54339797C20\Compiler\QNX650_520\target\qnx6/ppcbe/lib/libc.so
LOAD C:\ProgramData\dSPACE\1184D92C-D928-4591-A1E9-B54339797C20\Compiler\QNX650_520\target\qnx6/ppcbe/lib\libc.a
LOAD c:/programdata/dspace/1184d92c-d928-4591-a1e9-b54339797c20/compiler/qnx650_520/host/win32/x86/usr/bin/../lib/gcc/powerpc-unknown-nto-qnx6.5.0/5.2.0\libgcc.a
LOAD c:/programdata/dspace/1184d92c-d928-4591-a1e9-b54339797c20/compiler/qnx650_520/host/win32/x86/usr/bin/../lib/gcc/powerpc-unknown-nto-qnx6.5.0/5.2.0/crtend.o
LOAD C:\ProgramData\dSPACE\1184D92C-D928-4591-A1E9-B54339797C20\Compiler\QNX650_520\target\qnx6/ppcbe/lib/crtn.o
                [!provide]                        PROVIDE (__stack, 0x0)
                [!provide]                        PROVIDE (___stack, 0x0)
                [!provide]                        PROVIDE (__executable_start, 0x48040000)
                0x0000000048040134                . = (0x48040000 + SIZEOF_HEADERS)

.interp         0x0000000048040134       0x14
 *(.interp)
 .interp        0x0000000048040134       0x14 C:\ProgramData\dSPACE\1184D92C-D928-4591-A1E9-B54339797C20\Compiler\QNX650_520\target\qnx6/ppcbe/lib/crt1.o

.note           0x0000000048040150       0x18
 .note          0x0000000048040150       0x18 C:\ProgramData\dSPACE\1184D92C-D928-4591-A1E9-B54339797C20\Compiler\QNX650_520\target\qnx6/ppcbe/lib/crtn.o

.note.gnu.build-id
                0x0000000048040168       0x20
 *(.note.gnu.build-id)
 .note.gnu.build-id
                0x0000000048040168       0x20 C:\ProgramData\dSPACE\1184D92C-D928-4591-A1E9-B54339797C20\Compiler\QNX650_520\target\qnx6/ppcbe/lib/crt1.o

.hash           0x0000000048040188      0x43c
 *(.hash)
 .hash          0x0000000048040188      0x43c C:\ProgramData\dSPACE\1184D92C-D928-4591-A1E9-B54339797C20\Compiler\QNX650_520\target\qnx6/ppcbe/lib/crt1.o

.gnu.hash
 *(.gnu.hash)

.dynsym         0x00000000480405c4      0x8a0
 *(.dynsym)
 .dynsym        0x00000000480405c4      0x8a0 C:\ProgramData\dSPACE\1184D92C-D928-4591-A1E9-B54339797C20\Compiler\QNX650_520\target\qnx6/ppcbe/lib/crt1.o

.dynstr         0x0000000048040e64      0xb4e
 *(.dynstr)
 .dynstr        0x0000000048040e64      0xb4e C:\ProgramData\dSPACE\1184D92C-D928-4591-A1E9-B54339797C20\Compiler\QNX650_520\target\qnx6/ppcbe/lib/crt1.o

.gnu.version    0x00000000480419b2        0x0
 *(.gnu.version)
 .gnu.version   0x00000000480419b2        0x0 C:\ProgramData\dSPACE\1184D92C-D928-4591-A1E9-B54339797C20\Compiler\QNX650_520\target\qnx6/ppcbe/lib/crt1.o

.gnu.version_d  0x00000000480419b4        0x0
 *(.gnu.version_d)
 .gnu.version_d
                0x00000000480419b4        0x0 C:\ProgramData\dSPACE\1184D92C-D928-4591-A1E9-B54339797C20\Compiler\QNX650_520\target\qnx6/ppcbe/lib/crt1.o

.gnu.version_r  0x00000000480419b4        0x0
 *(.gnu.version_r)
 .gnu.version_r
                0x00000000480419b4        0x0 C:\ProgramData\dSPACE\1184D92C-D928-4591-A1E9-B54339797C20\Compiler\QNX650_520\target\qnx6/ppcbe/lib/crt1.o

.rel.dyn
 *(.rel.init)
 *(.rel.text .rel.text.* .rel.gnu.linkonce.t.*)
 *(.rel.fini)
 *(.rel.rodata .rel.rodata.* .rel.gnu.linkonce.r.*)
 *(.rel.data.rel.ro* .rel.gnu.linkonce.d.rel.ro.*)
 *(.rel.data .rel.data.* .rel.gnu.linkonce.d.*)
 *(.rel.tdata .rel.tdata.* .rel.gnu.linkonce.td.*)
 *(.rel.tbss .rel.tbss.* .rel.gnu.linkonce.tb.*)
 *(.rel.ctors)
 *(.rel.dtors)
 *(.rel.got)
 *(.rel.sdata .rel.sdata.* .rel.gnu.linkonce.s.*)
 *(.rel.sbss .rel.sbss.* .rel.gnu.linkonce.sb.*)
 *(.rel.sdata2 .rel.sdata2.* .rel.gnu.linkonce.s2.*)
 *(.rel.sbss2 .rel.sbss2.* .rel.gnu.linkonce.sb2.*)
 *(.rel.bss .rel.bss.* .rel.gnu.linkonce.b.*)

.rela.dyn       0x00000000480419b4       0x84
 *(.rela.init)
 *(.rela.text .rela.text.* .rela.gnu.linkonce.t.*)
 .rela.text     0x00000000480419b4        0x0 C:\ProgramData\dSPACE\1184D92C-D928-4591-A1E9-B54339797C20\Compiler\QNX650_520\target\qnx6/ppcbe/lib/crt1.o
 *(.rela.fini)
 *(.rela.rodata .rela.rodata.* .rela.gnu.linkonce.r.*)
 .rela.rodata   0x00000000480419b4        0x0 C:\ProgramData\dSPACE\1184D92C-D928-4591-A1E9-B54339797C20\Compiler\QNX650_520\target\qnx6/ppcbe/lib/crt1.o
 *(.rela.data .rela.data.* .rela.gnu.linkonce.d.*)
 *(.rela.tdata .rela.tdata.* .rela.gnu.linkonce.td.*)
 *(.rela.tbss .rela.tbss.* .rela.gnu.linkonce.tb.*)
 *(.rela.ctors)
 *(.rela.dtors)
 *(.rela.got)
 .rela.got      0x00000000480419b4       0x48 C:\ProgramData\dSPACE\1184D92C-D928-4591-A1E9-B54339797C20\Compiler\QNX650_520\target\qnx6/ppcbe/lib/crt1.o
 *(.rela.got1)
 *(.rela.got2)
 *(.rela.sdata .rela.sdata.* .rela.gnu.linkonce.s.*)
 *(.rela.sbss .rela.sbss.* .rela.gnu.linkonce.sb.*)
 .rela.sbss     0x00000000480419fc        0x0 C:\ProgramData\dSPACE\1184D92C-D928-4591-A1E9-B54339797C20\Compiler\QNX650_520\target\qnx6/ppcbe/lib/crt1.o
 *(.rela.sdata2 .rela.sdata2.* .rela.gnu.linkonce.s2.*)
 *(.rela.sbss2 .rela.sbss2.* .rela.gnu.linkonce.sb2.*)
 *(.rela.bss .rela.bss.* .rela.gnu.linkonce.b.*)
 .rela.bss      0x00000000480419fc       0x3c C:\ProgramData\dSPACE\1184D92C-D928-4591-A1E9-B54339797C20\Compiler\QNX650_520\target\qnx6/ppcbe/lib/crt1.o
 .rela.iplt     0x0000000048041a38        0x0 C:\ProgramData\dSPACE\1184D92C-D928-4591-A1E9-B54339797C20\Compiler\QNX650_520\target\qnx6/ppcbe/lib/crt1.o

.rel.plt
 *(.rel.plt)

.rela.plt       0x0000000048041a38      0x57c
 *(.rela.plt)
 .rela.plt      0x0000000048041a38      0x57c C:\ProgramData\dSPACE\1184D92C-D928-4591-A1E9-B54339797C20\Compiler\QNX650_520\target\qnx6/ppcbe/lib/crt1.o

.init           0x0000000048041fb4       0x24
 *(.init)
 .init          0x0000000048041fb4        0xc C:\ProgramData\dSPACE\1184D92C-D928-4591-A1E9-B54339797C20\Compiler\QNX650_520\target\qnx6/ppcbe/lib/crti.o
                0x0000000048041fb4                _init
 .init          0x0000000048041fc0        0x4 c:/programdata/dspace/1184d92c-d928-4591-a1e9-b54339797c20/compiler/qnx650_520/host/win32/x86/usr/bin/../lib/gcc/powerpc-unknown-nto-qnx6.5.0/5.2.0/crtbegin.o
 .init          0x0000000048041fc4        0x4 c:/programdata/dspace/1184d92c-d928-4591-a1e9-b54339797c20/compiler/qnx650_520/host/win32/x86/usr/bin/../lib/gcc/powerpc-unknown-nto-qnx6.5.0/5.2.0/crtend.o
 .init          0x0000000048041fc8       0x10 C:\ProgramData\dSPACE\1184D92C-D928-4591-A1E9-B54339797C20\Compiler\QNX650_520\target\qnx6/ppcbe/lib/crtn.o

.text           0x0000000048041fe0    0x13cfc
                0x0000000048041fe0                _btext = .
 *(.text .stub .text.* .gnu.linkonce.t.*)
 .text          0x0000000048041fe0      0x118 C:\ProgramData\dSPACE\1184D92C-D928-4591-A1E9-B54339797C20\Compiler\QNX650_520\target\qnx6/ppcbe/lib/crt1.o
                0x0000000048041fe0                _start
 .text          0x00000000480420f8        0x0 C:\ProgramData\dSPACE\1184D92C-D928-4591-A1E9-B54339797C20\Compiler\QNX650_520\target\qnx6/ppcbe/lib/crti.o
 .text          0x00000000480420f8      0x2b0 c:/programdata/dspace/1184d92c-d928-4591-a1e9-b54339797c20/compiler/qnx650_520/host/win32/x86/usr/bin/../lib/gcc/powerpc-unknown-nto-qnx6.5.0/5.2.0/crtbegin.o
 *fill*         0x00000000480423a8        0x8 00000000
 .text          0x00000000480423b0    0x10a60 Human_in_Loop.o07
                0x0000000048043cb0                rt_hypotd_snf
                0x0000000048046300                Human_in_Loop_BayeisanOpt_Init
                0x0000000048046420                Human_in_Loop_BayeisanOpt_Reset
                0x0000000048046530                Human_in_Loop_BayeisanOpt
                0x0000000048047530                Human_SerialDecodingSystem_Init
                0x00000000480475d0                Huma_SerialDecodingSystem_Reset
                0x0000000048047660                Human_in_L_SerialDecodingSystem
                0x0000000048048820                Human_in_Loop_Mux1
                0x0000000048048840                Human_in_Lo_MATLABFunction_Init
                0x0000000048048850                Human_in_Loop_MATLABFunction
                0x0000000048048930                Human_in_Loop_Mux
                0x0000000048048940                rt_powd_snf
                0x0000000048048c10                rt_roundd_snf
                0x0000000048048c70                Human_in_Lo_ControlModule_Reset
                0x0000000048048ce0                Human_in_Loo_ControlModule_Init
                0x0000000048048cf0                Human_in_Loop_ControlModule
                0x000000004804a6a0                Human_in_Loo_ControlModule_Term
                0x000000004804a6e0                Human_in_Loop_output
                0x0000000048051c50                Human_in_Loop_derivatives
                0x0000000048052320                Human_in_Loop_update
                0x00000000480525c0                Human_in_Loop_initialize
                0x0000000048052d60                Human_in_Loop_terminate
 .text          0x0000000048052e10        0x0 Human_in_Loop_data.o07
 .text          0x0000000048052e10      0x264 Human_in_Loop_trc_ptr.o07
                0x0000000048053040                Human_in_Loop_rti_init_trc_pointers
 *fill*         0x0000000048053074        0xc 00000000
 .text          0x0000000048053080       0x5c rtGetInf.o07
                0x0000000048053080                rtGetInf
                0x00000000480530a0                rtGetInfF
                0x00000000480530b0                rtGetMinusInf
                0x00000000480530d0                rtGetMinusInfF
 *fill*         0x00000000480530dc        0x4 00000000
 .text          0x00000000480530e0       0x3c rtGetNaN.o07
                0x00000000480530e0                rtGetNaN
                0x0000000048053110                rtGetNaNF
 *fill*         0x000000004805311c        0x4 00000000
 .text          0x0000000048053120       0xf4 rt_nonfinite.o07
                0x0000000048053120                rt_InitInfAndNaN
                0x0000000048053180                rtIsInf
                0x00000000480531b0                rtIsInfF
                0x00000000480531e0                rtIsNaN
                0x0000000048053200                rtIsNaNF
 *fill*         0x0000000048053214        0xc 00000000
 .text          0x0000000048053220       0xf8 rt_zcfcn.o07
                0x0000000048053220                rt_ZCFcn
 *fill*         0x0000000048053318        0x8 00000000
 .text          0x0000000048053320      0xc84 rti_sim_engine.o07
                0x0000000048053f30                rtk_idle_function
                0x0000000048053f40                rti_th_timertask1_trigger_source
                0x0000000048053f90                initConditions
                0x0000000048053fa0                initVariables
 .text.unlikely
                0x0000000048053fa4       0x78 rti_sim_engine.o07
 *fill*         0x000000004805401c        0x4 00000000
 .text.startup  0x0000000048054020     0x10b0 rti_sim_engine.o07
                0x0000000048054020                main
 .text          0x00000000480550d0       0x40 rti_init_c.o07
                0x00000000480550d0                rti_init
 .text          0x0000000048055110       0x44 rt_sim.o07
                0x0000000048055110                rt_SimInitTimingEngine
                0x0000000048055140                rt_SimGetNextSampleHit
                0x0000000048055150                rt_SimUpdateDiscreteTaskSampleHits
 *fill*         0x0000000048055154        0xc 00000000
 .text          0x0000000048055160       0xd4 rti_assert.o07
                0x0000000048055160                rti_assertion_handler
                0x00000000480551f0                rti_assertion_mode_msg
 .text          0x0000000048055234        0x0 d:\Program Files\dSPACE RCPHIL 2017-B\DS1202\Lib/librtversion.a(RtVersion.o)
 *fill*         0x0000000048055234        0xc 00000000
 .text          0x0000000048055240        0x4 d:\Program Files\dSPACE RCPHIL 2017-B\DS1202\Lib/librtglobals.a(DsEESPort.o)
                0x0000000048055240                DsEesPort_init()
 .text          0x0000000048055244       0x20 d:\Program Files\dSPACE RCPHIL 2017-B\DS1202\Lib/libm_fastpow.a(w_pow.o)
                0x0000000048055244                pow
 .text          0x0000000048055264      0x85c d:\Program Files\dSPACE RCPHIL 2017-B\DS1202\Lib/libm_fastpow.a(e_pow.o)
                0x0000000048055264                __ieee754_pow
 .text          0x0000000048055ac0      0x188 d:\Program Files\dSPACE RCPHIL 2017-B\DS1202\Lib/libm_fastpow.a(s_scalbn.o)
                0x0000000048055ac0                scalbn
 .text          0x0000000048055c48       0x94 c:/programdata/dspace/1184d92c-d928-4591-a1e9-b54339797c20/compiler/qnx650_520/host/win32/x86/usr/bin/../lib/gcc/powerpc-unknown-nto-qnx6.5.0/5.2.0/crtend.o
 .text          0x0000000048055cdc        0x0 C:\ProgramData\dSPACE\1184D92C-D928-4591-A1E9-B54339797C20\Compiler\QNX650_520\target\qnx6/ppcbe/lib/crtn.o
 *(.gnu.warning)
 *(.glink)
 .glink         0x0000000048055cdc        0x0 C:\ProgramData\dSPACE\1184D92C-D928-4591-A1E9-B54339797C20\Compiler\QNX650_520\target\qnx6/ppcbe/lib/crt1.o

.fini           0x0000000048055cdc       0x20
 *(.fini)
 .fini          0x0000000048055cdc        0xc C:\ProgramData\dSPACE\1184D92C-D928-4591-A1E9-B54339797C20\Compiler\QNX650_520\target\qnx6/ppcbe/lib/crti.o
                0x0000000048055cdc                _fini
 .fini          0x0000000048055ce8        0x4 c:/programdata/dspace/1184d92c-d928-4591-a1e9-b54339797c20/compiler/qnx650_520/host/win32/x86/usr/bin/../lib/gcc/powerpc-unknown-nto-qnx6.5.0/5.2.0/crtbegin.o
 .fini          0x0000000048055cec       0x10 C:\ProgramData\dSPACE\1184D92C-D928-4591-A1E9-B54339797C20\Compiler\QNX650_520\target\qnx6/ppcbe/lib/crtn.o
                [!provide]                        PROVIDE (__etext, .)
                0x0000000048055cfc                PROVIDE (_etext, .)
                [!provide]                        PROVIDE (etext, .)

.rodata         0x0000000048055d00     0x1760
 *(.rodata .rodata.* .gnu.linkonce.r.*)
 .rodata        0x0000000048055d00     0x104c Human_in_Loop.o07
                0x0000000048056d48                Human_in_Loop_M
 .rodata.cst4   0x0000000048056d4c       0xa4 Human_in_Loop.o07
 .rodata.cst8   0x0000000048056df0      0x128 Human_in_Loop.o07
 .rodata.str1.4
                0x0000000048056f18        0x5 Human_in_Loop.o07
 *fill*         0x0000000048056f1d        0x3 
 .rodata.cst4   0x0000000048056f20        0x8 rtGetInf.o07
 .rodata.cst4   0x0000000048056f28        0x4 rtGetNaN.o07
 .rodata        0x0000000048056f2c       0x13 rt_zcfcn.o07
 *fill*         0x0000000048056f3f        0x1 
 .rodata.cst4   0x0000000048056f40        0x4 rt_zcfcn.o07
 .rodata        0x0000000048056f44        0xc rti_sim_engine.o07
                0x0000000048056f44                rtiDataSetStorageEnabled
                0x0000000048056f48                p_dsts_sum_of_reset_time
                0x0000000048056f4c                p_msg_last_error_no
 .rodata.cst4   0x0000000048056f50        0xc rti_sim_engine.o07
                                         0x10 (size before relaxing)
 *fill*         0x0000000048056f5c        0x4 
 .rodata.cst8   0x0000000048056f60        0x8 rti_sim_engine.o07
                                         0x10 (size before relaxing)
 .rodata.str1.4
                0x0000000048056f68      0x2bc rti_sim_engine.o07
 .rodata.cst4   0x0000000048057224        0x4 rt_sim.o07
                                          0x8 (size before relaxing)
 .rodata.str1.4
                0x0000000048057228       0x71 rt_sim.o07
 *fill*         0x0000000048057299        0x3 
 .rodata.str1.4
                0x000000004805729c       0x70 rti_assert.o07
                                         0x6d (size before relaxing)
 *fill*         0x000000004805730c        0x4 
 .rodata        0x0000000048057310       0x30 d:\Program Files\dSPACE RCPHIL 2017-B\DS1202\Lib/libm_fastpow.a(e_pow.o)
 .rodata.cst4   0x0000000048057340        0x8 d:\Program Files\dSPACE RCPHIL 2017-B\DS1202\Lib/libm_fastpow.a(e_pow.o)
 .rodata.cst8   0x0000000048057348       0xe8 d:\Program Files\dSPACE RCPHIL 2017-B\DS1202\Lib/libm_fastpow.a(e_pow.o)
 .rodata.cst8   0x0000000048057430       0x30 d:\Program Files\dSPACE RCPHIL 2017-B\DS1202\Lib/libm_fastpow.a(s_scalbn.o)

.rodata1
 *(.rodata1)

.sdata2         0x0000000048057460        0x0
                0x0000000000008000                PROVIDE (_SDA2_BASE_, 0x8000)
 *(.sdata2 .sdata2.* .gnu.linkonce.s2.*)
 .sdata2        0x0000000048057460        0x0 C:\ProgramData\dSPACE\1184D92C-D928-4591-A1E9-B54339797C20\Compiler\QNX650_520\target\qnx6/ppcbe/lib/crt1.o

.sbss2
 *(.sbss2 .sbss2.* .gnu.linkonce.sb2.*)

.eh_frame_hdr   0x0000000048057460       0x14
 *(.eh_frame_hdr)
 .eh_frame_hdr  0x0000000048057460       0x14 d:\Program Files\dSPACE RCPHIL 2017-B\DS1202\Lib/librtglobals.a(DsEESPort.o)

.eh_frame       0x0000000048057474       0x2c
 *(.eh_frame)
 .eh_frame      0x0000000048057474        0x0 C:\ProgramData\dSPACE\1184D92C-D928-4591-A1E9-B54339797C20\Compiler\QNX650_520\target\qnx6/ppcbe/lib/crt1.o
 .eh_frame      0x0000000048057474        0x0 c:/programdata/dspace/1184d92c-d928-4591-a1e9-b54339797c20/compiler/qnx650_520/host/win32/x86/usr/bin/../lib/gcc/powerpc-unknown-nto-qnx6.5.0/5.2.0/crtbegin.o
 .eh_frame      0x0000000048057474       0x28 d:\Program Files\dSPACE RCPHIL 2017-B\DS1202\Lib/librtglobals.a(DsEESPort.o)
 .eh_frame      0x000000004805749c        0x4 c:/programdata/dspace/1184d92c-d928-4591-a1e9-b54339797c20/compiler/qnx650_520/host/win32/x86/usr/bin/../lib/gcc/powerpc-unknown-nto-qnx6.5.0/5.2.0/crtend.o

.gcc_except_table
 *(.gcc_except_table .gcc_except_table.*)
                0x00000000480574a0                . = (ALIGN (0x1000) - ((0x1000 - .) & 0xfff))
                0x00000000480584a0                . = DATA_SEGMENT_ALIGN (0x1000, 0x1000)

.eh_frame
 *(.eh_frame)

.gcc_except_table
 *(.gcc_except_table .gcc_except_table.*)

.tdata
 *(.tdata .tdata.* .gnu.linkonce.td.*)

.tbss
 *(.tbss .tbss.* .gnu.linkonce.tb.*)
 *(.tcommon)

.preinit_array  0x00000000480584a0        0x0
                0x00000000480584a0                PROVIDE (__preinit_array_start, .)
 *(.preinit_array)
                0x00000000480584a0                PROVIDE (__preinit_array_end, .)

.init_array     0x00000000480584a0        0x0
                0x00000000480584a0                PROVIDE (__init_array_start, .)
 *(SORT(.init_array.*))
 *(.init_array)
                0x00000000480584a0                PROVIDE (__init_array_end, .)

.fini_array     0x00000000480584a0        0x0
                0x00000000480584a0                PROVIDE (__fini_array_start, .)
 *(.fini_array)
 *(SORT(.fini_array.*))
                0x00000000480584a0                PROVIDE (__fini_array_end, .)

.ctors          0x00000000480584a0        0x8
 *crtbegin.o(.ctors)
 .ctors         0x00000000480584a0        0x4 c:/programdata/dspace/1184d92c-d928-4591-a1e9-b54339797c20/compiler/qnx650_520/host/win32/x86/usr/bin/../lib/gcc/powerpc-unknown-nto-qnx6.5.0/5.2.0/crtbegin.o
 *crtbegin?.o(.ctors)
 *(EXCLUDE_FILE(*crtend?.o *crtend.o) .ctors)
 *(SORT(.ctors.*))
 *(.ctors)
 .ctors         0x00000000480584a4        0x4 c:/programdata/dspace/1184d92c-d928-4591-a1e9-b54339797c20/compiler/qnx650_520/host/win32/x86/usr/bin/../lib/gcc/powerpc-unknown-nto-qnx6.5.0/5.2.0/crtend.o

.dtors          0x00000000480584a8        0x8
 *crtbegin.o(.dtors)
 .dtors         0x00000000480584a8        0x4 c:/programdata/dspace/1184d92c-d928-4591-a1e9-b54339797c20/compiler/qnx650_520/host/win32/x86/usr/bin/../lib/gcc/powerpc-unknown-nto-qnx6.5.0/5.2.0/crtbegin.o
 *crtbegin?.o(.dtors)
 *(EXCLUDE_FILE(*crtend?.o *crtend.o) .dtors)
 *(SORT(.dtors.*))
 *(.dtors)
 .dtors         0x00000000480584ac        0x4 c:/programdata/dspace/1184d92c-d928-4591-a1e9-b54339797c20/compiler/qnx650_520/host/win32/x86/usr/bin/../lib/gcc/powerpc-unknown-nto-qnx6.5.0/5.2.0/crtend.o
                0x00000000480584ac                __DTOR_END__

.jcr            0x00000000480584b0        0x4
 *(.jcr)
 .jcr           0x00000000480584b0        0x0 c:/programdata/dspace/1184d92c-d928-4591-a1e9-b54339797c20/compiler/qnx650_520/host/win32/x86/usr/bin/../lib/gcc/powerpc-unknown-nto-qnx6.5.0/5.2.0/crtbegin.o
 .jcr           0x00000000480584b0        0x4 c:/programdata/dspace/1184d92c-d928-4591-a1e9-b54339797c20/compiler/qnx650_520/host/win32/x86/usr/bin/../lib/gcc/powerpc-unknown-nto-qnx6.5.0/5.2.0/crtend.o

.data.rel.ro
 *(.data.rel.ro.local* .gnu.linkonce.d.rel.ro.local.*)
 *(.data.rel.ro* .gnu.linkonce.d.rel.ro.*)

.fixup
 *(.fixup)

.got1
 *(.got1)

.got2
 *(.got2)

.dynamic        0x00000000480584b4      0x100
 *(.dynamic)
 .dynamic       0x00000000480584b4      0x100 C:\ProgramData\dSPACE\1184D92C-D928-4591-A1E9-B54339797C20\Compiler\QNX650_520\target\qnx6/ppcbe/lib/crt1.o
                0x00000000480584b4                _DYNAMIC

.got
 *(.got)
                0x00000000480585b4                . = DATA_SEGMENT_RELRO_END (., 0x0)

.plt
 *(.plt)

.data           0x00000000480585b8     0xe388
 *(.data .data.* .gnu.linkonce.d.*)
 .data          0x00000000480585b8        0x0 C:\ProgramData\dSPACE\1184D92C-D928-4591-A1E9-B54339797C20\Compiler\QNX650_520\target\qnx6/ppcbe/lib/crt1.o
 .data          0x00000000480585b8        0x0 C:\ProgramData\dSPACE\1184D92C-D928-4591-A1E9-B54339797C20\Compiler\QNX650_520\target\qnx6/ppcbe/lib/crti.o
 .data          0x00000000480585b8        0x0 c:/programdata/dspace/1184d92c-d928-4591-a1e9-b54339797c20/compiler/qnx650_520/host/win32/x86/usr/bin/../lib/gcc/powerpc-unknown-nto-qnx6.5.0/5.2.0/crtbegin.o
 .data.rel.local
                0x00000000480585b8        0x4 c:/programdata/dspace/1184d92c-d928-4591-a1e9-b54339797c20/compiler/qnx650_520/host/win32/x86/usr/bin/../lib/gcc/powerpc-unknown-nto-qnx6.5.0/5.2.0/crtbegin.o
                0x00000000480585b8                __dso_handle
 .data          0x00000000480585bc        0x0 Human_in_Loop.o07
 *fill*         0x00000000480585bc        0x4 
 .data          0x00000000480585c0     0xe360 Human_in_Loop_data.o07
                0x00000000480585c0                Human_in_Loop_P
 .data          0x0000000048066920        0x0 Human_in_Loop_trc_ptr.o07
 .data          0x0000000048066920        0x0 rtGetInf.o07
 .data          0x0000000048066920        0x0 rtGetNaN.o07
 .data          0x0000000048066920        0x0 rt_nonfinite.o07
 .data          0x0000000048066920        0x0 rt_zcfcn.o07
 .data          0x0000000048066920       0x14 rti_sim_engine.o07
                0x0000000048066920                simState
                0x0000000048066930                lastSimState
 .data          0x0000000048066934        0x0 rti_init_c.o07
 .data          0x0000000048066934        0x0 rt_sim.o07
 .data          0x0000000048066934        0x0 rti_assert.o07
 .data          0x0000000048066934        0x0 d:\Program Files\dSPACE RCPHIL 2017-B\DS1202\Lib/librtversion.a(RtVersion.o)
 .data          0x0000000048066934        0x0 d:\Program Files\dSPACE RCPHIL 2017-B\DS1202\Lib/librtglobals.a(DsEESPort.o)
 .data.rel      0x0000000048066934        0xc d:\Program Files\dSPACE RCPHIL 2017-B\DS1202\Lib/librtglobals.a(DsEESPort.o)
                0x0000000048066934                p_xilapi_eesport_errorswitching_uint32_T
                0x0000000048066938                p_xilapi_eesport_erroractivated_uint32_T
                0x000000004806693c                p_xilapi_eesport_activeerrorset_uint32_T
 .data          0x0000000048066940        0x0 d:\Program Files\dSPACE RCPHIL 2017-B\DS1202\Lib/libm_fastpow.a(w_pow.o)
 .data          0x0000000048066940        0x0 d:\Program Files\dSPACE RCPHIL 2017-B\DS1202\Lib/libm_fastpow.a(e_pow.o)
 .data          0x0000000048066940        0x0 d:\Program Files\dSPACE RCPHIL 2017-B\DS1202\Lib/libm_fastpow.a(s_scalbn.o)
 .data          0x0000000048066940        0x0 c:/programdata/dspace/1184d92c-d928-4591-a1e9-b54339797c20/compiler/qnx650_520/host/win32/x86/usr/bin/../lib/gcc/powerpc-unknown-nto-qnx6.5.0/5.2.0/crtend.o
 .data          0x0000000048066940        0x0 C:\ProgramData\dSPACE\1184D92C-D928-4591-A1E9-B54339797C20\Compiler\QNX650_520\target\qnx6/ppcbe/lib/crtn.o

.tm_clone_table
                0x0000000048066940        0x0
 .tm_clone_table
                0x0000000048066940        0x0 c:/programdata/dspace/1184d92c-d928-4591-a1e9-b54339797c20/compiler/qnx650_520/host/win32/x86/usr/bin/../lib/gcc/powerpc-unknown-nto-qnx6.5.0/5.2.0/crtbegin.o
 .tm_clone_table
                0x0000000048066940        0x0 c:/programdata/dspace/1184d92c-d928-4591-a1e9-b54339797c20/compiler/qnx650_520/host/win32/x86/usr/bin/../lib/gcc/powerpc-unknown-nto-qnx6.5.0/5.2.0/crtend.o

.data1
 *(.data1)

.got            0x0000000048066940       0x54
 *(.got)
 .got           0x0000000048066940       0x54 C:\ProgramData\dSPACE\1184D92C-D928-4591-A1E9-B54339797C20\Compiler\QNX650_520\target\qnx6/ppcbe/lib/crt1.o
                0x0000000048066988                _GLOBAL_OFFSET_TABLE_

.sdata          0x0000000048066994        0x0
                0x0000000000008000                PROVIDE (_SDA_BASE_, 0x8000)
 *(.sdata .sdata.* .gnu.linkonce.s.*)
 .sdata         0x0000000048066994        0x0 C:\ProgramData\dSPACE\1184D92C-D928-4591-A1E9-B54339797C20\Compiler\QNX650_520\target\qnx6/ppcbe/lib/crt1.o
                0x0000000048066994                _edata = .
                [!provide]                        PROVIDE (edata, .)
                0x0000000048066994                __bss_start = .

.sbss           0x0000000048066994        0x0
                [!provide]                        PROVIDE (__sbss_start, .)
                [!provide]                        PROVIDE (___sbss_start, .)
 *(.dynsbss)
 .dynsbss       0x0000000048066994        0x0 C:\ProgramData\dSPACE\1184D92C-D928-4591-A1E9-B54339797C20\Compiler\QNX650_520\target\qnx6/ppcbe/lib/crt1.o
 *(.sbss .sbss.* .gnu.linkonce.sb.*)
 *(.scommon)
                [!provide]                        PROVIDE (__sbss_end, .)
                [!provide]                        PROVIDE (___sbss_end, .)

.plt            0x0000000048066994      0x5c4
 *(.plt)
 .plt           0x0000000048066994      0x5c4 C:\ProgramData\dSPACE\1184D92C-D928-4591-A1E9-B54339797C20\Compiler\QNX650_520\target\qnx6/ppcbe/lib/crt1.o
                0x00000000480669dc                ts_reset
                0x00000000480669e4                __register_frame_info
                0x00000000480669ec                DioCl2EncoderIn_create
                0x00000000480669f4                msg_error_clear
                0x00000000480669fc                AdcCl1AnalogIn_read
                0x0000000048066a04                dsrtt_set_current_time
                0x0000000048066a0c                sqrt
                0x0000000048066a14                DioCl2EncoderIn_read
                0x0000000048066a1c                rtk_current_task_absolute_time_ptr_get
                0x0000000048066a24                DioCl1DigIn_start
                0x0000000048066a2c                DsTimeSync_simstateRun
                0x0000000048066a34                DacCl1AnalogOut_create
                0x0000000048066a3c                DioCl2EncoderIn_setEncPosition
                0x0000000048066a44                DioCl2EncoderIn_stop
                0x0000000048066a4c                DioCl1DigIn_setInputFilter
                0x0000000048066a54                floor
                0x0000000048066a5c                DioCl1DigIn_create
                0x0000000048066a64                memcpy
                0x0000000048066a6c                rtk_setup_temp_overrun_handling
                0x0000000048066a74                DioCl1DigOut_setChMaskOutData
                0x0000000048066a7c                DioCl2EncoderIn_setIndexMode
                0x0000000048066a84                ceil
                0x0000000048066a8c                SrtkIntBase_requestTaskMode
                0x0000000048066a94                rtk_reset_tasks
                0x0000000048066a9c                rtk_scheduler
                0x0000000048066aa4                __cxa_finalize
                0x0000000048066aac                _init_array
                0x0000000048066ab4                rtk_set_task_type
                0x0000000048066abc                DsTimeSync_baserate
                0x0000000048066ac4                rtk_task_name_set
                0x0000000048066acc                DacCl1AnalogOut_apply
                0x0000000048066ad4                DioCl1DigIn_getChMaskInData
                0x0000000048066adc                DioCl1DigOut_setChMaskOutHighZ
                0x0000000048066ae4                dsrtt_script_service_post_computation
                0x0000000048066aec                rtk_create_task
                0x0000000048066af4                msg_warning_printf
                0x0000000048066afc                msg_last_error_number
                0x0000000048066b04                DioCl2EncoderIn_start
                0x0000000048066b0c                AdcCl1AnalogIn_setConversTrigger
                0x0000000048066b14                dsparam_copy_data_set
                0x0000000048066b1c                SrtkPreload_preloadRegion
                0x0000000048066b24                msg_error_set
                0x0000000048066b2c                rtk_enable_services
                0x0000000048066b34                SrtkDaq_Init
                0x0000000048066b3c                DioCl1DigOut_setSignalVoltage
                0x0000000048066b44                rtk_task_task_calls_get
                0x0000000048066b4c                DioCl1DigIn_apply
                0x0000000048066b54                dsser_config
                0x0000000048066b5c                SrtkCfg_finalizeSlaveBoot
                0x0000000048066b64                DsTimeSync_setCurrentTimePtr
                0x0000000048066b6c                DioCl2EncoderIn_setMinEncVelocity
                0x0000000048066b74                SrtkIntBase_enableIntGlobal
                0x0000000048066b7c                DacCl1AnalogOut_write
                0x0000000048066b84                AdcCl1AnalogIn_setConversionMode
                0x0000000048066b8c                rtk_overrun_flag_clear
                0x0000000048066b94                dsser_enable
                0x0000000048066b9c                rtk_bind_interrupt
                0x0000000048066ba4                DacCl1AnalogOut_stop
                0x0000000048066bac                AdcCl1AnalogIn_apply
                0x0000000048066bb4                _init_libc
                0x0000000048066bbc                DioCl2EncoderIn_setGatedMode
                0x0000000048066bc4                dsrtt_init
                0x0000000048066bcc                AdcCl1AnalogIn_write
                0x0000000048066bd4                DioCl1DigOut_write
                0x0000000048066bdc                SrtkApp_terminate
                0x0000000048066be4                DioCl1DigOut_start
                0x0000000048066bec                DioCl2EncoderIn_setMaxPosition
                0x0000000048066bf4                DioCl2EncoderIn_setMinPosition
                0x0000000048066bfc                AdcCl1AnalogIn_isDataReady
                0x0000000048066c04                msg_info_set
                0x0000000048066c0c                dsser_disable
                0x0000000048066c14                dsrtt_script_service_pre_computation
                0x0000000048066c1c                DacCl1AnalogOut_start
                0x0000000048066c24                msg_error_printf
                0x0000000048066c2c                memset
                0x0000000048066c34                DioCl1DigOut_create
                0x0000000048066c3c                DioCl2EncoderIn_getEncPosition
                0x0000000048066c44                rtk_leave_idle_mode
                0x0000000048066c4c                __wrap_exit
                0x0000000048066c54                DioCl1DigOut_apply
                0x0000000048066c5c                __wrap_atexit
                0x0000000048066c64                DioCl2EncoderIn_setMeasurementInterval
                0x0000000048066c6c                DacCl1AnalogOut_setOutputValue
                0x0000000048066c74                AdcCl1AnalogIn_start
                0x0000000048066c7c                _fini_array
                0x0000000048066c84                SrtkDaq_Background
                0x0000000048066c8c                _Log
                0x0000000048066c94                _preinit_array
                0x0000000048066c9c                SrtkApp_init
                0x0000000048066ca4                exp
                0x0000000048066cac                rtk_bind_subinterrupt
                0x0000000048066cb4                SrtkDaq_Service
                0x0000000048066cbc                rtk_task_task_name_get
                0x0000000048066cc4                AdcCl1AnalogIn_setConversSwTrigger
                0x0000000048066ccc                DioCl1DigIn_read
                0x0000000048066cd4                SrtkSim_notifyStateTransition
                0x0000000048066cdc                AdcCl1AnalogIn_getSingleValue
                0x0000000048066ce4                DioCl2EncoderIn_apply
                0x0000000048066cec                DioCl2EncoderIn_getEncVelocity
                0x0000000048066cf4                msg_set
                0x0000000048066cfc                rtk_get_subentry
                0x0000000048066d04                dsrtt_set_step_size
                0x0000000048066d0c                rtk_enter_idle_mode
                0x0000000048066d14                dsser_init
                0x0000000048066d1c                rtk_initialize
                0x0000000048066d24                DacCl1AnalogOut_setOutputHighZ
                0x0000000048066d2c                dsser_receive
                0x0000000048066d34                DioCl2EncoderIn_setEncoderLines
                0x0000000048066d3c                SrtkApp_background
                0x0000000048066d44                rtk_default_overrun_fcn
                0x0000000048066d4c                AdcCl1AnalogIn_create
                0x0000000048066d54                vcm_module_register
                0x0000000048066d5c                DsTimeSync_simstateStop
                0x0000000048066d64                SrtkIntBase_disableIntGlobal
                0x0000000048066d6c                SrtkSim_registerState
                0x0000000048066d74                __deregister_frame_info
                0x0000000048066d7c                dsser_fifo_reset

.bss            0x0000000048066f58    0x9d8d4
 *(.dynbss)
 .dynbss        0x0000000048066f58       0x1c C:\ProgramData\dSPACE\1184D92C-D928-4591-A1E9-B54339797C20\Compiler\QNX650_520\target\qnx6/ppcbe/lib/crt1.o
                0x0000000048066f58                rtk_handler_descriptor_table
                0x0000000048066f5c                rtk_task_mapping_table
                0x0000000048066f60                errno
                0x0000000048066f68                dsts_sum_of_reseted_time
                0x0000000048066f70                msg_last_error_no
 *(.bss .bss.* .gnu.linkonce.b.*)
 .bss           0x0000000048066f74        0x0 C:\ProgramData\dSPACE\1184D92C-D928-4591-A1E9-B54339797C20\Compiler\QNX650_520\target\qnx6/ppcbe/lib/crt1.o
 .bss           0x0000000048066f74        0x0 C:\ProgramData\dSPACE\1184D92C-D928-4591-A1E9-B54339797C20\Compiler\QNX650_520\target\qnx6/ppcbe/lib/crti.o
 .bss           0x0000000048066f74       0x20 c:/programdata/dspace/1184d92c-d928-4591-a1e9-b54339797c20/compiler/qnx650_520/host/win32/x86/usr/bin/../lib/gcc/powerpc-unknown-nto-qnx6.5.0/5.2.0/crtbegin.o
 *fill*         0x0000000048066f94        0x4 
 .bss           0x0000000048066f98    0x9d6e2 Human_in_Loop.o07
                0x0000000048066f98                Human_in_Loop_DW
                0x00000000480a9248                Human_in_Loop_B
                0x00000000481041f8                Human_in_Loop_M_
                0x00000000481044f8                Human_in_Loop_X
                0x0000000048104678                Human_in_Loop_PrevZCX
 .bss           0x000000004810467a        0x0 Human_in_Loop_data.o07
 *fill*         0x000000004810467a        0x2 
 .bss           0x000000004810467c       0x84 Human_in_Loop_trc_ptr.o07
                0x000000004810467c                p_0_Human_in_Loop_real_T_0
                0x0000000048104680                p_0_Human_in_Loop_int32_T_1
                0x0000000048104684                p_0_Human_in_Loop_uint32_T_2
                0x0000000048104688                p_0_Human_in_Loop_uint8_T_3
                0x000000004810468c                p_0_Human_in_Loop_boolean_T_4
                0x0000000048104690                p_0_Human_in_Loop_real_T_5
                0x0000000048104694                p_0_Human_in_Loop_real_T_6
                0x0000000048104698                p_0_Human_in_Loop_real_T_7
                0x000000004810469c                p_0_Human_in_Loop_real_T_8
                0x00000000481046a0                p_0_Human_in_Loop_real_T_9
                0x00000000481046a4                p_0_Human_in_Loop_real_T_10
                0x00000000481046a8                p_0_Human_in_Loop_real_T_11
                0x00000000481046ac                p_0_Human_in_Loop_real_T_12
                0x00000000481046b0                p_0_Human_in_Loop_real_T_13
                0x00000000481046b4                p_0_Human_in_Loop_real_T_14
                0x00000000481046b8                p_1_Human_in_Loop_real_T_0
                0x00000000481046bc                p_1_Human_in_Loop_int32_T_1
                0x00000000481046c0                p_1_Human_in_Loop_int8_T_2
                0x00000000481046c4                p_1_Human_in_Loop_boolean_T_3
                0x00000000481046c8                p_1_Human_in_Loop_real_T_4
                0x00000000481046cc                p_1_Human_in_Loop_uint32_T_5
                0x00000000481046d0                p_1_Human_in_Loop_boolean_T_6
                0x00000000481046d4                p_2_Human_in_Loop_real_T_4
                0x00000000481046d8                p_2_Human_in_Loop_uint32_T_5
                0x00000000481046dc                p_2_Human_in_Loop_int8_T_6
                0x00000000481046e0                p_2_Human_in_Loop_boolean_T_7
                0x00000000481046e4                p_2_Human_in_Loop_real_T_8
                0x00000000481046e8                p_2_Human_in_Loop_real_T_9
                0x00000000481046ec                p_2_Human_in_Loop_real_T_10
                0x00000000481046f0                p_2_Human_in_Loop_real_T_11
                0x00000000481046f4                p_2_Human_in_Loop_real_T_12
                0x00000000481046f8                p_2_Human_in_Loop_real_T_13
                0x00000000481046fc                p_3_Human_in_Loop_real_T_0
 .bss           0x0000000048104700        0x0 rtGetInf.o07
 .bss           0x0000000048104700        0x0 rtGetNaN.o07
 .bss           0x0000000048104700       0x2c rt_nonfinite.o07
                0x0000000048104700                rtNaN
                0x0000000048104708                rtNaNF
                0x0000000048104710                rtInf
                0x0000000048104718                rtInfF
                0x0000000048104720                rtMinusInf
                0x0000000048104728                rtMinusInfF
 .bss           0x000000004810472c        0x0 rt_zcfcn.o07
 *fill*         0x000000004810472c        0x4 
 .bss           0x0000000048104730       0xe4 rti_sim_engine.o07
                0x0000000048104730                currentTime
                0x0000000048104734                finalTime
                0x0000000048104738                modelStepSize
                0x0000000048104740                pRTIDacC1AnalogOut_Ch_16
                0x0000000048104744                pRTIEmcEncoder_Unit_1_DioCl_2_Port_1_Ch1
                0x0000000048104748                pRTIEmcEncoder_Unit_3_DioCl_2_Port_1_Ch5
                0x000000004810474c                pRTIDioC1DigOut_Port_3_Ch_11
                0x0000000048104750                pRTIDioC1DigOut_Port_3_Ch_13
                0x0000000048104754                pRTIDioC1DigOut_Port_1_Ch_1
                0x0000000048104758                rtiDS1202SER_B1_Ser
                0x0000000048104760                pRTIAdcC1AnalogIn_Ch_6
                0x0000000048104764                pRTIAdcC1AnalogIn_Ch_1
                0x0000000048104768                pRTIAdcC1AnalogIn_Ch_2
                0x000000004810476c                pRTIAdcC1AnalogIn_Ch_3
                0x0000000048104770                pRTIAdcC1AnalogIn_Ch_4
                0x0000000048104774                pRTIAdcC1AnalogIn_Ch_9
                0x0000000048104778                pRTIAdcC1AnalogIn_Ch_10
                0x000000004810477c                pRTIDioC1DigIn_Port_1_Ch_2
                0x0000000048104780                taskMode
                0x0000000048104784                pRti_TIMERA_STime
                0x0000000048104788                pRti_TIMERA_TTime
                0x000000004810478c                pRti_TIMERA_TState
                0x0000000048104790                pRti_TIMERA_OType
                0x0000000048104794                pRti_TIMERA_OMax
                0x0000000048104798                pRti_TIMERA_ORpt
                0x000000004810479c                pRti_TIMERA_OCnt
                0x00000000481047a0                pRti_TIMERA_TCnt
                0x00000000481047a4                pRti_TIMERA_Prio
                0x00000000481047ac                pRti_UART_EVENTS_CH1_INT0_TTime
                0x00000000481047b0                pRti_UART_EVENTS_CH1_INT0_TState
                0x00000000481047b4                pRti_UART_EVENTS_CH1_INT0_OType
                0x00000000481047b8                pRti_UART_EVENTS_CH1_INT0_OMax
                0x00000000481047bc                pRti_UART_EVENTS_CH1_INT0_ORpt
                0x00000000481047c0                pRti_UART_EVENTS_CH1_INT0_OCnt
                0x00000000481047c4                pRti_UART_EVENTS_CH1_INT0_TCnt
                0x00000000481047c8                pRti_UART_EVENTS_CH1_INT0_Prio
                0x00000000481047cc                pRti_TIMERB_STime
                0x00000000481047d0                pRti_TIMERB_TTime
                0x00000000481047d4                pRti_TIMERB_TState
                0x00000000481047d8                pRti_TIMERB_OType
                0x00000000481047dc                pRti_TIMERB_OMax
                0x00000000481047e0                pRti_TIMERB_ORpt
                0x00000000481047e4                pRti_TIMERB_OCnt
                0x00000000481047e8                pRti_TIMERB_TCnt
                0x00000000481047ec                pRti_TIMERB_Prio
                0x00000000481047f0                pRti_SWI1_TTime
                0x00000000481047f4                pRti_SWI1_TState
                0x00000000481047f8                pRti_SWI1_OType
                0x00000000481047fc                pRti_SWI1_OMax
                0x0000000048104800                pRti_SWI1_ORpt
                0x0000000048104804                pRti_SWI1_OCnt
                0x0000000048104808                pRti_SWI1_TCnt
                0x000000004810480c                pRti_SWI1_Prio
                0x0000000048104810                rtiAssertionMode
 .bss           0x0000000048104814        0x4 rti_init_c.o07
 .bss           0x0000000048104818        0x0 rt_sim.o07
 .bss           0x0000000048104818        0x0 rti_assert.o07
 .bss           0x0000000048104818        0x0 d:\Program Files\dSPACE RCPHIL 2017-B\DS1202\Lib/librtversion.a(RtVersion.o)
 .bss           0x0000000048104818       0x14 d:\Program Files\dSPACE RCPHIL 2017-B\DS1202\Lib/librtglobals.a(DsEESPort.o)
                0x0000000048104818                xilapi_eesport_trigger_uint32_T
                0x000000004810481c                xilapi_eesport_flags_uint32_T
                0x0000000048104820                xilapi_eesport_errorswitching_uint32_T
                0x0000000048104824                xilapi_eesport_erroractivated_uint32_T
                0x0000000048104828                xilapi_eesport_activeerrorset_uint32_T
 .bss           0x000000004810482c        0x0 d:\Program Files\dSPACE RCPHIL 2017-B\DS1202\Lib/libm_fastpow.a(w_pow.o)
 .bss           0x000000004810482c        0x0 d:\Program Files\dSPACE RCPHIL 2017-B\DS1202\Lib/libm_fastpow.a(e_pow.o)
 .bss           0x000000004810482c        0x0 d:\Program Files\dSPACE RCPHIL 2017-B\DS1202\Lib/libm_fastpow.a(s_scalbn.o)
 .bss           0x000000004810482c        0x0 c:/programdata/dspace/1184d92c-d928-4591-a1e9-b54339797c20/compiler/qnx650_520/host/win32/x86/usr/bin/../lib/gcc/powerpc-unknown-nto-qnx6.5.0/5.2.0/crtend.o
 .bss           0x000000004810482c        0x0 C:\ProgramData\dSPACE\1184D92C-D928-4591-A1E9-B54339797C20\Compiler\QNX650_520\target\qnx6/ppcbe/lib/crtn.o
 *(COMMON)
                0x000000004810482c                . = ALIGN ((. != 0x0)?0x4:0x1)

.iplt           0x0000000048104830        0x0
 .iplt          0x0000000048104830        0x0 C:\ProgramData\dSPACE\1184D92C-D928-4591-A1E9-B54339797C20\Compiler\QNX650_520\target\qnx6/ppcbe/lib/crt1.o
                0x0000000048104830                . = ALIGN (0x4)
                0x0000000048104830                . = ALIGN (0x4)
                0x0000000048104830                __end = .
                0x0000000048104830                _end = .
                [!provide]                        PROVIDE (end, .)
                0x0000000048104830                . = DATA_SEGMENT_END (.)

.stab
 *(.stab)

.stabstr
 *(.stabstr)

.stab.excl
 *(.stab.excl)

.stab.exclstr
 *(.stab.exclstr)

.stab.index
 *(.stab.index)

.stab.indexstr
 *(.stab.indexstr)

.comment        0x0000000000000000       0x47
 *(.comment)
 .comment       0x0000000000000000       0x11 c:/programdata/dspace/1184d92c-d928-4591-a1e9-b54339797c20/compiler/qnx650_520/host/win32/x86/usr/bin/../lib/gcc/powerpc-unknown-nto-qnx6.5.0/5.2.0/crtbegin.o
                                         0x12 (size before relaxing)
 .comment       0x0000000000000011       0x12 Human_in_Loop.o07
 .comment       0x0000000000000011       0x12 Human_in_Loop_data.o07
 .comment       0x0000000000000011       0x12 Human_in_Loop_trc_ptr.o07
 .comment       0x0000000000000011       0x12 rtGetInf.o07
 .comment       0x0000000000000011       0x12 rtGetNaN.o07
 .comment       0x0000000000000011       0x12 rt_nonfinite.o07
 .comment       0x0000000000000011       0x12 rt_zcfcn.o07
 .comment       0x0000000000000011       0x12 rti_sim_engine.o07
 .comment       0x0000000000000011       0x12 rti_init_c.o07
 .comment       0x0000000000000011       0x12 rt_sim.o07
 .comment       0x0000000000000011       0x12 rti_assert.o07
 .comment       0x0000000000000011       0x12 d:\Program Files\dSPACE RCPHIL 2017-B\DS1202\Lib/librtversion.a(RtVersion.o)
 .comment       0x0000000000000011       0x12 d:\Program Files\dSPACE RCPHIL 2017-B\DS1202\Lib/librtglobals.a(DsEESPort.o)
 .comment       0x0000000000000011       0x12 d:\Program Files\dSPACE RCPHIL 2017-B\DS1202\Lib/libm_fastpow.a(w_pow.o)
 .comment       0x0000000000000023       0x12 d:\Program Files\dSPACE RCPHIL 2017-B\DS1202\Lib/libm_fastpow.a(e_pow.o)
 .comment       0x0000000000000035       0x12 d:\Program Files\dSPACE RCPHIL 2017-B\DS1202\Lib/libm_fastpow.a(s_scalbn.o)
 .comment       0x0000000000000047       0x12 c:/programdata/dspace/1184d92c-d928-4591-a1e9-b54339797c20/compiler/qnx650_520/host/win32/x86/usr/bin/../lib/gcc/powerpc-unknown-nto-qnx6.5.0/5.2.0/crtend.o

.PPC.EMB.apuinfo
                0x0000000000000000       0x18
 .PPC.EMB.apuinfo
                0x0000000000000000       0x18 Human_in_Loop.o07
 .PPC.EMB.apuinfo
                0x0000000000000018       0x18 rt_zcfcn.o07

.debug
 *(.debug)

.line
 *(.line)

.debug_srcinfo
 *(.debug_srcinfo)

.debug_sfnames
 *(.debug_sfnames)

.debug_aranges
 *(.debug_aranges)

.debug_pubnames
 *(.debug_pubnames)

.debug_info
 *(.debug_info .gnu.linkonce.wi.*)

.debug_abbrev
 *(.debug_abbrev)

.debug_line
 *(.debug_line)

.debug_frame
 *(.debug_frame)

.debug_str
 *(.debug_str)

.debug_loc
 *(.debug_loc)

.debug_macinfo
 *(.debug_macinfo)

.debug_weaknames
 *(.debug_weaknames)

.debug_funcnames
 *(.debug_funcnames)

.debug_typenames
 *(.debug_typenames)

.debug_varnames
 *(.debug_varnames)

.debug_pubtypes
 *(.debug_pubtypes)

.debug_ranges
 *(.debug_ranges)

.gnu.attributes
                0x0000000000000000       0x14
 *(.gnu.attributes)
 .gnu.attributes
                0x0000000000000000       0x10 Human_in_Loop.o07
 .gnu.attributes
                0x0000000000000010       0x10 rtGetInf.o07
 .gnu.attributes
                0x0000000000000020       0x10 rtGetNaN.o07
 .gnu.attributes
                0x0000000000000030       0x10 rt_nonfinite.o07
 .gnu.attributes
                0x0000000000000040       0x10 rt_zcfcn.o07
 .gnu.attributes
                0x0000000000000050       0x10 rti_sim_engine.o07
 .gnu.attributes
                0x0000000000000060       0x10 rt_sim.o07
 .gnu.attributes
                0x0000000000000070       0x10 rti_assert.o07
 .gnu.attributes
                0x0000000000000080       0x14 d:\Program Files\dSPACE RCPHIL 2017-B\DS1202\Lib/libm_fastpow.a(w_pow.o)
 .gnu.attributes
                0x0000000000000094       0x14 d:\Program Files\dSPACE RCPHIL 2017-B\DS1202\Lib/libm_fastpow.a(e_pow.o)
 .gnu.attributes
                0x00000000000000a8       0x14 d:\Program Files\dSPACE RCPHIL 2017-B\DS1202\Lib/libm_fastpow.a(s_scalbn.o)

/DISCARD/
 *(.note.GNU-stack)
 *(.gnu_debuglink)
OUTPUT(Human_in_Loop.ppc elf32-powerpc)
