<*GNU-Linker-generated-mapfile*> 
Archive member included to satisfy reference by file (symbol)

d:\Program Files\dSPACE RCPHIL 2017-B\DS1202\Lib/librtversion.a(RtVersion.o)
                              (--whole-archive)
d:\Program Files\dSPACE RCPHIL 2017-B\DS1202\Lib/librtglobals.a(DsEESPort.o)
                              (--whole-archive)
d:\Program Files\dSPACE RCPHIL 2017-B\DS1202\Lib/libm_fastpow.a(w_pow.o)
                              Human_in_Loop.o07 (pow)
d:\Program Files\dSPACE RCPHIL 2017-B\DS1202\Lib/libm_fastpow.a(e_pow.o)
                              d:\Program Files\dSPACE RCPHIL 2017-B\DS1202\Lib/libm_fastpow.a(w_pow.o) (__ieee754_pow)
d:\Program Files\dSPACE RCPHIL 2017-B\DS1202\Lib/libm_fastpow.a(s_scalbn.o)
                              d:\Program Files\dSPACE RCPHIL 2017-B\DS1202\Lib/libm_fastpow.a(e_pow.o) (scalbn)

As-needed library included to satisfy reference by file (symbol)

libDsRealTimeTestingRP.so.1   rti_sim_engine.o07 (dsrtt_script_service_pre_computation)

Memory Configuration

Name             Origin             Length             Attributes
*default*        0x0000000000000000 0xffffffffffffffff

Linker script and memory map

LOAD C:\ProgramData\dSPACE\1184D92C-D928-4591-A1E9-B54339797C20\Compiler\QNX650_520\target\qnx6/ppcbe/lib/crt1.o
LOAD C:\ProgramData\dSPACE\1184D92C-D928-4591-A1E9-B54339797C20\Compiler\QNX650_520\target\qnx6/ppcbe/lib/crti.o
LOAD c:/programdata/dspace/1184d92c-d928-4591-a1e9-b54339797c20/compiler/qnx650_520/host/win32/x86/usr/bin/../lib/gcc/powerpc-unknown-nto-qnx6.5.0/5.2.0/crtbegin.o
                0x0000000000000000                _DSPACE_START = 0x0
                0x0000000000000000                _DSPACE_START_ = 0x0
                0x00000000000004b2                DS_TARGET_PLATFORM = 0x4b2
START GROUP
LOAD Human_in_Loop.o07
LOAD Human_in_Loop_data.o07
LOAD Human_in_Loop_trc_ptr.o07
LOAD rtGetInf.o07
LOAD rtGetNaN.o07
LOAD rt_nonfinite.o07
LOAD rt_zcfcn.o07
LOAD rti_sim_engine.o07
LOAD rti_init_c.o07
LOAD rt_sim.o07
LOAD rti_assert.o07
LOAD rtican_err1202.o07
LOAD d:\Program Files\dSPACE RCPHIL 2017-B\DS1202\Lib/librtcan.so
LOAD d:\Program Files\dSPACE RCPHIL 2017-B\DS1202\Lib/librtj1939.so
LOAD d:\Program Files\dSPACE RCPHIL 2017-B\DS1202\Lib/librtser.so
LOAD d:\Program Files\dSPACE RCPHIL 2017-B\DS1202\Lib/librt13xxio.so
LOAD d:\Program Files\dSPACE RCPHIL 2017-B\DS1202\Lib/librt1202.so
LOAD d:\Program Files\dSPACE RCPHIL 2017-B\DS1202\Lib/librtwrap.so
LOAD d:\Program Files\dSPACE RCPHIL 2017-B\DS1202\Lib/librtversion.a
LOAD d:\Program Files\dSPACE RCPHIL 2017-B\DS1202\Lib/librtglobals.a
LOAD d:\Program Files\dSPACE RCPHIL 2017-B\DS1202\Lib/libm_fastpow.a
END GROUP
LOAD d:\Program Files\dSPACE RCPHIL 2017-B\DS1202\Lib/libstdc++.so
LOAD C:\ProgramData\dSPACE\1184D92C-D928-4591-A1E9-B54339797C20\Compiler\QNX650_520\target\qnx6/ppcbe/lib/libm.so
LOAD c:/programdata/dspace/1184d92c-d928-4591-a1e9-b54339797c20/compiler/qnx650_520/host/win32/x86/usr/bin/../lib/gcc/powerpc-unknown-nto-qnx6.5.0/5.2.0\libgcc.a
LOAD C:\ProgramData\dSPACE\1184D92C-D928-4591-A1E9-B54339797C20\Compiler\QNX650_520\target\qnx6/ppcbe/lib/libc.so
LOAD C:\ProgramData\dSPACE\1184D92C-D928-4591-A1E9-B54339797C20\Compiler\QNX650_520\target\qnx6/ppcbe/lib\libc.a
LOAD c:/programdata/dspace/1184d92c-d928-4591-a1e9-b54339797c20/compiler/qnx650_520/host/win32/x86/usr/bin/../lib/gcc/powerpc-unknown-nto-qnx6.5.0/5.2.0\libgcc.a
LOAD c:/programdata/dspace/1184d92c-d928-4591-a1e9-b54339797c20/compiler/qnx650_520/host/win32/x86/usr/bin/../lib/gcc/powerpc-unknown-nto-qnx6.5.0/5.2.0/crtend.o
LOAD C:\ProgramData\dSPACE\1184D92C-D928-4591-A1E9-B54339797C20\Compiler\QNX650_520\target\qnx6/ppcbe/lib/crtn.o
                [!provide]                        PROVIDE (__stack, 0x0)
                [!provide]                        PROVIDE (___stack, 0x0)
                [!provide]                        PROVIDE (__executable_start, 0x48040000)
                0x0000000048040134                . = (0x48040000 + SIZEOF_HEADERS)

.interp         0x0000000048040134       0x14
 *(.interp)
 .interp        0x0000000048040134       0x14 C:\ProgramData\dSPACE\1184D92C-D928-4591-A1E9-B54339797C20\Compiler\QNX650_520\target\qnx6/ppcbe/lib/crt1.o

.note           0x0000000048040150       0x18
 .note          0x0000000048040150       0x18 C:\ProgramData\dSPACE\1184D92C-D928-4591-A1E9-B54339797C20\Compiler\QNX650_520\target\qnx6/ppcbe/lib/crtn.o

.note.gnu.build-id
                0x0000000048040168       0x20
 *(.note.gnu.build-id)
 .note.gnu.build-id
                0x0000000048040168       0x20 C:\ProgramData\dSPACE\1184D92C-D928-4591-A1E9-B54339797C20\Compiler\QNX650_520\target\qnx6/ppcbe/lib/crt1.o

.hash           0x0000000048040188      0x480
 *(.hash)
 .hash          0x0000000048040188      0x480 C:\ProgramData\dSPACE\1184D92C-D928-4591-A1E9-B54339797C20\Compiler\QNX650_520\target\qnx6/ppcbe/lib/crt1.o

.gnu.hash
 *(.gnu.hash)

.dynsym         0x0000000048040608      0x9b0
 *(.dynsym)
 .dynsym        0x0000000048040608      0x9b0 C:\ProgramData\dSPACE\1184D92C-D928-4591-A1E9-B54339797C20\Compiler\QNX650_520\target\qnx6/ppcbe/lib/crt1.o

.dynstr         0x0000000048040fb8      0xcb4
 *(.dynstr)
 .dynstr        0x0000000048040fb8      0xcb4 C:\ProgramData\dSPACE\1184D92C-D928-4591-A1E9-B54339797C20\Compiler\QNX650_520\target\qnx6/ppcbe/lib/crt1.o

.gnu.version    0x0000000048041c6c        0x0
 *(.gnu.version)
 .gnu.version   0x0000000048041c6c        0x0 C:\ProgramData\dSPACE\1184D92C-D928-4591-A1E9-B54339797C20\Compiler\QNX650_520\target\qnx6/ppcbe/lib/crt1.o

.gnu.version_d  0x0000000048041c6c        0x0
 *(.gnu.version_d)
 .gnu.version_d
                0x0000000048041c6c        0x0 C:\ProgramData\dSPACE\1184D92C-D928-4591-A1E9-B54339797C20\Compiler\QNX650_520\target\qnx6/ppcbe/lib/crt1.o

.gnu.version_r  0x0000000048041c6c        0x0
 *(.gnu.version_r)
 .gnu.version_r
                0x0000000048041c6c        0x0 C:\ProgramData\dSPACE\1184D92C-D928-4591-A1E9-B54339797C20\Compiler\QNX650_520\target\qnx6/ppcbe/lib/crt1.o

.rel.dyn
 *(.rel.init)
 *(.rel.text .rel.text.* .rel.gnu.linkonce.t.*)
 *(.rel.fini)
 *(.rel.rodata .rel.rodata.* .rel.gnu.linkonce.r.*)
 *(.rel.data.rel.ro* .rel.gnu.linkonce.d.rel.ro.*)
 *(.rel.data .rel.data.* .rel.gnu.linkonce.d.*)
 *(.rel.tdata .rel.tdata.* .rel.gnu.linkonce.td.*)
 *(.rel.tbss .rel.tbss.* .rel.gnu.linkonce.tb.*)
 *(.rel.ctors)
 *(.rel.dtors)
 *(.rel.got)
 *(.rel.sdata .rel.sdata.* .rel.gnu.linkonce.s.*)
 *(.rel.sbss .rel.sbss.* .rel.gnu.linkonce.sb.*)
 *(.rel.sdata2 .rel.sdata2.* .rel.gnu.linkonce.s2.*)
 *(.rel.sbss2 .rel.sbss2.* .rel.gnu.linkonce.sb2.*)
 *(.rel.bss .rel.bss.* .rel.gnu.linkonce.b.*)

.rela.dyn       0x0000000048041c6c       0x6c
 *(.rela.init)
 *(.rela.text .rela.text.* .rela.gnu.linkonce.t.*)
 .rela.text     0x0000000048041c6c        0x0 C:\ProgramData\dSPACE\1184D92C-D928-4591-A1E9-B54339797C20\Compiler\QNX650_520\target\qnx6/ppcbe/lib/crt1.o
 .rela.text.startup
                0x0000000048041c6c        0x0 C:\ProgramData\dSPACE\1184D92C-D928-4591-A1E9-B54339797C20\Compiler\QNX650_520\target\qnx6/ppcbe/lib/crt1.o
 *(.rela.fini)
 *(.rela.rodata .rela.rodata.* .rela.gnu.linkonce.r.*)
 .rela.rodata   0x0000000048041c6c        0x0 C:\ProgramData\dSPACE\1184D92C-D928-4591-A1E9-B54339797C20\Compiler\QNX650_520\target\qnx6/ppcbe/lib/crt1.o
 *(.rela.data .rela.data.* .rela.gnu.linkonce.d.*)
 *(.rela.tdata .rela.tdata.* .rela.gnu.linkonce.td.*)
 *(.rela.tbss .rela.tbss.* .rela.gnu.linkonce.tb.*)
 *(.rela.ctors)
 *(.rela.dtors)
 *(.rela.got)
 .rela.got      0x0000000048041c6c       0x48 C:\ProgramData\dSPACE\1184D92C-D928-4591-A1E9-B54339797C20\Compiler\QNX650_520\target\qnx6/ppcbe/lib/crt1.o
 *(.rela.got1)
 *(.rela.got2)
 *(.rela.sdata .rela.sdata.* .rela.gnu.linkonce.s.*)
 *(.rela.sbss .rela.sbss.* .rela.gnu.linkonce.sb.*)
 .rela.sbss     0x0000000048041cb4        0x0 C:\ProgramData\dSPACE\1184D92C-D928-4591-A1E9-B54339797C20\Compiler\QNX650_520\target\qnx6/ppcbe/lib/crt1.o
 *(.rela.sdata2 .rela.sdata2.* .rela.gnu.linkonce.s2.*)
 *(.rela.sbss2 .rela.sbss2.* .rela.gnu.linkonce.sb2.*)
 *(.rela.bss .rela.bss.* .rela.gnu.linkonce.b.*)
 .rela.bss      0x0000000048041cb4       0x24 C:\ProgramData\dSPACE\1184D92C-D928-4591-A1E9-B54339797C20\Compiler\QNX650_520\target\qnx6/ppcbe/lib/crt1.o
 .rela.iplt     0x0000000048041cd8        0x0 C:\ProgramData\dSPACE\1184D92C-D928-4591-A1E9-B54339797C20\Compiler\QNX650_520\target\qnx6/ppcbe/lib/crt1.o

.rel.plt
 *(.rel.plt)

.rela.plt       0x0000000048041cd8      0x660
 *(.rela.plt)
 .rela.plt      0x0000000048041cd8      0x660 C:\ProgramData\dSPACE\1184D92C-D928-4591-A1E9-B54339797C20\Compiler\QNX650_520\target\qnx6/ppcbe/lib/crt1.o

.init           0x0000000048042338       0x24
 *(.init)
 .init          0x0000000048042338        0xc C:\ProgramData\dSPACE\1184D92C-D928-4591-A1E9-B54339797C20\Compiler\QNX650_520\target\qnx6/ppcbe/lib/crti.o
                0x0000000048042338                _init
 .init          0x0000000048042344        0x4 c:/programdata/dspace/1184d92c-d928-4591-a1e9-b54339797c20/compiler/qnx650_520/host/win32/x86/usr/bin/../lib/gcc/powerpc-unknown-nto-qnx6.5.0/5.2.0/crtbegin.o
 .init          0x0000000048042348        0x4 c:/programdata/dspace/1184d92c-d928-4591-a1e9-b54339797c20/compiler/qnx650_520/host/win32/x86/usr/bin/../lib/gcc/powerpc-unknown-nto-qnx6.5.0/5.2.0/crtend.o
 .init          0x000000004804234c       0x10 C:\ProgramData\dSPACE\1184D92C-D928-4591-A1E9-B54339797C20\Compiler\QNX650_520\target\qnx6/ppcbe/lib/crtn.o

.text           0x0000000048042360     0xae8c
                0x0000000048042360                _btext = .
 *(.text .stub .text.* .gnu.linkonce.t.*)
 .text          0x0000000048042360      0x118 C:\ProgramData\dSPACE\1184D92C-D928-4591-A1E9-B54339797C20\Compiler\QNX650_520\target\qnx6/ppcbe/lib/crt1.o
                0x0000000048042360                _start
 .text          0x0000000048042478        0x0 C:\ProgramData\dSPACE\1184D92C-D928-4591-A1E9-B54339797C20\Compiler\QNX650_520\target\qnx6/ppcbe/lib/crti.o
 .text          0x0000000048042478      0x2b0 c:/programdata/dspace/1184d92c-d928-4591-a1e9-b54339797c20/compiler/qnx650_520/host/win32/x86/usr/bin/../lib/gcc/powerpc-unknown-nto-qnx6.5.0/5.2.0/crtbegin.o
 *fill*         0x0000000048042728        0x8 00000000
 .text          0x0000000048042730     0x76a4 Human_in_Loop.o07
                0x0000000048042f10                rt_hypotd_snf
                0x0000000048042ff0                Human_SerialDecodingSystem_Init
                0x0000000048043090                Huma_SerialDecodingSystem_Reset
                0x0000000048043120                Human_in_L_SerialDecodingSystem
                0x0000000048044240                Human_in_Loop_Mux1
                0x0000000048044260                Human_in_Lo_MATLABFunction_Init
                0x0000000048044270                Human_in_Loop_MATLABFunction
                0x0000000048044350                Human_in_Loop_Mux
                0x0000000048044360                rt_powd_snf
                0x0000000048044620                rt_roundd_snf
                0x0000000048044680                Human_in_Lo_ControlModule_Reset
                0x0000000048044700                Human_in_Loo_ControlModule_Init
                0x0000000048044710                Human_in_Loop_ControlModule
                0x0000000048045fb0                Human_in_Loo_ControlModule_Term
                0x0000000048045ff0                Human_in_Loop_output
                0x0000000048048d00                Human_in_Loop_derivatives
                0x00000000480493d0                Human_in_Loop_update
                0x0000000048049650                Human_in_Loop_initialize
                0x0000000048049c70                Human_in_Loop_terminate
 .text          0x0000000048049dd4        0x0 Human_in_Loop_data.o07
 .text          0x0000000048049dd4      0x254 Human_in_Loop_trc_ptr.o07
                0x0000000048049ff4                Human_in_Loop_rti_init_trc_pointers
 *fill*         0x000000004804a028        0x8 00000000
 .text          0x000000004804a030       0x5c rtGetInf.o07
                0x000000004804a030                rtGetInf
                0x000000004804a050                rtGetInfF
                0x000000004804a060                rtGetMinusInf
                0x000000004804a080                rtGetMinusInfF
 *fill*         0x000000004804a08c        0x4 00000000
 .text          0x000000004804a090       0x3c rtGetNaN.o07
                0x000000004804a090                rtGetNaN
                0x000000004804a0c0                rtGetNaNF
 *fill*         0x000000004804a0cc        0x4 00000000
 .text          0x000000004804a0d0       0xf4 rt_nonfinite.o07
                0x000000004804a0d0                rt_InitInfAndNaN
                0x000000004804a130                rtIsInf
                0x000000004804a160                rtIsInfF
                0x000000004804a190                rtIsNaN
                0x000000004804a1b0                rtIsNaNF
 *fill*         0x000000004804a1c4        0xc 00000000
 .text          0x000000004804a1d0       0xf8 rt_zcfcn.o07
                0x000000004804a1d0                rt_ZCFcn
 *fill*         0x000000004804a2c8        0x8 00000000
 .text          0x000000004804a2d0      0xd74 rti_sim_engine.o07
                0x000000004804afd0                rtk_idle_function
                0x000000004804afe0                rti_th_timertask1_trigger_source
                0x000000004804b030                initConditions
                0x000000004804b040                initVariables
 .text.unlikely
                0x000000004804b044       0x78 rti_sim_engine.o07
 *fill*         0x000000004804b0bc        0x4 00000000
 .text.startup  0x000000004804b0c0     0x12d0 rti_sim_engine.o07
                0x000000004804b0c0                main
 .text          0x000000004804c390       0x40 rti_init_c.o07
                0x000000004804c390                rti_init
 .text          0x000000004804c3d0       0x44 rt_sim.o07
                0x000000004804c3d0                rt_SimInitTimingEngine
                0x000000004804c400                rt_SimGetNextSampleHit
                0x000000004804c410                rt_SimUpdateDiscreteTaskSampleHits
 *fill*         0x000000004804c414        0xc 00000000
 .text          0x000000004804c420       0xd4 rti_assert.o07
                0x000000004804c420                rti_assertion_handler
                0x000000004804c4b0                rti_assertion_mode_msg
 *fill*         0x000000004804c4f4        0xc 00000000
 .text          0x000000004804c500      0x244 rtican_err1202.o07
                0x000000004804c500                rtican_type1_tq_err_handler
                0x000000004804c650                rtican_type1_tq_err_all_reset
                0x000000004804c690                rtican_type1_tq_err_all_chk
 .text          0x000000004804c744        0x0 d:\Program Files\dSPACE RCPHIL 2017-B\DS1202\Lib/librtversion.a(RtVersion.o)
 *fill*         0x000000004804c744        0xc 00000000
 .text          0x000000004804c750        0x4 d:\Program Files\dSPACE RCPHIL 2017-B\DS1202\Lib/librtglobals.a(DsEESPort.o)
                0x000000004804c750                DsEesPort_init()
 .text          0x000000004804c754       0x20 d:\Program Files\dSPACE RCPHIL 2017-B\DS1202\Lib/libm_fastpow.a(w_pow.o)
                0x000000004804c754                pow
 .text          0x000000004804c774      0x85c d:\Program Files\dSPACE RCPHIL 2017-B\DS1202\Lib/libm_fastpow.a(e_pow.o)
                0x000000004804c774                __ieee754_pow
 .text          0x000000004804cfd0      0x188 d:\Program Files\dSPACE RCPHIL 2017-B\DS1202\Lib/libm_fastpow.a(s_scalbn.o)
                0x000000004804cfd0                scalbn
 .text          0x000000004804d158       0x94 c:/programdata/dspace/1184d92c-d928-4591-a1e9-b54339797c20/compiler/qnx650_520/host/win32/x86/usr/bin/../lib/gcc/powerpc-unknown-nto-qnx6.5.0/5.2.0/crtend.o
 .text          0x000000004804d1ec        0x0 C:\ProgramData\dSPACE\1184D92C-D928-4591-A1E9-B54339797C20\Compiler\QNX650_520\target\qnx6/ppcbe/lib/crtn.o
 *(.gnu.warning)
 *(.glink)
 .glink         0x000000004804d1ec        0x0 C:\ProgramData\dSPACE\1184D92C-D928-4591-A1E9-B54339797C20\Compiler\QNX650_520\target\qnx6/ppcbe/lib/crt1.o

.fini           0x000000004804d1ec       0x20
 *(.fini)
 .fini          0x000000004804d1ec        0xc C:\ProgramData\dSPACE\1184D92C-D928-4591-A1E9-B54339797C20\Compiler\QNX650_520\target\qnx6/ppcbe/lib/crti.o
                0x000000004804d1ec                _fini
 .fini          0x000000004804d1f8        0x4 c:/programdata/dspace/1184d92c-d928-4591-a1e9-b54339797c20/compiler/qnx650_520/host/win32/x86/usr/bin/../lib/gcc/powerpc-unknown-nto-qnx6.5.0/5.2.0/crtbegin.o
 .fini          0x000000004804d1fc       0x10 C:\ProgramData\dSPACE\1184D92C-D928-4591-A1E9-B54339797C20\Compiler\QNX650_520\target\qnx6/ppcbe/lib/crtn.o
                [!provide]                        PROVIDE (__etext, .)
                0x000000004804d20c                PROVIDE (_etext, .)
                [!provide]                        PROVIDE (etext, .)

.rodata         0x000000004804d210      0x708
 *(.rodata .rodata.* .gnu.linkonce.r.*)
 .rodata        0x000000004804d210       0x38 Human_in_Loop.o07
                0x000000004804d244                Human_in_Loop_M
 .rodata.cst4   0x000000004804d248       0x68 Human_in_Loop.o07
 .rodata.cst8   0x000000004804d2b0       0x90 Human_in_Loop.o07
 .rodata.str1.4
                0x000000004804d340        0x5 Human_in_Loop.o07
 *fill*         0x000000004804d345        0x3 
 .rodata.cst4   0x000000004804d348        0x8 rtGetInf.o07
 .rodata.cst4   0x000000004804d350        0x4 rtGetNaN.o07
 .rodata        0x000000004804d354       0x13 rt_zcfcn.o07
 .rodata.cst4   0x000000004804d367        0x4 rt_zcfcn.o07
 *fill*         0x000000004804d367        0x1 
 .rodata        0x000000004804d368        0xc rti_sim_engine.o07
                0x000000004804d368                rtiDataSetStorageEnabled
                0x000000004804d36c                p_dsts_sum_of_reset_time
                0x000000004804d370                p_msg_last_error_no
 .rodata.cst4   0x000000004804d374        0xc rti_sim_engine.o07
                                         0x14 (size before relaxing)
 .rodata.cst8   0x000000004804d380        0x8 rti_sim_engine.o07
                                         0x10 (size before relaxing)
 .rodata.str1.4
                0x000000004804d388      0x2bc rti_sim_engine.o07
 .rodata.cst4   0x000000004804d644        0x8 rt_sim.o07
 .rodata.str1.4
                0x000000004804d644       0x71 rt_sim.o07
 *fill*         0x000000004804d6b5        0x3 
 .rodata.str1.4
                0x000000004804d6b8       0x6d rti_assert.o07
 *fill*         0x000000004804d725        0x3 
 .rodata.str1.4
                0x000000004804d728       0x9c rtican_err1202.o07
                                         0x9b (size before relaxing)
 *fill*         0x000000004804d7c4        0x4 
 .rodata        0x000000004804d7c8       0x30 d:\Program Files\dSPACE RCPHIL 2017-B\DS1202\Lib/libm_fastpow.a(e_pow.o)
 .rodata.cst4   0x000000004804d7f8        0x8 d:\Program Files\dSPACE RCPHIL 2017-B\DS1202\Lib/libm_fastpow.a(e_pow.o)
 .rodata.cst8   0x000000004804d800       0xe8 d:\Program Files\dSPACE RCPHIL 2017-B\DS1202\Lib/libm_fastpow.a(e_pow.o)
 .rodata.cst8   0x000000004804d8e8       0x30 d:\Program Files\dSPACE RCPHIL 2017-B\DS1202\Lib/libm_fastpow.a(s_scalbn.o)

.rodata1
 *(.rodata1)

.sdata2         0x000000004804d918        0x0
                0x0000000000008000                PROVIDE (_SDA2_BASE_, 0x8000)
 *(.sdata2 .sdata2.* .gnu.linkonce.s2.*)
 .sdata2        0x000000004804d918        0x0 C:\ProgramData\dSPACE\1184D92C-D928-4591-A1E9-B54339797C20\Compiler\QNX650_520\target\qnx6/ppcbe/lib/crt1.o

.sbss2
 *(.sbss2 .sbss2.* .gnu.linkonce.sb2.*)

.eh_frame_hdr   0x000000004804d918       0x14
 *(.eh_frame_hdr)
 .eh_frame_hdr  0x000000004804d918       0x14 d:\Program Files\dSPACE RCPHIL 2017-B\DS1202\Lib/librtglobals.a(DsEESPort.o)

.eh_frame       0x000000004804d92c       0x2c
 *(.eh_frame)
 .eh_frame      0x000000004804d92c        0x0 C:\ProgramData\dSPACE\1184D92C-D928-4591-A1E9-B54339797C20\Compiler\QNX650_520\target\qnx6/ppcbe/lib/crt1.o
 .eh_frame      0x000000004804d92c        0x0 c:/programdata/dspace/1184d92c-d928-4591-a1e9-b54339797c20/compiler/qnx650_520/host/win32/x86/usr/bin/../lib/gcc/powerpc-unknown-nto-qnx6.5.0/5.2.0/crtbegin.o
 .eh_frame      0x000000004804d92c       0x28 d:\Program Files\dSPACE RCPHIL 2017-B\DS1202\Lib/librtglobals.a(DsEESPort.o)
 .eh_frame      0x000000004804d954        0x4 c:/programdata/dspace/1184d92c-d928-4591-a1e9-b54339797c20/compiler/qnx650_520/host/win32/x86/usr/bin/../lib/gcc/powerpc-unknown-nto-qnx6.5.0/5.2.0/crtend.o

.gcc_except_table
 *(.gcc_except_table .gcc_except_table.*)
                0x000000004804d958                . = (ALIGN (0x1000) - ((0x1000 - .) & 0xfff))
                0x000000004804e958                . = DATA_SEGMENT_ALIGN (0x1000, 0x1000)

.eh_frame
 *(.eh_frame)

.gcc_except_table
 *(.gcc_except_table .gcc_except_table.*)

.tdata
 *(.tdata .tdata.* .gnu.linkonce.td.*)

.tbss
 *(.tbss .tbss.* .gnu.linkonce.tb.*)
 *(.tcommon)

.preinit_array  0x000000004804e958        0x0
                0x000000004804e958                PROVIDE (__preinit_array_start, .)
 *(.preinit_array)
                0x000000004804e958                PROVIDE (__preinit_array_end, .)

.init_array     0x000000004804e958        0x0
                0x000000004804e958                PROVIDE (__init_array_start, .)
 *(SORT(.init_array.*))
 *(.init_array)
                0x000000004804e958                PROVIDE (__init_array_end, .)

.fini_array     0x000000004804e958        0x0
                0x000000004804e958                PROVIDE (__fini_array_start, .)
 *(.fini_array)
 *(SORT(.fini_array.*))
                0x000000004804e958                PROVIDE (__fini_array_end, .)

.ctors          0x000000004804e958        0x8
 *crtbegin.o(.ctors)
 .ctors         0x000000004804e958        0x4 c:/programdata/dspace/1184d92c-d928-4591-a1e9-b54339797c20/compiler/qnx650_520/host/win32/x86/usr/bin/../lib/gcc/powerpc-unknown-nto-qnx6.5.0/5.2.0/crtbegin.o
 *crtbegin?.o(.ctors)
 *(EXCLUDE_FILE(*crtend?.o *crtend.o) .ctors)
 *(SORT(.ctors.*))
 *(.ctors)
 .ctors         0x000000004804e95c        0x4 c:/programdata/dspace/1184d92c-d928-4591-a1e9-b54339797c20/compiler/qnx650_520/host/win32/x86/usr/bin/../lib/gcc/powerpc-unknown-nto-qnx6.5.0/5.2.0/crtend.o

.dtors          0x000000004804e960        0x8
 *crtbegin.o(.dtors)
 .dtors         0x000000004804e960        0x4 c:/programdata/dspace/1184d92c-d928-4591-a1e9-b54339797c20/compiler/qnx650_520/host/win32/x86/usr/bin/../lib/gcc/powerpc-unknown-nto-qnx6.5.0/5.2.0/crtbegin.o
 *crtbegin?.o(.dtors)
 *(EXCLUDE_FILE(*crtend?.o *crtend.o) .dtors)
 *(SORT(.dtors.*))
 *(.dtors)
 .dtors         0x000000004804e964        0x4 c:/programdata/dspace/1184d92c-d928-4591-a1e9-b54339797c20/compiler/qnx650_520/host/win32/x86/usr/bin/../lib/gcc/powerpc-unknown-nto-qnx6.5.0/5.2.0/crtend.o
                0x000000004804e964                __DTOR_END__

.jcr            0x000000004804e968        0x4
 *(.jcr)
 .jcr           0x000000004804e968        0x0 c:/programdata/dspace/1184d92c-d928-4591-a1e9-b54339797c20/compiler/qnx650_520/host/win32/x86/usr/bin/../lib/gcc/powerpc-unknown-nto-qnx6.5.0/5.2.0/crtbegin.o
 .jcr           0x000000004804e968        0x4 c:/programdata/dspace/1184d92c-d928-4591-a1e9-b54339797c20/compiler/qnx650_520/host/win32/x86/usr/bin/../lib/gcc/powerpc-unknown-nto-qnx6.5.0/5.2.0/crtend.o

.data.rel.ro
 *(.data.rel.ro.local* .gnu.linkonce.d.rel.ro.local.*)
 *(.data.rel.ro* .gnu.linkonce.d.rel.ro.*)

.fixup
 *(.fixup)

.got1
 *(.got1)

.got2
 *(.got2)

.dynamic        0x000000004804e96c      0x100
 *(.dynamic)
 .dynamic       0x000000004804e96c      0x100 C:\ProgramData\dSPACE\1184D92C-D928-4591-A1E9-B54339797C20\Compiler\QNX650_520\target\qnx6/ppcbe/lib/crt1.o
                0x000000004804e96c                _DYNAMIC

.got
 *(.got)
                0x000000004804ea6c                . = DATA_SEGMENT_RELRO_END (., 0x0)

.plt
 *(.plt)

.data           0x000000004804ea70     0xe3ac
 *(.data .data.* .gnu.linkonce.d.*)
 .data          0x000000004804ea70        0x0 C:\ProgramData\dSPACE\1184D92C-D928-4591-A1E9-B54339797C20\Compiler\QNX650_520\target\qnx6/ppcbe/lib/crt1.o
 .data          0x000000004804ea70        0x0 C:\ProgramData\dSPACE\1184D92C-D928-4591-A1E9-B54339797C20\Compiler\QNX650_520\target\qnx6/ppcbe/lib/crti.o
 .data          0x000000004804ea70        0x0 c:/programdata/dspace/1184d92c-d928-4591-a1e9-b54339797c20/compiler/qnx650_520/host/win32/x86/usr/bin/../lib/gcc/powerpc-unknown-nto-qnx6.5.0/5.2.0/crtbegin.o
 .data.rel.local
                0x000000004804ea70        0x4 c:/programdata/dspace/1184d92c-d928-4591-a1e9-b54339797c20/compiler/qnx650_520/host/win32/x86/usr/bin/../lib/gcc/powerpc-unknown-nto-qnx6.5.0/5.2.0/crtbegin.o
                0x000000004804ea70                __dso_handle
 .data          0x000000004804ea74        0x0 Human_in_Loop.o07
 *fill*         0x000000004804ea74        0x4 
 .data          0x000000004804ea78     0xe380 Human_in_Loop_data.o07
                0x000000004804ea78                Human_in_Loop_P
 .data          0x000000004805cdf8        0x0 Human_in_Loop_trc_ptr.o07
 .data          0x000000004805cdf8        0x0 rtGetInf.o07
 .data          0x000000004805cdf8        0x0 rtGetNaN.o07
 .data          0x000000004805cdf8        0x0 rt_nonfinite.o07
 .data          0x000000004805cdf8        0x0 rt_zcfcn.o07
 .data          0x000000004805cdf8       0x14 rti_sim_engine.o07
                0x000000004805cdf8                simState
                0x000000004805ce08                lastSimState
 .data          0x000000004805ce0c        0x0 rti_init_c.o07
 .data          0x000000004805ce0c        0x0 rt_sim.o07
 .data          0x000000004805ce0c        0x0 rti_assert.o07
 .data          0x000000004805ce0c        0x4 rtican_err1202.o07
                0x000000004805ce0c                rtican_type1_error_level
 .data          0x000000004805ce10        0x0 d:\Program Files\dSPACE RCPHIL 2017-B\DS1202\Lib/librtversion.a(RtVersion.o)
 .data          0x000000004805ce10        0x0 d:\Program Files\dSPACE RCPHIL 2017-B\DS1202\Lib/librtglobals.a(DsEESPort.o)
 .data.rel      0x000000004805ce10        0xc d:\Program Files\dSPACE RCPHIL 2017-B\DS1202\Lib/librtglobals.a(DsEESPort.o)
                0x000000004805ce10                p_xilapi_eesport_errorswitching_uint32_T
                0x000000004805ce14                p_xilapi_eesport_erroractivated_uint32_T
                0x000000004805ce18                p_xilapi_eesport_activeerrorset_uint32_T
 .data          0x000000004805ce1c        0x0 d:\Program Files\dSPACE RCPHIL 2017-B\DS1202\Lib/libm_fastpow.a(w_pow.o)
 .data          0x000000004805ce1c        0x0 d:\Program Files\dSPACE RCPHIL 2017-B\DS1202\Lib/libm_fastpow.a(e_pow.o)
 .data          0x000000004805ce1c        0x0 d:\Program Files\dSPACE RCPHIL 2017-B\DS1202\Lib/libm_fastpow.a(s_scalbn.o)
 .data          0x000000004805ce1c        0x0 c:/programdata/dspace/1184d92c-d928-4591-a1e9-b54339797c20/compiler/qnx650_520/host/win32/x86/usr/bin/../lib/gcc/powerpc-unknown-nto-qnx6.5.0/5.2.0/crtend.o
 .data          0x000000004805ce1c        0x0 C:\ProgramData\dSPACE\1184D92C-D928-4591-A1E9-B54339797C20\Compiler\QNX650_520\target\qnx6/ppcbe/lib/crtn.o

.tm_clone_table
                0x000000004805ce1c        0x0
 .tm_clone_table
                0x000000004805ce1c        0x0 c:/programdata/dspace/1184d92c-d928-4591-a1e9-b54339797c20/compiler/qnx650_520/host/win32/x86/usr/bin/../lib/gcc/powerpc-unknown-nto-qnx6.5.0/5.2.0/crtbegin.o
 .tm_clone_table
                0x000000004805ce1c        0x0 c:/programdata/dspace/1184d92c-d928-4591-a1e9-b54339797c20/compiler/qnx650_520/host/win32/x86/usr/bin/../lib/gcc/powerpc-unknown-nto-qnx6.5.0/5.2.0/crtend.o

.data1
 *(.data1)

.got            0x000000004805ce1c       0x54
 *(.got)
 .got           0x000000004805ce1c       0x54 C:\ProgramData\dSPACE\1184D92C-D928-4591-A1E9-B54339797C20\Compiler\QNX650_520\target\qnx6/ppcbe/lib/crt1.o
                0x000000004805ce64                _GLOBAL_OFFSET_TABLE_

.sdata          0x000000004805ce70        0x0
                0x0000000000008000                PROVIDE (_SDA_BASE_, 0x8000)
 *(.sdata .sdata.* .gnu.linkonce.s.*)
 .sdata         0x000000004805ce70        0x0 C:\ProgramData\dSPACE\1184D92C-D928-4591-A1E9-B54339797C20\Compiler\QNX650_520\target\qnx6/ppcbe/lib/crt1.o
                0x000000004805ce70                _edata = .
                [!provide]                        PROVIDE (edata, .)
                0x000000004805ce70                __bss_start = .

.sbss           0x000000004805ce70        0x0
                [!provide]                        PROVIDE (__sbss_start, .)
                [!provide]                        PROVIDE (___sbss_start, .)
 *(.dynsbss)
 .dynsbss       0x000000004805ce70        0x0 C:\ProgramData\dSPACE\1184D92C-D928-4591-A1E9-B54339797C20\Compiler\QNX650_520\target\qnx6/ppcbe/lib/crt1.o
 *(.sbss .sbss.* .gnu.linkonce.sb.*)
 *(.scommon)
                [!provide]                        PROVIDE (__sbss_end, .)
                [!provide]                        PROVIDE (___sbss_end, .)

.plt            0x000000004805ce70      0x6a8
 *(.plt)
 .plt           0x000000004805ce70      0x6a8 C:\ProgramData\dSPACE\1184D92C-D928-4591-A1E9-B54339797C20\Compiler\QNX650_520\target\qnx6/ppcbe/lib/crt1.o
                0x000000004805ceb8                srtk_tic_read
                0x000000004805cec0                ts_reset
                0x000000004805cec8                __register_frame_info
                0x000000004805ced0                DioCl2EncoderIn_create
                0x000000004805ced8                msg_error_clear
                0x000000004805cee0                AdcCl1AnalogIn_read
                0x000000004805cee8                dsrtt_set_current_time
                0x000000004805cef0                sqrt
                0x000000004805cef8                DioCl2EncoderIn_read
                0x000000004805cf00                rtk_current_task_absolute_time_ptr_get
                0x000000004805cf08                can_tp1_channel_start
                0x000000004805cf10                DioCl1DigIn_start
                0x000000004805cf18                DsTimeSync_simstateRun
                0x000000004805cf20                DacCl1AnalogOut_create
                0x000000004805cf28                DioCl2EncoderIn_setEncPosition
                0x000000004805cf30                DioCl2EncoderIn_stop
                0x000000004805cf38                can_tp1_communication_init
                0x000000004805cf40                DioCl1DigIn_setInputFilter
                0x000000004805cf48                floor
                0x000000004805cf50                DioCl1DigIn_create
                0x000000004805cf58                memcpy
                0x000000004805cf60                msg_warning_set
                0x000000004805cf68                rtk_setup_temp_overrun_handling
                0x000000004805cf70                DioCl1DigOut_setChMaskOutData
                0x000000004805cf78                DioCl2EncoderIn_setIndexMode
                0x000000004805cf80                ceil
                0x000000004805cf88                SrtkIntBase_requestTaskMode
                0x000000004805cf90                rtk_reset_tasks
                0x000000004805cf98                can_tp1_all_data_clear
                0x000000004805cfa0                __cxa_finalize
                0x000000004805cfa8                _init_array
                0x000000004805cfb0                rtk_set_task_type
                0x000000004805cfb8                DsTimeSync_baserate
                0x000000004805cfc0                rtk_task_name_set
                0x000000004805cfc8                DacCl1AnalogOut_apply
                0x000000004805cfd0                can_tp1_msg_copy_all_to_mem
                0x000000004805cfd8                can_tp1_msg_read_from_mem
                0x000000004805cfe0                DioCl1DigIn_getChMaskInData
                0x000000004805cfe8                DioCl1DigOut_setChMaskOutHighZ
                0x000000004805cff0                dsrtt_script_service_post_computation
                0x000000004805cff8                rtk_create_task
                0x000000004805d000                msg_warning_printf
                0x000000004805d008                msg_last_error_number
                0x000000004805d010                DioCl2EncoderIn_start
                0x000000004805d018                AdcCl1AnalogIn_setConversTrigger
                0x000000004805d020                dsparam_copy_data_set
                0x000000004805d028                SrtkPreload_preloadRegion
                0x000000004805d030                rtk_dsts_time_to_simtime_convert
                0x000000004805d038                msg_error_set
                0x000000004805d040                rtk_enable_services
                0x000000004805d048                SrtkDaq_Init
                0x000000004805d050                DioCl1DigOut_setSignalVoltage
                0x000000004805d058                rtk_task_task_calls_get
                0x000000004805d060                DioCl1DigIn_apply
                0x000000004805d068                dsser_config
                0x000000004805d070                can_tp1_channel_init
                0x000000004805d078                can_tp1_dsmcr_client_create
                0x000000004805d080                SrtkCfg_finalizeSlaveBoot
                0x000000004805d088                DsTimeSync_setCurrentTimePtr
                0x000000004805d090                DioCl2EncoderIn_setMinEncVelocity
                0x000000004805d098                SrtkIntBase_enableIntGlobal
                0x000000004805d0a0                can_tp1_channel_termination_set
                0x000000004805d0a8                DacCl1AnalogOut_write
                0x000000004805d0b0                AdcCl1AnalogIn_setConversionMode
                0x000000004805d0b8                rtk_overrun_flag_clear
                0x000000004805d0c0                dsser_enable
                0x000000004805d0c8                rtk_bind_interrupt
                0x000000004805d0d0                DacCl1AnalogOut_stop
                0x000000004805d0d8                AdcCl1AnalogIn_apply
                0x000000004805d0e0                _init_libc
                0x000000004805d0e8                can_tp1_msg_send
                0x000000004805d0f0                DioCl2EncoderIn_setGatedMode
                0x000000004805d0f8                dsrtt_init
                0x000000004805d100                AdcCl1AnalogIn_write
                0x000000004805d108                DioCl1DigOut_write
                0x000000004805d110                SrtkApp_terminate
                0x000000004805d118                DioCl1DigOut_start
                0x000000004805d120                DioCl2EncoderIn_setMaxPosition
                0x000000004805d128                DioCl2EncoderIn_setMinPosition
                0x000000004805d130                AdcCl1AnalogIn_isDataReady
                0x000000004805d138                msg_info_set
                0x000000004805d140                dsser_disable
                0x000000004805d148                dsrtt_script_service_pre_computation
                0x000000004805d150                DacCl1AnalogOut_start
                0x000000004805d158                msg_error_printf
                0x000000004805d160                memset
                0x000000004805d168                DioCl1DigOut_create
                0x000000004805d170                _Sin
                0x000000004805d178                can_tp1_msg_sleep
                0x000000004805d180                DioCl2EncoderIn_getEncPosition
                0x000000004805d188                rtk_leave_idle_mode
                0x000000004805d190                __wrap_exit
                0x000000004805d198                DioCl1DigOut_apply
                0x000000004805d1a0                __wrap_atexit
                0x000000004805d1a8                DioCl2EncoderIn_setMeasurementInterval
                0x000000004805d1b0                DacCl1AnalogOut_setOutputValue
                0x000000004805d1b8                sprintf
                0x000000004805d1c0                AdcCl1AnalogIn_start
                0x000000004805d1c8                _fini_array
                0x000000004805d1d0                SrtkDaq_Background
                0x000000004805d1d8                _preinit_array
                0x000000004805d1e0                SrtkApp_init
                0x000000004805d1e8                exp
                0x000000004805d1f0                rtk_bind_subinterrupt
                0x000000004805d1f8                can_tp1_msg_rx_register
                0x000000004805d200                SrtkDaq_Service
                0x000000004805d208                rtk_task_task_name_get
                0x000000004805d210                AdcCl1AnalogIn_setConversSwTrigger
                0x000000004805d218                can_tp1_msg_wakeup
                0x000000004805d220                DioCl1DigIn_read
                0x000000004805d228                SrtkSim_notifyStateTransition
                0x000000004805d230                can_tp1_msg_tx_register
                0x000000004805d238                AdcCl1AnalogIn_getSingleValue
                0x000000004805d240                DioCl2EncoderIn_apply
                0x000000004805d248                DioCl2EncoderIn_getEncVelocity
                0x000000004805d250                msg_set
                0x000000004805d258                rtk_get_subentry
                0x000000004805d260                dsrtt_set_step_size
                0x000000004805d268                rtk_enter_idle_mode
                0x000000004805d270                dsser_init
                0x000000004805d278                rtk_initialize
                0x000000004805d280                DacCl1AnalogOut_setOutputHighZ
                0x000000004805d288                dsser_receive
                0x000000004805d290                DioCl2EncoderIn_setEncoderLines
                0x000000004805d298                can_tp1_msg_read
                0x000000004805d2a0                SrtkApp_background
                0x000000004805d2a8                rtk_default_overrun_fcn
                0x000000004805d2b0                AdcCl1AnalogIn_create
                0x000000004805d2b8                vcm_module_register
                0x000000004805d2c0                can_tp1_msg_set
                0x000000004805d2c8                DsTimeSync_simstateStop
                0x000000004805d2d0                SrtkIntBase_disableIntGlobal
                0x000000004805d2d8                SrtkSim_registerState
                0x000000004805d2e0                __deregister_frame_info
                0x000000004805d2e8                dsser_fifo_reset
                0x000000004805d2f0                can_tp1_error_read

.bss            0x000000004805d518    0x416d8
 *(.dynbss)
 .dynbss        0x000000004805d518       0x14 C:\ProgramData\dSPACE\1184D92C-D928-4591-A1E9-B54339797C20\Compiler\QNX650_520\target\qnx6/ppcbe/lib/crt1.o
                0x000000004805d518                errno
                0x000000004805d520                dsts_sum_of_reseted_time
                0x000000004805d528                msg_last_error_no
 *(.bss .bss.* .gnu.linkonce.b.*)
 .bss           0x000000004805d52c        0x0 C:\ProgramData\dSPACE\1184D92C-D928-4591-A1E9-B54339797C20\Compiler\QNX650_520\target\qnx6/ppcbe/lib/crt1.o
 .bss           0x000000004805d52c        0x0 C:\ProgramData\dSPACE\1184D92C-D928-4591-A1E9-B54339797C20\Compiler\QNX650_520\target\qnx6/ppcbe/lib/crti.o
 .bss           0x000000004805d52c       0x20 c:/programdata/dspace/1184d92c-d928-4591-a1e9-b54339797c20/compiler/qnx650_520/host/win32/x86/usr/bin/../lib/gcc/powerpc-unknown-nto-qnx6.5.0/5.2.0/crtbegin.o
 *fill*         0x000000004805d54c        0x4 
 .bss           0x000000004805d550    0x412f9 Human_in_Loop.o07
                0x000000004805d550                Human_in_Loop_B
                0x0000000048086580                Human_in_Loop_DW
                0x000000004809e3d0                Human_in_Loop_M_
                0x000000004809e6c8                Human_in_Loop_X
                0x000000004809e848                Human_in_Loop_PrevZCX
 .bss           0x000000004809e849        0x0 Human_in_Loop_data.o07
 *fill*         0x000000004809e849        0x3 
 .bss           0x000000004809e84c       0x80 Human_in_Loop_trc_ptr.o07
                0x000000004809e84c                p_0_Human_in_Loop_real_T_0
                0x000000004809e850                p_0_Human_in_Loop_int32_T_1
                0x000000004809e854                p_0_Human_in_Loop_uint32_T_2
                0x000000004809e858                p_0_Human_in_Loop_uint8_T_3
                0x000000004809e85c                p_0_Human_in_Loop_boolean_T_4
                0x000000004809e860                p_0_Human_in_Loop_real_T_5
                0x000000004809e864                p_0_Human_in_Loop_real_T_6
                0x000000004809e868                p_0_Human_in_Loop_real_T_7
                0x000000004809e86c                p_0_Human_in_Loop_real_T_8
                0x000000004809e870                p_0_Human_in_Loop_real_T_9
                0x000000004809e874                p_0_Human_in_Loop_real_T_10
                0x000000004809e878                p_0_Human_in_Loop_real_T_11
                0x000000004809e87c                p_0_Human_in_Loop_real_T_12
                0x000000004809e880                p_0_Human_in_Loop_real_T_13
                0x000000004809e884                p_0_Human_in_Loop_real_T_14
                0x000000004809e888                p_1_Human_in_Loop_real_T_0
                0x000000004809e88c                p_1_Human_in_Loop_int32_T_1
                0x000000004809e890                p_1_Human_in_Loop_int8_T_2
                0x000000004809e894                p_1_Human_in_Loop_boolean_T_3
                0x000000004809e898                p_1_Human_in_Loop_real_T_4
                0x000000004809e89c                p_1_Human_in_Loop_uint32_T_5
                0x000000004809e8a0                p_1_Human_in_Loop_boolean_T_6
                0x000000004809e8a4                p_2_Human_in_Loop_real_T_0
                0x000000004809e8a8                p_2_Human_in_Loop_int_T_1
                0x000000004809e8ac                p_2_Human_in_Loop_int8_T_2
                0x000000004809e8b0                p_2_Human_in_Loop_real_T_3
                0x000000004809e8b4                p_2_Human_in_Loop_real_T_4
                0x000000004809e8b8                p_2_Human_in_Loop_real_T_5
                0x000000004809e8bc                p_2_Human_in_Loop_real_T_6
                0x000000004809e8c0                p_2_Human_in_Loop_real_T_7
                0x000000004809e8c4                p_2_Human_in_Loop_real_T_8
                0x000000004809e8c8                p_3_Human_in_Loop_real_T_0
 .bss           0x000000004809e8cc        0x0 rtGetInf.o07
 .bss           0x000000004809e8cc        0x0 rtGetNaN.o07
 *fill*         0x000000004809e8cc        0x4 
 .bss           0x000000004809e8d0       0x2c rt_nonfinite.o07
                0x000000004809e8d0                rtNaN
                0x000000004809e8d8                rtNaNF
                0x000000004809e8e0                rtInf
                0x000000004809e8e8                rtInfF
                0x000000004809e8f0                rtMinusInf
                0x000000004809e8f8                rtMinusInfF
 .bss           0x000000004809e8fc        0x0 rt_zcfcn.o07
 *fill*         0x000000004809e8fc        0x4 
 .bss           0x000000004809e900      0x114 rti_sim_engine.o07
                0x000000004809e900                currentTime
                0x000000004809e904                finalTime
                0x000000004809e908                modelStepSize
                0x000000004809e910                pRTIDacC1AnalogOut_Ch_16
                0x000000004809e914                pRTIEmcEncoder_Unit_1_DioCl_2_Port_1_Ch1
                0x000000004809e918                pRTIEmcEncoder_Unit_3_DioCl_2_Port_1_Ch5
                0x000000004809e91c                pRTIDioC1DigOut_Port_3_Ch_11
                0x000000004809e920                pRTIDioC1DigOut_Port_3_Ch_13
                0x000000004809e924                pRTIDioC1DigOut_Port_1_Ch_1
                0x000000004809e928                rtiDS1202SER_B1_Ser
                0x000000004809e930                can_type1_channel_M1_C1
                0x000000004809e934                can_type1_channel_M1_C2
                0x000000004809e93c                CANTP1_RX_SPMSG_M1_C1_STD
                0x000000004809e944                can_type1_msg_M1
                0x000000004809e958                CANTP1_RX_SPMSG_M1_C2_STD
                0x000000004809e960                pRTIAdcC1AnalogIn_Ch_6
                0x000000004809e964                pRTIAdcC1AnalogIn_Ch_1
                0x000000004809e968                pRTIAdcC1AnalogIn_Ch_2
                0x000000004809e96c                pRTIAdcC1AnalogIn_Ch_3
                0x000000004809e970                pRTIAdcC1AnalogIn_Ch_4
                0x000000004809e974                pRTIAdcC1AnalogIn_Ch_9
                0x000000004809e978                pRTIAdcC1AnalogIn_Ch_10
                0x000000004809e97c                pRTIDioC1DigIn_Port_1_Ch_2
                0x000000004809e980                taskMode
                0x000000004809e984                CANTP1_TX_SPMSG_M1_C1_STD
                0x000000004809e988                CANTP1_TX_SPMSG_M1_C1_XTD
                0x000000004809e98c                CANTP1_RX_M1_C1_MCRCLT_STD
                0x000000004809e990                CANTP1_TX_SPMSG_M1_C2_STD
                0x000000004809e994                CANTP1_TX_SPMSG_M1_C2_XTD
                0x000000004809e998                CANTP1_RX_M1_C2_MCRCLT_STD
                0x000000004809e99c                pRti_TIMERA_STime
                0x000000004809e9a0                pRti_TIMERA_TTime
                0x000000004809e9a4                pRti_TIMERA_TState
                0x000000004809e9a8                pRti_TIMERA_OType
                0x000000004809e9ac                pRti_TIMERA_OMax
                0x000000004809e9b0                pRti_TIMERA_ORpt
                0x000000004809e9b4                pRti_TIMERA_OCnt
                0x000000004809e9b8                pRti_TIMERA_TCnt
                0x000000004809e9bc                pRti_TIMERA_Prio
                0x000000004809e9c4                pRti_UART_EVENTS_CH1_INT0_TTime
                0x000000004809e9c8                pRti_UART_EVENTS_CH1_INT0_TState
                0x000000004809e9cc                pRti_UART_EVENTS_CH1_INT0_OType
                0x000000004809e9d0                pRti_UART_EVENTS_CH1_INT0_OMax
                0x000000004809e9d4                pRti_UART_EVENTS_CH1_INT0_ORpt
                0x000000004809e9d8                pRti_UART_EVENTS_CH1_INT0_OCnt
                0x000000004809e9dc                pRti_UART_EVENTS_CH1_INT0_TCnt
                0x000000004809e9e0                pRti_UART_EVENTS_CH1_INT0_Prio
                0x000000004809e9e4                pRti_TIMERB_STime
                0x000000004809e9e8                pRti_TIMERB_TTime
                0x000000004809e9ec                pRti_TIMERB_TState
                0x000000004809e9f0                pRti_TIMERB_OType
                0x000000004809e9f4                pRti_TIMERB_OMax
                0x000000004809e9f8                pRti_TIMERB_ORpt
                0x000000004809e9fc                pRti_TIMERB_OCnt
                0x000000004809ea00                pRti_TIMERB_TCnt
                0x000000004809ea04                pRti_TIMERB_Prio
                0x000000004809ea10                rtiAssertionMode
 .bss           0x000000004809ea14        0x4 rti_init_c.o07
 .bss           0x000000004809ea18        0x0 rt_sim.o07
 .bss           0x000000004809ea18        0x0 rti_assert.o07
 .bss           0x000000004809ea18      0x1c4 rtican_err1202.o07
                0x000000004809ea18                rtican_type1_tq_error
                0x000000004809ebd8                can_tp1_address_table
 .bss           0x000000004809ebdc        0x0 d:\Program Files\dSPACE RCPHIL 2017-B\DS1202\Lib/librtversion.a(RtVersion.o)
 .bss           0x000000004809ebdc       0x14 d:\Program Files\dSPACE RCPHIL 2017-B\DS1202\Lib/librtglobals.a(DsEESPort.o)
                0x000000004809ebdc                xilapi_eesport_trigger_uint32_T
                0x000000004809ebe0                xilapi_eesport_flags_uint32_T
                0x000000004809ebe4                xilapi_eesport_errorswitching_uint32_T
                0x000000004809ebe8                xilapi_eesport_erroractivated_uint32_T
                0x000000004809ebec                xilapi_eesport_activeerrorset_uint32_T
 .bss           0x000000004809ebf0        0x0 d:\Program Files\dSPACE RCPHIL 2017-B\DS1202\Lib/libm_fastpow.a(w_pow.o)
 .bss           0x000000004809ebf0        0x0 d:\Program Files\dSPACE RCPHIL 2017-B\DS1202\Lib/libm_fastpow.a(e_pow.o)
 .bss           0x000000004809ebf0        0x0 d:\Program Files\dSPACE RCPHIL 2017-B\DS1202\Lib/libm_fastpow.a(s_scalbn.o)
 .bss           0x000000004809ebf0        0x0 c:/programdata/dspace/1184d92c-d928-4591-a1e9-b54339797c20/compiler/qnx650_520/host/win32/x86/usr/bin/../lib/gcc/powerpc-unknown-nto-qnx6.5.0/5.2.0/crtend.o
 .bss           0x000000004809ebf0        0x0 C:\ProgramData\dSPACE\1184D92C-D928-4591-A1E9-B54339797C20\Compiler\QNX650_520\target\qnx6/ppcbe/lib/crtn.o
 *(COMMON)
                0x000000004809ebf0                . = ALIGN ((. != 0x0)?0x4:0x1)

.iplt           0x000000004809ebf0        0x0
 .iplt          0x000000004809ebf0        0x0 C:\ProgramData\dSPACE\1184D92C-D928-4591-A1E9-B54339797C20\Compiler\QNX650_520\target\qnx6/ppcbe/lib/crt1.o
                0x000000004809ebf0                . = ALIGN (0x4)
                0x000000004809ebf0                . = ALIGN (0x4)
                0x000000004809ebf0                __end = .
                0x000000004809ebf0                _end = .
                [!provide]                        PROVIDE (end, .)
                0x000000004809ebf0                . = DATA_SEGMENT_END (.)

.stab
 *(.stab)

.stabstr
 *(.stabstr)

.stab.excl
 *(.stab.excl)

.stab.exclstr
 *(.stab.exclstr)

.stab.index
 *(.stab.index)

.stab.indexstr
 *(.stab.indexstr)

.comment        0x0000000000000000       0x47
 *(.comment)
 .comment       0x0000000000000000       0x11 c:/programdata/dspace/1184d92c-d928-4591-a1e9-b54339797c20/compiler/qnx650_520/host/win32/x86/usr/bin/../lib/gcc/powerpc-unknown-nto-qnx6.5.0/5.2.0/crtbegin.o
                                         0x12 (size before relaxing)
 .comment       0x0000000000000011       0x12 Human_in_Loop.o07
 .comment       0x0000000000000011       0x12 Human_in_Loop_data.o07
 .comment       0x0000000000000011       0x12 Human_in_Loop_trc_ptr.o07
 .comment       0x0000000000000011       0x12 rtGetInf.o07
 .comment       0x0000000000000011       0x12 rtGetNaN.o07
 .comment       0x0000000000000011       0x12 rt_nonfinite.o07
 .comment       0x0000000000000011       0x12 rt_zcfcn.o07
 .comment       0x0000000000000011       0x12 rti_sim_engine.o07
 .comment       0x0000000000000011       0x12 rti_init_c.o07
 .comment       0x0000000000000011       0x12 rt_sim.o07
 .comment       0x0000000000000011       0x12 rti_assert.o07
 .comment       0x0000000000000011       0x12 rtican_err1202.o07
 .comment       0x0000000000000011       0x12 d:\Program Files\dSPACE RCPHIL 2017-B\DS1202\Lib/librtversion.a(RtVersion.o)
 .comment       0x0000000000000011       0x12 d:\Program Files\dSPACE RCPHIL 2017-B\DS1202\Lib/librtglobals.a(DsEESPort.o)
 .comment       0x0000000000000011       0x12 d:\Program Files\dSPACE RCPHIL 2017-B\DS1202\Lib/libm_fastpow.a(w_pow.o)
 .comment       0x0000000000000023       0x12 d:\Program Files\dSPACE RCPHIL 2017-B\DS1202\Lib/libm_fastpow.a(e_pow.o)
 .comment       0x0000000000000035       0x12 d:\Program Files\dSPACE RCPHIL 2017-B\DS1202\Lib/libm_fastpow.a(s_scalbn.o)
 .comment       0x0000000000000047       0x12 c:/programdata/dspace/1184d92c-d928-4591-a1e9-b54339797c20/compiler/qnx650_520/host/win32/x86/usr/bin/../lib/gcc/powerpc-unknown-nto-qnx6.5.0/5.2.0/crtend.o

.PPC.EMB.apuinfo
                0x0000000000000000       0x18
 .PPC.EMB.apuinfo
                0x0000000000000000       0x18 Human_in_Loop.o07
 .PPC.EMB.apuinfo
                0x0000000000000018       0x18 rt_zcfcn.o07

.debug
 *(.debug)

.line
 *(.line)

.debug_srcinfo
 *(.debug_srcinfo)

.debug_sfnames
 *(.debug_sfnames)

.debug_aranges
 *(.debug_aranges)

.debug_pubnames
 *(.debug_pubnames)

.debug_info
 *(.debug_info .gnu.linkonce.wi.*)

.debug_abbrev
 *(.debug_abbrev)

.debug_line
 *(.debug_line)

.debug_frame
 *(.debug_frame)

.debug_str
 *(.debug_str)

.debug_loc
 *(.debug_loc)

.debug_macinfo
 *(.debug_macinfo)

.debug_weaknames
 *(.debug_weaknames)

.debug_funcnames
 *(.debug_funcnames)

.debug_typenames
 *(.debug_typenames)

.debug_varnames
 *(.debug_varnames)

.debug_pubtypes
 *(.debug_pubtypes)

.debug_ranges
 *(.debug_ranges)

.gnu.attributes
                0x0000000000000000       0x14
 *(.gnu.attributes)
 .gnu.attributes
                0x0000000000000000       0x10 Human_in_Loop.o07
 .gnu.attributes
                0x0000000000000010       0x10 rtGetInf.o07
 .gnu.attributes
                0x0000000000000020       0x10 rtGetNaN.o07
 .gnu.attributes
                0x0000000000000030       0x10 rt_nonfinite.o07
 .gnu.attributes
                0x0000000000000040       0x10 rt_zcfcn.o07
 .gnu.attributes
                0x0000000000000050       0x10 rti_sim_engine.o07
 .gnu.attributes
                0x0000000000000060       0x10 rt_sim.o07
 .gnu.attributes
                0x0000000000000070       0x10 rti_assert.o07
 .gnu.attributes
                0x0000000000000080       0x14 d:\Program Files\dSPACE RCPHIL 2017-B\DS1202\Lib/libm_fastpow.a(w_pow.o)
 .gnu.attributes
                0x0000000000000094       0x14 d:\Program Files\dSPACE RCPHIL 2017-B\DS1202\Lib/libm_fastpow.a(e_pow.o)
 .gnu.attributes
                0x00000000000000a8       0x14 d:\Program Files\dSPACE RCPHIL 2017-B\DS1202\Lib/libm_fastpow.a(s_scalbn.o)

/DISCARD/
 *(.note.GNU-stack)
 *(.gnu_debuglink)
OUTPUT(Human_in_Loop.ppc elf32-powerpc)
