<*GNU-Linker-generated-mapfile*> 
Archive member included to satisfy reference by file (symbol)

d:\Program Files\dSPACE RCPHIL 2017-B\DS1202\Lib/librtversion.a(RtVersion.o)
                              (--whole-archive)
d:\Program Files\dSPACE RCPHIL 2017-B\DS1202\Lib/librtglobals.a(DsEESPort.o)
                              (--whole-archive)
d:\Program Files\dSPACE RCPHIL 2017-B\DS1202\Lib/libm_fastpow.a(w_pow.o)
                              Human_in_Loop.o07 (pow)
d:\Program Files\dSPACE RCPHIL 2017-B\DS1202\Lib/libm_fastpow.a(e_pow.o)
                              d:\Program Files\dSPACE RCPHIL 2017-B\DS1202\Lib/libm_fastpow.a(w_pow.o) (__ieee754_pow)
d:\Program Files\dSPACE RCPHIL 2017-B\DS1202\Lib/libm_fastpow.a(s_scalbn.o)
                              d:\Program Files\dSPACE RCPHIL 2017-B\DS1202\Lib/libm_fastpow.a(e_pow.o) (scalbn)

As-needed library included to satisfy reference by file (symbol)

libDsRealTimeTestingRP.so.1   rti_sim_engine.o07 (dsrtt_script_service_pre_computation)

Memory Configuration

Name             Origin             Length             Attributes
*default*        0x0000000000000000 0xffffffffffffffff

Linker script and memory map

LOAD C:\ProgramData\dSPACE\1184D92C-D928-4591-A1E9-B54339797C20\Compiler\QNX650_520\target\qnx6/ppcbe/lib/crt1.o
LOAD C:\ProgramData\dSPACE\1184D92C-D928-4591-A1E9-B54339797C20\Compiler\QNX650_520\target\qnx6/ppcbe/lib/crti.o
LOAD c:/programdata/dspace/1184d92c-d928-4591-a1e9-b54339797c20/compiler/qnx650_520/host/win32/x86/usr/bin/../lib/gcc/powerpc-unknown-nto-qnx6.5.0/5.2.0/crtbegin.o
                0x0000000000000000                _DSPACE_START = 0x0
                0x0000000000000000                _DSPACE_START_ = 0x0
                0x00000000000004b2                DS_TARGET_PLATFORM = 0x4b2
START GROUP
LOAD Human_in_Loop.o07
LOAD Human_in_Loop_data.o07
LOAD Human_in_Loop_trc_ptr.o07
LOAD rtGetInf.o07
LOAD rtGetNaN.o07
LOAD rt_nonfinite.o07
LOAD rti_sim_engine.o07
LOAD rti_init_c.o07
LOAD rt_sim.o07
LOAD rti_assert.o07
LOAD d:\Program Files\dSPACE RCPHIL 2017-B\DS1202\Lib/librtcan.so
LOAD d:\Program Files\dSPACE RCPHIL 2017-B\DS1202\Lib/librtj1939.so
LOAD d:\Program Files\dSPACE RCPHIL 2017-B\DS1202\Lib/librtser.so
LOAD d:\Program Files\dSPACE RCPHIL 2017-B\DS1202\Lib/librt13xxio.so
LOAD d:\Program Files\dSPACE RCPHIL 2017-B\DS1202\Lib/librt1202.so
LOAD d:\Program Files\dSPACE RCPHIL 2017-B\DS1202\Lib/librtwrap.so
LOAD d:\Program Files\dSPACE RCPHIL 2017-B\DS1202\Lib/librtversion.a
LOAD d:\Program Files\dSPACE RCPHIL 2017-B\DS1202\Lib/librtglobals.a
LOAD d:\Program Files\dSPACE RCPHIL 2017-B\DS1202\Lib/libm_fastpow.a
END GROUP
LOAD d:\Program Files\dSPACE RCPHIL 2017-B\DS1202\Lib/libstdc++.so
LOAD C:\ProgramData\dSPACE\1184D92C-D928-4591-A1E9-B54339797C20\Compiler\QNX650_520\target\qnx6/ppcbe/lib/libm.so
LOAD c:/programdata/dspace/1184d92c-d928-4591-a1e9-b54339797c20/compiler/qnx650_520/host/win32/x86/usr/bin/../lib/gcc/powerpc-unknown-nto-qnx6.5.0/5.2.0\libgcc.a
LOAD C:\ProgramData\dSPACE\1184D92C-D928-4591-A1E9-B54339797C20\Compiler\QNX650_520\target\qnx6/ppcbe/lib/libc.so
LOAD C:\ProgramData\dSPACE\1184D92C-D928-4591-A1E9-B54339797C20\Compiler\QNX650_520\target\qnx6/ppcbe/lib\libc.a
LOAD c:/programdata/dspace/1184d92c-d928-4591-a1e9-b54339797c20/compiler/qnx650_520/host/win32/x86/usr/bin/../lib/gcc/powerpc-unknown-nto-qnx6.5.0/5.2.0\libgcc.a
LOAD c:/programdata/dspace/1184d92c-d928-4591-a1e9-b54339797c20/compiler/qnx650_520/host/win32/x86/usr/bin/../lib/gcc/powerpc-unknown-nto-qnx6.5.0/5.2.0/crtend.o
LOAD C:\ProgramData\dSPACE\1184D92C-D928-4591-A1E9-B54339797C20\Compiler\QNX650_520\target\qnx6/ppcbe/lib/crtn.o
                [!provide]                        PROVIDE (__stack, 0x0)
                [!provide]                        PROVIDE (___stack, 0x0)
                [!provide]                        PROVIDE (__executable_start, 0x48040000)
                0x0000000048040134                . = (0x48040000 + SIZEOF_HEADERS)

.interp         0x0000000048040134       0x14
 *(.interp)
 .interp        0x0000000048040134       0x14 C:\ProgramData\dSPACE\1184D92C-D928-4591-A1E9-B54339797C20\Compiler\QNX650_520\target\qnx6/ppcbe/lib/crt1.o

.note           0x0000000048040150       0x18
 .note          0x0000000048040150       0x18 C:\ProgramData\dSPACE\1184D92C-D928-4591-A1E9-B54339797C20\Compiler\QNX650_520\target\qnx6/ppcbe/lib/crtn.o

.note.gnu.build-id
                0x0000000048040168       0x20
 *(.note.gnu.build-id)
 .note.gnu.build-id
                0x0000000048040168       0x20 C:\ProgramData\dSPACE\1184D92C-D928-4591-A1E9-B54339797C20\Compiler\QNX650_520\target\qnx6/ppcbe/lib/crt1.o

.hash           0x0000000048040188      0x42c
 *(.hash)
 .hash          0x0000000048040188      0x42c C:\ProgramData\dSPACE\1184D92C-D928-4591-A1E9-B54339797C20\Compiler\QNX650_520\target\qnx6/ppcbe/lib/crt1.o

.gnu.hash
 *(.gnu.hash)

.dynsym         0x00000000480405b4      0x860
 *(.dynsym)
 .dynsym        0x00000000480405b4      0x860 C:\ProgramData\dSPACE\1184D92C-D928-4591-A1E9-B54339797C20\Compiler\QNX650_520\target\qnx6/ppcbe/lib/crt1.o

.dynstr         0x0000000048040e14      0xb07
 *(.dynstr)
 .dynstr        0x0000000048040e14      0xb07 C:\ProgramData\dSPACE\1184D92C-D928-4591-A1E9-B54339797C20\Compiler\QNX650_520\target\qnx6/ppcbe/lib/crt1.o

.gnu.version    0x000000004804191c        0x0
 *(.gnu.version)
 .gnu.version   0x000000004804191c        0x0 C:\ProgramData\dSPACE\1184D92C-D928-4591-A1E9-B54339797C20\Compiler\QNX650_520\target\qnx6/ppcbe/lib/crt1.o

.gnu.version_d  0x000000004804191c        0x0
 *(.gnu.version_d)
 .gnu.version_d
                0x000000004804191c        0x0 C:\ProgramData\dSPACE\1184D92C-D928-4591-A1E9-B54339797C20\Compiler\QNX650_520\target\qnx6/ppcbe/lib/crt1.o

.gnu.version_r  0x000000004804191c        0x0
 *(.gnu.version_r)
 .gnu.version_r
                0x000000004804191c        0x0 C:\ProgramData\dSPACE\1184D92C-D928-4591-A1E9-B54339797C20\Compiler\QNX650_520\target\qnx6/ppcbe/lib/crt1.o

.rel.dyn
 *(.rel.init)
 *(.rel.text .rel.text.* .rel.gnu.linkonce.t.*)
 *(.rel.fini)
 *(.rel.rodata .rel.rodata.* .rel.gnu.linkonce.r.*)
 *(.rel.data.rel.ro* .rel.gnu.linkonce.d.rel.ro.*)
 *(.rel.data .rel.data.* .rel.gnu.linkonce.d.*)
 *(.rel.tdata .rel.tdata.* .rel.gnu.linkonce.td.*)
 *(.rel.tbss .rel.tbss.* .rel.gnu.linkonce.tb.*)
 *(.rel.ctors)
 *(.rel.dtors)
 *(.rel.got)
 *(.rel.sdata .rel.sdata.* .rel.gnu.linkonce.s.*)
 *(.rel.sbss .rel.sbss.* .rel.gnu.linkonce.sb.*)
 *(.rel.sdata2 .rel.sdata2.* .rel.gnu.linkonce.s2.*)
 *(.rel.sbss2 .rel.sbss2.* .rel.gnu.linkonce.sb2.*)
 *(.rel.bss .rel.bss.* .rel.gnu.linkonce.b.*)

.rela.dyn       0x000000004804191c       0x6c
 *(.rela.init)
 *(.rela.text .rela.text.* .rela.gnu.linkonce.t.*)
 .rela.text     0x000000004804191c        0x0 C:\ProgramData\dSPACE\1184D92C-D928-4591-A1E9-B54339797C20\Compiler\QNX650_520\target\qnx6/ppcbe/lib/crt1.o
 *(.rela.fini)
 *(.rela.rodata .rela.rodata.* .rela.gnu.linkonce.r.*)
 .rela.rodata   0x000000004804191c        0x0 C:\ProgramData\dSPACE\1184D92C-D928-4591-A1E9-B54339797C20\Compiler\QNX650_520\target\qnx6/ppcbe/lib/crt1.o
 *(.rela.data .rela.data.* .rela.gnu.linkonce.d.*)
 *(.rela.tdata .rela.tdata.* .rela.gnu.linkonce.td.*)
 *(.rela.tbss .rela.tbss.* .rela.gnu.linkonce.tb.*)
 *(.rela.ctors)
 *(.rela.dtors)
 *(.rela.got)
 .rela.got      0x000000004804191c       0x48 C:\ProgramData\dSPACE\1184D92C-D928-4591-A1E9-B54339797C20\Compiler\QNX650_520\target\qnx6/ppcbe/lib/crt1.o
 *(.rela.got1)
 *(.rela.got2)
 *(.rela.sdata .rela.sdata.* .rela.gnu.linkonce.s.*)
 *(.rela.sbss .rela.sbss.* .rela.gnu.linkonce.sb.*)
 .rela.sbss     0x0000000048041964        0x0 C:\ProgramData\dSPACE\1184D92C-D928-4591-A1E9-B54339797C20\Compiler\QNX650_520\target\qnx6/ppcbe/lib/crt1.o
 *(.rela.sdata2 .rela.sdata2.* .rela.gnu.linkonce.s2.*)
 *(.rela.sbss2 .rela.sbss2.* .rela.gnu.linkonce.sb2.*)
 *(.rela.bss .rela.bss.* .rela.gnu.linkonce.b.*)
 .rela.bss      0x0000000048041964       0x24 C:\ProgramData\dSPACE\1184D92C-D928-4591-A1E9-B54339797C20\Compiler\QNX650_520\target\qnx6/ppcbe/lib/crt1.o
 .rela.iplt     0x0000000048041988        0x0 C:\ProgramData\dSPACE\1184D92C-D928-4591-A1E9-B54339797C20\Compiler\QNX650_520\target\qnx6/ppcbe/lib/crt1.o

.rel.plt
 *(.rel.plt)

.rela.plt       0x0000000048041988      0x564
 *(.rela.plt)
 .rela.plt      0x0000000048041988      0x564 C:\ProgramData\dSPACE\1184D92C-D928-4591-A1E9-B54339797C20\Compiler\QNX650_520\target\qnx6/ppcbe/lib/crt1.o

.init           0x0000000048041eec       0x24
 *(.init)
 .init          0x0000000048041eec        0xc C:\ProgramData\dSPACE\1184D92C-D928-4591-A1E9-B54339797C20\Compiler\QNX650_520\target\qnx6/ppcbe/lib/crti.o
                0x0000000048041eec                _init
 .init          0x0000000048041ef8        0x4 c:/programdata/dspace/1184d92c-d928-4591-a1e9-b54339797c20/compiler/qnx650_520/host/win32/x86/usr/bin/../lib/gcc/powerpc-unknown-nto-qnx6.5.0/5.2.0/crtbegin.o
 .init          0x0000000048041efc        0x4 c:/programdata/dspace/1184d92c-d928-4591-a1e9-b54339797c20/compiler/qnx650_520/host/win32/x86/usr/bin/../lib/gcc/powerpc-unknown-nto-qnx6.5.0/5.2.0/crtend.o
 .init          0x0000000048041f00       0x10 C:\ProgramData\dSPACE\1184D92C-D928-4591-A1E9-B54339797C20\Compiler\QNX650_520\target\qnx6/ppcbe/lib/crtn.o

.text           0x0000000048041f10     0x821c
                0x0000000048041f10                _btext = .
 *(.text .stub .text.* .gnu.linkonce.t.*)
 .text          0x0000000048041f10      0x118 C:\ProgramData\dSPACE\1184D92C-D928-4591-A1E9-B54339797C20\Compiler\QNX650_520\target\qnx6/ppcbe/lib/crt1.o
                0x0000000048041f10                _start
 .text          0x0000000048042028        0x0 C:\ProgramData\dSPACE\1184D92C-D928-4591-A1E9-B54339797C20\Compiler\QNX650_520\target\qnx6/ppcbe/lib/crti.o
 .text          0x0000000048042028      0x2b0 c:/programdata/dspace/1184d92c-d928-4591-a1e9-b54339797c20/compiler/qnx650_520/host/win32/x86/usr/bin/../lib/gcc/powerpc-unknown-nto-qnx6.5.0/5.2.0/crtbegin.o
 *fill*         0x00000000480422d8        0x8 00000000
 .text          0x00000000480422e0     0x5630 Human_in_Loop.o07
                0x0000000048042ad0                rt_hypotd_snf
                0x0000000048042bb0                Human_SerialDecodingSystem_Init
                0x0000000048042c60                Huma_SerialDecodingSystem_Reset
                0x0000000048042d00                Human_in_L_SerialDecodingSystem
                0x0000000048043ef0                Human_in_Loop_Mux
                0x0000000048043f00                rt_powd_snf
                0x00000000480441c0                rt_roundd_snf
                0x0000000048044220                Human_in_Lo_ControlModule_Reset
                0x00000000480442a0                Human_in_Loo_ControlModule_Init
                0x00000000480442b0                Human_in_Loop_ControlModule
                0x0000000048045b60                Human_in_Loo_ControlModule_Term
                0x0000000048045ba0                Human_in_Loop_output
                0x0000000048047450                Human_in_Loop_update
                0x0000000048047550                Human_in_Loop_initialize
                0x0000000048047860                Human_in_Loop_terminate
 .text          0x0000000048047910        0x0 Human_in_Loop_data.o07
 .text          0x0000000048047910      0x144 Human_in_Loop_trc_ptr.o07
                0x0000000048047a20                Human_in_Loop_rti_init_trc_pointers
 *fill*         0x0000000048047a54        0xc 00000000
 .text          0x0000000048047a60       0x5c rtGetInf.o07
                0x0000000048047a60                rtGetInf
                0x0000000048047a80                rtGetInfF
                0x0000000048047a90                rtGetMinusInf
                0x0000000048047ab0                rtGetMinusInfF
 *fill*         0x0000000048047abc        0x4 00000000
 .text          0x0000000048047ac0       0x3c rtGetNaN.o07
                0x0000000048047ac0                rtGetNaN
                0x0000000048047af0                rtGetNaNF
 *fill*         0x0000000048047afc        0x4 00000000
 .text          0x0000000048047b00       0xf4 rt_nonfinite.o07
                0x0000000048047b00                rt_InitInfAndNaN
                0x0000000048047b60                rtIsInf
                0x0000000048047b90                rtIsInfF
                0x0000000048047bc0                rtIsNaN
                0x0000000048047be0                rtIsNaNF
 *fill*         0x0000000048047bf4        0xc 00000000
 .text          0x0000000048047c00      0xbf4 rti_sim_engine.o07
                0x0000000048048780                rtk_idle_function
                0x0000000048048790                rti_th_timertask1_trigger_source
                0x00000000480487e0                initConditions
                0x00000000480487f0                initVariables
 .text.unlikely
                0x00000000480487f4       0x78 rti_sim_engine.o07
 *fill*         0x000000004804886c        0x4 00000000
 .text.startup  0x0000000048048870      0xcb0 rti_sim_engine.o07
                0x0000000048048870                main
 .text          0x0000000048049520       0x40 rti_init_c.o07
                0x0000000048049520                rti_init
 .text          0x0000000048049560       0x44 rt_sim.o07
                0x0000000048049560                rt_SimInitTimingEngine
                0x0000000048049590                rt_SimGetNextSampleHit
                0x00000000480495a0                rt_SimUpdateDiscreteTaskSampleHits
 *fill*         0x00000000480495a4        0xc 00000000
 .text          0x00000000480495b0       0xd4 rti_assert.o07
                0x00000000480495b0                rti_assertion_handler
                0x0000000048049640                rti_assertion_mode_msg
 .text          0x0000000048049684        0x0 d:\Program Files\dSPACE RCPHIL 2017-B\DS1202\Lib/librtversion.a(RtVersion.o)
 *fill*         0x0000000048049684        0xc 00000000
 .text          0x0000000048049690        0x4 d:\Program Files\dSPACE RCPHIL 2017-B\DS1202\Lib/librtglobals.a(DsEESPort.o)
                0x0000000048049690                DsEesPort_init()
 .text          0x0000000048049694       0x20 d:\Program Files\dSPACE RCPHIL 2017-B\DS1202\Lib/libm_fastpow.a(w_pow.o)
                0x0000000048049694                pow
 .text          0x00000000480496b4      0x85c d:\Program Files\dSPACE RCPHIL 2017-B\DS1202\Lib/libm_fastpow.a(e_pow.o)
                0x00000000480496b4                __ieee754_pow
 .text          0x0000000048049f10      0x188 d:\Program Files\dSPACE RCPHIL 2017-B\DS1202\Lib/libm_fastpow.a(s_scalbn.o)
                0x0000000048049f10                scalbn
 .text          0x000000004804a098       0x94 c:/programdata/dspace/1184d92c-d928-4591-a1e9-b54339797c20/compiler/qnx650_520/host/win32/x86/usr/bin/../lib/gcc/powerpc-unknown-nto-qnx6.5.0/5.2.0/crtend.o
 .text          0x000000004804a12c        0x0 C:\ProgramData\dSPACE\1184D92C-D928-4591-A1E9-B54339797C20\Compiler\QNX650_520\target\qnx6/ppcbe/lib/crtn.o
 *(.gnu.warning)
 *(.glink)
 .glink         0x000000004804a12c        0x0 C:\ProgramData\dSPACE\1184D92C-D928-4591-A1E9-B54339797C20\Compiler\QNX650_520\target\qnx6/ppcbe/lib/crt1.o

.fini           0x000000004804a12c       0x20
 *(.fini)
 .fini          0x000000004804a12c        0xc C:\ProgramData\dSPACE\1184D92C-D928-4591-A1E9-B54339797C20\Compiler\QNX650_520\target\qnx6/ppcbe/lib/crti.o
                0x000000004804a12c                _fini
 .fini          0x000000004804a138        0x4 c:/programdata/dspace/1184d92c-d928-4591-a1e9-b54339797c20/compiler/qnx650_520/host/win32/x86/usr/bin/../lib/gcc/powerpc-unknown-nto-qnx6.5.0/5.2.0/crtbegin.o
 .fini          0x000000004804a13c       0x10 C:\ProgramData\dSPACE\1184D92C-D928-4591-A1E9-B54339797C20\Compiler\QNX650_520\target\qnx6/ppcbe/lib/crtn.o
                [!provide]                        PROVIDE (__etext, .)
                0x000000004804a14c                PROVIDE (_etext, .)
                [!provide]                        PROVIDE (etext, .)

.rodata         0x000000004804a150      0x620
 *(.rodata .rodata.* .gnu.linkonce.r.*)
 .rodata        0x000000004804a150       0x38 Human_in_Loop.o07
                0x000000004804a184                Human_in_Loop_M
 .rodata.cst4   0x000000004804a188       0x68 Human_in_Loop.o07
 .rodata.cst8   0x000000004804a1f0       0x78 Human_in_Loop.o07
 .rodata.cst4   0x000000004804a268        0x8 rtGetInf.o07
 .rodata.cst4   0x000000004804a270        0x4 rtGetNaN.o07
 .rodata        0x000000004804a274        0xc rti_sim_engine.o07
                0x000000004804a274                rtiDataSetStorageEnabled
                0x000000004804a278                p_dsts_sum_of_reset_time
                0x000000004804a27c                p_msg_last_error_no
 .rodata.cst4   0x000000004804a280        0x8 rti_sim_engine.o07
                                         0x10 (size before relaxing)
 .rodata.cst8   0x000000004804a288        0x8 rti_sim_engine.o07
                                         0x10 (size before relaxing)
 .rodata.str1.4
                0x000000004804a290      0x2a8 rti_sim_engine.o07
 .rodata.cst4   0x000000004804a538        0x8 rt_sim.o07
 .rodata.str1.4
                0x000000004804a538       0x71 rt_sim.o07
 *fill*         0x000000004804a5a9        0x3 
 .rodata.str1.4
                0x000000004804a5ac       0x70 rti_assert.o07
                                         0x6d (size before relaxing)
 *fill*         0x000000004804a61c        0x4 
 .rodata        0x000000004804a620       0x30 d:\Program Files\dSPACE RCPHIL 2017-B\DS1202\Lib/libm_fastpow.a(e_pow.o)
 .rodata.cst4   0x000000004804a650        0x8 d:\Program Files\dSPACE RCPHIL 2017-B\DS1202\Lib/libm_fastpow.a(e_pow.o)
 .rodata.cst8   0x000000004804a658       0xe8 d:\Program Files\dSPACE RCPHIL 2017-B\DS1202\Lib/libm_fastpow.a(e_pow.o)
 .rodata.cst8   0x000000004804a740       0x30 d:\Program Files\dSPACE RCPHIL 2017-B\DS1202\Lib/libm_fastpow.a(s_scalbn.o)

.rodata1
 *(.rodata1)

.sdata2         0x000000004804a770        0x0
                0x0000000000008000                PROVIDE (_SDA2_BASE_, 0x8000)
 *(.sdata2 .sdata2.* .gnu.linkonce.s2.*)
 .sdata2        0x000000004804a770        0x0 C:\ProgramData\dSPACE\1184D92C-D928-4591-A1E9-B54339797C20\Compiler\QNX650_520\target\qnx6/ppcbe/lib/crt1.o

.sbss2
 *(.sbss2 .sbss2.* .gnu.linkonce.sb2.*)

.eh_frame_hdr   0x000000004804a770       0x14
 *(.eh_frame_hdr)
 .eh_frame_hdr  0x000000004804a770       0x14 d:\Program Files\dSPACE RCPHIL 2017-B\DS1202\Lib/librtglobals.a(DsEESPort.o)

.eh_frame       0x000000004804a784       0x2c
 *(.eh_frame)
 .eh_frame      0x000000004804a784        0x0 C:\ProgramData\dSPACE\1184D92C-D928-4591-A1E9-B54339797C20\Compiler\QNX650_520\target\qnx6/ppcbe/lib/crt1.o
 .eh_frame      0x000000004804a784        0x0 c:/programdata/dspace/1184d92c-d928-4591-a1e9-b54339797c20/compiler/qnx650_520/host/win32/x86/usr/bin/../lib/gcc/powerpc-unknown-nto-qnx6.5.0/5.2.0/crtbegin.o
 .eh_frame      0x000000004804a784       0x28 d:\Program Files\dSPACE RCPHIL 2017-B\DS1202\Lib/librtglobals.a(DsEESPort.o)
 .eh_frame      0x000000004804a7ac        0x4 c:/programdata/dspace/1184d92c-d928-4591-a1e9-b54339797c20/compiler/qnx650_520/host/win32/x86/usr/bin/../lib/gcc/powerpc-unknown-nto-qnx6.5.0/5.2.0/crtend.o

.gcc_except_table
 *(.gcc_except_table .gcc_except_table.*)
                0x000000004804a7b0                . = (ALIGN (0x1000) - ((0x1000 - .) & 0xfff))
                0x000000004804b7b0                . = DATA_SEGMENT_ALIGN (0x1000, 0x1000)

.eh_frame
 *(.eh_frame)

.gcc_except_table
 *(.gcc_except_table .gcc_except_table.*)

.tdata
 *(.tdata .tdata.* .gnu.linkonce.td.*)

.tbss
 *(.tbss .tbss.* .gnu.linkonce.tb.*)
 *(.tcommon)

.preinit_array  0x000000004804b7b0        0x0
                0x000000004804b7b0                PROVIDE (__preinit_array_start, .)
 *(.preinit_array)
                0x000000004804b7b0                PROVIDE (__preinit_array_end, .)

.init_array     0x000000004804b7b0        0x0
                0x000000004804b7b0                PROVIDE (__init_array_start, .)
 *(SORT(.init_array.*))
 *(.init_array)
                0x000000004804b7b0                PROVIDE (__init_array_end, .)

.fini_array     0x000000004804b7b0        0x0
                0x000000004804b7b0                PROVIDE (__fini_array_start, .)
 *(.fini_array)
 *(SORT(.fini_array.*))
                0x000000004804b7b0                PROVIDE (__fini_array_end, .)

.ctors          0x000000004804b7b0        0x8
 *crtbegin.o(.ctors)
 .ctors         0x000000004804b7b0        0x4 c:/programdata/dspace/1184d92c-d928-4591-a1e9-b54339797c20/compiler/qnx650_520/host/win32/x86/usr/bin/../lib/gcc/powerpc-unknown-nto-qnx6.5.0/5.2.0/crtbegin.o
 *crtbegin?.o(.ctors)
 *(EXCLUDE_FILE(*crtend?.o *crtend.o) .ctors)
 *(SORT(.ctors.*))
 *(.ctors)
 .ctors         0x000000004804b7b4        0x4 c:/programdata/dspace/1184d92c-d928-4591-a1e9-b54339797c20/compiler/qnx650_520/host/win32/x86/usr/bin/../lib/gcc/powerpc-unknown-nto-qnx6.5.0/5.2.0/crtend.o

.dtors          0x000000004804b7b8        0x8
 *crtbegin.o(.dtors)
 .dtors         0x000000004804b7b8        0x4 c:/programdata/dspace/1184d92c-d928-4591-a1e9-b54339797c20/compiler/qnx650_520/host/win32/x86/usr/bin/../lib/gcc/powerpc-unknown-nto-qnx6.5.0/5.2.0/crtbegin.o
 *crtbegin?.o(.dtors)
 *(EXCLUDE_FILE(*crtend?.o *crtend.o) .dtors)
 *(SORT(.dtors.*))
 *(.dtors)
 .dtors         0x000000004804b7bc        0x4 c:/programdata/dspace/1184d92c-d928-4591-a1e9-b54339797c20/compiler/qnx650_520/host/win32/x86/usr/bin/../lib/gcc/powerpc-unknown-nto-qnx6.5.0/5.2.0/crtend.o
                0x000000004804b7bc                __DTOR_END__

.jcr            0x000000004804b7c0        0x4
 *(.jcr)
 .jcr           0x000000004804b7c0        0x0 c:/programdata/dspace/1184d92c-d928-4591-a1e9-b54339797c20/compiler/qnx650_520/host/win32/x86/usr/bin/../lib/gcc/powerpc-unknown-nto-qnx6.5.0/5.2.0/crtbegin.o
 .jcr           0x000000004804b7c0        0x4 c:/programdata/dspace/1184d92c-d928-4591-a1e9-b54339797c20/compiler/qnx650_520/host/win32/x86/usr/bin/../lib/gcc/powerpc-unknown-nto-qnx6.5.0/5.2.0/crtend.o

.data.rel.ro
 *(.data.rel.ro.local* .gnu.linkonce.d.rel.ro.local.*)
 *(.data.rel.ro* .gnu.linkonce.d.rel.ro.*)

.fixup
 *(.fixup)

.got1
 *(.got1)

.got2
 *(.got2)

.dynamic        0x000000004804b7c4      0x100
 *(.dynamic)
 .dynamic       0x000000004804b7c4      0x100 C:\ProgramData\dSPACE\1184D92C-D928-4591-A1E9-B54339797C20\Compiler\QNX650_520\target\qnx6/ppcbe/lib/crt1.o
                0x000000004804b7c4                _DYNAMIC

.got
 *(.got)
                0x000000004804b8c4                . = DATA_SEGMENT_RELRO_END (., 0x0)

.plt
 *(.plt)

.data           0x000000004804b8c8     0x8c10
 *(.data .data.* .gnu.linkonce.d.*)
 .data          0x000000004804b8c8        0x0 C:\ProgramData\dSPACE\1184D92C-D928-4591-A1E9-B54339797C20\Compiler\QNX650_520\target\qnx6/ppcbe/lib/crt1.o
 .data          0x000000004804b8c8        0x0 C:\ProgramData\dSPACE\1184D92C-D928-4591-A1E9-B54339797C20\Compiler\QNX650_520\target\qnx6/ppcbe/lib/crti.o
 .data          0x000000004804b8c8        0x0 c:/programdata/dspace/1184d92c-d928-4591-a1e9-b54339797c20/compiler/qnx650_520/host/win32/x86/usr/bin/../lib/gcc/powerpc-unknown-nto-qnx6.5.0/5.2.0/crtbegin.o
 .data.rel.local
                0x000000004804b8c8        0x4 c:/programdata/dspace/1184d92c-d928-4591-a1e9-b54339797c20/compiler/qnx650_520/host/win32/x86/usr/bin/../lib/gcc/powerpc-unknown-nto-qnx6.5.0/5.2.0/crtbegin.o
                0x000000004804b8c8                __dso_handle
 .data          0x000000004804b8cc        0x0 Human_in_Loop.o07
 *fill*         0x000000004804b8cc        0x4 
 .data          0x000000004804b8d0     0x8be8 Human_in_Loop_data.o07
                0x000000004804b8d0                Human_in_Loop_P
 .data          0x00000000480544b8        0x0 Human_in_Loop_trc_ptr.o07
 .data          0x00000000480544b8        0x0 rtGetInf.o07
 .data          0x00000000480544b8        0x0 rtGetNaN.o07
 .data          0x00000000480544b8        0x0 rt_nonfinite.o07
 .data          0x00000000480544b8       0x14 rti_sim_engine.o07
                0x00000000480544b8                simState
                0x00000000480544c8                lastSimState
 .data          0x00000000480544cc        0x0 rti_init_c.o07
 .data          0x00000000480544cc        0x0 rt_sim.o07
 .data          0x00000000480544cc        0x0 rti_assert.o07
 .data          0x00000000480544cc        0x0 d:\Program Files\dSPACE RCPHIL 2017-B\DS1202\Lib/librtversion.a(RtVersion.o)
 .data          0x00000000480544cc        0x0 d:\Program Files\dSPACE RCPHIL 2017-B\DS1202\Lib/librtglobals.a(DsEESPort.o)
 .data.rel      0x00000000480544cc        0xc d:\Program Files\dSPACE RCPHIL 2017-B\DS1202\Lib/librtglobals.a(DsEESPort.o)
                0x00000000480544cc                p_xilapi_eesport_errorswitching_uint32_T
                0x00000000480544d0                p_xilapi_eesport_erroractivated_uint32_T
                0x00000000480544d4                p_xilapi_eesport_activeerrorset_uint32_T
 .data          0x00000000480544d8        0x0 d:\Program Files\dSPACE RCPHIL 2017-B\DS1202\Lib/libm_fastpow.a(w_pow.o)
 .data          0x00000000480544d8        0x0 d:\Program Files\dSPACE RCPHIL 2017-B\DS1202\Lib/libm_fastpow.a(e_pow.o)
 .data          0x00000000480544d8        0x0 d:\Program Files\dSPACE RCPHIL 2017-B\DS1202\Lib/libm_fastpow.a(s_scalbn.o)
 .data          0x00000000480544d8        0x0 c:/programdata/dspace/1184d92c-d928-4591-a1e9-b54339797c20/compiler/qnx650_520/host/win32/x86/usr/bin/../lib/gcc/powerpc-unknown-nto-qnx6.5.0/5.2.0/crtend.o
 .data          0x00000000480544d8        0x0 C:\ProgramData\dSPACE\1184D92C-D928-4591-A1E9-B54339797C20\Compiler\QNX650_520\target\qnx6/ppcbe/lib/crtn.o

.tm_clone_table
                0x00000000480544d8        0x0
 .tm_clone_table
                0x00000000480544d8        0x0 c:/programdata/dspace/1184d92c-d928-4591-a1e9-b54339797c20/compiler/qnx650_520/host/win32/x86/usr/bin/../lib/gcc/powerpc-unknown-nto-qnx6.5.0/5.2.0/crtbegin.o
 .tm_clone_table
                0x00000000480544d8        0x0 c:/programdata/dspace/1184d92c-d928-4591-a1e9-b54339797c20/compiler/qnx650_520/host/win32/x86/usr/bin/../lib/gcc/powerpc-unknown-nto-qnx6.5.0/5.2.0/crtend.o

.data1
 *(.data1)

.got            0x00000000480544d8       0x54
 *(.got)
 .got           0x00000000480544d8       0x54 C:\ProgramData\dSPACE\1184D92C-D928-4591-A1E9-B54339797C20\Compiler\QNX650_520\target\qnx6/ppcbe/lib/crt1.o
                0x0000000048054520                _GLOBAL_OFFSET_TABLE_

.sdata          0x000000004805452c        0x0
                0x0000000000008000                PROVIDE (_SDA_BASE_, 0x8000)
 *(.sdata .sdata.* .gnu.linkonce.s.*)
 .sdata         0x000000004805452c        0x0 C:\ProgramData\dSPACE\1184D92C-D928-4591-A1E9-B54339797C20\Compiler\QNX650_520\target\qnx6/ppcbe/lib/crt1.o
                0x000000004805452c                _edata = .
                [!provide]                        PROVIDE (edata, .)
                0x000000004805452c                __bss_start = .

.sbss           0x000000004805452c        0x0
                [!provide]                        PROVIDE (__sbss_start, .)
                [!provide]                        PROVIDE (___sbss_start, .)
 *(.dynsbss)
 .dynsbss       0x000000004805452c        0x0 C:\ProgramData\dSPACE\1184D92C-D928-4591-A1E9-B54339797C20\Compiler\QNX650_520\target\qnx6/ppcbe/lib/crt1.o
 *(.sbss .sbss.* .gnu.linkonce.sb.*)
 *(.scommon)
                [!provide]                        PROVIDE (__sbss_end, .)
                [!provide]                        PROVIDE (___sbss_end, .)

.plt            0x000000004805452c      0x5ac
 *(.plt)
 .plt           0x000000004805452c      0x5ac C:\ProgramData\dSPACE\1184D92C-D928-4591-A1E9-B54339797C20\Compiler\QNX650_520\target\qnx6/ppcbe/lib/crt1.o
                0x0000000048054574                ts_reset
                0x000000004805457c                __register_frame_info
                0x0000000048054584                DioCl2EncoderIn_create
                0x000000004805458c                msg_error_clear
                0x0000000048054594                AdcCl1AnalogIn_read
                0x000000004805459c                dsrtt_set_current_time
                0x00000000480545a4                sqrt
                0x00000000480545ac                DioCl2EncoderIn_read
                0x00000000480545b4                rtk_current_task_absolute_time_ptr_get
                0x00000000480545bc                DioCl1DigIn_start
                0x00000000480545c4                DsTimeSync_simstateRun
                0x00000000480545cc                DacCl1AnalogOut_create
                0x00000000480545d4                DioCl2EncoderIn_setEncPosition
                0x00000000480545dc                DioCl2EncoderIn_stop
                0x00000000480545e4                DioCl1DigIn_setInputFilter
                0x00000000480545ec                floor
                0x00000000480545f4                DioCl1DigIn_create
                0x00000000480545fc                memcpy
                0x0000000048054604                rtk_setup_temp_overrun_handling
                0x000000004805460c                DioCl1DigOut_setChMaskOutData
                0x0000000048054614                DioCl2EncoderIn_setIndexMode
                0x000000004805461c                ceil
                0x0000000048054624                SrtkIntBase_requestTaskMode
                0x000000004805462c                rtk_reset_tasks
                0x0000000048054634                __cxa_finalize
                0x000000004805463c                _init_array
                0x0000000048054644                rtk_set_task_type
                0x000000004805464c                DsTimeSync_baserate
                0x0000000048054654                rtk_task_name_set
                0x000000004805465c                DacCl1AnalogOut_apply
                0x0000000048054664                DioCl1DigIn_getChMaskInData
                0x000000004805466c                DioCl1DigOut_setChMaskOutHighZ
                0x0000000048054674                dsrtt_script_service_post_computation
                0x000000004805467c                rtk_create_task
                0x0000000048054684                msg_warning_printf
                0x000000004805468c                msg_last_error_number
                0x0000000048054694                DioCl2EncoderIn_start
                0x000000004805469c                AdcCl1AnalogIn_setConversTrigger
                0x00000000480546a4                dsparam_copy_data_set
                0x00000000480546ac                SrtkPreload_preloadRegion
                0x00000000480546b4                msg_error_set
                0x00000000480546bc                rtk_enable_services
                0x00000000480546c4                SrtkDaq_Init
                0x00000000480546cc                DioCl1DigOut_setSignalVoltage
                0x00000000480546d4                rtk_task_task_calls_get
                0x00000000480546dc                DioCl1DigIn_apply
                0x00000000480546e4                dsser_config
                0x00000000480546ec                SrtkCfg_finalizeSlaveBoot
                0x00000000480546f4                DsTimeSync_setCurrentTimePtr
                0x00000000480546fc                DioCl2EncoderIn_setMinEncVelocity
                0x0000000048054704                SrtkIntBase_enableIntGlobal
                0x000000004805470c                DacCl1AnalogOut_write
                0x0000000048054714                AdcCl1AnalogIn_setConversionMode
                0x000000004805471c                rtk_overrun_flag_clear
                0x0000000048054724                dsser_enable
                0x000000004805472c                rtk_bind_interrupt
                0x0000000048054734                DacCl1AnalogOut_stop
                0x000000004805473c                AdcCl1AnalogIn_apply
                0x0000000048054744                _init_libc
                0x000000004805474c                DioCl2EncoderIn_setGatedMode
                0x0000000048054754                dsrtt_init
                0x000000004805475c                AdcCl1AnalogIn_write
                0x0000000048054764                DioCl1DigOut_write
                0x000000004805476c                SrtkApp_terminate
                0x0000000048054774                DioCl1DigOut_start
                0x000000004805477c                DioCl2EncoderIn_setMaxPosition
                0x0000000048054784                DioCl2EncoderIn_setMinPosition
                0x000000004805478c                AdcCl1AnalogIn_isDataReady
                0x0000000048054794                msg_info_set
                0x000000004805479c                dsser_disable
                0x00000000480547a4                dsrtt_script_service_pre_computation
                0x00000000480547ac                DacCl1AnalogOut_start
                0x00000000480547b4                msg_error_printf
                0x00000000480547bc                memset
                0x00000000480547c4                DioCl1DigOut_create
                0x00000000480547cc                DioCl2EncoderIn_getEncPosition
                0x00000000480547d4                rtk_leave_idle_mode
                0x00000000480547dc                __wrap_exit
                0x00000000480547e4                DioCl1DigOut_apply
                0x00000000480547ec                __wrap_atexit
                0x00000000480547f4                DioCl2EncoderIn_setMeasurementInterval
                0x00000000480547fc                DacCl1AnalogOut_setOutputValue
                0x0000000048054804                AdcCl1AnalogIn_start
                0x000000004805480c                _fini_array
                0x0000000048054814                SrtkDaq_Background
                0x000000004805481c                _preinit_array
                0x0000000048054824                SrtkApp_init
                0x000000004805482c                exp
                0x0000000048054834                rtk_bind_subinterrupt
                0x000000004805483c                SrtkDaq_Service
                0x0000000048054844                rtk_task_task_name_get
                0x000000004805484c                AdcCl1AnalogIn_setConversSwTrigger
                0x0000000048054854                DioCl1DigIn_read
                0x000000004805485c                SrtkSim_notifyStateTransition
                0x0000000048054864                AdcCl1AnalogIn_getSingleValue
                0x000000004805486c                DioCl2EncoderIn_apply
                0x0000000048054874                DioCl2EncoderIn_getEncVelocity
                0x000000004805487c                msg_set
                0x0000000048054884                rtk_get_subentry
                0x000000004805488c                dsrtt_set_step_size
                0x0000000048054894                rtk_enter_idle_mode
                0x000000004805489c                dsser_init
                0x00000000480548a4                rtk_initialize
                0x00000000480548ac                DacCl1AnalogOut_setOutputHighZ
                0x00000000480548b4                dsser_receive
                0x00000000480548bc                DioCl2EncoderIn_setEncoderLines
                0x00000000480548c4                SrtkApp_background
                0x00000000480548cc                rtk_default_overrun_fcn
                0x00000000480548d4                AdcCl1AnalogIn_create
                0x00000000480548dc                vcm_module_register
                0x00000000480548e4                DsTimeSync_simstateStop
                0x00000000480548ec                SrtkIntBase_disableIntGlobal
                0x00000000480548f4                SrtkSim_registerState
                0x00000000480548fc                __deregister_frame_info
                0x0000000048054904                dsser_fifo_reset

.bss            0x0000000048054ad8    0x334cc
 *(.dynbss)
 .dynbss        0x0000000048054ad8       0x14 C:\ProgramData\dSPACE\1184D92C-D928-4591-A1E9-B54339797C20\Compiler\QNX650_520\target\qnx6/ppcbe/lib/crt1.o
                0x0000000048054ad8                errno
                0x0000000048054ae0                dsts_sum_of_reseted_time
                0x0000000048054ae8                msg_last_error_no
 *(.bss .bss.* .gnu.linkonce.b.*)
 .bss           0x0000000048054aec        0x0 C:\ProgramData\dSPACE\1184D92C-D928-4591-A1E9-B54339797C20\Compiler\QNX650_520\target\qnx6/ppcbe/lib/crt1.o
 .bss           0x0000000048054aec        0x0 C:\ProgramData\dSPACE\1184D92C-D928-4591-A1E9-B54339797C20\Compiler\QNX650_520\target\qnx6/ppcbe/lib/crti.o
 .bss           0x0000000048054aec       0x20 c:/programdata/dspace/1184d92c-d928-4591-a1e9-b54339797c20/compiler/qnx650_520/host/win32/x86/usr/bin/../lib/gcc/powerpc-unknown-nto-qnx6.5.0/5.2.0/crtbegin.o
 *fill*         0x0000000048054b0c        0x4 
 .bss           0x0000000048054b10    0x33360 Human_in_Loop.o07
                0x0000000048054b10                Human_in_Loop_B
                0x000000004807b1f0                Human_in_Loop_DW
                0x0000000048087e48                Human_in_Loop_M_
 .bss           0x0000000048087e70        0x0 Human_in_Loop_data.o07
 .bss           0x0000000048087e70       0x3c Human_in_Loop_trc_ptr.o07
                0x0000000048087e70                p_0_Human_in_Loop_real_T_0
                0x0000000048087e74                p_0_Human_in_Loop_int32_T_1
                0x0000000048087e78                p_0_Human_in_Loop_uint32_T_2
                0x0000000048087e7c                p_0_Human_in_Loop_uint8_T_3
                0x0000000048087e80                p_0_Human_in_Loop_boolean_T_4
                0x0000000048087e84                p_0_Human_in_Loop_real_T_5
                0x0000000048087e88                p_0_Human_in_Loop_real_T_6
                0x0000000048087e8c                p_1_Human_in_Loop_real_T_0
                0x0000000048087e90                p_1_Human_in_Loop_int32_T_1
                0x0000000048087e94                p_1_Human_in_Loop_int8_T_2
                0x0000000048087e98                p_1_Human_in_Loop_boolean_T_3
                0x0000000048087e9c                p_1_Human_in_Loop_real_T_4
                0x0000000048087ea0                p_1_Human_in_Loop_boolean_T_5
                0x0000000048087ea4                p_2_Human_in_Loop_real_T_0
                0x0000000048087ea8                p_2_Human_in_Loop_int8_T_1
 .bss           0x0000000048087eac        0x0 rtGetInf.o07
 .bss           0x0000000048087eac        0x0 rtGetNaN.o07
 *fill*         0x0000000048087eac        0x4 
 .bss           0x0000000048087eb0       0x2c rt_nonfinite.o07
                0x0000000048087eb0                rtNaN
                0x0000000048087eb8                rtNaNF
                0x0000000048087ec0                rtInf
                0x0000000048087ec8                rtInfF
                0x0000000048087ed0                rtMinusInf
                0x0000000048087ed8                rtMinusInfF
 *fill*         0x0000000048087edc        0x4 
 .bss           0x0000000048087ee0       0xac rti_sim_engine.o07
                0x0000000048087ee0                currentTime
                0x0000000048087ee4                finalTime
                0x0000000048087ee8                modelStepSize
                0x0000000048087ef0                pRTIDacC1AnalogOut_Ch_16
                0x0000000048087ef4                pRTIEmcEncoder_Unit_1_DioCl_2_Port_1_Ch1
                0x0000000048087ef8                pRTIEmcEncoder_Unit_3_DioCl_2_Port_1_Ch5
                0x0000000048087efc                pRTIDioC1DigOut_Port_3_Ch_11
                0x0000000048087f00                pRTIDioC1DigOut_Port_3_Ch_13
                0x0000000048087f04                pRTIDioC1DigOut_Port_1_Ch_1
                0x0000000048087f08                rtiDS1202SER_B1_Ser
                0x0000000048087f10                pRTIAdcC1AnalogIn_Ch_6
                0x0000000048087f14                pRTIDioC1DigIn_Port_1_Ch_2
                0x0000000048087f18                taskMode
                0x0000000048087f1c                pRti_TIMERA_STime
                0x0000000048087f20                pRti_TIMERA_TTime
                0x0000000048087f24                pRti_TIMERA_TState
                0x0000000048087f28                pRti_TIMERA_OType
                0x0000000048087f2c                pRti_TIMERA_OMax
                0x0000000048087f30                pRti_TIMERA_ORpt
                0x0000000048087f34                pRti_TIMERA_OCnt
                0x0000000048087f38                pRti_TIMERA_TCnt
                0x0000000048087f3c                pRti_TIMERA_Prio
                0x0000000048087f44                pRti_UART_EVENTS_CH1_INT0_TTime
                0x0000000048087f48                pRti_UART_EVENTS_CH1_INT0_TState
                0x0000000048087f4c                pRti_UART_EVENTS_CH1_INT0_OType
                0x0000000048087f50                pRti_UART_EVENTS_CH1_INT0_OMax
                0x0000000048087f54                pRti_UART_EVENTS_CH1_INT0_ORpt
                0x0000000048087f58                pRti_UART_EVENTS_CH1_INT0_OCnt
                0x0000000048087f5c                pRti_UART_EVENTS_CH1_INT0_TCnt
                0x0000000048087f60                pRti_UART_EVENTS_CH1_INT0_Prio
                0x0000000048087f64                pRti_TIMERB_STime
                0x0000000048087f68                pRti_TIMERB_TTime
                0x0000000048087f6c                pRti_TIMERB_TState
                0x0000000048087f70                pRti_TIMERB_OType
                0x0000000048087f74                pRti_TIMERB_OMax
                0x0000000048087f78                pRti_TIMERB_ORpt
                0x0000000048087f7c                pRti_TIMERB_OCnt
                0x0000000048087f80                pRti_TIMERB_TCnt
                0x0000000048087f84                pRti_TIMERB_Prio
                0x0000000048087f88                rtiAssertionMode
 .bss           0x0000000048087f8c        0x4 rti_init_c.o07
 .bss           0x0000000048087f90        0x0 rt_sim.o07
 .bss           0x0000000048087f90        0x0 rti_assert.o07
 .bss           0x0000000048087f90        0x0 d:\Program Files\dSPACE RCPHIL 2017-B\DS1202\Lib/librtversion.a(RtVersion.o)
 .bss           0x0000000048087f90       0x14 d:\Program Files\dSPACE RCPHIL 2017-B\DS1202\Lib/librtglobals.a(DsEESPort.o)
                0x0000000048087f90                xilapi_eesport_trigger_uint32_T
                0x0000000048087f94                xilapi_eesport_flags_uint32_T
                0x0000000048087f98                xilapi_eesport_errorswitching_uint32_T
                0x0000000048087f9c                xilapi_eesport_erroractivated_uint32_T
                0x0000000048087fa0                xilapi_eesport_activeerrorset_uint32_T
 .bss           0x0000000048087fa4        0x0 d:\Program Files\dSPACE RCPHIL 2017-B\DS1202\Lib/libm_fastpow.a(w_pow.o)
 .bss           0x0000000048087fa4        0x0 d:\Program Files\dSPACE RCPHIL 2017-B\DS1202\Lib/libm_fastpow.a(e_pow.o)
 .bss           0x0000000048087fa4        0x0 d:\Program Files\dSPACE RCPHIL 2017-B\DS1202\Lib/libm_fastpow.a(s_scalbn.o)
 .bss           0x0000000048087fa4        0x0 c:/programdata/dspace/1184d92c-d928-4591-a1e9-b54339797c20/compiler/qnx650_520/host/win32/x86/usr/bin/../lib/gcc/powerpc-unknown-nto-qnx6.5.0/5.2.0/crtend.o
 .bss           0x0000000048087fa4        0x0 C:\ProgramData\dSPACE\1184D92C-D928-4591-A1E9-B54339797C20\Compiler\QNX650_520\target\qnx6/ppcbe/lib/crtn.o
 *(COMMON)
                0x0000000048087fa4                . = ALIGN ((. != 0x0)?0x4:0x1)

.iplt           0x0000000048087fb0        0x0
 .iplt          0x0000000048087fb0        0x0 C:\ProgramData\dSPACE\1184D92C-D928-4591-A1E9-B54339797C20\Compiler\QNX650_520\target\qnx6/ppcbe/lib/crt1.o
                0x0000000048087fb0                . = ALIGN (0x4)
                0x0000000048087fb0                . = ALIGN (0x4)
                0x0000000048087fb0                __end = .
                0x0000000048087fb0                _end = .
                [!provide]                        PROVIDE (end, .)
                0x0000000048087fb0                . = DATA_SEGMENT_END (.)

.stab
 *(.stab)

.stabstr
 *(.stabstr)

.stab.excl
 *(.stab.excl)

.stab.exclstr
 *(.stab.exclstr)

.stab.index
 *(.stab.index)

.stab.indexstr
 *(.stab.indexstr)

.comment        0x0000000000000000       0x47
 *(.comment)
 .comment       0x0000000000000000       0x11 c:/programdata/dspace/1184d92c-d928-4591-a1e9-b54339797c20/compiler/qnx650_520/host/win32/x86/usr/bin/../lib/gcc/powerpc-unknown-nto-qnx6.5.0/5.2.0/crtbegin.o
                                         0x12 (size before relaxing)
 .comment       0x0000000000000011       0x12 Human_in_Loop.o07
 .comment       0x0000000000000011       0x12 Human_in_Loop_data.o07
 .comment       0x0000000000000011       0x12 Human_in_Loop_trc_ptr.o07
 .comment       0x0000000000000011       0x12 rtGetInf.o07
 .comment       0x0000000000000011       0x12 rtGetNaN.o07
 .comment       0x0000000000000011       0x12 rt_nonfinite.o07
 .comment       0x0000000000000011       0x12 rti_sim_engine.o07
 .comment       0x0000000000000011       0x12 rti_init_c.o07
 .comment       0x0000000000000011       0x12 rt_sim.o07
 .comment       0x0000000000000011       0x12 rti_assert.o07
 .comment       0x0000000000000011       0x12 d:\Program Files\dSPACE RCPHIL 2017-B\DS1202\Lib/librtversion.a(RtVersion.o)
 .comment       0x0000000000000011       0x12 d:\Program Files\dSPACE RCPHIL 2017-B\DS1202\Lib/librtglobals.a(DsEESPort.o)
 .comment       0x0000000000000011       0x12 d:\Program Files\dSPACE RCPHIL 2017-B\DS1202\Lib/libm_fastpow.a(w_pow.o)
 .comment       0x0000000000000023       0x12 d:\Program Files\dSPACE RCPHIL 2017-B\DS1202\Lib/libm_fastpow.a(e_pow.o)
 .comment       0x0000000000000035       0x12 d:\Program Files\dSPACE RCPHIL 2017-B\DS1202\Lib/libm_fastpow.a(s_scalbn.o)
 .comment       0x0000000000000047       0x12 c:/programdata/dspace/1184d92c-d928-4591-a1e9-b54339797c20/compiler/qnx650_520/host/win32/x86/usr/bin/../lib/gcc/powerpc-unknown-nto-qnx6.5.0/5.2.0/crtend.o

.PPC.EMB.apuinfo
                0x0000000000000000       0x18
 .PPC.EMB.apuinfo
                0x0000000000000000       0x18 Human_in_Loop.o07

.debug
 *(.debug)

.line
 *(.line)

.debug_srcinfo
 *(.debug_srcinfo)

.debug_sfnames
 *(.debug_sfnames)

.debug_aranges
 *(.debug_aranges)

.debug_pubnames
 *(.debug_pubnames)

.debug_info
 *(.debug_info .gnu.linkonce.wi.*)

.debug_abbrev
 *(.debug_abbrev)

.debug_line
 *(.debug_line)

.debug_frame
 *(.debug_frame)

.debug_str
 *(.debug_str)

.debug_loc
 *(.debug_loc)

.debug_macinfo
 *(.debug_macinfo)

.debug_weaknames
 *(.debug_weaknames)

.debug_funcnames
 *(.debug_funcnames)

.debug_typenames
 *(.debug_typenames)

.debug_varnames
 *(.debug_varnames)

.debug_pubtypes
 *(.debug_pubtypes)

.debug_ranges
 *(.debug_ranges)

.gnu.attributes
                0x0000000000000000       0x14
 *(.gnu.attributes)
 .gnu.attributes
                0x0000000000000000       0x10 Human_in_Loop.o07
 .gnu.attributes
                0x0000000000000010       0x10 rtGetInf.o07
 .gnu.attributes
                0x0000000000000020       0x10 rtGetNaN.o07
 .gnu.attributes
                0x0000000000000030       0x10 rt_nonfinite.o07
 .gnu.attributes
                0x0000000000000040       0x10 rti_sim_engine.o07
 .gnu.attributes
                0x0000000000000050       0x10 rt_sim.o07
 .gnu.attributes
                0x0000000000000060       0x10 rti_assert.o07
 .gnu.attributes
                0x0000000000000070       0x14 d:\Program Files\dSPACE RCPHIL 2017-B\DS1202\Lib/libm_fastpow.a(w_pow.o)
 .gnu.attributes
                0x0000000000000084       0x14 d:\Program Files\dSPACE RCPHIL 2017-B\DS1202\Lib/libm_fastpow.a(e_pow.o)
 .gnu.attributes
                0x0000000000000098       0x14 d:\Program Files\dSPACE RCPHIL 2017-B\DS1202\Lib/libm_fastpow.a(s_scalbn.o)

/DISCARD/
 *(.note.GNU-stack)
 *(.gnu_debuglink)
OUTPUT(Human_in_Loop.ppc elf32-powerpc)
