Archive member included to satisfy reference by file (symbol)

d:\Program Files\dSPACE RCPHIL 2017-B\DS1202\Lib/librtversion.a(RtVersion.o)
                              (--whole-archive)
d:\Program Files\dSPACE RCPHIL 2017-B\DS1202\Lib/librtglobals.a(DsEESPort.o)
                              (--whole-archive)
d:\Program Files\dSPACE RCPHIL 2017-B\DS1202\Lib/libm_fastpow.a(w_pow.o)
                              d:\Program Files\dSPACE RCPHIL 2017-B\DS1202\Lib/librt1202.so (pow)
d:\Program Files\dSPACE RCPHIL 2017-B\DS1202\Lib/libm_fastpow.a(e_pow.o)
                              d:\Program Files\dSPACE RCPHIL 2017-B\DS1202\Lib/libm_fastpow.a(w_pow.o) (__ieee754_pow)
d:\Program Files\dSPACE RCPHIL 2017-B\DS1202\Lib/libm_fastpow.a(s_scalbn.o)
                              d:\Program Files\dSPACE RCPHIL 2017-B\DS1202\Lib/libm_fastpow.a(e_pow.o) (scalbn)

As-needed library included to satisfy reference by file (symbol)

libDsRealTimeTestingRP.so.1   rti_sim_engine.o07 (dsrtt_script_service_pre_computation)

Memory Configuration

Name             Origin             Length             Attributes
*default*        0x0000000000000000 0xffffffffffffffff

Linker script and memory map

LOAD C:\ProgramData\dSPACE\1184D92C-D928-4591-A1E9-B54339797C20\Compiler\QNX650_520\target\qnx6/ppcbe/lib/crt1.o
LOAD C:\ProgramData\dSPACE\1184D92C-D928-4591-A1E9-B54339797C20\Compiler\QNX650_520\target\qnx6/ppcbe/lib/crti.o
LOAD c:/programdata/dspace/1184d92c-d928-4591-a1e9-b54339797c20/compiler/qnx650_520/host/win32/x86/usr/bin/../lib/gcc/powerpc-unknown-nto-qnx6.5.0/5.2.0/crtbegin.o
                0x0000000000000000                _DSPACE_START = 0x0
                0x0000000000000000                _DSPACE_START_ = 0x0
                0x00000000000004b2                DS_TARGET_PLATFORM = 0x4b2
START GROUP
LOAD data1.o07
LOAD data1_data.o07
LOAD data1_trc_ptr.o07
LOAD rt_zcfcn.o07
LOAD rti_sim_engine.o07
LOAD rti_init_c.o07
LOAD rt_sim.o07
LOAD rti_assert.o07
LOAD d:\Program Files\dSPACE RCPHIL 2017-B\DS1202\Lib/librtcan.so
LOAD d:\Program Files\dSPACE RCPHIL 2017-B\DS1202\Lib/librtj1939.so
LOAD d:\Program Files\dSPACE RCPHIL 2017-B\DS1202\Lib/librtser.so
LOAD d:\Program Files\dSPACE RCPHIL 2017-B\DS1202\Lib/librt13xxio.so
LOAD d:\Program Files\dSPACE RCPHIL 2017-B\DS1202\Lib/librt1202.so
LOAD d:\Program Files\dSPACE RCPHIL 2017-B\DS1202\Lib/librtwrap.so
LOAD d:\Program Files\dSPACE RCPHIL 2017-B\DS1202\Lib/librtversion.a
LOAD d:\Program Files\dSPACE RCPHIL 2017-B\DS1202\Lib/librtglobals.a
LOAD d:\Program Files\dSPACE RCPHIL 2017-B\DS1202\Lib/libm_fastpow.a
END GROUP
LOAD d:\Program Files\dSPACE RCPHIL 2017-B\DS1202\Lib/libstdc++.so
LOAD C:\ProgramData\dSPACE\1184D92C-D928-4591-A1E9-B54339797C20\Compiler\QNX650_520\target\qnx6/ppcbe/lib/libm.so
LOAD c:/programdata/dspace/1184d92c-d928-4591-a1e9-b54339797c20/compiler/qnx650_520/host/win32/x86/usr/bin/../lib/gcc/powerpc-unknown-nto-qnx6.5.0/5.2.0\libgcc.a
LOAD C:\ProgramData\dSPACE\1184D92C-D928-4591-A1E9-B54339797C20\Compiler\QNX650_520\target\qnx6/ppcbe/lib/libc.so
LOAD C:\ProgramData\dSPACE\1184D92C-D928-4591-A1E9-B54339797C20\Compiler\QNX650_520\target\qnx6/ppcbe/lib\libc.a
LOAD c:/programdata/dspace/1184d92c-d928-4591-a1e9-b54339797c20/compiler/qnx650_520/host/win32/x86/usr/bin/../lib/gcc/powerpc-unknown-nto-qnx6.5.0/5.2.0\libgcc.a
LOAD c:/programdata/dspace/1184d92c-d928-4591-a1e9-b54339797c20/compiler/qnx650_520/host/win32/x86/usr/bin/../lib/gcc/powerpc-unknown-nto-qnx6.5.0/5.2.0/crtend.o
LOAD C:\ProgramData\dSPACE\1184D92C-D928-4591-A1E9-B54339797C20\Compiler\QNX650_520\target\qnx6/ppcbe/lib/crtn.o
                [!provide]                        PROVIDE (__stack, 0x0)
                [!provide]                        PROVIDE (___stack, 0x0)
                [!provide]                        PROVIDE (__executable_start, 0x48040000)
                0x0000000048040134                . = (0x48040000 + SIZEOF_HEADERS)

.interp         0x0000000048040134       0x14
 *(.interp)
 .interp        0x0000000048040134       0x14 C:\ProgramData\dSPACE\1184D92C-D928-4591-A1E9-B54339797C20\Compiler\QNX650_520\target\qnx6/ppcbe/lib/crt1.o

.note           0x0000000048040150       0x18
 .note          0x0000000048040150       0x18 C:\ProgramData\dSPACE\1184D92C-D928-4591-A1E9-B54339797C20\Compiler\QNX650_520\target\qnx6/ppcbe/lib/crtn.o

.note.gnu.build-id
                0x0000000048040168       0x20
 *(.note.gnu.build-id)
 .note.gnu.build-id
                0x0000000048040168       0x20 C:\ProgramData\dSPACE\1184D92C-D928-4591-A1E9-B54339797C20\Compiler\QNX650_520\target\qnx6/ppcbe/lib/crt1.o

.hash           0x0000000048040188      0x25c
 *(.hash)
 .hash          0x0000000048040188      0x25c C:\ProgramData\dSPACE\1184D92C-D928-4591-A1E9-B54339797C20\Compiler\QNX650_520\target\qnx6/ppcbe/lib/crt1.o

.gnu.hash
 *(.gnu.hash)

.dynsym         0x00000000480403e4      0x520
 *(.dynsym)
 .dynsym        0x00000000480403e4      0x520 C:\ProgramData\dSPACE\1184D92C-D928-4591-A1E9-B54339797C20\Compiler\QNX650_520\target\qnx6/ppcbe/lib/crt1.o

.dynstr         0x0000000048040904      0x653
 *(.dynstr)
 .dynstr        0x0000000048040904      0x653 C:\ProgramData\dSPACE\1184D92C-D928-4591-A1E9-B54339797C20\Compiler\QNX650_520\target\qnx6/ppcbe/lib/crt1.o

.gnu.version    0x0000000048040f58        0x0
 *(.gnu.version)
 .gnu.version   0x0000000048040f58        0x0 C:\ProgramData\dSPACE\1184D92C-D928-4591-A1E9-B54339797C20\Compiler\QNX650_520\target\qnx6/ppcbe/lib/crt1.o

.gnu.version_d  0x0000000048040f58        0x0
 *(.gnu.version_d)
 .gnu.version_d
                0x0000000048040f58        0x0 C:\ProgramData\dSPACE\1184D92C-D928-4591-A1E9-B54339797C20\Compiler\QNX650_520\target\qnx6/ppcbe/lib/crt1.o

.gnu.version_r  0x0000000048040f58        0x0
 *(.gnu.version_r)
 .gnu.version_r
                0x0000000048040f58        0x0 C:\ProgramData\dSPACE\1184D92C-D928-4591-A1E9-B54339797C20\Compiler\QNX650_520\target\qnx6/ppcbe/lib/crt1.o

.rel.dyn
 *(.rel.init)
 *(.rel.text .rel.text.* .rel.gnu.linkonce.t.*)
 *(.rel.fini)
 *(.rel.rodata .rel.rodata.* .rel.gnu.linkonce.r.*)
 *(.rel.data.rel.ro* .rel.gnu.linkonce.d.rel.ro.*)
 *(.rel.data .rel.data.* .rel.gnu.linkonce.d.*)
 *(.rel.tdata .rel.tdata.* .rel.gnu.linkonce.td.*)
 *(.rel.tbss .rel.tbss.* .rel.gnu.linkonce.tb.*)
 *(.rel.ctors)
 *(.rel.dtors)
 *(.rel.got)
 *(.rel.sdata .rel.sdata.* .rel.gnu.linkonce.s.*)
 *(.rel.sbss .rel.sbss.* .rel.gnu.linkonce.sb.*)
 *(.rel.sdata2 .rel.sdata2.* .rel.gnu.linkonce.s2.*)
 *(.rel.sbss2 .rel.sbss2.* .rel.gnu.linkonce.sb2.*)
 *(.rel.bss .rel.bss.* .rel.gnu.linkonce.b.*)

.rela.dyn       0x0000000048040f58       0x6c
 *(.rela.init)
 *(.rela.text .rela.text.* .rela.gnu.linkonce.t.*)
 .rela.text     0x0000000048040f58        0x0 C:\ProgramData\dSPACE\1184D92C-D928-4591-A1E9-B54339797C20\Compiler\QNX650_520\target\qnx6/ppcbe/lib/crt1.o
 *(.rela.fini)
 *(.rela.rodata .rela.rodata.* .rela.gnu.linkonce.r.*)
 .rela.rodata   0x0000000048040f58        0x0 C:\ProgramData\dSPACE\1184D92C-D928-4591-A1E9-B54339797C20\Compiler\QNX650_520\target\qnx6/ppcbe/lib/crt1.o
 *(.rela.data .rela.data.* .rela.gnu.linkonce.d.*)
 *(.rela.tdata .rela.tdata.* .rela.gnu.linkonce.td.*)
 *(.rela.tbss .rela.tbss.* .rela.gnu.linkonce.tb.*)
 *(.rela.ctors)
 *(.rela.dtors)
 *(.rela.got)
 .rela.got      0x0000000048040f58       0x48 C:\ProgramData\dSPACE\1184D92C-D928-4591-A1E9-B54339797C20\Compiler\QNX650_520\target\qnx6/ppcbe/lib/crt1.o
 *(.rela.got1)
 *(.rela.got2)
 *(.rela.sdata .rela.sdata.* .rela.gnu.linkonce.s.*)
 *(.rela.sbss .rela.sbss.* .rela.gnu.linkonce.sb.*)
 .rela.sbss     0x0000000048040fa0        0x0 C:\ProgramData\dSPACE\1184D92C-D928-4591-A1E9-B54339797C20\Compiler\QNX650_520\target\qnx6/ppcbe/lib/crt1.o
 *(.rela.sdata2 .rela.sdata2.* .rela.gnu.linkonce.s2.*)
 *(.rela.sbss2 .rela.sbss2.* .rela.gnu.linkonce.sb2.*)
 *(.rela.bss .rela.bss.* .rela.gnu.linkonce.b.*)
 .rela.bss      0x0000000048040fa0       0x24 C:\ProgramData\dSPACE\1184D92C-D928-4591-A1E9-B54339797C20\Compiler\QNX650_520\target\qnx6/ppcbe/lib/crt1.o
 .rela.iplt     0x0000000048040fc4        0x0 C:\ProgramData\dSPACE\1184D92C-D928-4591-A1E9-B54339797C20\Compiler\QNX650_520\target\qnx6/ppcbe/lib/crt1.o

.rel.plt
 *(.rel.plt)

.rela.plt       0x0000000048040fc4      0x2f4
 *(.rela.plt)
 .rela.plt      0x0000000048040fc4      0x2f4 C:\ProgramData\dSPACE\1184D92C-D928-4591-A1E9-B54339797C20\Compiler\QNX650_520\target\qnx6/ppcbe/lib/crt1.o

.init           0x00000000480412b8       0x24
 *(.init)
 .init          0x00000000480412b8        0xc C:\ProgramData\dSPACE\1184D92C-D928-4591-A1E9-B54339797C20\Compiler\QNX650_520\target\qnx6/ppcbe/lib/crti.o
                0x00000000480412b8                _init
 .init          0x00000000480412c4        0x4 c:/programdata/dspace/1184d92c-d928-4591-a1e9-b54339797c20/compiler/qnx650_520/host/win32/x86/usr/bin/../lib/gcc/powerpc-unknown-nto-qnx6.5.0/5.2.0/crtbegin.o
 .init          0x00000000480412c8        0x4 c:/programdata/dspace/1184d92c-d928-4591-a1e9-b54339797c20/compiler/qnx650_520/host/win32/x86/usr/bin/../lib/gcc/powerpc-unknown-nto-qnx6.5.0/5.2.0/crtend.o
 .init          0x00000000480412cc       0x10 C:\ProgramData\dSPACE\1184D92C-D928-4591-A1E9-B54339797C20\Compiler\QNX650_520\target\qnx6/ppcbe/lib/crtn.o

.text           0x00000000480412e0     0x202c
                0x00000000480412e0                _btext = .
 *(.text .stub .text.* .gnu.linkonce.t.*)
 .text          0x00000000480412e0      0x118 C:\ProgramData\dSPACE\1184D92C-D928-4591-A1E9-B54339797C20\Compiler\QNX650_520\target\qnx6/ppcbe/lib/crt1.o
                0x00000000480412e0                _start
 .text          0x00000000480413f8        0x0 C:\ProgramData\dSPACE\1184D92C-D928-4591-A1E9-B54339797C20\Compiler\QNX650_520\target\qnx6/ppcbe/lib/crti.o
 .text          0x00000000480413f8      0x2b0 c:/programdata/dspace/1184d92c-d928-4591-a1e9-b54339797c20/compiler/qnx650_520/host/win32/x86/usr/bin/../lib/gcc/powerpc-unknown-nto-qnx6.5.0/5.2.0/crtbegin.o
 *fill*         0x00000000480416a8        0x8 00000000
 .text          0x00000000480416b0      0x434 data1.o07
                0x00000000480416b0                data1_output
                0x0000000048041890                data1_update
                0x0000000048041970                data1_derivatives
                0x0000000048041990                data1_initialize
                0x0000000048041ae0                data1_terminate
 .text          0x0000000048041ae4        0x0 data1_data.o07
 .text          0x0000000048041ae4       0xa4 data1_trc_ptr.o07
                0x0000000048041b54                data1_rti_init_trc_pointers
 *fill*         0x0000000048041b88        0x8 00000000
 .text          0x0000000048041b90       0xf8 rt_zcfcn.o07
                0x0000000048041b90                rt_ZCFcn
 *fill*         0x0000000048041c88        0x8 00000000
 .text          0x0000000048041c90      0x414 rti_sim_engine.o07
                0x0000000048042030                rtk_idle_function
                0x0000000048042040                rti_th_timertask1_trigger_source
                0x0000000048042090                initConditions
                0x00000000480420a0                initVariables
 *fill*         0x00000000480420a4        0xc 00000000
 .text.startup  0x00000000480420b0      0x644 rti_sim_engine.o07
                0x00000000480420b0                main
 *fill*         0x00000000480426f4        0xc 00000000
 .text          0x0000000048042700       0x40 rti_init_c.o07
                0x0000000048042700                rti_init
 .text          0x0000000048042740       0x44 rt_sim.o07
                0x0000000048042740                rt_SimInitTimingEngine
                0x0000000048042770                rt_SimGetNextSampleHit
                0x0000000048042780                rt_SimUpdateDiscreteTaskSampleHits
 *fill*         0x0000000048042784        0xc 00000000
 .text          0x0000000048042790       0xd4 rti_assert.o07
                0x0000000048042790                rti_assertion_handler
                0x0000000048042820                rti_assertion_mode_msg
 .text          0x0000000048042864        0x0 d:\Program Files\dSPACE RCPHIL 2017-B\DS1202\Lib/librtversion.a(RtVersion.o)
 *fill*         0x0000000048042864        0xc 00000000
 .text          0x0000000048042870        0x4 d:\Program Files\dSPACE RCPHIL 2017-B\DS1202\Lib/librtglobals.a(DsEESPort.o)
                0x0000000048042870                DsEesPort_init()
 .text          0x0000000048042874       0x20 d:\Program Files\dSPACE RCPHIL 2017-B\DS1202\Lib/libm_fastpow.a(w_pow.o)
                0x0000000048042874                pow
 .text          0x0000000048042894      0x85c d:\Program Files\dSPACE RCPHIL 2017-B\DS1202\Lib/libm_fastpow.a(e_pow.o)
                0x0000000048042894                __ieee754_pow
 .text          0x00000000480430f0      0x188 d:\Program Files\dSPACE RCPHIL 2017-B\DS1202\Lib/libm_fastpow.a(s_scalbn.o)
                0x00000000480430f0                scalbn
 .text          0x0000000048043278       0x94 c:/programdata/dspace/1184d92c-d928-4591-a1e9-b54339797c20/compiler/qnx650_520/host/win32/x86/usr/bin/../lib/gcc/powerpc-unknown-nto-qnx6.5.0/5.2.0/crtend.o
 .text          0x000000004804330c        0x0 C:\ProgramData\dSPACE\1184D92C-D928-4591-A1E9-B54339797C20\Compiler\QNX650_520\target\qnx6/ppcbe/lib/crtn.o
 *(.gnu.warning)
 *(.glink)
 .glink         0x000000004804330c        0x0 C:\ProgramData\dSPACE\1184D92C-D928-4591-A1E9-B54339797C20\Compiler\QNX650_520\target\qnx6/ppcbe/lib/crt1.o

.fini           0x000000004804330c       0x20
 *(.fini)
 .fini          0x000000004804330c        0xc C:\ProgramData\dSPACE\1184D92C-D928-4591-A1E9-B54339797C20\Compiler\QNX650_520\target\qnx6/ppcbe/lib/crti.o
                0x000000004804330c                _fini
 .fini          0x0000000048043318        0x4 c:/programdata/dspace/1184d92c-d928-4591-a1e9-b54339797c20/compiler/qnx650_520/host/win32/x86/usr/bin/../lib/gcc/powerpc-unknown-nto-qnx6.5.0/5.2.0/crtbegin.o
 .fini          0x000000004804331c       0x10 C:\ProgramData\dSPACE\1184D92C-D928-4591-A1E9-B54339797C20\Compiler\QNX650_520\target\qnx6/ppcbe/lib/crtn.o
                [!provide]                        PROVIDE (__etext, .)
                0x000000004804332c                PROVIDE (_etext, .)
                [!provide]                        PROVIDE (etext, .)

.rodata         0x0000000048043330      0x500
 *(.rodata .rodata.* .gnu.linkonce.r.*)
 .rodata        0x0000000048043330        0x4 data1.o07
                0x0000000048043330                data1_M
 .rodata.cst4   0x0000000048043334        0xc data1.o07
 .rodata.cst8   0x0000000048043340        0x8 data1.o07
 .rodata.str1.4
                0x0000000048043348        0x5 data1.o07
 *fill*         0x000000004804334d        0x3 
 .rodata        0x0000000048043350       0x13 rt_zcfcn.o07
 *fill*         0x0000000048043363        0x1 
 .rodata.cst4   0x0000000048043364        0x4 rt_zcfcn.o07
 .rodata        0x0000000048043368        0xc rti_sim_engine.o07
                0x0000000048043368                rtiDataSetStorageEnabled
                0x000000004804336c                p_dsts_sum_of_reset_time
                0x0000000048043370                p_msg_last_error_no
 .rodata.cst4   0x0000000048043374        0x4 rti_sim_engine.o07
 .rodata.cst8   0x0000000048043374        0x8 rti_sim_engine.o07
 .rodata.str1.4
                0x0000000048043374      0x284 rti_sim_engine.o07
 .rodata.cst4   0x00000000480435f8        0x4 rt_sim.o07
                                          0x8 (size before relaxing)
 .rodata.str1.4
                0x00000000480435fc       0x71 rt_sim.o07
 *fill*         0x000000004804366d        0x3 
 .rodata.str1.4
                0x0000000048043670       0x70 rti_assert.o07
                                         0x6d (size before relaxing)
 .rodata        0x00000000480436e0       0x30 d:\Program Files\dSPACE RCPHIL 2017-B\DS1202\Lib/libm_fastpow.a(e_pow.o)
 .rodata.cst4   0x0000000048043710        0x8 d:\Program Files\dSPACE RCPHIL 2017-B\DS1202\Lib/libm_fastpow.a(e_pow.o)
 .rodata.cst8   0x0000000048043718       0xe8 d:\Program Files\dSPACE RCPHIL 2017-B\DS1202\Lib/libm_fastpow.a(e_pow.o)
 .rodata.cst8   0x0000000048043800       0x30 d:\Program Files\dSPACE RCPHIL 2017-B\DS1202\Lib/libm_fastpow.a(s_scalbn.o)

.rodata1
 *(.rodata1)

.sdata2         0x0000000048043830        0x0
                0x0000000000008000                PROVIDE (_SDA2_BASE_, 0x8000)
 *(.sdata2 .sdata2.* .gnu.linkonce.s2.*)
 .sdata2        0x0000000048043830        0x0 C:\ProgramData\dSPACE\1184D92C-D928-4591-A1E9-B54339797C20\Compiler\QNX650_520\target\qnx6/ppcbe/lib/crt1.o

.sbss2
 *(.sbss2 .sbss2.* .gnu.linkonce.sb2.*)

.eh_frame_hdr   0x0000000048043830       0x14
 *(.eh_frame_hdr)
 .eh_frame_hdr  0x0000000048043830       0x14 d:\Program Files\dSPACE RCPHIL 2017-B\DS1202\Lib/librtglobals.a(DsEESPort.o)

.eh_frame       0x0000000048043844       0x2c
 *(.eh_frame)
 .eh_frame      0x0000000048043844        0x0 C:\ProgramData\dSPACE\1184D92C-D928-4591-A1E9-B54339797C20\Compiler\QNX650_520\target\qnx6/ppcbe/lib/crt1.o
 .eh_frame      0x0000000048043844        0x0 c:/programdata/dspace/1184d92c-d928-4591-a1e9-b54339797c20/compiler/qnx650_520/host/win32/x86/usr/bin/../lib/gcc/powerpc-unknown-nto-qnx6.5.0/5.2.0/crtbegin.o
 .eh_frame      0x0000000048043844       0x28 d:\Program Files\dSPACE RCPHIL 2017-B\DS1202\Lib/librtglobals.a(DsEESPort.o)
 .eh_frame      0x000000004804386c        0x4 c:/programdata/dspace/1184d92c-d928-4591-a1e9-b54339797c20/compiler/qnx650_520/host/win32/x86/usr/bin/../lib/gcc/powerpc-unknown-nto-qnx6.5.0/5.2.0/crtend.o

.gcc_except_table
 *(.gcc_except_table .gcc_except_table.*)
                0x0000000048043870                . = (ALIGN (0x1000) - ((0x1000 - .) & 0xfff))
                0x0000000048044870                . = DATA_SEGMENT_ALIGN (0x1000, 0x1000)

.eh_frame
 *(.eh_frame)

.gcc_except_table
 *(.gcc_except_table .gcc_except_table.*)

.tdata
 *(.tdata .tdata.* .gnu.linkonce.td.*)

.tbss
 *(.tbss .tbss.* .gnu.linkonce.tb.*)
 *(.tcommon)

.preinit_array  0x0000000048044870        0x0
                0x0000000048044870                PROVIDE (__preinit_array_start, .)
 *(.preinit_array)
                0x0000000048044870                PROVIDE (__preinit_array_end, .)

.init_array     0x0000000048044870        0x0
                0x0000000048044870                PROVIDE (__init_array_start, .)
 *(SORT(.init_array.*))
 *(.init_array)
                0x0000000048044870                PROVIDE (__init_array_end, .)

.fini_array     0x0000000048044870        0x0
                0x0000000048044870                PROVIDE (__fini_array_start, .)
 *(.fini_array)
 *(SORT(.fini_array.*))
                0x0000000048044870                PROVIDE (__fini_array_end, .)

.ctors          0x0000000048044870        0x8
 *crtbegin.o(.ctors)
 .ctors         0x0000000048044870        0x4 c:/programdata/dspace/1184d92c-d928-4591-a1e9-b54339797c20/compiler/qnx650_520/host/win32/x86/usr/bin/../lib/gcc/powerpc-unknown-nto-qnx6.5.0/5.2.0/crtbegin.o
 *crtbegin?.o(.ctors)
 *(EXCLUDE_FILE(*crtend?.o *crtend.o) .ctors)
 *(SORT(.ctors.*))
 *(.ctors)
 .ctors         0x0000000048044874        0x4 c:/programdata/dspace/1184d92c-d928-4591-a1e9-b54339797c20/compiler/qnx650_520/host/win32/x86/usr/bin/../lib/gcc/powerpc-unknown-nto-qnx6.5.0/5.2.0/crtend.o

.dtors          0x0000000048044878        0x8
 *crtbegin.o(.dtors)
 .dtors         0x0000000048044878        0x4 c:/programdata/dspace/1184d92c-d928-4591-a1e9-b54339797c20/compiler/qnx650_520/host/win32/x86/usr/bin/../lib/gcc/powerpc-unknown-nto-qnx6.5.0/5.2.0/crtbegin.o
 *crtbegin?.o(.dtors)
 *(EXCLUDE_FILE(*crtend?.o *crtend.o) .dtors)
 *(SORT(.dtors.*))
 *(.dtors)
 .dtors         0x000000004804487c        0x4 c:/programdata/dspace/1184d92c-d928-4591-a1e9-b54339797c20/compiler/qnx650_520/host/win32/x86/usr/bin/../lib/gcc/powerpc-unknown-nto-qnx6.5.0/5.2.0/crtend.o
                0x000000004804487c                __DTOR_END__

.jcr            0x0000000048044880        0x4
 *(.jcr)
 .jcr           0x0000000048044880        0x0 c:/programdata/dspace/1184d92c-d928-4591-a1e9-b54339797c20/compiler/qnx650_520/host/win32/x86/usr/bin/../lib/gcc/powerpc-unknown-nto-qnx6.5.0/5.2.0/crtbegin.o
 .jcr           0x0000000048044880        0x4 c:/programdata/dspace/1184d92c-d928-4591-a1e9-b54339797c20/compiler/qnx650_520/host/win32/x86/usr/bin/../lib/gcc/powerpc-unknown-nto-qnx6.5.0/5.2.0/crtend.o

.data.rel.ro
 *(.data.rel.ro.local* .gnu.linkonce.d.rel.ro.local.*)
 *(.data.rel.ro* .gnu.linkonce.d.rel.ro.*)

.fixup
 *(.fixup)

.got1
 *(.got1)

.got2
 *(.got2)

.dynamic        0x0000000048044884      0x100
 *(.dynamic)
 .dynamic       0x0000000048044884      0x100 C:\ProgramData\dSPACE\1184D92C-D928-4591-A1E9-B54339797C20\Compiler\QNX650_520\target\qnx6/ppcbe/lib/crt1.o
                0x0000000048044884                _DYNAMIC

.got
 *(.got)
                0x0000000048044984                . = DATA_SEGMENT_RELRO_END (., 0x0)

.plt
 *(.plt)

.data           0x0000000048044988       0x58
 *(.data .data.* .gnu.linkonce.d.*)
 .data          0x0000000048044988        0x0 C:\ProgramData\dSPACE\1184D92C-D928-4591-A1E9-B54339797C20\Compiler\QNX650_520\target\qnx6/ppcbe/lib/crt1.o
 .data          0x0000000048044988        0x0 C:\ProgramData\dSPACE\1184D92C-D928-4591-A1E9-B54339797C20\Compiler\QNX650_520\target\qnx6/ppcbe/lib/crti.o
 .data          0x0000000048044988        0x0 c:/programdata/dspace/1184d92c-d928-4591-a1e9-b54339797c20/compiler/qnx650_520/host/win32/x86/usr/bin/../lib/gcc/powerpc-unknown-nto-qnx6.5.0/5.2.0/crtbegin.o
 .data.rel.local
                0x0000000048044988        0x4 c:/programdata/dspace/1184d92c-d928-4591-a1e9-b54339797c20/compiler/qnx650_520/host/win32/x86/usr/bin/../lib/gcc/powerpc-unknown-nto-qnx6.5.0/5.2.0/crtbegin.o
                0x0000000048044988                __dso_handle
 .data          0x000000004804498c        0x0 data1.o07
 *fill*         0x000000004804498c        0x4 
 .data          0x0000000048044990       0x30 data1_data.o07
                0x0000000048044990                data1_P
 .data          0x00000000480449c0        0x0 data1_trc_ptr.o07
 .data          0x00000000480449c0        0x0 rt_zcfcn.o07
 .data          0x00000000480449c0       0x14 rti_sim_engine.o07
                0x00000000480449c0                simState
                0x00000000480449d0                lastSimState
 .data          0x00000000480449d4        0x0 rti_init_c.o07
 .data          0x00000000480449d4        0x0 rt_sim.o07
 .data          0x00000000480449d4        0x0 rti_assert.o07
 .data          0x00000000480449d4        0x0 d:\Program Files\dSPACE RCPHIL 2017-B\DS1202\Lib/librtversion.a(RtVersion.o)
 .data          0x00000000480449d4        0x0 d:\Program Files\dSPACE RCPHIL 2017-B\DS1202\Lib/librtglobals.a(DsEESPort.o)
 .data.rel      0x00000000480449d4        0xc d:\Program Files\dSPACE RCPHIL 2017-B\DS1202\Lib/librtglobals.a(DsEESPort.o)
                0x00000000480449d4                p_xilapi_eesport_errorswitching_uint32_T
                0x00000000480449d8                p_xilapi_eesport_erroractivated_uint32_T
                0x00000000480449dc                p_xilapi_eesport_activeerrorset_uint32_T
 .data          0x00000000480449e0        0x0 d:\Program Files\dSPACE RCPHIL 2017-B\DS1202\Lib/libm_fastpow.a(w_pow.o)
 .data          0x00000000480449e0        0x0 d:\Program Files\dSPACE RCPHIL 2017-B\DS1202\Lib/libm_fastpow.a(e_pow.o)
 .data          0x00000000480449e0        0x0 d:\Program Files\dSPACE RCPHIL 2017-B\DS1202\Lib/libm_fastpow.a(s_scalbn.o)
 .data          0x00000000480449e0        0x0 c:/programdata/dspace/1184d92c-d928-4591-a1e9-b54339797c20/compiler/qnx650_520/host/win32/x86/usr/bin/../lib/gcc/powerpc-unknown-nto-qnx6.5.0/5.2.0/crtend.o
 .data          0x00000000480449e0        0x0 C:\ProgramData\dSPACE\1184D92C-D928-4591-A1E9-B54339797C20\Compiler\QNX650_520\target\qnx6/ppcbe/lib/crtn.o

.tm_clone_table
                0x00000000480449e0        0x0
 .tm_clone_table
                0x00000000480449e0        0x0 c:/programdata/dspace/1184d92c-d928-4591-a1e9-b54339797c20/compiler/qnx650_520/host/win32/x86/usr/bin/../lib/gcc/powerpc-unknown-nto-qnx6.5.0/5.2.0/crtbegin.o
 .tm_clone_table
                0x00000000480449e0        0x0 c:/programdata/dspace/1184d92c-d928-4591-a1e9-b54339797c20/compiler/qnx650_520/host/win32/x86/usr/bin/../lib/gcc/powerpc-unknown-nto-qnx6.5.0/5.2.0/crtend.o

.data1
 *(.data1)

.got            0x00000000480449e0       0x54
 *(.got)
 .got           0x00000000480449e0       0x54 C:\ProgramData\dSPACE\1184D92C-D928-4591-A1E9-B54339797C20\Compiler\QNX650_520\target\qnx6/ppcbe/lib/crt1.o
                0x0000000048044a28                _GLOBAL_OFFSET_TABLE_

.sdata          0x0000000048044a34        0x0
                0x0000000000008000                PROVIDE (_SDA_BASE_, 0x8000)
 *(.sdata .sdata.* .gnu.linkonce.s.*)
 .sdata         0x0000000048044a34        0x0 C:\ProgramData\dSPACE\1184D92C-D928-4591-A1E9-B54339797C20\Compiler\QNX650_520\target\qnx6/ppcbe/lib/crt1.o
                0x0000000048044a34                _edata = .
                [!provide]                        PROVIDE (edata, .)
                0x0000000048044a34                __bss_start = .

.sbss           0x0000000048044a34        0x0
                [!provide]                        PROVIDE (__sbss_start, .)
                [!provide]                        PROVIDE (___sbss_start, .)
 *(.dynsbss)
 .dynsbss       0x0000000048044a34        0x0 C:\ProgramData\dSPACE\1184D92C-D928-4591-A1E9-B54339797C20\Compiler\QNX650_520\target\qnx6/ppcbe/lib/crt1.o
 *(.sbss .sbss.* .gnu.linkonce.sb.*)
 *(.scommon)
                [!provide]                        PROVIDE (__sbss_end, .)
                [!provide]                        PROVIDE (___sbss_end, .)

.plt            0x0000000048044a34      0x33c
 *(.plt)
 .plt           0x0000000048044a34      0x33c C:\ProgramData\dSPACE\1184D92C-D928-4591-A1E9-B54339797C20\Compiler\QNX650_520\target\qnx6/ppcbe/lib/crt1.o
                0x0000000048044a7c                ts_reset
                0x0000000048044a84                __register_frame_info
                0x0000000048044a8c                msg_error_clear
                0x0000000048044a94                dsrtt_set_current_time
                0x0000000048044a9c                sqrt
                0x0000000048044aa4                rtk_current_task_absolute_time_ptr_get
                0x0000000048044aac                DsTimeSync_simstateRun
                0x0000000048044ab4                rtk_setup_temp_overrun_handling
                0x0000000048044abc                SrtkIntBase_requestTaskMode
                0x0000000048044ac4                rtk_reset_tasks
                0x0000000048044acc                __cxa_finalize
                0x0000000048044ad4                AdcCl2AnalogIn_read
                0x0000000048044adc                _init_array
                0x0000000048044ae4                rtk_set_task_type
                0x0000000048044aec                DsTimeSync_baserate
                0x0000000048044af4                rtk_task_name_set
                0x0000000048044afc                dsrtt_script_service_post_computation
                0x0000000048044b04                rtk_create_task
                0x0000000048044b0c                msg_warning_printf
                0x0000000048044b14                msg_last_error_number
                0x0000000048044b1c                dsparam_copy_data_set
                0x0000000048044b24                SrtkPreload_preloadRegion
                0x0000000048044b2c                msg_error_set
                0x0000000048044b34                rtk_enable_services
                0x0000000048044b3c                SrtkDaq_Init
                0x0000000048044b44                rtk_task_task_calls_get
                0x0000000048044b4c                AdcCl2AnalogIn_start
                0x0000000048044b54                DsTimeSync_setCurrentTimePtr
                0x0000000048044b5c                SrtkIntBase_enableIntGlobal
                0x0000000048044b64                AdcCl2AnalogIn_apply
                0x0000000048044b6c                rtk_overrun_flag_clear
                0x0000000048044b74                rtk_bind_interrupt
                0x0000000048044b7c                _init_libc
                0x0000000048044b84                dsrtt_init
                0x0000000048044b8c                SrtkApp_terminate
                0x0000000048044b94                msg_info_set
                0x0000000048044b9c                dsrtt_script_service_pre_computation
                0x0000000048044ba4                msg_error_printf
                0x0000000048044bac                AdcCl2AnalogIn_create
                0x0000000048044bb4                memset
                0x0000000048044bbc                rtk_leave_idle_mode
                0x0000000048044bc4                __wrap_exit
                0x0000000048044bcc                __wrap_atexit
                0x0000000048044bd4                _fini_array
                0x0000000048044bdc                SrtkDaq_Background
                0x0000000048044be4                _preinit_array
                0x0000000048044bec                SrtkApp_init
                0x0000000048044bf4                SrtkDaq_Service
                0x0000000048044bfc                rtk_task_task_name_get
                0x0000000048044c04                SrtkSim_notifyStateTransition
                0x0000000048044c0c                msg_set
                0x0000000048044c14                rtk_get_subentry
                0x0000000048044c1c                dsrtt_set_step_size
                0x0000000048044c24                rtk_enter_idle_mode
                0x0000000048044c2c                rtk_initialize
                0x0000000048044c34                AdcCl2AnalogIn_getInputValue
                0x0000000048044c3c                SrtkApp_background
                0x0000000048044c44                rtk_default_overrun_fcn
                0x0000000048044c4c                vcm_module_register
                0x0000000048044c54                DsTimeSync_simstateStop
                0x0000000048044c5c                SrtkIntBase_disableIntGlobal
                0x0000000048044c64                SrtkSim_registerState
                0x0000000048044c6c                __deregister_frame_info

.bss            0x0000000048044d70      0x268
 *(.dynbss)
 .dynbss        0x0000000048044d70       0x14 C:\ProgramData\dSPACE\1184D92C-D928-4591-A1E9-B54339797C20\Compiler\QNX650_520\target\qnx6/ppcbe/lib/crt1.o
                0x0000000048044d70                errno
                0x0000000048044d78                dsts_sum_of_reseted_time
                0x0000000048044d80                msg_last_error_no
 *(.bss .bss.* .gnu.linkonce.b.*)
 .bss           0x0000000048044d84        0x0 C:\ProgramData\dSPACE\1184D92C-D928-4591-A1E9-B54339797C20\Compiler\QNX650_520\target\qnx6/ppcbe/lib/crt1.o
 .bss           0x0000000048044d84        0x0 C:\ProgramData\dSPACE\1184D92C-D928-4591-A1E9-B54339797C20\Compiler\QNX650_520\target\qnx6/ppcbe/lib/crti.o
 .bss           0x0000000048044d84       0x20 c:/programdata/dspace/1184d92c-d928-4591-a1e9-b54339797c20/compiler/qnx650_520/host/win32/x86/usr/bin/../lib/gcc/powerpc-unknown-nto-qnx6.5.0/5.2.0/crtbegin.o
 *fill*         0x0000000048044da4        0x4 
 .bss           0x0000000048044da8      0x1c1 data1.o07
                0x0000000048044da8                data1_M_
                0x0000000048044f10                data1_B
                0x0000000048044f50                data1_DW
                0x0000000048044f60                data1_X
                0x0000000048044f68                data1_PrevZCX
 .bss           0x0000000048044f69        0x0 data1_data.o07
 *fill*         0x0000000048044f69        0x3 
 .bss           0x0000000048044f6c       0x14 data1_trc_ptr.o07
                0x0000000048044f6c                p_0_data1_real_T_0
                0x0000000048044f70                p_1_data1_real_T_0
                0x0000000048044f74                p_2_data1_real_T_0
                0x0000000048044f78                p_2_data1_boolean_T_1
                0x0000000048044f7c                p_3_data1_real_T_0
 .bss           0x0000000048044f80        0x0 rt_zcfcn.o07
 .bss           0x0000000048044f80       0x40 rti_sim_engine.o07
                0x0000000048044f80                currentTime
                0x0000000048044f84                finalTime
                0x0000000048044f88                modelStepSize
                0x0000000048044f90                pRTIAdcC2AnalogIn_Ch_2
                0x0000000048044f94                taskMode
                0x0000000048044f98                pRti_TIMERA_STime
                0x0000000048044f9c                pRti_TIMERA_TTime
                0x0000000048044fa0                pRti_TIMERA_TState
                0x0000000048044fa4                pRti_TIMERA_OType
                0x0000000048044fa8                pRti_TIMERA_OMax
                0x0000000048044fac                pRti_TIMERA_ORpt
                0x0000000048044fb0                pRti_TIMERA_OCnt
                0x0000000048044fb4                pRti_TIMERA_TCnt
                0x0000000048044fb8                pRti_TIMERA_Prio
                0x0000000048044fbc                rtiAssertionMode
 .bss           0x0000000048044fc0        0x4 rti_init_c.o07
 .bss           0x0000000048044fc4        0x0 rt_sim.o07
 .bss           0x0000000048044fc4        0x0 rti_assert.o07
 .bss           0x0000000048044fc4        0x0 d:\Program Files\dSPACE RCPHIL 2017-B\DS1202\Lib/librtversion.a(RtVersion.o)
 .bss           0x0000000048044fc4       0x14 d:\Program Files\dSPACE RCPHIL 2017-B\DS1202\Lib/librtglobals.a(DsEESPort.o)
                0x0000000048044fc4                xilapi_eesport_trigger_uint32_T
                0x0000000048044fc8                xilapi_eesport_flags_uint32_T
                0x0000000048044fcc                xilapi_eesport_errorswitching_uint32_T
                0x0000000048044fd0                xilapi_eesport_erroractivated_uint32_T
                0x0000000048044fd4                xilapi_eesport_activeerrorset_uint32_T
 .bss           0x0000000048044fd8        0x0 d:\Program Files\dSPACE RCPHIL 2017-B\DS1202\Lib/libm_fastpow.a(w_pow.o)
 .bss           0x0000000048044fd8        0x0 d:\Program Files\dSPACE RCPHIL 2017-B\DS1202\Lib/libm_fastpow.a(e_pow.o)
 .bss           0x0000000048044fd8        0x0 d:\Program Files\dSPACE RCPHIL 2017-B\DS1202\Lib/libm_fastpow.a(s_scalbn.o)
 .bss           0x0000000048044fd8        0x0 c:/programdata/dspace/1184d92c-d928-4591-a1e9-b54339797c20/compiler/qnx650_520/host/win32/x86/usr/bin/../lib/gcc/powerpc-unknown-nto-qnx6.5.0/5.2.0/crtend.o
 .bss           0x0000000048044fd8        0x0 C:\ProgramData\dSPACE\1184D92C-D928-4591-A1E9-B54339797C20\Compiler\QNX650_520\target\qnx6/ppcbe/lib/crtn.o
 *(COMMON)
                0x0000000048044fd8                . = ALIGN ((. != 0x0)?0x4:0x1)

.iplt           0x0000000048044fe0        0x0
 .iplt          0x0000000048044fe0        0x0 C:\ProgramData\dSPACE\1184D92C-D928-4591-A1E9-B54339797C20\Compiler\QNX650_520\target\qnx6/ppcbe/lib/crt1.o
                0x0000000048044fe0                . = ALIGN (0x4)
                0x0000000048044fe0                . = ALIGN (0x4)
                0x0000000048044fe0                __end = .
                0x0000000048044fe0                _end = .
                [!provide]                        PROVIDE (end, .)
                0x0000000048044fe0                . = DATA_SEGMENT_END (.)

.stab
 *(.stab)

.stabstr
 *(.stabstr)

.stab.excl
 *(.stab.excl)

.stab.exclstr
 *(.stab.exclstr)

.stab.index
 *(.stab.index)

.stab.indexstr
 *(.stab.indexstr)

.comment        0x0000000000000000       0x47
 *(.comment)
 .comment       0x0000000000000000       0x11 c:/programdata/dspace/1184d92c-d928-4591-a1e9-b54339797c20/compiler/qnx650_520/host/win32/x86/usr/bin/../lib/gcc/powerpc-unknown-nto-qnx6.5.0/5.2.0/crtbegin.o
                                         0x12 (size before relaxing)
 .comment       0x0000000000000011       0x12 data1.o07
 .comment       0x0000000000000011       0x12 data1_data.o07
 .comment       0x0000000000000011       0x12 data1_trc_ptr.o07
 .comment       0x0000000000000011       0x12 rt_zcfcn.o07
 .comment       0x0000000000000011       0x12 rti_sim_engine.o07
 .comment       0x0000000000000011       0x12 rti_init_c.o07
 .comment       0x0000000000000011       0x12 rt_sim.o07
 .comment       0x0000000000000011       0x12 rti_assert.o07
 .comment       0x0000000000000011       0x12 d:\Program Files\dSPACE RCPHIL 2017-B\DS1202\Lib/librtversion.a(RtVersion.o)
 .comment       0x0000000000000011       0x12 d:\Program Files\dSPACE RCPHIL 2017-B\DS1202\Lib/librtglobals.a(DsEESPort.o)
 .comment       0x0000000000000011       0x12 d:\Program Files\dSPACE RCPHIL 2017-B\DS1202\Lib/libm_fastpow.a(w_pow.o)
 .comment       0x0000000000000023       0x12 d:\Program Files\dSPACE RCPHIL 2017-B\DS1202\Lib/libm_fastpow.a(e_pow.o)
 .comment       0x0000000000000035       0x12 d:\Program Files\dSPACE RCPHIL 2017-B\DS1202\Lib/libm_fastpow.a(s_scalbn.o)
 .comment       0x0000000000000047       0x12 c:/programdata/dspace/1184d92c-d928-4591-a1e9-b54339797c20/compiler/qnx650_520/host/win32/x86/usr/bin/../lib/gcc/powerpc-unknown-nto-qnx6.5.0/5.2.0/crtend.o

.PPC.EMB.apuinfo
                0x0000000000000000       0x18
 .PPC.EMB.apuinfo
                0x0000000000000000       0x18 rt_zcfcn.o07

.debug
 *(.debug)

.line
 *(.line)

.debug_srcinfo
 *(.debug_srcinfo)

.debug_sfnames
 *(.debug_sfnames)

.debug_aranges
 *(.debug_aranges)

.debug_pubnames
 *(.debug_pubnames)

.debug_info
 *(.debug_info .gnu.linkonce.wi.*)

.debug_abbrev
 *(.debug_abbrev)

.debug_line
 *(.debug_line)

.debug_frame
 *(.debug_frame)

.debug_str
 *(.debug_str)

.debug_loc
 *(.debug_loc)

.debug_macinfo
 *(.debug_macinfo)

.debug_weaknames
 *(.debug_weaknames)

.debug_funcnames
 *(.debug_funcnames)

.debug_typenames
 *(.debug_typenames)

.debug_varnames
 *(.debug_varnames)

.debug_pubtypes
 *(.debug_pubtypes)

.debug_ranges
 *(.debug_ranges)

.gnu.attributes
                0x0000000000000000       0x14
 *(.gnu.attributes)
 .gnu.attributes
                0x0000000000000000       0x10 data1.o07
 .gnu.attributes
                0x0000000000000010       0x10 rt_zcfcn.o07
 .gnu.attributes
                0x0000000000000020       0x10 rti_sim_engine.o07
 .gnu.attributes
                0x0000000000000030       0x10 rt_sim.o07
 .gnu.attributes
                0x0000000000000040       0x10 rti_assert.o07
 .gnu.attributes
                0x0000000000000050       0x14 d:\Program Files\dSPACE RCPHIL 2017-B\DS1202\Lib/libm_fastpow.a(w_pow.o)
 .gnu.attributes
                0x0000000000000064       0x14 d:\Program Files\dSPACE RCPHIL 2017-B\DS1202\Lib/libm_fastpow.a(e_pow.o)
 .gnu.attributes
                0x0000000000000078       0x14 d:\Program Files\dSPACE RCPHIL 2017-B\DS1202\Lib/libm_fastpow.a(s_scalbn.o)

/DISCARD/
 *(.note.GNU-stack)
 *(.gnu_debuglink)
OUTPUT(data1.ppc elf32-powerpc)
