Archive member included to satisfy reference by file (symbol)

d:\Program Files\dSPACE RCPHIL 2017-B\DS1202\Lib/librtversion.a(RtVersion.o)
                              (--whole-archive)
d:\Program Files\dSPACE RCPHIL 2017-B\DS1202\Lib/librtglobals.a(DsEESPort.o)
                              (--whole-archive)
d:\Program Files\dSPACE RCPHIL 2017-B\DS1202\Lib/libm_fastpow.a(w_pow.o)
                              Human_in_Loop.o07 (pow)
d:\Program Files\dSPACE RCPHIL 2017-B\DS1202\Lib/libm_fastpow.a(e_pow.o)
                              d:\Program Files\dSPACE RCPHIL 2017-B\DS1202\Lib/libm_fastpow.a(w_pow.o) (__ieee754_pow)
d:\Program Files\dSPACE RCPHIL 2017-B\DS1202\Lib/libm_fastpow.a(s_scalbn.o)
                              d:\Program Files\dSPACE RCPHIL 2017-B\DS1202\Lib/libm_fastpow.a(e_pow.o) (scalbn)

As-needed library included to satisfy reference by file (symbol)

libDsRealTimeTestingRP.so.1   rti_sim_engine.o07 (dsrtt_script_service_pre_computation)

Memory Configuration

Name             Origin             Length             Attributes
*default*        0x0000000000000000 0xffffffffffffffff

Linker script and memory map

LOAD C:\ProgramData\dSPACE\1184D92C-D928-4591-A1E9-B54339797C20\Compiler\QNX650_520\target\qnx6/ppcbe/lib/crt1.o
LOAD C:\ProgramData\dSPACE\1184D92C-D928-4591-A1E9-B54339797C20\Compiler\QNX650_520\target\qnx6/ppcbe/lib/crti.o
LOAD c:/programdata/dspace/1184d92c-d928-4591-a1e9-b54339797c20/compiler/qnx650_520/host/win32/x86/usr/bin/../lib/gcc/powerpc-unknown-nto-qnx6.5.0/5.2.0/crtbegin.o
                0x0000000000000000                _DSPACE_START = 0x0
                0x0000000000000000                _DSPACE_START_ = 0x0
                0x00000000000004b2                DS_TARGET_PLATFORM = 0x4b2
START GROUP
LOAD Human_in_Loop.o07
LOAD Human_in_Loop_data.o07
LOAD Human_in_Loop_trc_ptr.o07
LOAD rtGetInf.o07
LOAD rtGetNaN.o07
LOAD rt_nonfinite.o07
LOAD rti_sim_engine.o07
LOAD rti_init_c.o07
LOAD rt_sim.o07
LOAD rti_assert.o07
LOAD d:\Program Files\dSPACE RCPHIL 2017-B\DS1202\Lib/librtcan.so
LOAD d:\Program Files\dSPACE RCPHIL 2017-B\DS1202\Lib/librtj1939.so
LOAD d:\Program Files\dSPACE RCPHIL 2017-B\DS1202\Lib/librtser.so
LOAD d:\Program Files\dSPACE RCPHIL 2017-B\DS1202\Lib/librt13xxio.so
LOAD d:\Program Files\dSPACE RCPHIL 2017-B\DS1202\Lib/librt1202.so
LOAD d:\Program Files\dSPACE RCPHIL 2017-B\DS1202\Lib/librtwrap.so
LOAD d:\Program Files\dSPACE RCPHIL 2017-B\DS1202\Lib/librtversion.a
LOAD d:\Program Files\dSPACE RCPHIL 2017-B\DS1202\Lib/librtglobals.a
LOAD d:\Program Files\dSPACE RCPHIL 2017-B\DS1202\Lib/libm_fastpow.a
END GROUP
LOAD d:\Program Files\dSPACE RCPHIL 2017-B\DS1202\Lib/libstdc++.so
LOAD C:\ProgramData\dSPACE\1184D92C-D928-4591-A1E9-B54339797C20\Compiler\QNX650_520\target\qnx6/ppcbe/lib/libm.so
LOAD c:/programdata/dspace/1184d92c-d928-4591-a1e9-b54339797c20/compiler/qnx650_520/host/win32/x86/usr/bin/../lib/gcc/powerpc-unknown-nto-qnx6.5.0/5.2.0\libgcc.a
LOAD C:\ProgramData\dSPACE\1184D92C-D928-4591-A1E9-B54339797C20\Compiler\QNX650_520\target\qnx6/ppcbe/lib/libc.so
LOAD C:\ProgramData\dSPACE\1184D92C-D928-4591-A1E9-B54339797C20\Compiler\QNX650_520\target\qnx6/ppcbe/lib\libc.a
LOAD c:/programdata/dspace/1184d92c-d928-4591-a1e9-b54339797c20/compiler/qnx650_520/host/win32/x86/usr/bin/../lib/gcc/powerpc-unknown-nto-qnx6.5.0/5.2.0\libgcc.a
LOAD c:/programdata/dspace/1184d92c-d928-4591-a1e9-b54339797c20/compiler/qnx650_520/host/win32/x86/usr/bin/../lib/gcc/powerpc-unknown-nto-qnx6.5.0/5.2.0/crtend.o
LOAD C:\ProgramData\dSPACE\1184D92C-D928-4591-A1E9-B54339797C20\Compiler\QNX650_520\target\qnx6/ppcbe/lib/crtn.o
                [!provide]                        PROVIDE (__stack, 0x0)
                [!provide]                        PROVIDE (___stack, 0x0)
                [!provide]                        PROVIDE (__executable_start, 0x48040000)
                0x0000000048040134                . = (0x48040000 + SIZEOF_HEADERS)

.interp         0x0000000048040134       0x14
 *(.interp)
 .interp        0x0000000048040134       0x14 C:\ProgramData\dSPACE\1184D92C-D928-4591-A1E9-B54339797C20\Compiler\QNX650_520\target\qnx6/ppcbe/lib/crt1.o

.note           0x0000000048040150       0x18
 .note          0x0000000048040150       0x18 C:\ProgramData\dSPACE\1184D92C-D928-4591-A1E9-B54339797C20\Compiler\QNX650_520\target\qnx6/ppcbe/lib/crtn.o

.note.gnu.build-id
                0x0000000048040168       0x20
 *(.note.gnu.build-id)
 .note.gnu.build-id
                0x0000000048040168       0x20 C:\ProgramData\dSPACE\1184D92C-D928-4591-A1E9-B54339797C20\Compiler\QNX650_520\target\qnx6/ppcbe/lib/crt1.o

.hash           0x0000000048040188      0x380
 *(.hash)
 .hash          0x0000000048040188      0x380 C:\ProgramData\dSPACE\1184D92C-D928-4591-A1E9-B54339797C20\Compiler\QNX650_520\target\qnx6/ppcbe/lib/crt1.o

.gnu.hash
 *(.gnu.hash)

.dynsym         0x0000000048040508      0x7d0
 *(.dynsym)
 .dynsym        0x0000000048040508      0x7d0 C:\ProgramData\dSPACE\1184D92C-D928-4591-A1E9-B54339797C20\Compiler\QNX650_520\target\qnx6/ppcbe/lib/crt1.o

.dynstr         0x0000000048040cd8      0xa81
 *(.dynstr)
 .dynstr        0x0000000048040cd8      0xa81 C:\ProgramData\dSPACE\1184D92C-D928-4591-A1E9-B54339797C20\Compiler\QNX650_520\target\qnx6/ppcbe/lib/crt1.o

.gnu.version    0x000000004804175a        0x0
 *(.gnu.version)
 .gnu.version   0x000000004804175a        0x0 C:\ProgramData\dSPACE\1184D92C-D928-4591-A1E9-B54339797C20\Compiler\QNX650_520\target\qnx6/ppcbe/lib/crt1.o

.gnu.version_d  0x000000004804175c        0x0
 *(.gnu.version_d)
 .gnu.version_d
                0x000000004804175c        0x0 C:\ProgramData\dSPACE\1184D92C-D928-4591-A1E9-B54339797C20\Compiler\QNX650_520\target\qnx6/ppcbe/lib/crt1.o

.gnu.version_r  0x000000004804175c        0x0
 *(.gnu.version_r)
 .gnu.version_r
                0x000000004804175c        0x0 C:\ProgramData\dSPACE\1184D92C-D928-4591-A1E9-B54339797C20\Compiler\QNX650_520\target\qnx6/ppcbe/lib/crt1.o

.rel.dyn
 *(.rel.init)
 *(.rel.text .rel.text.* .rel.gnu.linkonce.t.*)
 *(.rel.fini)
 *(.rel.rodata .rel.rodata.* .rel.gnu.linkonce.r.*)
 *(.rel.data.rel.ro* .rel.gnu.linkonce.d.rel.ro.*)
 *(.rel.data .rel.data.* .rel.gnu.linkonce.d.*)
 *(.rel.tdata .rel.tdata.* .rel.gnu.linkonce.td.*)
 *(.rel.tbss .rel.tbss.* .rel.gnu.linkonce.tb.*)
 *(.rel.ctors)
 *(.rel.dtors)
 *(.rel.got)
 *(.rel.sdata .rel.sdata.* .rel.gnu.linkonce.s.*)
 *(.rel.sbss .rel.sbss.* .rel.gnu.linkonce.sb.*)
 *(.rel.sdata2 .rel.sdata2.* .rel.gnu.linkonce.s2.*)
 *(.rel.sbss2 .rel.sbss2.* .rel.gnu.linkonce.sb2.*)
 *(.rel.bss .rel.bss.* .rel.gnu.linkonce.b.*)

.rela.dyn       0x000000004804175c       0x6c
 *(.rela.init)
 *(.rela.text .rela.text.* .rela.gnu.linkonce.t.*)
 .rela.text     0x000000004804175c        0x0 C:\ProgramData\dSPACE\1184D92C-D928-4591-A1E9-B54339797C20\Compiler\QNX650_520\target\qnx6/ppcbe/lib/crt1.o
 *(.rela.fini)
 *(.rela.rodata .rela.rodata.* .rela.gnu.linkonce.r.*)
 .rela.rodata   0x000000004804175c        0x0 C:\ProgramData\dSPACE\1184D92C-D928-4591-A1E9-B54339797C20\Compiler\QNX650_520\target\qnx6/ppcbe/lib/crt1.o
 *(.rela.data .rela.data.* .rela.gnu.linkonce.d.*)
 *(.rela.tdata .rela.tdata.* .rela.gnu.linkonce.td.*)
 *(.rela.tbss .rela.tbss.* .rela.gnu.linkonce.tb.*)
 *(.rela.ctors)
 *(.rela.dtors)
 *(.rela.got)
 .rela.got      0x000000004804175c       0x48 C:\ProgramData\dSPACE\1184D92C-D928-4591-A1E9-B54339797C20\Compiler\QNX650_520\target\qnx6/ppcbe/lib/crt1.o
 *(.rela.got1)
 *(.rela.got2)
 *(.rela.sdata .rela.sdata.* .rela.gnu.linkonce.s.*)
 *(.rela.sbss .rela.sbss.* .rela.gnu.linkonce.sb.*)
 .rela.sbss     0x00000000480417a4        0x0 C:\ProgramData\dSPACE\1184D92C-D928-4591-A1E9-B54339797C20\Compiler\QNX650_520\target\qnx6/ppcbe/lib/crt1.o
 *(.rela.sdata2 .rela.sdata2.* .rela.gnu.linkonce.s2.*)
 *(.rela.sbss2 .rela.sbss2.* .rela.gnu.linkonce.sb2.*)
 *(.rela.bss .rela.bss.* .rela.gnu.linkonce.b.*)
 .rela.bss      0x00000000480417a4       0x24 C:\ProgramData\dSPACE\1184D92C-D928-4591-A1E9-B54339797C20\Compiler\QNX650_520\target\qnx6/ppcbe/lib/crt1.o
 .rela.iplt     0x00000000480417c8        0x0 C:\ProgramData\dSPACE\1184D92C-D928-4591-A1E9-B54339797C20\Compiler\QNX650_520\target\qnx6/ppcbe/lib/crt1.o

.rel.plt
 *(.rel.plt)

.rela.plt       0x00000000480417c8      0x4f8
 *(.rela.plt)
 .rela.plt      0x00000000480417c8      0x4f8 C:\ProgramData\dSPACE\1184D92C-D928-4591-A1E9-B54339797C20\Compiler\QNX650_520\target\qnx6/ppcbe/lib/crt1.o

.init           0x0000000048041cc0       0x24
 *(.init)
 .init          0x0000000048041cc0        0xc C:\ProgramData\dSPACE\1184D92C-D928-4591-A1E9-B54339797C20\Compiler\QNX650_520\target\qnx6/ppcbe/lib/crti.o
                0x0000000048041cc0                _init
 .init          0x0000000048041ccc        0x4 c:/programdata/dspace/1184d92c-d928-4591-a1e9-b54339797c20/compiler/qnx650_520/host/win32/x86/usr/bin/../lib/gcc/powerpc-unknown-nto-qnx6.5.0/5.2.0/crtbegin.o
 .init          0x0000000048041cd0        0x4 c:/programdata/dspace/1184d92c-d928-4591-a1e9-b54339797c20/compiler/qnx650_520/host/win32/x86/usr/bin/../lib/gcc/powerpc-unknown-nto-qnx6.5.0/5.2.0/crtend.o
 .init          0x0000000048041cd4       0x10 C:\ProgramData\dSPACE\1184D92C-D928-4591-A1E9-B54339797C20\Compiler\QNX650_520\target\qnx6/ppcbe/lib/crtn.o

.text           0x0000000048041cf0     0x6a1c
                0x0000000048041cf0                _btext = .
 *(.text .stub .text.* .gnu.linkonce.t.*)
 .text          0x0000000048041cf0      0x118 C:\ProgramData\dSPACE\1184D92C-D928-4591-A1E9-B54339797C20\Compiler\QNX650_520\target\qnx6/ppcbe/lib/crt1.o
                0x0000000048041cf0                _start
 .text          0x0000000048041e08        0x0 C:\ProgramData\dSPACE\1184D92C-D928-4591-A1E9-B54339797C20\Compiler\QNX650_520\target\qnx6/ppcbe/lib/crti.o
 .text          0x0000000048041e08      0x2b0 c:/programdata/dspace/1184d92c-d928-4591-a1e9-b54339797c20/compiler/qnx650_520/host/win32/x86/usr/bin/../lib/gcc/powerpc-unknown-nto-qnx6.5.0/5.2.0/crtbegin.o
 *fill*         0x00000000480420b8        0x8 00000000
 .text          0x00000000480420c0     0x40b4 Human_in_Loop.o07
                0x00000000480428b0                Human_in_Loop_Mux
                0x00000000480428c0                rt_powd_snf
                0x0000000048042b80                rt_roundd_snf
                0x0000000048042be0                Human_in_Lo_ControlModule_Reset
                0x0000000048042c60                Human_in_Loo_ControlModule_Init
                0x0000000048042c70                Human_in_Loop_ControlModule
                0x0000000048044520                Human_in_Loo_ControlModule_Term
                0x0000000048044560                rt_hypotd_snf
                0x0000000048044640                Human_in_Loop_output
                0x0000000048045d10                Human_in_Loop_update
                0x0000000048045e10                Human_in_Loop_initialize
                0x00000000480460e0                Human_in_Loop_terminate
 .text          0x0000000048046174        0x0 Human_in_Loop_data.o07
 .text          0x0000000048046174      0x114 Human_in_Loop_trc_ptr.o07
                0x0000000048046254                Human_in_Loop_rti_init_trc_pointers
 *fill*         0x0000000048046288        0x8 00000000
 .text          0x0000000048046290       0x5c rtGetInf.o07
                0x0000000048046290                rtGetInf
                0x00000000480462b0                rtGetInfF
                0x00000000480462c0                rtGetMinusInf
                0x00000000480462e0                rtGetMinusInfF
 *fill*         0x00000000480462ec        0x4 00000000
 .text          0x00000000480462f0       0x3c rtGetNaN.o07
                0x00000000480462f0                rtGetNaN
                0x0000000048046320                rtGetNaNF
 *fill*         0x000000004804632c        0x4 00000000
 .text          0x0000000048046330       0xf4 rt_nonfinite.o07
                0x0000000048046330                rt_InitInfAndNaN
                0x0000000048046390                rtIsInf
                0x00000000480463c0                rtIsInfF
                0x00000000480463f0                rtIsNaN
                0x0000000048046410                rtIsNaNF
 *fill*         0x0000000048046424        0xc 00000000
 .text          0x0000000048046430      0xad4 rti_sim_engine.o07
                0x0000000048046e90                rtk_idle_function
                0x0000000048046ea0                rti_th_timertask1_trigger_source
                0x0000000048046ef0                initConditions
                0x0000000048046f00                initVariables
 .text.unlikely
                0x0000000048046f04       0x78 rti_sim_engine.o07
 *fill*         0x0000000048046f7c        0x4 00000000
 .text.startup  0x0000000048046f80      0xb78 rti_sim_engine.o07
                0x0000000048046f80                main
 *fill*         0x0000000048047af8        0x8 00000000
 .text          0x0000000048047b00       0x40 rti_init_c.o07
                0x0000000048047b00                rti_init
 .text          0x0000000048047b40       0x44 rt_sim.o07
                0x0000000048047b40                rt_SimInitTimingEngine
                0x0000000048047b70                rt_SimGetNextSampleHit
                0x0000000048047b80                rt_SimUpdateDiscreteTaskSampleHits
 *fill*         0x0000000048047b84        0xc 00000000
 .text          0x0000000048047b90       0xd4 rti_assert.o07
                0x0000000048047b90                rti_assertion_handler
                0x0000000048047c20                rti_assertion_mode_msg
 .text          0x0000000048047c64        0x0 d:\Program Files\dSPACE RCPHIL 2017-B\DS1202\Lib/librtversion.a(RtVersion.o)
 *fill*         0x0000000048047c64        0xc 00000000
 .text          0x0000000048047c70        0x4 d:\Program Files\dSPACE RCPHIL 2017-B\DS1202\Lib/librtglobals.a(DsEESPort.o)
                0x0000000048047c70                DsEesPort_init()
 .text          0x0000000048047c74       0x20 d:\Program Files\dSPACE RCPHIL 2017-B\DS1202\Lib/libm_fastpow.a(w_pow.o)
                0x0000000048047c74                pow
 .text          0x0000000048047c94      0x85c d:\Program Files\dSPACE RCPHIL 2017-B\DS1202\Lib/libm_fastpow.a(e_pow.o)
                0x0000000048047c94                __ieee754_pow
 .text          0x00000000480484f0      0x188 d:\Program Files\dSPACE RCPHIL 2017-B\DS1202\Lib/libm_fastpow.a(s_scalbn.o)
                0x00000000480484f0                scalbn
 .text          0x0000000048048678       0x94 c:/programdata/dspace/1184d92c-d928-4591-a1e9-b54339797c20/compiler/qnx650_520/host/win32/x86/usr/bin/../lib/gcc/powerpc-unknown-nto-qnx6.5.0/5.2.0/crtend.o
 .text          0x000000004804870c        0x0 C:\ProgramData\dSPACE\1184D92C-D928-4591-A1E9-B54339797C20\Compiler\QNX650_520\target\qnx6/ppcbe/lib/crtn.o
 *(.gnu.warning)
 *(.glink)
 .glink         0x000000004804870c        0x0 C:\ProgramData\dSPACE\1184D92C-D928-4591-A1E9-B54339797C20\Compiler\QNX650_520\target\qnx6/ppcbe/lib/crt1.o

.fini           0x000000004804870c       0x20
 *(.fini)
 .fini          0x000000004804870c        0xc C:\ProgramData\dSPACE\1184D92C-D928-4591-A1E9-B54339797C20\Compiler\QNX650_520\target\qnx6/ppcbe/lib/crti.o
                0x000000004804870c                _fini
 .fini          0x0000000048048718        0x4 c:/programdata/dspace/1184d92c-d928-4591-a1e9-b54339797c20/compiler/qnx650_520/host/win32/x86/usr/bin/../lib/gcc/powerpc-unknown-nto-qnx6.5.0/5.2.0/crtbegin.o
 .fini          0x000000004804871c       0x10 C:\ProgramData\dSPACE\1184D92C-D928-4591-A1E9-B54339797C20\Compiler\QNX650_520\target\qnx6/ppcbe/lib/crtn.o
                [!provide]                        PROVIDE (__etext, .)
                0x000000004804872c                PROVIDE (_etext, .)
                [!provide]                        PROVIDE (etext, .)

.rodata         0x0000000048048730      0x5e0
 *(.rodata .rodata.* .gnu.linkonce.r.*)
 .rodata        0x0000000048048730       0x38 Human_in_Loop.o07
                0x0000000048048764                Human_in_Loop_M
 .rodata.cst4   0x0000000048048768       0x50 Human_in_Loop.o07
 .rodata.cst8   0x00000000480487b8       0x60 Human_in_Loop.o07
 .rodata.cst4   0x0000000048048818        0x8 rtGetInf.o07
 .rodata.cst4   0x0000000048048820        0x4 rtGetNaN.o07
 .rodata        0x0000000048048824        0xc rti_sim_engine.o07
                0x0000000048048824                rtiDataSetStorageEnabled
                0x0000000048048828                p_dsts_sum_of_reset_time
                0x000000004804882c                p_msg_last_error_no
 .rodata.cst4   0x0000000048048830        0x8 rti_sim_engine.o07
                                         0x10 (size before relaxing)
 .rodata.cst8   0x0000000048048838        0x8 rti_sim_engine.o07
                                         0x10 (size before relaxing)
 .rodata.str1.4
                0x0000000048048840      0x294 rti_sim_engine.o07
 .rodata.cst4   0x0000000048048ad4        0x4 rt_sim.o07
                                          0x8 (size before relaxing)
 .rodata.str1.4
                0x0000000048048ad8       0x71 rt_sim.o07
 *fill*         0x0000000048048b49        0x3 
 .rodata.str1.4
                0x0000000048048b4c       0x70 rti_assert.o07
                                         0x6d (size before relaxing)
 *fill*         0x0000000048048bbc        0x4 
 .rodata        0x0000000048048bc0       0x30 d:\Program Files\dSPACE RCPHIL 2017-B\DS1202\Lib/libm_fastpow.a(e_pow.o)
 .rodata.cst4   0x0000000048048bf0        0x8 d:\Program Files\dSPACE RCPHIL 2017-B\DS1202\Lib/libm_fastpow.a(e_pow.o)
 .rodata.cst8   0x0000000048048bf8       0xe8 d:\Program Files\dSPACE RCPHIL 2017-B\DS1202\Lib/libm_fastpow.a(e_pow.o)
 .rodata.cst8   0x0000000048048ce0       0x30 d:\Program Files\dSPACE RCPHIL 2017-B\DS1202\Lib/libm_fastpow.a(s_scalbn.o)

.rodata1
 *(.rodata1)

.sdata2         0x0000000048048d10        0x0
                0x0000000000008000                PROVIDE (_SDA2_BASE_, 0x8000)
 *(.sdata2 .sdata2.* .gnu.linkonce.s2.*)
 .sdata2        0x0000000048048d10        0x0 C:\ProgramData\dSPACE\1184D92C-D928-4591-A1E9-B54339797C20\Compiler\QNX650_520\target\qnx6/ppcbe/lib/crt1.o

.sbss2
 *(.sbss2 .sbss2.* .gnu.linkonce.sb2.*)

.eh_frame_hdr   0x0000000048048d10       0x14
 *(.eh_frame_hdr)
 .eh_frame_hdr  0x0000000048048d10       0x14 d:\Program Files\dSPACE RCPHIL 2017-B\DS1202\Lib/librtglobals.a(DsEESPort.o)

.eh_frame       0x0000000048048d24       0x2c
 *(.eh_frame)
 .eh_frame      0x0000000048048d24        0x0 C:\ProgramData\dSPACE\1184D92C-D928-4591-A1E9-B54339797C20\Compiler\QNX650_520\target\qnx6/ppcbe/lib/crt1.o
 .eh_frame      0x0000000048048d24        0x0 c:/programdata/dspace/1184d92c-d928-4591-a1e9-b54339797c20/compiler/qnx650_520/host/win32/x86/usr/bin/../lib/gcc/powerpc-unknown-nto-qnx6.5.0/5.2.0/crtbegin.o
 .eh_frame      0x0000000048048d24       0x28 d:\Program Files\dSPACE RCPHIL 2017-B\DS1202\Lib/librtglobals.a(DsEESPort.o)
 .eh_frame      0x0000000048048d4c        0x4 c:/programdata/dspace/1184d92c-d928-4591-a1e9-b54339797c20/compiler/qnx650_520/host/win32/x86/usr/bin/../lib/gcc/powerpc-unknown-nto-qnx6.5.0/5.2.0/crtend.o

.gcc_except_table
 *(.gcc_except_table .gcc_except_table.*)
                0x0000000048048d50                . = (ALIGN (0x1000) - ((0x1000 - .) & 0xfff))
                0x0000000048049000                . = DATA_SEGMENT_ALIGN (0x1000, 0x1000)

.eh_frame
 *(.eh_frame)

.gcc_except_table
 *(.gcc_except_table .gcc_except_table.*)

.tdata
 *(.tdata .tdata.* .gnu.linkonce.td.*)

.tbss
 *(.tbss .tbss.* .gnu.linkonce.tb.*)
 *(.tcommon)

.preinit_array  0x0000000048049000        0x0
                0x0000000048049000                PROVIDE (__preinit_array_start, .)
 *(.preinit_array)
                0x0000000048049000                PROVIDE (__preinit_array_end, .)

.init_array     0x0000000048049000        0x0
                0x0000000048049000                PROVIDE (__init_array_start, .)
 *(SORT(.init_array.*))
 *(.init_array)
                0x0000000048049000                PROVIDE (__init_array_end, .)

.fini_array     0x0000000048049000        0x0
                0x0000000048049000                PROVIDE (__fini_array_start, .)
 *(.fini_array)
 *(SORT(.fini_array.*))
                0x0000000048049000                PROVIDE (__fini_array_end, .)

.ctors          0x0000000048049000        0x8
 *crtbegin.o(.ctors)
 .ctors         0x0000000048049000        0x4 c:/programdata/dspace/1184d92c-d928-4591-a1e9-b54339797c20/compiler/qnx650_520/host/win32/x86/usr/bin/../lib/gcc/powerpc-unknown-nto-qnx6.5.0/5.2.0/crtbegin.o
 *crtbegin?.o(.ctors)
 *(EXCLUDE_FILE(*crtend?.o *crtend.o) .ctors)
 *(SORT(.ctors.*))
 *(.ctors)
 .ctors         0x0000000048049004        0x4 c:/programdata/dspace/1184d92c-d928-4591-a1e9-b54339797c20/compiler/qnx650_520/host/win32/x86/usr/bin/../lib/gcc/powerpc-unknown-nto-qnx6.5.0/5.2.0/crtend.o

.dtors          0x0000000048049008        0x8
 *crtbegin.o(.dtors)
 .dtors         0x0000000048049008        0x4 c:/programdata/dspace/1184d92c-d928-4591-a1e9-b54339797c20/compiler/qnx650_520/host/win32/x86/usr/bin/../lib/gcc/powerpc-unknown-nto-qnx6.5.0/5.2.0/crtbegin.o
 *crtbegin?.o(.dtors)
 *(EXCLUDE_FILE(*crtend?.o *crtend.o) .dtors)
 *(SORT(.dtors.*))
 *(.dtors)
 .dtors         0x000000004804900c        0x4 c:/programdata/dspace/1184d92c-d928-4591-a1e9-b54339797c20/compiler/qnx650_520/host/win32/x86/usr/bin/../lib/gcc/powerpc-unknown-nto-qnx6.5.0/5.2.0/crtend.o
                0x000000004804900c                __DTOR_END__

.jcr            0x0000000048049010        0x4
 *(.jcr)
 .jcr           0x0000000048049010        0x0 c:/programdata/dspace/1184d92c-d928-4591-a1e9-b54339797c20/compiler/qnx650_520/host/win32/x86/usr/bin/../lib/gcc/powerpc-unknown-nto-qnx6.5.0/5.2.0/crtbegin.o
 .jcr           0x0000000048049010        0x4 c:/programdata/dspace/1184d92c-d928-4591-a1e9-b54339797c20/compiler/qnx650_520/host/win32/x86/usr/bin/../lib/gcc/powerpc-unknown-nto-qnx6.5.0/5.2.0/crtend.o

.data.rel.ro
 *(.data.rel.ro.local* .gnu.linkonce.d.rel.ro.local.*)
 *(.data.rel.ro* .gnu.linkonce.d.rel.ro.*)

.fixup
 *(.fixup)

.got1
 *(.got1)

.got2
 *(.got2)

.dynamic        0x0000000048049014      0x100
 *(.dynamic)
 .dynamic       0x0000000048049014      0x100 C:\ProgramData\dSPACE\1184D92C-D928-4591-A1E9-B54339797C20\Compiler\QNX650_520\target\qnx6/ppcbe/lib/crt1.o
                0x0000000048049014                _DYNAMIC

.got
 *(.got)
                0x0000000048049114                . = DATA_SEGMENT_RELRO_END (., 0x0)

.plt
 *(.plt)

.data           0x0000000048049118     0x8bf8
 *(.data .data.* .gnu.linkonce.d.*)
 .data          0x0000000048049118        0x0 C:\ProgramData\dSPACE\1184D92C-D928-4591-A1E9-B54339797C20\Compiler\QNX650_520\target\qnx6/ppcbe/lib/crt1.o
 .data          0x0000000048049118        0x0 C:\ProgramData\dSPACE\1184D92C-D928-4591-A1E9-B54339797C20\Compiler\QNX650_520\target\qnx6/ppcbe/lib/crti.o
 .data          0x0000000048049118        0x0 c:/programdata/dspace/1184d92c-d928-4591-a1e9-b54339797c20/compiler/qnx650_520/host/win32/x86/usr/bin/../lib/gcc/powerpc-unknown-nto-qnx6.5.0/5.2.0/crtbegin.o
 .data.rel.local
                0x0000000048049118        0x4 c:/programdata/dspace/1184d92c-d928-4591-a1e9-b54339797c20/compiler/qnx650_520/host/win32/x86/usr/bin/../lib/gcc/powerpc-unknown-nto-qnx6.5.0/5.2.0/crtbegin.o
                0x0000000048049118                __dso_handle
 .data          0x000000004804911c        0x0 Human_in_Loop.o07
 *fill*         0x000000004804911c        0x4 
 .data          0x0000000048049120     0x8bd0 Human_in_Loop_data.o07
                0x0000000048049120                Human_in_Loop_P
 .data          0x0000000048051cf0        0x0 Human_in_Loop_trc_ptr.o07
 .data          0x0000000048051cf0        0x0 rtGetInf.o07
 .data          0x0000000048051cf0        0x0 rtGetNaN.o07
 .data          0x0000000048051cf0        0x0 rt_nonfinite.o07
 .data          0x0000000048051cf0       0x14 rti_sim_engine.o07
                0x0000000048051cf0                simState
                0x0000000048051d00                lastSimState
 .data          0x0000000048051d04        0x0 rti_init_c.o07
 .data          0x0000000048051d04        0x0 rt_sim.o07
 .data          0x0000000048051d04        0x0 rti_assert.o07
 .data          0x0000000048051d04        0x0 d:\Program Files\dSPACE RCPHIL 2017-B\DS1202\Lib/librtversion.a(RtVersion.o)
 .data          0x0000000048051d04        0x0 d:\Program Files\dSPACE RCPHIL 2017-B\DS1202\Lib/librtglobals.a(DsEESPort.o)
 .data.rel      0x0000000048051d04        0xc d:\Program Files\dSPACE RCPHIL 2017-B\DS1202\Lib/librtglobals.a(DsEESPort.o)
                0x0000000048051d04                p_xilapi_eesport_errorswitching_uint32_T
                0x0000000048051d08                p_xilapi_eesport_erroractivated_uint32_T
                0x0000000048051d0c                p_xilapi_eesport_activeerrorset_uint32_T
 .data          0x0000000048051d10        0x0 d:\Program Files\dSPACE RCPHIL 2017-B\DS1202\Lib/libm_fastpow.a(w_pow.o)
 .data          0x0000000048051d10        0x0 d:\Program Files\dSPACE RCPHIL 2017-B\DS1202\Lib/libm_fastpow.a(e_pow.o)
 .data          0x0000000048051d10        0x0 d:\Program Files\dSPACE RCPHIL 2017-B\DS1202\Lib/libm_fastpow.a(s_scalbn.o)
 .data          0x0000000048051d10        0x0 c:/programdata/dspace/1184d92c-d928-4591-a1e9-b54339797c20/compiler/qnx650_520/host/win32/x86/usr/bin/../lib/gcc/powerpc-unknown-nto-qnx6.5.0/5.2.0/crtend.o
 .data          0x0000000048051d10        0x0 C:\ProgramData\dSPACE\1184D92C-D928-4591-A1E9-B54339797C20\Compiler\QNX650_520\target\qnx6/ppcbe/lib/crtn.o

.tm_clone_table
                0x0000000048051d10        0x0
 .tm_clone_table
                0x0000000048051d10        0x0 c:/programdata/dspace/1184d92c-d928-4591-a1e9-b54339797c20/compiler/qnx650_520/host/win32/x86/usr/bin/../lib/gcc/powerpc-unknown-nto-qnx6.5.0/5.2.0/crtbegin.o
 .tm_clone_table
                0x0000000048051d10        0x0 c:/programdata/dspace/1184d92c-d928-4591-a1e9-b54339797c20/compiler/qnx650_520/host/win32/x86/usr/bin/../lib/gcc/powerpc-unknown-nto-qnx6.5.0/5.2.0/crtend.o

.data1
 *(.data1)

.got            0x0000000048051d10       0x54
 *(.got)
 .got           0x0000000048051d10       0x54 C:\ProgramData\dSPACE\1184D92C-D928-4591-A1E9-B54339797C20\Compiler\QNX650_520\target\qnx6/ppcbe/lib/crt1.o
                0x0000000048051d58                _GLOBAL_OFFSET_TABLE_

.sdata          0x0000000048051d64        0x0
                0x0000000000008000                PROVIDE (_SDA_BASE_, 0x8000)
 *(.sdata .sdata.* .gnu.linkonce.s.*)
 .sdata         0x0000000048051d64        0x0 C:\ProgramData\dSPACE\1184D92C-D928-4591-A1E9-B54339797C20\Compiler\QNX650_520\target\qnx6/ppcbe/lib/crt1.o
                0x0000000048051d64                _edata = .
                [!provide]                        PROVIDE (edata, .)
                0x0000000048051d64                __bss_start = .

.sbss           0x0000000048051d64        0x0
                [!provide]                        PROVIDE (__sbss_start, .)
                [!provide]                        PROVIDE (___sbss_start, .)
 *(.dynsbss)
 .dynsbss       0x0000000048051d64        0x0 C:\ProgramData\dSPACE\1184D92C-D928-4591-A1E9-B54339797C20\Compiler\QNX650_520\target\qnx6/ppcbe/lib/crt1.o
 *(.sbss .sbss.* .gnu.linkonce.sb.*)
 *(.scommon)
                [!provide]                        PROVIDE (__sbss_end, .)
                [!provide]                        PROVIDE (___sbss_end, .)

.plt            0x0000000048051d64      0x540
 *(.plt)
 .plt           0x0000000048051d64      0x540 C:\ProgramData\dSPACE\1184D92C-D928-4591-A1E9-B54339797C20\Compiler\QNX650_520\target\qnx6/ppcbe/lib/crt1.o
                0x0000000048051dac                ts_reset
                0x0000000048051db4                __register_frame_info
                0x0000000048051dbc                DioCl2EncoderIn_create
                0x0000000048051dc4                msg_error_clear
                0x0000000048051dcc                AdcCl1AnalogIn_read
                0x0000000048051dd4                dsrtt_set_current_time
                0x0000000048051ddc                sqrt
                0x0000000048051de4                DioCl2EncoderIn_read
                0x0000000048051dec                rtk_current_task_absolute_time_ptr_get
                0x0000000048051df4                DioCl1DigIn_start
                0x0000000048051dfc                DsTimeSync_simstateRun
                0x0000000048051e04                DacCl1AnalogOut_create
                0x0000000048051e0c                DioCl2EncoderIn_setEncPosition
                0x0000000048051e14                DioCl2EncoderIn_stop
                0x0000000048051e1c                DioCl1DigIn_setInputFilter
                0x0000000048051e24                floor
                0x0000000048051e2c                DioCl1DigIn_create
                0x0000000048051e34                memcpy
                0x0000000048051e3c                rtk_setup_temp_overrun_handling
                0x0000000048051e44                DioCl1DigOut_setChMaskOutData
                0x0000000048051e4c                DioCl2EncoderIn_setIndexMode
                0x0000000048051e54                ceil
                0x0000000048051e5c                SrtkIntBase_requestTaskMode
                0x0000000048051e64                rtk_reset_tasks
                0x0000000048051e6c                __cxa_finalize
                0x0000000048051e74                _init_array
                0x0000000048051e7c                rtk_set_task_type
                0x0000000048051e84                DsTimeSync_baserate
                0x0000000048051e8c                rtk_task_name_set
                0x0000000048051e94                DacCl1AnalogOut_apply
                0x0000000048051e9c                DioCl1DigIn_getChMaskInData
                0x0000000048051ea4                DioCl1DigOut_setChMaskOutHighZ
                0x0000000048051eac                dsrtt_script_service_post_computation
                0x0000000048051eb4                rtk_create_task
                0x0000000048051ebc                msg_warning_printf
                0x0000000048051ec4                msg_last_error_number
                0x0000000048051ecc                DioCl2EncoderIn_start
                0x0000000048051ed4                AdcCl1AnalogIn_setConversTrigger
                0x0000000048051edc                dsparam_copy_data_set
                0x0000000048051ee4                SrtkPreload_preloadRegion
                0x0000000048051eec                msg_error_set
                0x0000000048051ef4                rtk_enable_services
                0x0000000048051efc                SrtkDaq_Init
                0x0000000048051f04                DioCl1DigOut_setSignalVoltage
                0x0000000048051f0c                rtk_task_task_calls_get
                0x0000000048051f14                DioCl1DigIn_apply
                0x0000000048051f1c                DsTimeSync_setCurrentTimePtr
                0x0000000048051f24                DioCl2EncoderIn_setMinEncVelocity
                0x0000000048051f2c                SrtkIntBase_enableIntGlobal
                0x0000000048051f34                DacCl1AnalogOut_write
                0x0000000048051f3c                AdcCl1AnalogIn_setConversionMode
                0x0000000048051f44                rtk_overrun_flag_clear
                0x0000000048051f4c                rtk_bind_interrupt
                0x0000000048051f54                DacCl1AnalogOut_stop
                0x0000000048051f5c                AdcCl1AnalogIn_apply
                0x0000000048051f64                _init_libc
                0x0000000048051f6c                DioCl2EncoderIn_setGatedMode
                0x0000000048051f74                dsrtt_init
                0x0000000048051f7c                AdcCl1AnalogIn_write
                0x0000000048051f84                DioCl1DigOut_write
                0x0000000048051f8c                SrtkApp_terminate
                0x0000000048051f94                DioCl1DigOut_start
                0x0000000048051f9c                DioCl2EncoderIn_setMaxPosition
                0x0000000048051fa4                DioCl2EncoderIn_setMinPosition
                0x0000000048051fac                AdcCl1AnalogIn_isDataReady
                0x0000000048051fb4                msg_info_set
                0x0000000048051fbc                dsrtt_script_service_pre_computation
                0x0000000048051fc4                DacCl1AnalogOut_start
                0x0000000048051fcc                msg_error_printf
                0x0000000048051fd4                memset
                0x0000000048051fdc                DioCl1DigOut_create
                0x0000000048051fe4                DioCl2EncoderIn_getEncPosition
                0x0000000048051fec                rtk_leave_idle_mode
                0x0000000048051ff4                __wrap_exit
                0x0000000048051ffc                DioCl1DigOut_apply
                0x0000000048052004                __wrap_atexit
                0x000000004805200c                DioCl2EncoderIn_setMeasurementInterval
                0x0000000048052014                DacCl1AnalogOut_setOutputValue
                0x000000004805201c                AdcCl1AnalogIn_start
                0x0000000048052024                _fini_array
                0x000000004805202c                SrtkDaq_Background
                0x0000000048052034                _preinit_array
                0x000000004805203c                SrtkApp_init
                0x0000000048052044                SrtkDaq_Service
                0x000000004805204c                rtk_task_task_name_get
                0x0000000048052054                AdcCl1AnalogIn_setConversSwTrigger
                0x000000004805205c                DioCl1DigIn_read
                0x0000000048052064                SrtkSim_notifyStateTransition
                0x000000004805206c                AdcCl1AnalogIn_getSingleValue
                0x0000000048052074                DioCl2EncoderIn_apply
                0x000000004805207c                DioCl2EncoderIn_getEncVelocity
                0x0000000048052084                msg_set
                0x000000004805208c                rtk_get_subentry
                0x0000000048052094                dsrtt_set_step_size
                0x000000004805209c                rtk_enter_idle_mode
                0x00000000480520a4                rtk_initialize
                0x00000000480520ac                DacCl1AnalogOut_setOutputHighZ
                0x00000000480520b4                DioCl2EncoderIn_setEncoderLines
                0x00000000480520bc                SrtkApp_background
                0x00000000480520c4                rtk_default_overrun_fcn
                0x00000000480520cc                AdcCl1AnalogIn_create
                0x00000000480520d4                vcm_module_register
                0x00000000480520dc                DsTimeSync_simstateStop
                0x00000000480520e4                SrtkIntBase_disableIntGlobal
                0x00000000480520ec                SrtkSim_registerState
                0x00000000480520f4                __deregister_frame_info

.bss            0x00000000480522a8    0x330cc
 *(.dynbss)
 .dynbss        0x00000000480522a8       0x14 C:\ProgramData\dSPACE\1184D92C-D928-4591-A1E9-B54339797C20\Compiler\QNX650_520\target\qnx6/ppcbe/lib/crt1.o
                0x00000000480522a8                errno
                0x00000000480522b0                dsts_sum_of_reseted_time
                0x00000000480522b8                msg_last_error_no
 *(.bss .bss.* .gnu.linkonce.b.*)
 .bss           0x00000000480522bc        0x0 C:\ProgramData\dSPACE\1184D92C-D928-4591-A1E9-B54339797C20\Compiler\QNX650_520\target\qnx6/ppcbe/lib/crt1.o
 .bss           0x00000000480522bc        0x0 C:\ProgramData\dSPACE\1184D92C-D928-4591-A1E9-B54339797C20\Compiler\QNX650_520\target\qnx6/ppcbe/lib/crti.o
 .bss           0x00000000480522bc       0x20 c:/programdata/dspace/1184d92c-d928-4591-a1e9-b54339797c20/compiler/qnx650_520/host/win32/x86/usr/bin/../lib/gcc/powerpc-unknown-nto-qnx6.5.0/5.2.0/crtbegin.o
 *fill*         0x00000000480522dc        0x4 
 .bss           0x00000000480522e0    0x32f98 Human_in_Loop.o07
                0x00000000480522e0                Human_in_Loop_B
                0x0000000048078788                Human_in_Loop_DW
                0x0000000048085250                Human_in_Loop_M_
 .bss           0x0000000048085278        0x0 Human_in_Loop_data.o07
 .bss           0x0000000048085278       0x30 Human_in_Loop_trc_ptr.o07
                0x0000000048085278                p_0_Human_in_Loop_real_T_0
                0x000000004808527c                p_0_Human_in_Loop_boolean_T_1
                0x0000000048085280                p_0_Human_in_Loop_real_T_2
                0x0000000048085284                p_0_Human_in_Loop_real_T_3
                0x0000000048085288                p_1_Human_in_Loop_real_T_0
                0x000000004808528c                p_1_Human_in_Loop_int32_T_1
                0x0000000048085290                p_1_Human_in_Loop_int8_T_2
                0x0000000048085294                p_1_Human_in_Loop_boolean_T_3
                0x0000000048085298                p_1_Human_in_Loop_real_T_4
                0x000000004808529c                p_1_Human_in_Loop_boolean_T_5
                0x00000000480852a0                p_2_Human_in_Loop_real_T_0
                0x00000000480852a4                p_2_Human_in_Loop_int8_T_1
 .bss           0x00000000480852a8        0x0 rtGetInf.o07
 .bss           0x00000000480852a8        0x0 rtGetNaN.o07
 .bss           0x00000000480852a8       0x2c rt_nonfinite.o07
                0x00000000480852a8                rtNaN
                0x00000000480852b0                rtNaNF
                0x00000000480852b8                rtInf
                0x00000000480852c0                rtInfF
                0x00000000480852c8                rtMinusInf
                0x00000000480852d0                rtMinusInfF
 *fill*         0x00000000480852d4        0x4 
 .bss           0x00000000480852d8       0x84 rti_sim_engine.o07
                0x00000000480852d8                currentTime
                0x00000000480852dc                finalTime
                0x00000000480852e0                modelStepSize
                0x00000000480852e8                pRTIDacC1AnalogOut_Ch_16
                0x00000000480852ec                pRTIEmcEncoder_Unit_1_DioCl_2_Port_1_Ch1
                0x00000000480852f0                pRTIEmcEncoder_Unit_3_DioCl_2_Port_1_Ch5
                0x00000000480852f4                pRTIDioC1DigOut_Port_3_Ch_11
                0x00000000480852f8                pRTIDioC1DigOut_Port_3_Ch_13
                0x00000000480852fc                pRTIDioC1DigOut_Port_1_Ch_1
                0x0000000048085300                pRTIAdcC1AnalogIn_Ch_6
                0x0000000048085304                pRTIDioC1DigIn_Port_1_Ch_2
                0x0000000048085308                taskMode
                0x000000004808530c                pRti_TIMERA_STime
                0x0000000048085310                pRti_TIMERA_TTime
                0x0000000048085314                pRti_TIMERA_TState
                0x0000000048085318                pRti_TIMERA_OType
                0x000000004808531c                pRti_TIMERA_OMax
                0x0000000048085320                pRti_TIMERA_ORpt
                0x0000000048085324                pRti_TIMERA_OCnt
                0x0000000048085328                pRti_TIMERA_TCnt
                0x000000004808532c                pRti_TIMERA_Prio
                0x0000000048085334                pRti_TIMERB_STime
                0x0000000048085338                pRti_TIMERB_TTime
                0x000000004808533c                pRti_TIMERB_TState
                0x0000000048085340                pRti_TIMERB_OType
                0x0000000048085344                pRti_TIMERB_OMax
                0x0000000048085348                pRti_TIMERB_ORpt
                0x000000004808534c                pRti_TIMERB_OCnt
                0x0000000048085350                pRti_TIMERB_TCnt
                0x0000000048085354                pRti_TIMERB_Prio
                0x0000000048085358                rtiAssertionMode
 .bss           0x000000004808535c        0x4 rti_init_c.o07
 .bss           0x0000000048085360        0x0 rt_sim.o07
 .bss           0x0000000048085360        0x0 rti_assert.o07
 .bss           0x0000000048085360        0x0 d:\Program Files\dSPACE RCPHIL 2017-B\DS1202\Lib/librtversion.a(RtVersion.o)
 .bss           0x0000000048085360       0x14 d:\Program Files\dSPACE RCPHIL 2017-B\DS1202\Lib/librtglobals.a(DsEESPort.o)
                0x0000000048085360                xilapi_eesport_trigger_uint32_T
                0x0000000048085364                xilapi_eesport_flags_uint32_T
                0x0000000048085368                xilapi_eesport_errorswitching_uint32_T
                0x000000004808536c                xilapi_eesport_erroractivated_uint32_T
                0x0000000048085370                xilapi_eesport_activeerrorset_uint32_T
 .bss           0x0000000048085374        0x0 d:\Program Files\dSPACE RCPHIL 2017-B\DS1202\Lib/libm_fastpow.a(w_pow.o)
 .bss           0x0000000048085374        0x0 d:\Program Files\dSPACE RCPHIL 2017-B\DS1202\Lib/libm_fastpow.a(e_pow.o)
 .bss           0x0000000048085374        0x0 d:\Program Files\dSPACE RCPHIL 2017-B\DS1202\Lib/libm_fastpow.a(s_scalbn.o)
 .bss           0x0000000048085374        0x0 c:/programdata/dspace/1184d92c-d928-4591-a1e9-b54339797c20/compiler/qnx650_520/host/win32/x86/usr/bin/../lib/gcc/powerpc-unknown-nto-qnx6.5.0/5.2.0/crtend.o
 .bss           0x0000000048085374        0x0 C:\ProgramData\dSPACE\1184D92C-D928-4591-A1E9-B54339797C20\Compiler\QNX650_520\target\qnx6/ppcbe/lib/crtn.o
 *(COMMON)
                0x0000000048085374                . = ALIGN ((. != 0x0)?0x4:0x1)

.iplt           0x0000000048085380        0x0
 .iplt          0x0000000048085380        0x0 C:\ProgramData\dSPACE\1184D92C-D928-4591-A1E9-B54339797C20\Compiler\QNX650_520\target\qnx6/ppcbe/lib/crt1.o
                0x0000000048085380                . = ALIGN (0x4)
                0x0000000048085380                . = ALIGN (0x4)
                0x0000000048085380                __end = .
                0x0000000048085380                _end = .
                [!provide]                        PROVIDE (end, .)
                0x0000000048085380                . = DATA_SEGMENT_END (.)

.stab
 *(.stab)

.stabstr
 *(.stabstr)

.stab.excl
 *(.stab.excl)

.stab.exclstr
 *(.stab.exclstr)

.stab.index
 *(.stab.index)

.stab.indexstr
 *(.stab.indexstr)

.comment        0x0000000000000000       0x47
 *(.comment)
 .comment       0x0000000000000000       0x11 c:/programdata/dspace/1184d92c-d928-4591-a1e9-b54339797c20/compiler/qnx650_520/host/win32/x86/usr/bin/../lib/gcc/powerpc-unknown-nto-qnx6.5.0/5.2.0/crtbegin.o
                                         0x12 (size before relaxing)
 .comment       0x0000000000000011       0x12 Human_in_Loop.o07
 .comment       0x0000000000000011       0x12 Human_in_Loop_data.o07
 .comment       0x0000000000000011       0x12 Human_in_Loop_trc_ptr.o07
 .comment       0x0000000000000011       0x12 rtGetInf.o07
 .comment       0x0000000000000011       0x12 rtGetNaN.o07
 .comment       0x0000000000000011       0x12 rt_nonfinite.o07
 .comment       0x0000000000000011       0x12 rti_sim_engine.o07
 .comment       0x0000000000000011       0x12 rti_init_c.o07
 .comment       0x0000000000000011       0x12 rt_sim.o07
 .comment       0x0000000000000011       0x12 rti_assert.o07
 .comment       0x0000000000000011       0x12 d:\Program Files\dSPACE RCPHIL 2017-B\DS1202\Lib/librtversion.a(RtVersion.o)
 .comment       0x0000000000000011       0x12 d:\Program Files\dSPACE RCPHIL 2017-B\DS1202\Lib/librtglobals.a(DsEESPort.o)
 .comment       0x0000000000000011       0x12 d:\Program Files\dSPACE RCPHIL 2017-B\DS1202\Lib/libm_fastpow.a(w_pow.o)
 .comment       0x0000000000000023       0x12 d:\Program Files\dSPACE RCPHIL 2017-B\DS1202\Lib/libm_fastpow.a(e_pow.o)
 .comment       0x0000000000000035       0x12 d:\Program Files\dSPACE RCPHIL 2017-B\DS1202\Lib/libm_fastpow.a(s_scalbn.o)
 .comment       0x0000000000000047       0x12 c:/programdata/dspace/1184d92c-d928-4591-a1e9-b54339797c20/compiler/qnx650_520/host/win32/x86/usr/bin/../lib/gcc/powerpc-unknown-nto-qnx6.5.0/5.2.0/crtend.o

.PPC.EMB.apuinfo
                0x0000000000000000       0x18
 .PPC.EMB.apuinfo
                0x0000000000000000       0x18 Human_in_Loop.o07

.debug
 *(.debug)

.line
 *(.line)

.debug_srcinfo
 *(.debug_srcinfo)

.debug_sfnames
 *(.debug_sfnames)

.debug_aranges
 *(.debug_aranges)

.debug_pubnames
 *(.debug_pubnames)

.debug_info
 *(.debug_info .gnu.linkonce.wi.*)

.debug_abbrev
 *(.debug_abbrev)

.debug_line
 *(.debug_line)

.debug_frame
 *(.debug_frame)

.debug_str
 *(.debug_str)

.debug_loc
 *(.debug_loc)

.debug_macinfo
 *(.debug_macinfo)

.debug_weaknames
 *(.debug_weaknames)

.debug_funcnames
 *(.debug_funcnames)

.debug_typenames
 *(.debug_typenames)

.debug_varnames
 *(.debug_varnames)

.debug_pubtypes
 *(.debug_pubtypes)

.debug_ranges
 *(.debug_ranges)

.gnu.attributes
                0x0000000000000000       0x14
 *(.gnu.attributes)
 .gnu.attributes
                0x0000000000000000       0x10 Human_in_Loop.o07
 .gnu.attributes
                0x0000000000000010       0x10 rtGetInf.o07
 .gnu.attributes
                0x0000000000000020       0x10 rtGetNaN.o07
 .gnu.attributes
                0x0000000000000030       0x10 rt_nonfinite.o07
 .gnu.attributes
                0x0000000000000040       0x10 rti_sim_engine.o07
 .gnu.attributes
                0x0000000000000050       0x10 rt_sim.o07
 .gnu.attributes
                0x0000000000000060       0x10 rti_assert.o07
 .gnu.attributes
                0x0000000000000070       0x14 d:\Program Files\dSPACE RCPHIL 2017-B\DS1202\Lib/libm_fastpow.a(w_pow.o)
 .gnu.attributes
                0x0000000000000084       0x14 d:\Program Files\dSPACE RCPHIL 2017-B\DS1202\Lib/libm_fastpow.a(e_pow.o)
 .gnu.attributes
                0x0000000000000098       0x14 d:\Program Files\dSPACE RCPHIL 2017-B\DS1202\Lib/libm_fastpow.a(s_scalbn.o)

/DISCARD/
 *(.note.GNU-stack)
 *(.gnu_debuglink)
OUTPUT(Human_in_Loop.ppc elf32-powerpc)
