Archive member included to satisfy reference by file (symbol)

d:\Program Files\dSPACE RCPHIL 2017-B\DS1202\Lib/librtversion.a(RtVersion.o)
                              (--whole-archive)
d:\Program Files\dSPACE RCPHIL 2017-B\DS1202\Lib/librtglobals.a(DsEESPort.o)
                              (--whole-archive)
d:\Program Files\dSPACE RCPHIL 2017-B\DS1202\Lib/libm_fastpow.a(w_pow.o)
                              Human_in_Loop.o07 (pow)
d:\Program Files\dSPACE RCPHIL 2017-B\DS1202\Lib/libm_fastpow.a(e_pow.o)
                              d:\Program Files\dSPACE RCPHIL 2017-B\DS1202\Lib/libm_fastpow.a(w_pow.o) (__ieee754_pow)
d:\Program Files\dSPACE RCPHIL 2017-B\DS1202\Lib/libm_fastpow.a(s_scalbn.o)
                              d:\Program Files\dSPACE RCPHIL 2017-B\DS1202\Lib/libm_fastpow.a(e_pow.o) (scalbn)

As-needed library included to satisfy reference by file (symbol)

libDsRealTimeTestingRP.so.1   rti_sim_engine.o07 (dsrtt_script_service_pre_computation)

Memory Configuration

Name             Origin             Length             Attributes
*default*        0x0000000000000000 0xffffffffffffffff

Linker script and memory map

LOAD C:\ProgramData\dSPACE\1184D92C-D928-4591-A1E9-B54339797C20\Compiler\QNX650_520\target\qnx6/ppcbe/lib/crt1.o
LOAD C:\ProgramData\dSPACE\1184D92C-D928-4591-A1E9-B54339797C20\Compiler\QNX650_520\target\qnx6/ppcbe/lib/crti.o
LOAD c:/programdata/dspace/1184d92c-d928-4591-a1e9-b54339797c20/compiler/qnx650_520/host/win32/x86/usr/bin/../lib/gcc/powerpc-unknown-nto-qnx6.5.0/5.2.0/crtbegin.o
                0x0000000000000000                _DSPACE_START = 0x0
                0x0000000000000000                _DSPACE_START_ = 0x0
                0x00000000000004b2                DS_TARGET_PLATFORM = 0x4b2
START GROUP
LOAD Human_in_Loop.o07
LOAD Human_in_Loop_data.o07
LOAD Human_in_Loop_trc_ptr.o07
LOAD rtGetInf.o07
LOAD rtGetNaN.o07
LOAD rt_nonfinite.o07
LOAD rt_zcfcn.o07
LOAD rti_sim_engine.o07
LOAD rti_init_c.o07
LOAD rt_sim.o07
LOAD rti_assert.o07
LOAD rtican_err1202.o07
LOAD d:\Program Files\dSPACE RCPHIL 2017-B\DS1202\Lib/librtcan.so
LOAD d:\Program Files\dSPACE RCPHIL 2017-B\DS1202\Lib/librtj1939.so
LOAD d:\Program Files\dSPACE RCPHIL 2017-B\DS1202\Lib/librtser.so
LOAD d:\Program Files\dSPACE RCPHIL 2017-B\DS1202\Lib/librt13xxio.so
LOAD d:\Program Files\dSPACE RCPHIL 2017-B\DS1202\Lib/librt1202.so
LOAD d:\Program Files\dSPACE RCPHIL 2017-B\DS1202\Lib/librtwrap.so
LOAD d:\Program Files\dSPACE RCPHIL 2017-B\DS1202\Lib/librtversion.a
LOAD d:\Program Files\dSPACE RCPHIL 2017-B\DS1202\Lib/librtglobals.a
LOAD d:\Program Files\dSPACE RCPHIL 2017-B\DS1202\Lib/libm_fastpow.a
END GROUP
LOAD d:\Program Files\dSPACE RCPHIL 2017-B\DS1202\Lib/libstdc++.so
LOAD C:\ProgramData\dSPACE\1184D92C-D928-4591-A1E9-B54339797C20\Compiler\QNX650_520\target\qnx6/ppcbe/lib/libm.so
LOAD c:/programdata/dspace/1184d92c-d928-4591-a1e9-b54339797c20/compiler/qnx650_520/host/win32/x86/usr/bin/../lib/gcc/powerpc-unknown-nto-qnx6.5.0/5.2.0\libgcc.a
LOAD C:\ProgramData\dSPACE\1184D92C-D928-4591-A1E9-B54339797C20\Compiler\QNX650_520\target\qnx6/ppcbe/lib/libc.so
LOAD C:\ProgramData\dSPACE\1184D92C-D928-4591-A1E9-B54339797C20\Compiler\QNX650_520\target\qnx6/ppcbe/lib\libc.a
LOAD c:/programdata/dspace/1184d92c-d928-4591-a1e9-b54339797c20/compiler/qnx650_520/host/win32/x86/usr/bin/../lib/gcc/powerpc-unknown-nto-qnx6.5.0/5.2.0\libgcc.a
LOAD c:/programdata/dspace/1184d92c-d928-4591-a1e9-b54339797c20/compiler/qnx650_520/host/win32/x86/usr/bin/../lib/gcc/powerpc-unknown-nto-qnx6.5.0/5.2.0/crtend.o
LOAD C:\ProgramData\dSPACE\1184D92C-D928-4591-A1E9-B54339797C20\Compiler\QNX650_520\target\qnx6/ppcbe/lib/crtn.o
                [!provide]                        PROVIDE (__stack, 0x0)
                [!provide]                        PROVIDE (___stack, 0x0)
                [!provide]                        PROVIDE (__executable_start, 0x48040000)
                0x0000000048040134                . = (0x48040000 + SIZEOF_HEADERS)

.interp         0x0000000048040134       0x14
 *(.interp)
 .interp        0x0000000048040134       0x14 C:\ProgramData\dSPACE\1184D92C-D928-4591-A1E9-B54339797C20\Compiler\QNX650_520\target\qnx6/ppcbe/lib/crt1.o

.note           0x0000000048040150       0x18
 .note          0x0000000048040150       0x18 C:\ProgramData\dSPACE\1184D92C-D928-4591-A1E9-B54339797C20\Compiler\QNX650_520\target\qnx6/ppcbe/lib/crtn.o

.note.gnu.build-id
                0x0000000048040168       0x20
 *(.note.gnu.build-id)
 .note.gnu.build-id
                0x0000000048040168       0x20 C:\ProgramData\dSPACE\1184D92C-D928-4591-A1E9-B54339797C20\Compiler\QNX650_520\target\qnx6/ppcbe/lib/crt1.o

.hash           0x0000000048040188      0x4a4
 *(.hash)
 .hash          0x0000000048040188      0x4a4 C:\ProgramData\dSPACE\1184D92C-D928-4591-A1E9-B54339797C20\Compiler\QNX650_520\target\qnx6/ppcbe/lib/crt1.o

.gnu.hash
 *(.gnu.hash)

.dynsym         0x000000004804062c      0xa40
 *(.dynsym)
 .dynsym        0x000000004804062c      0xa40 C:\ProgramData\dSPACE\1184D92C-D928-4591-A1E9-B54339797C20\Compiler\QNX650_520\target\qnx6/ppcbe/lib/crt1.o

.dynstr         0x000000004804106c      0xd69
 *(.dynstr)
 .dynstr        0x000000004804106c      0xd69 C:\ProgramData\dSPACE\1184D92C-D928-4591-A1E9-B54339797C20\Compiler\QNX650_520\target\qnx6/ppcbe/lib/crt1.o

.gnu.version    0x0000000048041dd6        0x0
 *(.gnu.version)
 .gnu.version   0x0000000048041dd6        0x0 C:\ProgramData\dSPACE\1184D92C-D928-4591-A1E9-B54339797C20\Compiler\QNX650_520\target\qnx6/ppcbe/lib/crt1.o

.gnu.version_d  0x0000000048041dd8        0x0
 *(.gnu.version_d)
 .gnu.version_d
                0x0000000048041dd8        0x0 C:\ProgramData\dSPACE\1184D92C-D928-4591-A1E9-B54339797C20\Compiler\QNX650_520\target\qnx6/ppcbe/lib/crt1.o

.gnu.version_r  0x0000000048041dd8        0x0
 *(.gnu.version_r)
 .gnu.version_r
                0x0000000048041dd8        0x0 C:\ProgramData\dSPACE\1184D92C-D928-4591-A1E9-B54339797C20\Compiler\QNX650_520\target\qnx6/ppcbe/lib/crt1.o

.rel.dyn
 *(.rel.init)
 *(.rel.text .rel.text.* .rel.gnu.linkonce.t.*)
 *(.rel.fini)
 *(.rel.rodata .rel.rodata.* .rel.gnu.linkonce.r.*)
 *(.rel.data.rel.ro* .rel.gnu.linkonce.d.rel.ro.*)
 *(.rel.data .rel.data.* .rel.gnu.linkonce.d.*)
 *(.rel.tdata .rel.tdata.* .rel.gnu.linkonce.td.*)
 *(.rel.tbss .rel.tbss.* .rel.gnu.linkonce.tb.*)
 *(.rel.ctors)
 *(.rel.dtors)
 *(.rel.got)
 *(.rel.sdata .rel.sdata.* .rel.gnu.linkonce.s.*)
 *(.rel.sbss .rel.sbss.* .rel.gnu.linkonce.sb.*)
 *(.rel.sdata2 .rel.sdata2.* .rel.gnu.linkonce.s2.*)
 *(.rel.sbss2 .rel.sbss2.* .rel.gnu.linkonce.sb2.*)
 *(.rel.bss .rel.bss.* .rel.gnu.linkonce.b.*)

.rela.dyn       0x0000000048041dd8       0x84
 *(.rela.init)
 *(.rela.text .rela.text.* .rela.gnu.linkonce.t.*)
 .rela.text     0x0000000048041dd8        0x0 C:\ProgramData\dSPACE\1184D92C-D928-4591-A1E9-B54339797C20\Compiler\QNX650_520\target\qnx6/ppcbe/lib/crt1.o
 .rela.text.startup
                0x0000000048041dd8        0x0 C:\ProgramData\dSPACE\1184D92C-D928-4591-A1E9-B54339797C20\Compiler\QNX650_520\target\qnx6/ppcbe/lib/crt1.o
 *(.rela.fini)
 *(.rela.rodata .rela.rodata.* .rela.gnu.linkonce.r.*)
 .rela.rodata   0x0000000048041dd8        0x0 C:\ProgramData\dSPACE\1184D92C-D928-4591-A1E9-B54339797C20\Compiler\QNX650_520\target\qnx6/ppcbe/lib/crt1.o
 *(.rela.data .rela.data.* .rela.gnu.linkonce.d.*)
 *(.rela.tdata .rela.tdata.* .rela.gnu.linkonce.td.*)
 *(.rela.tbss .rela.tbss.* .rela.gnu.linkonce.tb.*)
 *(.rela.ctors)
 *(.rela.dtors)
 *(.rela.got)
 .rela.got      0x0000000048041dd8       0x48 C:\ProgramData\dSPACE\1184D92C-D928-4591-A1E9-B54339797C20\Compiler\QNX650_520\target\qnx6/ppcbe/lib/crt1.o
 *(.rela.got1)
 *(.rela.got2)
 *(.rela.sdata .rela.sdata.* .rela.gnu.linkonce.s.*)
 *(.rela.sbss .rela.sbss.* .rela.gnu.linkonce.sb.*)
 .rela.sbss     0x0000000048041e20        0x0 C:\ProgramData\dSPACE\1184D92C-D928-4591-A1E9-B54339797C20\Compiler\QNX650_520\target\qnx6/ppcbe/lib/crt1.o
 *(.rela.sdata2 .rela.sdata2.* .rela.gnu.linkonce.s2.*)
 *(.rela.sbss2 .rela.sbss2.* .rela.gnu.linkonce.sb2.*)
 *(.rela.bss .rela.bss.* .rela.gnu.linkonce.b.*)
 .rela.bss      0x0000000048041e20       0x3c C:\ProgramData\dSPACE\1184D92C-D928-4591-A1E9-B54339797C20\Compiler\QNX650_520\target\qnx6/ppcbe/lib/crt1.o
 .rela.iplt     0x0000000048041e5c        0x0 C:\ProgramData\dSPACE\1184D92C-D928-4591-A1E9-B54339797C20\Compiler\QNX650_520\target\qnx6/ppcbe/lib/crt1.o

.rel.plt
 *(.rel.plt)

.rela.plt       0x0000000048041e5c      0x6b4
 *(.rela.plt)
 .rela.plt      0x0000000048041e5c      0x6b4 C:\ProgramData\dSPACE\1184D92C-D928-4591-A1E9-B54339797C20\Compiler\QNX650_520\target\qnx6/ppcbe/lib/crt1.o

.init           0x0000000048042510       0x24
 *(.init)
 .init          0x0000000048042510        0xc C:\ProgramData\dSPACE\1184D92C-D928-4591-A1E9-B54339797C20\Compiler\QNX650_520\target\qnx6/ppcbe/lib/crti.o
                0x0000000048042510                _init
 .init          0x000000004804251c        0x4 c:/programdata/dspace/1184d92c-d928-4591-a1e9-b54339797c20/compiler/qnx650_520/host/win32/x86/usr/bin/../lib/gcc/powerpc-unknown-nto-qnx6.5.0/5.2.0/crtbegin.o
 .init          0x0000000048042520        0x4 c:/programdata/dspace/1184d92c-d928-4591-a1e9-b54339797c20/compiler/qnx650_520/host/win32/x86/usr/bin/../lib/gcc/powerpc-unknown-nto-qnx6.5.0/5.2.0/crtend.o
 .init          0x0000000048042524       0x10 C:\ProgramData\dSPACE\1184D92C-D928-4591-A1E9-B54339797C20\Compiler\QNX650_520\target\qnx6/ppcbe/lib/crtn.o

.text           0x0000000048042540    0x1042c
                0x0000000048042540                _btext = .
 *(.text .stub .text.* .gnu.linkonce.t.*)
 .text          0x0000000048042540      0x118 C:\ProgramData\dSPACE\1184D92C-D928-4591-A1E9-B54339797C20\Compiler\QNX650_520\target\qnx6/ppcbe/lib/crt1.o
                0x0000000048042540                _start
 .text          0x0000000048042658        0x0 C:\ProgramData\dSPACE\1184D92C-D928-4591-A1E9-B54339797C20\Compiler\QNX650_520\target\qnx6/ppcbe/lib/crti.o
 .text          0x0000000048042658      0x2b0 c:/programdata/dspace/1184d92c-d928-4591-a1e9-b54339797c20/compiler/qnx650_520/host/win32/x86/usr/bin/../lib/gcc/powerpc-unknown-nto-qnx6.5.0/5.2.0/crtbegin.o
 *fill*         0x0000000048042908        0x8 00000000
 .text          0x0000000048042910     0xc8d4 Human_in_Loop.o07
                0x0000000048043e30                rt_hypotd_snf
                0x0000000048045610                Human_SerialDecodingSystem_Init
                0x00000000480456b0                Huma_SerialDecodingSystem_Reset
                0x0000000048045740                Human_in_L_SerialDecodingSystem
                0x00000000480469d0                Human_in_Loop_BayeisanOpt_Init
                0x0000000048046af0                Human_in_Loop_BayeisanOpt_Reset
                0x0000000048046c00                Human_in_Loop_BayeisanOpt
                0x0000000048047c00                Human_in_Loop_Mux1
                0x0000000048047c20                Human_in_Lo_MATLABFunction_Init
                0x0000000048047c30                Human_in_Loop_MATLABFunction
                0x0000000048047d10                Human_in_Loop_Mux
                0x0000000048047d20                rt_powd_snf
                0x0000000048047ff0                rt_roundd_snf
                0x0000000048048050                Human_in_Lo_ControlModule_Reset
                0x00000000480480c0                Human_in_Loo_ControlModule_Init
                0x00000000480480d0                Human_in_Loop_ControlModule
                0x0000000048049a40                Human_in_Loo_ControlModule_Term
                0x0000000048049a80                Human_in_Loop_output
                0x000000004804dfb0                Human_in_Loop_derivatives
                0x000000004804e680                Human_in_Loop_update
                0x000000004804e920                Human_in_Loop_initialize
                0x000000004804f080                Human_in_Loop_terminate
 .text          0x000000004804f1e4        0x0 Human_in_Loop_data.o07
 .text          0x000000004804f1e4      0x274 Human_in_Loop_trc_ptr.o07
                0x000000004804f424                Human_in_Loop_rti_init_trc_pointers
 *fill*         0x000000004804f458        0x8 00000000
 .text          0x000000004804f460       0x5c rtGetInf.o07
                0x000000004804f460                rtGetInf
                0x000000004804f480                rtGetInfF
                0x000000004804f490                rtGetMinusInf
                0x000000004804f4b0                rtGetMinusInfF
 *fill*         0x000000004804f4bc        0x4 00000000
 .text          0x000000004804f4c0       0x3c rtGetNaN.o07
                0x000000004804f4c0                rtGetNaN
                0x000000004804f4f0                rtGetNaNF
 *fill*         0x000000004804f4fc        0x4 00000000
 .text          0x000000004804f500       0xf4 rt_nonfinite.o07
                0x000000004804f500                rt_InitInfAndNaN
                0x000000004804f560                rtIsInf
                0x000000004804f590                rtIsInfF
                0x000000004804f5c0                rtIsNaN
                0x000000004804f5e0                rtIsNaNF
 *fill*         0x000000004804f5f4        0xc 00000000
 .text          0x000000004804f600       0xf8 rt_zcfcn.o07
                0x000000004804f600                rt_ZCFcn
 *fill*         0x000000004804f6f8        0x8 00000000
 .text          0x000000004804f700      0xf04 rti_sim_engine.o07
                0x0000000048050590                rtk_idle_function
                0x00000000480505a0                rti_th_timertask1_trigger_source
                0x00000000480505f0                initConditions
                0x0000000048050600                initVariables
 .text.unlikely
                0x0000000048050604       0x78 rti_sim_engine.o07
 *fill*         0x000000004805067c        0x4 00000000
 .text.startup  0x0000000048050680     0x148c rti_sim_engine.o07
                0x0000000048050680                main
 *fill*         0x0000000048051b0c        0x4 00000000
 .text          0x0000000048051b10       0x40 rti_init_c.o07
                0x0000000048051b10                rti_init
 .text          0x0000000048051b50       0x44 rt_sim.o07
                0x0000000048051b50                rt_SimInitTimingEngine
                0x0000000048051b80                rt_SimGetNextSampleHit
                0x0000000048051b90                rt_SimUpdateDiscreteTaskSampleHits
 *fill*         0x0000000048051b94        0xc 00000000
 .text          0x0000000048051ba0       0xd4 rti_assert.o07
                0x0000000048051ba0                rti_assertion_handler
                0x0000000048051c30                rti_assertion_mode_msg
 *fill*         0x0000000048051c74        0xc 00000000
 .text          0x0000000048051c80      0x244 rtican_err1202.o07
                0x0000000048051c80                rtican_type1_tq_err_handler
                0x0000000048051dd0                rtican_type1_tq_err_all_reset
                0x0000000048051e10                rtican_type1_tq_err_all_chk
 .text          0x0000000048051ec4        0x0 d:\Program Files\dSPACE RCPHIL 2017-B\DS1202\Lib/librtversion.a(RtVersion.o)
 *fill*         0x0000000048051ec4        0xc 00000000
 .text          0x0000000048051ed0        0x4 d:\Program Files\dSPACE RCPHIL 2017-B\DS1202\Lib/librtglobals.a(DsEESPort.o)
                0x0000000048051ed0                DsEesPort_init()
 .text          0x0000000048051ed4       0x20 d:\Program Files\dSPACE RCPHIL 2017-B\DS1202\Lib/libm_fastpow.a(w_pow.o)
                0x0000000048051ed4                pow
 .text          0x0000000048051ef4      0x85c d:\Program Files\dSPACE RCPHIL 2017-B\DS1202\Lib/libm_fastpow.a(e_pow.o)
                0x0000000048051ef4                __ieee754_pow
 .text          0x0000000048052750      0x188 d:\Program Files\dSPACE RCPHIL 2017-B\DS1202\Lib/libm_fastpow.a(s_scalbn.o)
                0x0000000048052750                scalbn
 .text          0x00000000480528d8       0x94 c:/programdata/dspace/1184d92c-d928-4591-a1e9-b54339797c20/compiler/qnx650_520/host/win32/x86/usr/bin/../lib/gcc/powerpc-unknown-nto-qnx6.5.0/5.2.0/crtend.o
 .text          0x000000004805296c        0x0 C:\ProgramData\dSPACE\1184D92C-D928-4591-A1E9-B54339797C20\Compiler\QNX650_520\target\qnx6/ppcbe/lib/crtn.o
 *(.gnu.warning)
 *(.glink)
 .glink         0x000000004805296c        0x0 C:\ProgramData\dSPACE\1184D92C-D928-4591-A1E9-B54339797C20\Compiler\QNX650_520\target\qnx6/ppcbe/lib/crt1.o

.fini           0x000000004805296c       0x20
 *(.fini)
 .fini          0x000000004805296c        0xc C:\ProgramData\dSPACE\1184D92C-D928-4591-A1E9-B54339797C20\Compiler\QNX650_520\target\qnx6/ppcbe/lib/crti.o
                0x000000004805296c                _fini
 .fini          0x0000000048052978        0x4 c:/programdata/dspace/1184d92c-d928-4591-a1e9-b54339797c20/compiler/qnx650_520/host/win32/x86/usr/bin/../lib/gcc/powerpc-unknown-nto-qnx6.5.0/5.2.0/crtbegin.o
 .fini          0x000000004805297c       0x10 C:\ProgramData\dSPACE\1184D92C-D928-4591-A1E9-B54339797C20\Compiler\QNX650_520\target\qnx6/ppcbe/lib/crtn.o
                [!provide]                        PROVIDE (__etext, .)
                0x000000004805298c                PROVIDE (_etext, .)
                [!provide]                        PROVIDE (etext, .)

.rodata         0x0000000048052990     0x1788
 *(.rodata .rodata.* .gnu.linkonce.r.*)
 .rodata        0x0000000048052990     0x104c Human_in_Loop.o07
                0x00000000480539d8                Human_in_Loop_M
 .rodata.cst4   0x00000000480539dc       0x88 Human_in_Loop.o07
 *fill*         0x0000000048053a64        0x4 
 .rodata.cst8   0x0000000048053a68       0xc0 Human_in_Loop.o07
 .rodata.str1.4
                0x0000000048053b28        0x5 Human_in_Loop.o07
 *fill*         0x0000000048053b2d        0x3 
 .rodata.cst4   0x0000000048053b30        0x8 rtGetInf.o07
 .rodata.cst4   0x0000000048053b38        0x4 rtGetNaN.o07
 .rodata        0x0000000048053b3c       0x13 rt_zcfcn.o07
 .rodata.cst4   0x0000000048053b4f        0x4 rt_zcfcn.o07
 *fill*         0x0000000048053b4f        0x1 
 .rodata        0x0000000048053b50        0xc rti_sim_engine.o07
                0x0000000048053b50                rtiDataSetStorageEnabled
                0x0000000048053b54                p_dsts_sum_of_reset_time
                0x0000000048053b58                p_msg_last_error_no
 .rodata.cst4   0x0000000048053b5c       0x10 rti_sim_engine.o07
                                         0x18 (size before relaxing)
 *fill*         0x0000000048053b6c        0x4 
 .rodata.cst8   0x0000000048053b70        0x8 rti_sim_engine.o07
                                         0x10 (size before relaxing)
 .rodata.str1.4
                0x0000000048053b78      0x2d0 rti_sim_engine.o07
 .rodata.cst4   0x0000000048053e48        0x8 rt_sim.o07
 .rodata.str1.4
                0x0000000048053e48       0x71 rt_sim.o07
 *fill*         0x0000000048053eb9        0x3 
 .rodata.str1.4
                0x0000000048053ebc       0x6d rti_assert.o07
 *fill*         0x0000000048053f29        0x3 
 .rodata.str1.4
                0x0000000048053f2c       0x9c rtican_err1202.o07
                                         0x9b (size before relaxing)
 .rodata        0x0000000048053fc8       0x30 d:\Program Files\dSPACE RCPHIL 2017-B\DS1202\Lib/libm_fastpow.a(e_pow.o)
 .rodata.cst4   0x0000000048053ff8        0x8 d:\Program Files\dSPACE RCPHIL 2017-B\DS1202\Lib/libm_fastpow.a(e_pow.o)
 .rodata.cst8   0x0000000048054000       0xe8 d:\Program Files\dSPACE RCPHIL 2017-B\DS1202\Lib/libm_fastpow.a(e_pow.o)
 .rodata.cst8   0x00000000480540e8       0x30 d:\Program Files\dSPACE RCPHIL 2017-B\DS1202\Lib/libm_fastpow.a(s_scalbn.o)

.rodata1
 *(.rodata1)

.sdata2         0x0000000048054118        0x0
                0x0000000000008000                PROVIDE (_SDA2_BASE_, 0x8000)
 *(.sdata2 .sdata2.* .gnu.linkonce.s2.*)
 .sdata2        0x0000000048054118        0x0 C:\ProgramData\dSPACE\1184D92C-D928-4591-A1E9-B54339797C20\Compiler\QNX650_520\target\qnx6/ppcbe/lib/crt1.o

.sbss2
 *(.sbss2 .sbss2.* .gnu.linkonce.sb2.*)

.eh_frame_hdr   0x0000000048054118       0x14
 *(.eh_frame_hdr)
 .eh_frame_hdr  0x0000000048054118       0x14 d:\Program Files\dSPACE RCPHIL 2017-B\DS1202\Lib/librtglobals.a(DsEESPort.o)

.eh_frame       0x000000004805412c       0x2c
 *(.eh_frame)
 .eh_frame      0x000000004805412c        0x0 C:\ProgramData\dSPACE\1184D92C-D928-4591-A1E9-B54339797C20\Compiler\QNX650_520\target\qnx6/ppcbe/lib/crt1.o
 .eh_frame      0x000000004805412c        0x0 c:/programdata/dspace/1184d92c-d928-4591-a1e9-b54339797c20/compiler/qnx650_520/host/win32/x86/usr/bin/../lib/gcc/powerpc-unknown-nto-qnx6.5.0/5.2.0/crtbegin.o
 .eh_frame      0x000000004805412c       0x28 d:\Program Files\dSPACE RCPHIL 2017-B\DS1202\Lib/librtglobals.a(DsEESPort.o)
 .eh_frame      0x0000000048054154        0x4 c:/programdata/dspace/1184d92c-d928-4591-a1e9-b54339797c20/compiler/qnx650_520/host/win32/x86/usr/bin/../lib/gcc/powerpc-unknown-nto-qnx6.5.0/5.2.0/crtend.o

.gcc_except_table
 *(.gcc_except_table .gcc_except_table.*)
                0x0000000048054158                . = (ALIGN (0x1000) - ((0x1000 - .) & 0xfff))
                0x0000000048055158                . = DATA_SEGMENT_ALIGN (0x1000, 0x1000)

.eh_frame
 *(.eh_frame)

.gcc_except_table
 *(.gcc_except_table .gcc_except_table.*)

.tdata
 *(.tdata .tdata.* .gnu.linkonce.td.*)

.tbss
 *(.tbss .tbss.* .gnu.linkonce.tb.*)
 *(.tcommon)

.preinit_array  0x0000000048055158        0x0
                0x0000000048055158                PROVIDE (__preinit_array_start, .)
 *(.preinit_array)
                0x0000000048055158                PROVIDE (__preinit_array_end, .)

.init_array     0x0000000048055158        0x0
                0x0000000048055158                PROVIDE (__init_array_start, .)
 *(SORT(.init_array.*))
 *(.init_array)
                0x0000000048055158                PROVIDE (__init_array_end, .)

.fini_array     0x0000000048055158        0x0
                0x0000000048055158                PROVIDE (__fini_array_start, .)
 *(.fini_array)
 *(SORT(.fini_array.*))
                0x0000000048055158                PROVIDE (__fini_array_end, .)

.ctors          0x0000000048055158        0x8
 *crtbegin.o(.ctors)
 .ctors         0x0000000048055158        0x4 c:/programdata/dspace/1184d92c-d928-4591-a1e9-b54339797c20/compiler/qnx650_520/host/win32/x86/usr/bin/../lib/gcc/powerpc-unknown-nto-qnx6.5.0/5.2.0/crtbegin.o
 *crtbegin?.o(.ctors)
 *(EXCLUDE_FILE(*crtend?.o *crtend.o) .ctors)
 *(SORT(.ctors.*))
 *(.ctors)
 .ctors         0x000000004805515c        0x4 c:/programdata/dspace/1184d92c-d928-4591-a1e9-b54339797c20/compiler/qnx650_520/host/win32/x86/usr/bin/../lib/gcc/powerpc-unknown-nto-qnx6.5.0/5.2.0/crtend.o

.dtors          0x0000000048055160        0x8
 *crtbegin.o(.dtors)
 .dtors         0x0000000048055160        0x4 c:/programdata/dspace/1184d92c-d928-4591-a1e9-b54339797c20/compiler/qnx650_520/host/win32/x86/usr/bin/../lib/gcc/powerpc-unknown-nto-qnx6.5.0/5.2.0/crtbegin.o
 *crtbegin?.o(.dtors)
 *(EXCLUDE_FILE(*crtend?.o *crtend.o) .dtors)
 *(SORT(.dtors.*))
 *(.dtors)
 .dtors         0x0000000048055164        0x4 c:/programdata/dspace/1184d92c-d928-4591-a1e9-b54339797c20/compiler/qnx650_520/host/win32/x86/usr/bin/../lib/gcc/powerpc-unknown-nto-qnx6.5.0/5.2.0/crtend.o
                0x0000000048055164                __DTOR_END__

.jcr            0x0000000048055168        0x4
 *(.jcr)
 .jcr           0x0000000048055168        0x0 c:/programdata/dspace/1184d92c-d928-4591-a1e9-b54339797c20/compiler/qnx650_520/host/win32/x86/usr/bin/../lib/gcc/powerpc-unknown-nto-qnx6.5.0/5.2.0/crtbegin.o
 .jcr           0x0000000048055168        0x4 c:/programdata/dspace/1184d92c-d928-4591-a1e9-b54339797c20/compiler/qnx650_520/host/win32/x86/usr/bin/../lib/gcc/powerpc-unknown-nto-qnx6.5.0/5.2.0/crtend.o

.data.rel.ro
 *(.data.rel.ro.local* .gnu.linkonce.d.rel.ro.local.*)
 *(.data.rel.ro* .gnu.linkonce.d.rel.ro.*)

.fixup
 *(.fixup)

.got1
 *(.got1)

.got2
 *(.got2)

.dynamic        0x000000004805516c      0x100
 *(.dynamic)
 .dynamic       0x000000004805516c      0x100 C:\ProgramData\dSPACE\1184D92C-D928-4591-A1E9-B54339797C20\Compiler\QNX650_520\target\qnx6/ppcbe/lib/crt1.o
                0x000000004805516c                _DYNAMIC

.got
 *(.got)
                0x000000004805526c                . = DATA_SEGMENT_RELRO_END (., 0x0)

.plt
 *(.plt)

.data           0x0000000048055270     0xe3c4
 *(.data .data.* .gnu.linkonce.d.*)
 .data          0x0000000048055270        0x0 C:\ProgramData\dSPACE\1184D92C-D928-4591-A1E9-B54339797C20\Compiler\QNX650_520\target\qnx6/ppcbe/lib/crt1.o
 .data          0x0000000048055270        0x0 C:\ProgramData\dSPACE\1184D92C-D928-4591-A1E9-B54339797C20\Compiler\QNX650_520\target\qnx6/ppcbe/lib/crti.o
 .data          0x0000000048055270        0x0 c:/programdata/dspace/1184d92c-d928-4591-a1e9-b54339797c20/compiler/qnx650_520/host/win32/x86/usr/bin/../lib/gcc/powerpc-unknown-nto-qnx6.5.0/5.2.0/crtbegin.o
 .data.rel.local
                0x0000000048055270        0x4 c:/programdata/dspace/1184d92c-d928-4591-a1e9-b54339797c20/compiler/qnx650_520/host/win32/x86/usr/bin/../lib/gcc/powerpc-unknown-nto-qnx6.5.0/5.2.0/crtbegin.o
                0x0000000048055270                __dso_handle
 .data          0x0000000048055274        0x0 Human_in_Loop.o07
 *fill*         0x0000000048055274        0x4 
 .data          0x0000000048055278     0xe398 Human_in_Loop_data.o07
                0x0000000048055278                Human_in_Loop_P
 .data          0x0000000048063610        0x0 Human_in_Loop_trc_ptr.o07
 .data          0x0000000048063610        0x0 rtGetInf.o07
 .data          0x0000000048063610        0x0 rtGetNaN.o07
 .data          0x0000000048063610        0x0 rt_nonfinite.o07
 .data          0x0000000048063610        0x0 rt_zcfcn.o07
 .data          0x0000000048063610       0x14 rti_sim_engine.o07
                0x0000000048063610                simState
                0x0000000048063620                lastSimState
 .data          0x0000000048063624        0x0 rti_init_c.o07
 .data          0x0000000048063624        0x0 rt_sim.o07
 .data          0x0000000048063624        0x0 rti_assert.o07
 .data          0x0000000048063624        0x4 rtican_err1202.o07
                0x0000000048063624                rtican_type1_error_level
 .data          0x0000000048063628        0x0 d:\Program Files\dSPACE RCPHIL 2017-B\DS1202\Lib/librtversion.a(RtVersion.o)
 .data          0x0000000048063628        0x0 d:\Program Files\dSPACE RCPHIL 2017-B\DS1202\Lib/librtglobals.a(DsEESPort.o)
 .data.rel      0x0000000048063628        0xc d:\Program Files\dSPACE RCPHIL 2017-B\DS1202\Lib/librtglobals.a(DsEESPort.o)
                0x0000000048063628                p_xilapi_eesport_errorswitching_uint32_T
                0x000000004806362c                p_xilapi_eesport_erroractivated_uint32_T
                0x0000000048063630                p_xilapi_eesport_activeerrorset_uint32_T
 .data          0x0000000048063634        0x0 d:\Program Files\dSPACE RCPHIL 2017-B\DS1202\Lib/libm_fastpow.a(w_pow.o)
 .data          0x0000000048063634        0x0 d:\Program Files\dSPACE RCPHIL 2017-B\DS1202\Lib/libm_fastpow.a(e_pow.o)
 .data          0x0000000048063634        0x0 d:\Program Files\dSPACE RCPHIL 2017-B\DS1202\Lib/libm_fastpow.a(s_scalbn.o)
 .data          0x0000000048063634        0x0 c:/programdata/dspace/1184d92c-d928-4591-a1e9-b54339797c20/compiler/qnx650_520/host/win32/x86/usr/bin/../lib/gcc/powerpc-unknown-nto-qnx6.5.0/5.2.0/crtend.o
 .data          0x0000000048063634        0x0 C:\ProgramData\dSPACE\1184D92C-D928-4591-A1E9-B54339797C20\Compiler\QNX650_520\target\qnx6/ppcbe/lib/crtn.o

.tm_clone_table
                0x0000000048063634        0x0
 .tm_clone_table
                0x0000000048063634        0x0 c:/programdata/dspace/1184d92c-d928-4591-a1e9-b54339797c20/compiler/qnx650_520/host/win32/x86/usr/bin/../lib/gcc/powerpc-unknown-nto-qnx6.5.0/5.2.0/crtbegin.o
 .tm_clone_table
                0x0000000048063634        0x0 c:/programdata/dspace/1184d92c-d928-4591-a1e9-b54339797c20/compiler/qnx650_520/host/win32/x86/usr/bin/../lib/gcc/powerpc-unknown-nto-qnx6.5.0/5.2.0/crtend.o

.data1
 *(.data1)

.got            0x0000000048063634       0x54
 *(.got)
 .got           0x0000000048063634       0x54 C:\ProgramData\dSPACE\1184D92C-D928-4591-A1E9-B54339797C20\Compiler\QNX650_520\target\qnx6/ppcbe/lib/crt1.o
                0x000000004806367c                _GLOBAL_OFFSET_TABLE_

.sdata          0x0000000048063688        0x0
                0x0000000000008000                PROVIDE (_SDA_BASE_, 0x8000)
 *(.sdata .sdata.* .gnu.linkonce.s.*)
 .sdata         0x0000000048063688        0x0 C:\ProgramData\dSPACE\1184D92C-D928-4591-A1E9-B54339797C20\Compiler\QNX650_520\target\qnx6/ppcbe/lib/crt1.o
                0x0000000048063688                _edata = .
                [!provide]                        PROVIDE (edata, .)
                0x0000000048063688                __bss_start = .

.sbss           0x0000000048063688        0x0
                [!provide]                        PROVIDE (__sbss_start, .)
                [!provide]                        PROVIDE (___sbss_start, .)
 *(.dynsbss)
 .dynsbss       0x0000000048063688        0x0 C:\ProgramData\dSPACE\1184D92C-D928-4591-A1E9-B54339797C20\Compiler\QNX650_520\target\qnx6/ppcbe/lib/crt1.o
 *(.sbss .sbss.* .gnu.linkonce.sb.*)
 *(.scommon)
                [!provide]                        PROVIDE (__sbss_end, .)
                [!provide]                        PROVIDE (___sbss_end, .)

.plt            0x0000000048063688      0x6fc
 *(.plt)
 .plt           0x0000000048063688      0x6fc C:\ProgramData\dSPACE\1184D92C-D928-4591-A1E9-B54339797C20\Compiler\QNX650_520\target\qnx6/ppcbe/lib/crt1.o
                0x00000000480636d0                srtk_tic_read
                0x00000000480636d8                ts_reset
                0x00000000480636e0                __register_frame_info
                0x00000000480636e8                DioCl2EncoderIn_create
                0x00000000480636f0                msg_error_clear
                0x00000000480636f8                AdcCl1AnalogIn_read
                0x0000000048063700                dsrtt_set_current_time
                0x0000000048063708                sqrt
                0x0000000048063710                DioCl2EncoderIn_read
                0x0000000048063718                rtk_current_task_absolute_time_ptr_get
                0x0000000048063720                can_tp1_channel_start
                0x0000000048063728                DioCl1DigIn_start
                0x0000000048063730                DsTimeSync_simstateRun
                0x0000000048063738                DacCl1AnalogOut_create
                0x0000000048063740                DioCl2EncoderIn_setEncPosition
                0x0000000048063748                DioCl2EncoderIn_stop
                0x0000000048063750                can_tp1_communication_init
                0x0000000048063758                DioCl1DigIn_setInputFilter
                0x0000000048063760                floor
                0x0000000048063768                DioCl1DigIn_create
                0x0000000048063770                memcpy
                0x0000000048063778                msg_warning_set
                0x0000000048063780                rtk_setup_temp_overrun_handling
                0x0000000048063788                DioCl1DigOut_setChMaskOutData
                0x0000000048063790                DioCl2EncoderIn_setIndexMode
                0x0000000048063798                ceil
                0x00000000480637a0                SrtkIntBase_requestTaskMode
                0x00000000480637a8                rtk_reset_tasks
                0x00000000480637b0                rtk_scheduler
                0x00000000480637b8                can_tp1_all_data_clear
                0x00000000480637c0                __cxa_finalize
                0x00000000480637c8                _init_array
                0x00000000480637d0                rtk_set_task_type
                0x00000000480637d8                DsTimeSync_baserate
                0x00000000480637e0                rtk_task_name_set
                0x00000000480637e8                DacCl1AnalogOut_apply
                0x00000000480637f0                can_tp1_msg_copy_all_to_mem
                0x00000000480637f8                can_tp1_msg_read_from_mem
                0x0000000048063800                DioCl1DigIn_getChMaskInData
                0x0000000048063808                DioCl1DigOut_setChMaskOutHighZ
                0x0000000048063810                dsrtt_script_service_post_computation
                0x0000000048063818                rtk_create_task
                0x0000000048063820                msg_warning_printf
                0x0000000048063828                msg_last_error_number
                0x0000000048063830                DioCl2EncoderIn_start
                0x0000000048063838                AdcCl1AnalogIn_setConversTrigger
                0x0000000048063840                dsparam_copy_data_set
                0x0000000048063848                SrtkPreload_preloadRegion
                0x0000000048063850                rtk_dsts_time_to_simtime_convert
                0x0000000048063858                msg_error_set
                0x0000000048063860                rtk_enable_services
                0x0000000048063868                SrtkDaq_Init
                0x0000000048063870                DioCl1DigOut_setSignalVoltage
                0x0000000048063878                rtk_task_task_calls_get
                0x0000000048063880                DioCl1DigIn_apply
                0x0000000048063888                dsser_config
                0x0000000048063890                can_tp1_channel_init
                0x0000000048063898                can_tp1_dsmcr_client_create
                0x00000000480638a0                SrtkCfg_finalizeSlaveBoot
                0x00000000480638a8                DsTimeSync_setCurrentTimePtr
                0x00000000480638b0                DioCl2EncoderIn_setMinEncVelocity
                0x00000000480638b8                SrtkIntBase_enableIntGlobal
                0x00000000480638c0                can_tp1_channel_termination_set
                0x00000000480638c8                DacCl1AnalogOut_write
                0x00000000480638d0                AdcCl1AnalogIn_setConversionMode
                0x00000000480638d8                rtk_overrun_flag_clear
                0x00000000480638e0                dsser_enable
                0x00000000480638e8                rtk_bind_interrupt
                0x00000000480638f0                DacCl1AnalogOut_stop
                0x00000000480638f8                AdcCl1AnalogIn_apply
                0x0000000048063900                _init_libc
                0x0000000048063908                can_tp1_msg_send
                0x0000000048063910                DioCl2EncoderIn_setGatedMode
                0x0000000048063918                dsrtt_init
                0x0000000048063920                AdcCl1AnalogIn_write
                0x0000000048063928                DioCl1DigOut_write
                0x0000000048063930                SrtkApp_terminate
                0x0000000048063938                DioCl1DigOut_start
                0x0000000048063940                DioCl2EncoderIn_setMaxPosition
                0x0000000048063948                DioCl2EncoderIn_setMinPosition
                0x0000000048063950                AdcCl1AnalogIn_isDataReady
                0x0000000048063958                msg_info_set
                0x0000000048063960                dsser_disable
                0x0000000048063968                SensorSupply_create
                0x0000000048063970                dsrtt_script_service_pre_computation
                0x0000000048063978                DacCl1AnalogOut_start
                0x0000000048063980                msg_error_printf
                0x0000000048063988                memset
                0x0000000048063990                DioCl1DigOut_create
                0x0000000048063998                _Sin
                0x00000000480639a0                can_tp1_msg_sleep
                0x00000000480639a8                DioCl2EncoderIn_getEncPosition
                0x00000000480639b0                rtk_leave_idle_mode
                0x00000000480639b8                __wrap_exit
                0x00000000480639c0                DioCl1DigOut_apply
                0x00000000480639c8                __wrap_atexit
                0x00000000480639d0                DioCl2EncoderIn_setMeasurementInterval
                0x00000000480639d8                DacCl1AnalogOut_setOutputValue
                0x00000000480639e0                sprintf
                0x00000000480639e8                AdcCl1AnalogIn_start
                0x00000000480639f0                _fini_array
                0x00000000480639f8                SensorSupply_setVoltage
                0x0000000048063a00                SrtkDaq_Background
                0x0000000048063a08                _Log
                0x0000000048063a10                _preinit_array
                0x0000000048063a18                SrtkApp_init
                0x0000000048063a20                exp
                0x0000000048063a28                rtk_bind_subinterrupt
                0x0000000048063a30                can_tp1_msg_rx_register
                0x0000000048063a38                SrtkDaq_Service
                0x0000000048063a40                rtk_task_task_name_get
                0x0000000048063a48                AdcCl1AnalogIn_setConversSwTrigger
                0x0000000048063a50                can_tp1_msg_wakeup
                0x0000000048063a58                DioCl1DigIn_read
                0x0000000048063a60                SrtkSim_notifyStateTransition
                0x0000000048063a68                can_tp1_msg_tx_register
                0x0000000048063a70                AdcCl1AnalogIn_getSingleValue
                0x0000000048063a78                DioCl2EncoderIn_apply
                0x0000000048063a80                DioCl2EncoderIn_getEncVelocity
                0x0000000048063a88                msg_set
                0x0000000048063a90                SensorSupply_apply
                0x0000000048063a98                rtk_get_subentry
                0x0000000048063aa0                dsrtt_set_step_size
                0x0000000048063aa8                rtk_enter_idle_mode
                0x0000000048063ab0                dsser_init
                0x0000000048063ab8                rtk_initialize
                0x0000000048063ac0                DacCl1AnalogOut_setOutputHighZ
                0x0000000048063ac8                dsser_receive
                0x0000000048063ad0                DioCl2EncoderIn_setEncoderLines
                0x0000000048063ad8                SensorSupply_setSensorState
                0x0000000048063ae0                can_tp1_msg_read
                0x0000000048063ae8                SensorSupply_start
                0x0000000048063af0                SrtkApp_background
                0x0000000048063af8                rtk_default_overrun_fcn
                0x0000000048063b00                AdcCl1AnalogIn_create
                0x0000000048063b08                vcm_module_register
                0x0000000048063b10                can_tp1_msg_set
                0x0000000048063b18                DsTimeSync_simstateStop
                0x0000000048063b20                SrtkIntBase_disableIntGlobal
                0x0000000048063b28                SrtkSim_registerState
                0x0000000048063b30                __deregister_frame_info
                0x0000000048063b38                dsser_fifo_reset
                0x0000000048063b40                can_tp1_error_read

.bss            0x0000000048063d88    0x9dab8
 *(.dynbss)
 .dynbss        0x0000000048063d88       0x1c C:\ProgramData\dSPACE\1184D92C-D928-4591-A1E9-B54339797C20\Compiler\QNX650_520\target\qnx6/ppcbe/lib/crt1.o
                0x0000000048063d88                rtk_handler_descriptor_table
                0x0000000048063d8c                rtk_task_mapping_table
                0x0000000048063d90                errno
                0x0000000048063d98                dsts_sum_of_reseted_time
                0x0000000048063da0                msg_last_error_no
 *(.bss .bss.* .gnu.linkonce.b.*)
 .bss           0x0000000048063da4        0x0 C:\ProgramData\dSPACE\1184D92C-D928-4591-A1E9-B54339797C20\Compiler\QNX650_520\target\qnx6/ppcbe/lib/crt1.o
 .bss           0x0000000048063da4        0x0 C:\ProgramData\dSPACE\1184D92C-D928-4591-A1E9-B54339797C20\Compiler\QNX650_520\target\qnx6/ppcbe/lib/crti.o
 .bss           0x0000000048063da4       0x20 c:/programdata/dspace/1184d92c-d928-4591-a1e9-b54339797c20/compiler/qnx650_520/host/win32/x86/usr/bin/../lib/gcc/powerpc-unknown-nto-qnx6.5.0/5.2.0/crtbegin.o
 *fill*         0x0000000048063dc4        0x4 
 .bss           0x0000000048063dc8    0x9d6a2 Human_in_Loop.o07
                0x0000000048063dc8                Human_in_Loop_DW
                0x00000000480a5fa8                Human_in_Loop_B
                0x0000000048100fe8                Human_in_Loop_M_
                0x00000000481012e8                Human_in_Loop_X
                0x0000000048101468                Human_in_Loop_PrevZCX
 .bss           0x000000004810146a        0x0 Human_in_Loop_data.o07
 *fill*         0x000000004810146a        0x2 
 .bss           0x000000004810146c       0x88 Human_in_Loop_trc_ptr.o07
                0x000000004810146c                p_0_Human_in_Loop_real_T_0
                0x0000000048101470                p_0_Human_in_Loop_int32_T_1
                0x0000000048101474                p_0_Human_in_Loop_uint32_T_2
                0x0000000048101478                p_0_Human_in_Loop_uint8_T_3
                0x000000004810147c                p_0_Human_in_Loop_boolean_T_4
                0x0000000048101480                p_0_Human_in_Loop_real_T_5
                0x0000000048101484                p_0_Human_in_Loop_real_T_6
                0x0000000048101488                p_0_Human_in_Loop_real_T_7
                0x000000004810148c                p_0_Human_in_Loop_real_T_8
                0x0000000048101490                p_0_Human_in_Loop_real_T_9
                0x0000000048101494                p_0_Human_in_Loop_real_T_10
                0x0000000048101498                p_0_Human_in_Loop_real_T_11
                0x000000004810149c                p_0_Human_in_Loop_real_T_12
                0x00000000481014a0                p_0_Human_in_Loop_real_T_13
                0x00000000481014a4                p_0_Human_in_Loop_real_T_14
                0x00000000481014a8                p_1_Human_in_Loop_real_T_0
                0x00000000481014ac                p_1_Human_in_Loop_int32_T_1
                0x00000000481014b0                p_1_Human_in_Loop_int8_T_2
                0x00000000481014b4                p_1_Human_in_Loop_boolean_T_3
                0x00000000481014b8                p_1_Human_in_Loop_real_T_4
                0x00000000481014bc                p_1_Human_in_Loop_uint32_T_5
                0x00000000481014c0                p_1_Human_in_Loop_boolean_T_6
                0x00000000481014c4                p_2_Human_in_Loop_real_T_3
                0x00000000481014c8                p_2_Human_in_Loop_uint32_T_4
                0x00000000481014cc                p_2_Human_in_Loop_int_T_5
                0x00000000481014d0                p_2_Human_in_Loop_int8_T_6
                0x00000000481014d4                p_2_Human_in_Loop_boolean_T_7
                0x00000000481014d8                p_2_Human_in_Loop_real_T_8
                0x00000000481014dc                p_2_Human_in_Loop_real_T_9
                0x00000000481014e0                p_2_Human_in_Loop_real_T_10
                0x00000000481014e4                p_2_Human_in_Loop_real_T_11
                0x00000000481014e8                p_2_Human_in_Loop_real_T_12
                0x00000000481014ec                p_2_Human_in_Loop_real_T_13
                0x00000000481014f0                p_3_Human_in_Loop_real_T_0
 .bss           0x00000000481014f4        0x0 rtGetInf.o07
 .bss           0x00000000481014f4        0x0 rtGetNaN.o07
 *fill*         0x00000000481014f4        0x4 
 .bss           0x00000000481014f8       0x2c rt_nonfinite.o07
                0x00000000481014f8                rtNaN
                0x0000000048101500                rtNaNF
                0x0000000048101508                rtInf
                0x0000000048101510                rtInfF
                0x0000000048101518                rtMinusInf
                0x0000000048101520                rtMinusInfF
 .bss           0x0000000048101524        0x0 rt_zcfcn.o07
 *fill*         0x0000000048101524        0x4 
 .bss           0x0000000048101528      0x13c rti_sim_engine.o07
                0x0000000048101528                currentTime
                0x000000004810152c                finalTime
                0x0000000048101530                modelStepSize
                0x0000000048101538                pRTIDacC1AnalogOut_Ch_16
                0x000000004810153c                pRTIEmcEncoder_Unit_1_DioCl_2_Port_1_Ch1
                0x0000000048101540                pRTIEmcEncoder_Unit_3_DioCl_2_Port_1_Ch5
                0x0000000048101544                pRTIDioC1DigOut_Port_3_Ch_11
                0x0000000048101548                pRTIDioC1DigOut_Port_3_Ch_13
                0x000000004810154c                pRTIDioC1DigOut_Port_1_Ch_1
                0x0000000048101550                rtiDS1202SER_B1_Ser
                0x0000000048101558                can_type1_channel_M1_C1
                0x000000004810155c                can_type1_channel_M1_C2
                0x0000000048101564                CANTP1_RX_SPMSG_M1_C1_STD
                0x000000004810156c                can_type1_msg_M1
                0x0000000048101580                CANTP1_RX_SPMSG_M1_C2_STD
                0x0000000048101588                pRTIAdcC1AnalogIn_Ch_6
                0x000000004810158c                pRTIAdcC1AnalogIn_Ch_1
                0x0000000048101590                pRTIAdcC1AnalogIn_Ch_2
                0x0000000048101594                pRTIAdcC1AnalogIn_Ch_3
                0x0000000048101598                pRTIAdcC1AnalogIn_Ch_4
                0x000000004810159c                pRTIAdcC1AnalogIn_Ch_9
                0x00000000481015a0                pRTIAdcC1AnalogIn_Ch_10
                0x00000000481015a4                pRTIDioC1DigIn_Port_1_Ch_2
                0x00000000481015a8                taskMode
                0x00000000481015ac                pRTI_Sensor_Supply
                0x00000000481015b0                CANTP1_TX_SPMSG_M1_C1_STD
                0x00000000481015b4                CANTP1_TX_SPMSG_M1_C1_XTD
                0x00000000481015b8                CANTP1_RX_M1_C1_MCRCLT_STD
                0x00000000481015bc                CANTP1_TX_SPMSG_M1_C2_STD
                0x00000000481015c0                CANTP1_TX_SPMSG_M1_C2_XTD
                0x00000000481015c4                CANTP1_RX_M1_C2_MCRCLT_STD
                0x00000000481015c8                pRti_TIMERA_STime
                0x00000000481015cc                pRti_TIMERA_TTime
                0x00000000481015d0                pRti_TIMERA_TState
                0x00000000481015d4                pRti_TIMERA_OType
                0x00000000481015d8                pRti_TIMERA_OMax
                0x00000000481015dc                pRti_TIMERA_ORpt
                0x00000000481015e0                pRti_TIMERA_OCnt
                0x00000000481015e4                pRti_TIMERA_TCnt
                0x00000000481015e8                pRti_TIMERA_Prio
                0x00000000481015f0                pRti_UART_EVENTS_CH1_INT0_TTime
                0x00000000481015f4                pRti_UART_EVENTS_CH1_INT0_TState
                0x00000000481015f8                pRti_UART_EVENTS_CH1_INT0_OType
                0x00000000481015fc                pRti_UART_EVENTS_CH1_INT0_OMax
                0x0000000048101600                pRti_UART_EVENTS_CH1_INT0_ORpt
                0x0000000048101604                pRti_UART_EVENTS_CH1_INT0_OCnt
                0x0000000048101608                pRti_UART_EVENTS_CH1_INT0_TCnt
                0x000000004810160c                pRti_UART_EVENTS_CH1_INT0_Prio
                0x0000000048101610                pRti_TIMERB_STime
                0x0000000048101614                pRti_TIMERB_TTime
                0x0000000048101618                pRti_TIMERB_TState
                0x000000004810161c                pRti_TIMERB_OType
                0x0000000048101620                pRti_TIMERB_OMax
                0x0000000048101624                pRti_TIMERB_ORpt
                0x0000000048101628                pRti_TIMERB_OCnt
                0x000000004810162c                pRti_TIMERB_TCnt
                0x0000000048101630                pRti_TIMERB_Prio
                0x0000000048101634                pRti_SWI1_TTime
                0x0000000048101638                pRti_SWI1_TState
                0x000000004810163c                pRti_SWI1_OType
                0x0000000048101640                pRti_SWI1_OMax
                0x0000000048101644                pRti_SWI1_ORpt
                0x0000000048101648                pRti_SWI1_OCnt
                0x000000004810164c                pRti_SWI1_TCnt
                0x0000000048101650                pRti_SWI1_Prio
                0x0000000048101660                rtiAssertionMode
 .bss           0x0000000048101664        0x4 rti_init_c.o07
 .bss           0x0000000048101668        0x0 rt_sim.o07
 .bss           0x0000000048101668        0x0 rti_assert.o07
 .bss           0x0000000048101668      0x1c4 rtican_err1202.o07
                0x0000000048101668                rtican_type1_tq_error
                0x0000000048101828                can_tp1_address_table
 .bss           0x000000004810182c        0x0 d:\Program Files\dSPACE RCPHIL 2017-B\DS1202\Lib/librtversion.a(RtVersion.o)
 .bss           0x000000004810182c       0x14 d:\Program Files\dSPACE RCPHIL 2017-B\DS1202\Lib/librtglobals.a(DsEESPort.o)
                0x000000004810182c                xilapi_eesport_trigger_uint32_T
                0x0000000048101830                xilapi_eesport_flags_uint32_T
                0x0000000048101834                xilapi_eesport_errorswitching_uint32_T
                0x0000000048101838                xilapi_eesport_erroractivated_uint32_T
                0x000000004810183c                xilapi_eesport_activeerrorset_uint32_T
 .bss           0x0000000048101840        0x0 d:\Program Files\dSPACE RCPHIL 2017-B\DS1202\Lib/libm_fastpow.a(w_pow.o)
 .bss           0x0000000048101840        0x0 d:\Program Files\dSPACE RCPHIL 2017-B\DS1202\Lib/libm_fastpow.a(e_pow.o)
 .bss           0x0000000048101840        0x0 d:\Program Files\dSPACE RCPHIL 2017-B\DS1202\Lib/libm_fastpow.a(s_scalbn.o)
 .bss           0x0000000048101840        0x0 c:/programdata/dspace/1184d92c-d928-4591-a1e9-b54339797c20/compiler/qnx650_520/host/win32/x86/usr/bin/../lib/gcc/powerpc-unknown-nto-qnx6.5.0/5.2.0/crtend.o
 .bss           0x0000000048101840        0x0 C:\ProgramData\dSPACE\1184D92C-D928-4591-A1E9-B54339797C20\Compiler\QNX650_520\target\qnx6/ppcbe/lib/crtn.o
 *(COMMON)
                0x0000000048101840                . = ALIGN ((. != 0x0)?0x4:0x1)

.iplt           0x0000000048101840        0x0
 .iplt          0x0000000048101840        0x0 C:\ProgramData\dSPACE\1184D92C-D928-4591-A1E9-B54339797C20\Compiler\QNX650_520\target\qnx6/ppcbe/lib/crt1.o
                0x0000000048101840                . = ALIGN (0x4)
                0x0000000048101840                . = ALIGN (0x4)
                0x0000000048101840                __end = .
                0x0000000048101840                _end = .
                [!provide]                        PROVIDE (end, .)
                0x0000000048101840                . = DATA_SEGMENT_END (.)

.stab
 *(.stab)

.stabstr
 *(.stabstr)

.stab.excl
 *(.stab.excl)

.stab.exclstr
 *(.stab.exclstr)

.stab.index
 *(.stab.index)

.stab.indexstr
 *(.stab.indexstr)

.comment        0x0000000000000000       0x47
 *(.comment)
 .comment       0x0000000000000000       0x11 c:/programdata/dspace/1184d92c-d928-4591-a1e9-b54339797c20/compiler/qnx650_520/host/win32/x86/usr/bin/../lib/gcc/powerpc-unknown-nto-qnx6.5.0/5.2.0/crtbegin.o
                                         0x12 (size before relaxing)
 .comment       0x0000000000000011       0x12 Human_in_Loop.o07
 .comment       0x0000000000000011       0x12 Human_in_Loop_data.o07
 .comment       0x0000000000000011       0x12 Human_in_Loop_trc_ptr.o07
 .comment       0x0000000000000011       0x12 rtGetInf.o07
 .comment       0x0000000000000011       0x12 rtGetNaN.o07
 .comment       0x0000000000000011       0x12 rt_nonfinite.o07
 .comment       0x0000000000000011       0x12 rt_zcfcn.o07
 .comment       0x0000000000000011       0x12 rti_sim_engine.o07
 .comment       0x0000000000000011       0x12 rti_init_c.o07
 .comment       0x0000000000000011       0x12 rt_sim.o07
 .comment       0x0000000000000011       0x12 rti_assert.o07
 .comment       0x0000000000000011       0x12 rtican_err1202.o07
 .comment       0x0000000000000011       0x12 d:\Program Files\dSPACE RCPHIL 2017-B\DS1202\Lib/librtversion.a(RtVersion.o)
 .comment       0x0000000000000011       0x12 d:\Program Files\dSPACE RCPHIL 2017-B\DS1202\Lib/librtglobals.a(DsEESPort.o)
 .comment       0x0000000000000011       0x12 d:\Program Files\dSPACE RCPHIL 2017-B\DS1202\Lib/libm_fastpow.a(w_pow.o)
 .comment       0x0000000000000023       0x12 d:\Program Files\dSPACE RCPHIL 2017-B\DS1202\Lib/libm_fastpow.a(e_pow.o)
 .comment       0x0000000000000035       0x12 d:\Program Files\dSPACE RCPHIL 2017-B\DS1202\Lib/libm_fastpow.a(s_scalbn.o)
 .comment       0x0000000000000047       0x12 c:/programdata/dspace/1184d92c-d928-4591-a1e9-b54339797c20/compiler/qnx650_520/host/win32/x86/usr/bin/../lib/gcc/powerpc-unknown-nto-qnx6.5.0/5.2.0/crtend.o

.PPC.EMB.apuinfo
                0x0000000000000000       0x18
 .PPC.EMB.apuinfo
                0x0000000000000000       0x18 Human_in_Loop.o07
 .PPC.EMB.apuinfo
                0x0000000000000018       0x18 rt_zcfcn.o07

.debug
 *(.debug)

.line
 *(.line)

.debug_srcinfo
 *(.debug_srcinfo)

.debug_sfnames
 *(.debug_sfnames)

.debug_aranges
 *(.debug_aranges)

.debug_pubnames
 *(.debug_pubnames)

.debug_info
 *(.debug_info .gnu.linkonce.wi.*)

.debug_abbrev
 *(.debug_abbrev)

.debug_line
 *(.debug_line)

.debug_frame
 *(.debug_frame)

.debug_str
 *(.debug_str)

.debug_loc
 *(.debug_loc)

.debug_macinfo
 *(.debug_macinfo)

.debug_weaknames
 *(.debug_weaknames)

.debug_funcnames
 *(.debug_funcnames)

.debug_typenames
 *(.debug_typenames)

.debug_varnames
 *(.debug_varnames)

.debug_pubtypes
 *(.debug_pubtypes)

.debug_ranges
 *(.debug_ranges)

.gnu.attributes
                0x0000000000000000       0x14
 *(.gnu.attributes)
 .gnu.attributes
                0x0000000000000000       0x10 Human_in_Loop.o07
 .gnu.attributes
                0x0000000000000010       0x10 rtGetInf.o07
 .gnu.attributes
                0x0000000000000020       0x10 rtGetNaN.o07
 .gnu.attributes
                0x0000000000000030       0x10 rt_nonfinite.o07
 .gnu.attributes
                0x0000000000000040       0x10 rt_zcfcn.o07
 .gnu.attributes
                0x0000000000000050       0x10 rti_sim_engine.o07
 .gnu.attributes
                0x0000000000000060       0x10 rt_sim.o07
 .gnu.attributes
                0x0000000000000070       0x10 rti_assert.o07
 .gnu.attributes
                0x0000000000000080       0x14 d:\Program Files\dSPACE RCPHIL 2017-B\DS1202\Lib/libm_fastpow.a(w_pow.o)
 .gnu.attributes
                0x0000000000000094       0x14 d:\Program Files\dSPACE RCPHIL 2017-B\DS1202\Lib/libm_fastpow.a(e_pow.o)
 .gnu.attributes
                0x00000000000000a8       0x14 d:\Program Files\dSPACE RCPHIL 2017-B\DS1202\Lib/libm_fastpow.a(s_scalbn.o)

/DISCARD/
 *(.note.GNU-stack)
 *(.gnu_debuglink)
OUTPUT(Human_in_Loop.ppc elf32-powerpc)
