Archive member included to satisfy reference by file (symbol)

d:\Program Files\dSPACE RCPHIL 2017-B\DS1202\Lib/librtversion.a(RtVersion.o)
                              (--whole-archive)
d:\Program Files\dSPACE RCPHIL 2017-B\DS1202\Lib/librtglobals.a(DsEESPort.o)
                              (--whole-archive)
d:\Program Files\dSPACE RCPHIL 2017-B\DS1202\Lib/libm_fastpow.a(w_pow.o)
                              Human_in_Loop.o07 (pow)
d:\Program Files\dSPACE RCPHIL 2017-B\DS1202\Lib/libm_fastpow.a(e_pow.o)
                              d:\Program Files\dSPACE RCPHIL 2017-B\DS1202\Lib/libm_fastpow.a(w_pow.o) (__ieee754_pow)
d:\Program Files\dSPACE RCPHIL 2017-B\DS1202\Lib/libm_fastpow.a(s_scalbn.o)
                              d:\Program Files\dSPACE RCPHIL 2017-B\DS1202\Lib/libm_fastpow.a(e_pow.o) (scalbn)

As-needed library included to satisfy reference by file (symbol)

libDsRealTimeTestingRP.so.1   rti_sim_engine.o07 (dsrtt_script_service_pre_computation)

Memory Configuration

Name             Origin             Length             Attributes
*default*        0x0000000000000000 0xffffffffffffffff

Linker script and memory map

LOAD C:\ProgramData\dSPACE\1184D92C-D928-4591-A1E9-B54339797C20\Compiler\QNX650_520\target\qnx6/ppcbe/lib/crt1.o
LOAD C:\ProgramData\dSPACE\1184D92C-D928-4591-A1E9-B54339797C20\Compiler\QNX650_520\target\qnx6/ppcbe/lib/crti.o
LOAD c:/programdata/dspace/1184d92c-d928-4591-a1e9-b54339797c20/compiler/qnx650_520/host/win32/x86/usr/bin/../lib/gcc/powerpc-unknown-nto-qnx6.5.0/5.2.0/crtbegin.o
                0x0000000000000000                _DSPACE_START = 0x0
                0x0000000000000000                _DSPACE_START_ = 0x0
                0x00000000000004b2                DS_TARGET_PLATFORM = 0x4b2
START GROUP
LOAD Human_in_Loop.o07
LOAD Human_in_Loop_data.o07
LOAD Human_in_Loop_trc_ptr.o07
LOAD rtGetInf.o07
LOAD rtGetNaN.o07
LOAD rt_nonfinite.o07
LOAD rt_zcfcn.o07
LOAD rti_sim_engine.o07
LOAD rti_init_c.o07
LOAD rt_sim.o07
LOAD rti_assert.o07
LOAD rtican_err1202.o07
LOAD d:\Program Files\dSPACE RCPHIL 2017-B\DS1202\Lib/librtcan.so
LOAD d:\Program Files\dSPACE RCPHIL 2017-B\DS1202\Lib/librtj1939.so
LOAD d:\Program Files\dSPACE RCPHIL 2017-B\DS1202\Lib/librtser.so
LOAD d:\Program Files\dSPACE RCPHIL 2017-B\DS1202\Lib/librt13xxio.so
LOAD d:\Program Files\dSPACE RCPHIL 2017-B\DS1202\Lib/librt1202.so
LOAD d:\Program Files\dSPACE RCPHIL 2017-B\DS1202\Lib/librtwrap.so
LOAD d:\Program Files\dSPACE RCPHIL 2017-B\DS1202\Lib/librtversion.a
LOAD d:\Program Files\dSPACE RCPHIL 2017-B\DS1202\Lib/librtglobals.a
LOAD d:\Program Files\dSPACE RCPHIL 2017-B\DS1202\Lib/libm_fastpow.a
END GROUP
LOAD d:\Program Files\dSPACE RCPHIL 2017-B\DS1202\Lib/libstdc++.so
LOAD C:\ProgramData\dSPACE\1184D92C-D928-4591-A1E9-B54339797C20\Compiler\QNX650_520\target\qnx6/ppcbe/lib/libm.so
LOAD c:/programdata/dspace/1184d92c-d928-4591-a1e9-b54339797c20/compiler/qnx650_520/host/win32/x86/usr/bin/../lib/gcc/powerpc-unknown-nto-qnx6.5.0/5.2.0\libgcc.a
LOAD C:\ProgramData\dSPACE\1184D92C-D928-4591-A1E9-B54339797C20\Compiler\QNX650_520\target\qnx6/ppcbe/lib/libc.so
LOAD C:\ProgramData\dSPACE\1184D92C-D928-4591-A1E9-B54339797C20\Compiler\QNX650_520\target\qnx6/ppcbe/lib\libc.a
LOAD c:/programdata/dspace/1184d92c-d928-4591-a1e9-b54339797c20/compiler/qnx650_520/host/win32/x86/usr/bin/../lib/gcc/powerpc-unknown-nto-qnx6.5.0/5.2.0\libgcc.a
LOAD c:/programdata/dspace/1184d92c-d928-4591-a1e9-b54339797c20/compiler/qnx650_520/host/win32/x86/usr/bin/../lib/gcc/powerpc-unknown-nto-qnx6.5.0/5.2.0/crtend.o
LOAD C:\ProgramData\dSPACE\1184D92C-D928-4591-A1E9-B54339797C20\Compiler\QNX650_520\target\qnx6/ppcbe/lib/crtn.o
                [!provide]                        PROVIDE (__stack, 0x0)
                [!provide]                        PROVIDE (___stack, 0x0)
                [!provide]                        PROVIDE (__executable_start, 0x48040000)
                0x0000000048040134                . = (0x48040000 + SIZEOF_HEADERS)

.interp         0x0000000048040134       0x14
 *(.interp)
 .interp        0x0000000048040134       0x14 C:\ProgramData\dSPACE\1184D92C-D928-4591-A1E9-B54339797C20\Compiler\QNX650_520\target\qnx6/ppcbe/lib/crt1.o

.note           0x0000000048040150       0x18
 .note          0x0000000048040150       0x18 C:\ProgramData\dSPACE\1184D92C-D928-4591-A1E9-B54339797C20\Compiler\QNX650_520\target\qnx6/ppcbe/lib/crtn.o

.note.gnu.build-id
                0x0000000048040168       0x20
 *(.note.gnu.build-id)
 .note.gnu.build-id
                0x0000000048040168       0x20 C:\ProgramData\dSPACE\1184D92C-D928-4591-A1E9-B54339797C20\Compiler\QNX650_520\target\qnx6/ppcbe/lib/crt1.o

.hash           0x0000000048040188      0x49c
 *(.hash)
 .hash          0x0000000048040188      0x49c C:\ProgramData\dSPACE\1184D92C-D928-4591-A1E9-B54339797C20\Compiler\QNX650_520\target\qnx6/ppcbe/lib/crt1.o

.gnu.hash
 *(.gnu.hash)

.dynsym         0x0000000048040624      0xa20
 *(.dynsym)
 .dynsym        0x0000000048040624      0xa20 C:\ProgramData\dSPACE\1184D92C-D928-4591-A1E9-B54339797C20\Compiler\QNX650_520\target\qnx6/ppcbe/lib/crt1.o

.dynstr         0x0000000048041044      0xd64
 *(.dynstr)
 .dynstr        0x0000000048041044      0xd64 C:\ProgramData\dSPACE\1184D92C-D928-4591-A1E9-B54339797C20\Compiler\QNX650_520\target\qnx6/ppcbe/lib/crt1.o

.gnu.version    0x0000000048041da8        0x0
 *(.gnu.version)
 .gnu.version   0x0000000048041da8        0x0 C:\ProgramData\dSPACE\1184D92C-D928-4591-A1E9-B54339797C20\Compiler\QNX650_520\target\qnx6/ppcbe/lib/crt1.o

.gnu.version_d  0x0000000048041da8        0x0
 *(.gnu.version_d)
 .gnu.version_d
                0x0000000048041da8        0x0 C:\ProgramData\dSPACE\1184D92C-D928-4591-A1E9-B54339797C20\Compiler\QNX650_520\target\qnx6/ppcbe/lib/crt1.o

.gnu.version_r  0x0000000048041da8        0x0
 *(.gnu.version_r)
 .gnu.version_r
                0x0000000048041da8        0x0 C:\ProgramData\dSPACE\1184D92C-D928-4591-A1E9-B54339797C20\Compiler\QNX650_520\target\qnx6/ppcbe/lib/crt1.o

.rel.dyn
 *(.rel.init)
 *(.rel.text .rel.text.* .rel.gnu.linkonce.t.*)
 *(.rel.fini)
 *(.rel.rodata .rel.rodata.* .rel.gnu.linkonce.r.*)
 *(.rel.data.rel.ro* .rel.gnu.linkonce.d.rel.ro.*)
 *(.rel.data .rel.data.* .rel.gnu.linkonce.d.*)
 *(.rel.tdata .rel.tdata.* .rel.gnu.linkonce.td.*)
 *(.rel.tbss .rel.tbss.* .rel.gnu.linkonce.tb.*)
 *(.rel.ctors)
 *(.rel.dtors)
 *(.rel.got)
 *(.rel.sdata .rel.sdata.* .rel.gnu.linkonce.s.*)
 *(.rel.sbss .rel.sbss.* .rel.gnu.linkonce.sb.*)
 *(.rel.sdata2 .rel.sdata2.* .rel.gnu.linkonce.s2.*)
 *(.rel.sbss2 .rel.sbss2.* .rel.gnu.linkonce.sb2.*)
 *(.rel.bss .rel.bss.* .rel.gnu.linkonce.b.*)

.rela.dyn       0x0000000048041da8       0x6c
 *(.rela.init)
 *(.rela.text .rela.text.* .rela.gnu.linkonce.t.*)
 .rela.text     0x0000000048041da8        0x0 C:\ProgramData\dSPACE\1184D92C-D928-4591-A1E9-B54339797C20\Compiler\QNX650_520\target\qnx6/ppcbe/lib/crt1.o
 .rela.text.startup
                0x0000000048041da8        0x0 C:\ProgramData\dSPACE\1184D92C-D928-4591-A1E9-B54339797C20\Compiler\QNX650_520\target\qnx6/ppcbe/lib/crt1.o
 *(.rela.fini)
 *(.rela.rodata .rela.rodata.* .rela.gnu.linkonce.r.*)
 .rela.rodata   0x0000000048041da8        0x0 C:\ProgramData\dSPACE\1184D92C-D928-4591-A1E9-B54339797C20\Compiler\QNX650_520\target\qnx6/ppcbe/lib/crt1.o
 *(.rela.data .rela.data.* .rela.gnu.linkonce.d.*)
 *(.rela.tdata .rela.tdata.* .rela.gnu.linkonce.td.*)
 *(.rela.tbss .rela.tbss.* .rela.gnu.linkonce.tb.*)
 *(.rela.ctors)
 *(.rela.dtors)
 *(.rela.got)
 .rela.got      0x0000000048041da8       0x48 C:\ProgramData\dSPACE\1184D92C-D928-4591-A1E9-B54339797C20\Compiler\QNX650_520\target\qnx6/ppcbe/lib/crt1.o
 *(.rela.got1)
 *(.rela.got2)
 *(.rela.sdata .rela.sdata.* .rela.gnu.linkonce.s.*)
 *(.rela.sbss .rela.sbss.* .rela.gnu.linkonce.sb.*)
 .rela.sbss     0x0000000048041df0        0x0 C:\ProgramData\dSPACE\1184D92C-D928-4591-A1E9-B54339797C20\Compiler\QNX650_520\target\qnx6/ppcbe/lib/crt1.o
 *(.rela.sdata2 .rela.sdata2.* .rela.gnu.linkonce.s2.*)
 *(.rela.sbss2 .rela.sbss2.* .rela.gnu.linkonce.sb2.*)
 *(.rela.bss .rela.bss.* .rela.gnu.linkonce.b.*)
 .rela.bss      0x0000000048041df0       0x24 C:\ProgramData\dSPACE\1184D92C-D928-4591-A1E9-B54339797C20\Compiler\QNX650_520\target\qnx6/ppcbe/lib/crt1.o
 .rela.iplt     0x0000000048041e14        0x0 C:\ProgramData\dSPACE\1184D92C-D928-4591-A1E9-B54339797C20\Compiler\QNX650_520\target\qnx6/ppcbe/lib/crt1.o

.rel.plt
 *(.rel.plt)

.rela.plt       0x0000000048041e14      0x6b4
 *(.rela.plt)
 .rela.plt      0x0000000048041e14      0x6b4 C:\ProgramData\dSPACE\1184D92C-D928-4591-A1E9-B54339797C20\Compiler\QNX650_520\target\qnx6/ppcbe/lib/crt1.o

.init           0x00000000480424c8       0x24
 *(.init)
 .init          0x00000000480424c8        0xc C:\ProgramData\dSPACE\1184D92C-D928-4591-A1E9-B54339797C20\Compiler\QNX650_520\target\qnx6/ppcbe/lib/crti.o
                0x00000000480424c8                _init
 .init          0x00000000480424d4        0x4 c:/programdata/dspace/1184d92c-d928-4591-a1e9-b54339797c20/compiler/qnx650_520/host/win32/x86/usr/bin/../lib/gcc/powerpc-unknown-nto-qnx6.5.0/5.2.0/crtbegin.o
 .init          0x00000000480424d8        0x4 c:/programdata/dspace/1184d92c-d928-4591-a1e9-b54339797c20/compiler/qnx650_520/host/win32/x86/usr/bin/../lib/gcc/powerpc-unknown-nto-qnx6.5.0/5.2.0/crtend.o
 .init          0x00000000480424dc       0x10 C:\ProgramData\dSPACE\1184D92C-D928-4591-A1E9-B54339797C20\Compiler\QNX650_520\target\qnx6/ppcbe/lib/crtn.o

.text           0x00000000480424f0     0xb0dc
                0x00000000480424f0                _btext = .
 *(.text .stub .text.* .gnu.linkonce.t.*)
 .text          0x00000000480424f0      0x118 C:\ProgramData\dSPACE\1184D92C-D928-4591-A1E9-B54339797C20\Compiler\QNX650_520\target\qnx6/ppcbe/lib/crt1.o
                0x00000000480424f0                _start
 .text          0x0000000048042608        0x0 C:\ProgramData\dSPACE\1184D92C-D928-4591-A1E9-B54339797C20\Compiler\QNX650_520\target\qnx6/ppcbe/lib/crti.o
 .text          0x0000000048042608      0x2b0 c:/programdata/dspace/1184d92c-d928-4591-a1e9-b54339797c20/compiler/qnx650_520/host/win32/x86/usr/bin/../lib/gcc/powerpc-unknown-nto-qnx6.5.0/5.2.0/crtbegin.o
 *fill*         0x00000000480428b8        0x8 00000000
 .text          0x00000000480428c0     0x7804 Human_in_Loop.o07
                0x00000000480430a0                rt_hypotd_snf
                0x0000000048043180                Human_SerialDecodingSystem_Init
                0x0000000048043220                Huma_SerialDecodingSystem_Reset
                0x00000000480432b0                Human_in_L_SerialDecodingSystem
                0x00000000480443d0                Human_in_Loop_Mux1
                0x00000000480443f0                Human_in_Lo_MATLABFunction_Init
                0x0000000048044400                Human_in_Loop_MATLABFunction
                0x00000000480444e0                rt_powd_snf
                0x00000000480447a0                rt_roundd_snf
                0x0000000048044800                Human_in_Lo_ControlModule_Reset
                0x0000000048044880                Human_in_Loo_ControlModule_Init
                0x0000000048044890                Human_in_Loop_ControlModule
                0x0000000048046210                Human_in_Loo_ControlModule_Term
                0x0000000048046250                Human_in_Loop_output
                0x0000000048048fb0                Human_in_Loop_derivatives
                0x0000000048049680                Human_in_Loop_update
                0x0000000048049920                Human_in_Loop_initialize
                0x0000000048049f60                Human_in_Loop_terminate
 .text          0x000000004804a0c4        0x0 Human_in_Loop_data.o07
 .text          0x000000004804a0c4      0x234 Human_in_Loop_trc_ptr.o07
                0x000000004804a2c4                Human_in_Loop_rti_init_trc_pointers
 *fill*         0x000000004804a2f8        0x8 00000000
 .text          0x000000004804a300       0x5c rtGetInf.o07
                0x000000004804a300                rtGetInf
                0x000000004804a320                rtGetInfF
                0x000000004804a330                rtGetMinusInf
                0x000000004804a350                rtGetMinusInfF
 *fill*         0x000000004804a35c        0x4 00000000
 .text          0x000000004804a360       0x3c rtGetNaN.o07
                0x000000004804a360                rtGetNaN
                0x000000004804a390                rtGetNaNF
 *fill*         0x000000004804a39c        0x4 00000000
 .text          0x000000004804a3a0       0xf4 rt_nonfinite.o07
                0x000000004804a3a0                rt_InitInfAndNaN
                0x000000004804a400                rtIsInf
                0x000000004804a430                rtIsInfF
                0x000000004804a460                rtIsNaN
                0x000000004804a480                rtIsNaNF
 *fill*         0x000000004804a494        0xc 00000000
 .text          0x000000004804a4a0       0xf8 rt_zcfcn.o07
                0x000000004804a4a0                rt_ZCFcn
 *fill*         0x000000004804a598        0x8 00000000
 .text          0x000000004804a5a0      0xda4 rti_sim_engine.o07
                0x000000004804b2d0                rtk_idle_function
                0x000000004804b2e0                rti_th_timertask1_trigger_source
                0x000000004804b330                initConditions
                0x000000004804b340                initVariables
 .text.unlikely
                0x000000004804b344       0x78 rti_sim_engine.o07
 *fill*         0x000000004804b3bc        0x4 00000000
 .text.startup  0x000000004804b3c0     0x13ac rti_sim_engine.o07
                0x000000004804b3c0                main
 *fill*         0x000000004804c76c        0x4 00000000
 .text          0x000000004804c770       0x40 rti_init_c.o07
                0x000000004804c770                rti_init
 .text          0x000000004804c7b0       0x44 rt_sim.o07
                0x000000004804c7b0                rt_SimInitTimingEngine
                0x000000004804c7e0                rt_SimGetNextSampleHit
                0x000000004804c7f0                rt_SimUpdateDiscreteTaskSampleHits
 *fill*         0x000000004804c7f4        0xc 00000000
 .text          0x000000004804c800       0xd4 rti_assert.o07
                0x000000004804c800                rti_assertion_handler
                0x000000004804c890                rti_assertion_mode_msg
 *fill*         0x000000004804c8d4        0xc 00000000
 .text          0x000000004804c8e0      0x244 rtican_err1202.o07
                0x000000004804c8e0                rtican_type1_tq_err_handler
                0x000000004804ca30                rtican_type1_tq_err_all_reset
                0x000000004804ca70                rtican_type1_tq_err_all_chk
 .text          0x000000004804cb24        0x0 d:\Program Files\dSPACE RCPHIL 2017-B\DS1202\Lib/librtversion.a(RtVersion.o)
 *fill*         0x000000004804cb24        0xc 00000000
 .text          0x000000004804cb30        0x4 d:\Program Files\dSPACE RCPHIL 2017-B\DS1202\Lib/librtglobals.a(DsEESPort.o)
                0x000000004804cb30                DsEesPort_init()
 .text          0x000000004804cb34       0x20 d:\Program Files\dSPACE RCPHIL 2017-B\DS1202\Lib/libm_fastpow.a(w_pow.o)
                0x000000004804cb34                pow
 .text          0x000000004804cb54      0x85c d:\Program Files\dSPACE RCPHIL 2017-B\DS1202\Lib/libm_fastpow.a(e_pow.o)
                0x000000004804cb54                __ieee754_pow
 .text          0x000000004804d3b0      0x188 d:\Program Files\dSPACE RCPHIL 2017-B\DS1202\Lib/libm_fastpow.a(s_scalbn.o)
                0x000000004804d3b0                scalbn
 .text          0x000000004804d538       0x94 c:/programdata/dspace/1184d92c-d928-4591-a1e9-b54339797c20/compiler/qnx650_520/host/win32/x86/usr/bin/../lib/gcc/powerpc-unknown-nto-qnx6.5.0/5.2.0/crtend.o
 .text          0x000000004804d5cc        0x0 C:\ProgramData\dSPACE\1184D92C-D928-4591-A1E9-B54339797C20\Compiler\QNX650_520\target\qnx6/ppcbe/lib/crtn.o
 *(.gnu.warning)
 *(.glink)
 .glink         0x000000004804d5cc        0x0 C:\ProgramData\dSPACE\1184D92C-D928-4591-A1E9-B54339797C20\Compiler\QNX650_520\target\qnx6/ppcbe/lib/crt1.o

.fini           0x000000004804d5cc       0x20
 *(.fini)
 .fini          0x000000004804d5cc        0xc C:\ProgramData\dSPACE\1184D92C-D928-4591-A1E9-B54339797C20\Compiler\QNX650_520\target\qnx6/ppcbe/lib/crti.o
                0x000000004804d5cc                _fini
 .fini          0x000000004804d5d8        0x4 c:/programdata/dspace/1184d92c-d928-4591-a1e9-b54339797c20/compiler/qnx650_520/host/win32/x86/usr/bin/../lib/gcc/powerpc-unknown-nto-qnx6.5.0/5.2.0/crtbegin.o
 .fini          0x000000004804d5dc       0x10 C:\ProgramData\dSPACE\1184D92C-D928-4591-A1E9-B54339797C20\Compiler\QNX650_520\target\qnx6/ppcbe/lib/crtn.o
                [!provide]                        PROVIDE (__etext, .)
                0x000000004804d5ec                PROVIDE (_etext, .)
                [!provide]                        PROVIDE (etext, .)

.rodata         0x000000004804d5f0      0x708
 *(.rodata .rodata.* .gnu.linkonce.r.*)
 .rodata        0x000000004804d5f0       0x38 Human_in_Loop.o07
                0x000000004804d624                Human_in_Loop_M
 .rodata.cst4   0x000000004804d628       0x70 Human_in_Loop.o07
 .rodata.cst8   0x000000004804d698       0x80 Human_in_Loop.o07
 .rodata.str1.4
                0x000000004804d718        0x5 Human_in_Loop.o07
 *fill*         0x000000004804d71d        0x3 
 .rodata.cst4   0x000000004804d720        0x8 rtGetInf.o07
 .rodata.cst4   0x000000004804d728        0x4 rtGetNaN.o07
 .rodata        0x000000004804d72c       0x13 rt_zcfcn.o07
 .rodata.cst4   0x000000004804d73f        0x4 rt_zcfcn.o07
 *fill*         0x000000004804d73f        0x1 
 .rodata        0x000000004804d740        0xc rti_sim_engine.o07
                0x000000004804d740                rtiDataSetStorageEnabled
                0x000000004804d744                p_dsts_sum_of_reset_time
                0x000000004804d748                p_msg_last_error_no
 .rodata.cst4   0x000000004804d74c       0x10 rti_sim_engine.o07
                                         0x18 (size before relaxing)
 *fill*         0x000000004804d75c        0x4 
 .rodata.cst8   0x000000004804d760        0x8 rti_sim_engine.o07
                                         0x10 (size before relaxing)
 .rodata.str1.4
                0x000000004804d768      0x2bc rti_sim_engine.o07
 .rodata.cst4   0x000000004804da24        0x8 rt_sim.o07
 .rodata.str1.4
                0x000000004804da24       0x71 rt_sim.o07
 *fill*         0x000000004804da95        0x3 
 .rodata.str1.4
                0x000000004804da98       0x6d rti_assert.o07
 *fill*         0x000000004804db05        0x3 
 .rodata.str1.4
                0x000000004804db08       0x9c rtican_err1202.o07
                                         0x9b (size before relaxing)
 *fill*         0x000000004804dba4        0x4 
 .rodata        0x000000004804dba8       0x30 d:\Program Files\dSPACE RCPHIL 2017-B\DS1202\Lib/libm_fastpow.a(e_pow.o)
 .rodata.cst4   0x000000004804dbd8        0x8 d:\Program Files\dSPACE RCPHIL 2017-B\DS1202\Lib/libm_fastpow.a(e_pow.o)
 .rodata.cst8   0x000000004804dbe0       0xe8 d:\Program Files\dSPACE RCPHIL 2017-B\DS1202\Lib/libm_fastpow.a(e_pow.o)
 .rodata.cst8   0x000000004804dcc8       0x30 d:\Program Files\dSPACE RCPHIL 2017-B\DS1202\Lib/libm_fastpow.a(s_scalbn.o)

.rodata1
 *(.rodata1)

.sdata2         0x000000004804dcf8        0x0
                0x0000000000008000                PROVIDE (_SDA2_BASE_, 0x8000)
 *(.sdata2 .sdata2.* .gnu.linkonce.s2.*)
 .sdata2        0x000000004804dcf8        0x0 C:\ProgramData\dSPACE\1184D92C-D928-4591-A1E9-B54339797C20\Compiler\QNX650_520\target\qnx6/ppcbe/lib/crt1.o

.sbss2
 *(.sbss2 .sbss2.* .gnu.linkonce.sb2.*)

.eh_frame_hdr   0x000000004804dcf8       0x14
 *(.eh_frame_hdr)
 .eh_frame_hdr  0x000000004804dcf8       0x14 d:\Program Files\dSPACE RCPHIL 2017-B\DS1202\Lib/librtglobals.a(DsEESPort.o)

.eh_frame       0x000000004804dd0c       0x2c
 *(.eh_frame)
 .eh_frame      0x000000004804dd0c        0x0 C:\ProgramData\dSPACE\1184D92C-D928-4591-A1E9-B54339797C20\Compiler\QNX650_520\target\qnx6/ppcbe/lib/crt1.o
 .eh_frame      0x000000004804dd0c        0x0 c:/programdata/dspace/1184d92c-d928-4591-a1e9-b54339797c20/compiler/qnx650_520/host/win32/x86/usr/bin/../lib/gcc/powerpc-unknown-nto-qnx6.5.0/5.2.0/crtbegin.o
 .eh_frame      0x000000004804dd0c       0x28 d:\Program Files\dSPACE RCPHIL 2017-B\DS1202\Lib/librtglobals.a(DsEESPort.o)
 .eh_frame      0x000000004804dd34        0x4 c:/programdata/dspace/1184d92c-d928-4591-a1e9-b54339797c20/compiler/qnx650_520/host/win32/x86/usr/bin/../lib/gcc/powerpc-unknown-nto-qnx6.5.0/5.2.0/crtend.o

.gcc_except_table
 *(.gcc_except_table .gcc_except_table.*)
                0x000000004804dd38                . = (ALIGN (0x1000) - ((0x1000 - .) & 0xfff))
                0x000000004804e000                . = DATA_SEGMENT_ALIGN (0x1000, 0x1000)

.eh_frame
 *(.eh_frame)

.gcc_except_table
 *(.gcc_except_table .gcc_except_table.*)

.tdata
 *(.tdata .tdata.* .gnu.linkonce.td.*)

.tbss
 *(.tbss .tbss.* .gnu.linkonce.tb.*)
 *(.tcommon)

.preinit_array  0x000000004804e000        0x0
                0x000000004804e000                PROVIDE (__preinit_array_start, .)
 *(.preinit_array)
                0x000000004804e000                PROVIDE (__preinit_array_end, .)

.init_array     0x000000004804e000        0x0
                0x000000004804e000                PROVIDE (__init_array_start, .)
 *(SORT(.init_array.*))
 *(.init_array)
                0x000000004804e000                PROVIDE (__init_array_end, .)

.fini_array     0x000000004804e000        0x0
                0x000000004804e000                PROVIDE (__fini_array_start, .)
 *(.fini_array)
 *(SORT(.fini_array.*))
                0x000000004804e000                PROVIDE (__fini_array_end, .)

.ctors          0x000000004804e000        0x8
 *crtbegin.o(.ctors)
 .ctors         0x000000004804e000        0x4 c:/programdata/dspace/1184d92c-d928-4591-a1e9-b54339797c20/compiler/qnx650_520/host/win32/x86/usr/bin/../lib/gcc/powerpc-unknown-nto-qnx6.5.0/5.2.0/crtbegin.o
 *crtbegin?.o(.ctors)
 *(EXCLUDE_FILE(*crtend?.o *crtend.o) .ctors)
 *(SORT(.ctors.*))
 *(.ctors)
 .ctors         0x000000004804e004        0x4 c:/programdata/dspace/1184d92c-d928-4591-a1e9-b54339797c20/compiler/qnx650_520/host/win32/x86/usr/bin/../lib/gcc/powerpc-unknown-nto-qnx6.5.0/5.2.0/crtend.o

.dtors          0x000000004804e008        0x8
 *crtbegin.o(.dtors)
 .dtors         0x000000004804e008        0x4 c:/programdata/dspace/1184d92c-d928-4591-a1e9-b54339797c20/compiler/qnx650_520/host/win32/x86/usr/bin/../lib/gcc/powerpc-unknown-nto-qnx6.5.0/5.2.0/crtbegin.o
 *crtbegin?.o(.dtors)
 *(EXCLUDE_FILE(*crtend?.o *crtend.o) .dtors)
 *(SORT(.dtors.*))
 *(.dtors)
 .dtors         0x000000004804e00c        0x4 c:/programdata/dspace/1184d92c-d928-4591-a1e9-b54339797c20/compiler/qnx650_520/host/win32/x86/usr/bin/../lib/gcc/powerpc-unknown-nto-qnx6.5.0/5.2.0/crtend.o
                0x000000004804e00c                __DTOR_END__

.jcr            0x000000004804e010        0x4
 *(.jcr)
 .jcr           0x000000004804e010        0x0 c:/programdata/dspace/1184d92c-d928-4591-a1e9-b54339797c20/compiler/qnx650_520/host/win32/x86/usr/bin/../lib/gcc/powerpc-unknown-nto-qnx6.5.0/5.2.0/crtbegin.o
 .jcr           0x000000004804e010        0x4 c:/programdata/dspace/1184d92c-d928-4591-a1e9-b54339797c20/compiler/qnx650_520/host/win32/x86/usr/bin/../lib/gcc/powerpc-unknown-nto-qnx6.5.0/5.2.0/crtend.o

.data.rel.ro
 *(.data.rel.ro.local* .gnu.linkonce.d.rel.ro.local.*)
 *(.data.rel.ro* .gnu.linkonce.d.rel.ro.*)

.fixup
 *(.fixup)

.got1
 *(.got1)

.got2
 *(.got2)

.dynamic        0x000000004804e014      0x100
 *(.dynamic)
 .dynamic       0x000000004804e014      0x100 C:\ProgramData\dSPACE\1184D92C-D928-4591-A1E9-B54339797C20\Compiler\QNX650_520\target\qnx6/ppcbe/lib/crt1.o
                0x000000004804e014                _DYNAMIC

.got
 *(.got)
                0x000000004804e114                . = DATA_SEGMENT_RELRO_END (., 0x0)

.plt
 *(.plt)

.data           0x000000004804e118     0xe40c
 *(.data .data.* .gnu.linkonce.d.*)
 .data          0x000000004804e118        0x0 C:\ProgramData\dSPACE\1184D92C-D928-4591-A1E9-B54339797C20\Compiler\QNX650_520\target\qnx6/ppcbe/lib/crt1.o
 .data          0x000000004804e118        0x0 C:\ProgramData\dSPACE\1184D92C-D928-4591-A1E9-B54339797C20\Compiler\QNX650_520\target\qnx6/ppcbe/lib/crti.o
 .data          0x000000004804e118        0x0 c:/programdata/dspace/1184d92c-d928-4591-a1e9-b54339797c20/compiler/qnx650_520/host/win32/x86/usr/bin/../lib/gcc/powerpc-unknown-nto-qnx6.5.0/5.2.0/crtbegin.o
 .data.rel.local
                0x000000004804e118        0x4 c:/programdata/dspace/1184d92c-d928-4591-a1e9-b54339797c20/compiler/qnx650_520/host/win32/x86/usr/bin/../lib/gcc/powerpc-unknown-nto-qnx6.5.0/5.2.0/crtbegin.o
                0x000000004804e118                __dso_handle
 .data          0x000000004804e11c        0x0 Human_in_Loop.o07
 *fill*         0x000000004804e11c        0x4 
 .data          0x000000004804e120     0xe3e0 Human_in_Loop_data.o07
                0x000000004804e120                Human_in_Loop_P
 .data          0x000000004805c500        0x0 Human_in_Loop_trc_ptr.o07
 .data          0x000000004805c500        0x0 rtGetInf.o07
 .data          0x000000004805c500        0x0 rtGetNaN.o07
 .data          0x000000004805c500        0x0 rt_nonfinite.o07
 .data          0x000000004805c500        0x0 rt_zcfcn.o07
 .data          0x000000004805c500       0x14 rti_sim_engine.o07
                0x000000004805c500                simState
                0x000000004805c510                lastSimState
 .data          0x000000004805c514        0x0 rti_init_c.o07
 .data          0x000000004805c514        0x0 rt_sim.o07
 .data          0x000000004805c514        0x0 rti_assert.o07
 .data          0x000000004805c514        0x4 rtican_err1202.o07
                0x000000004805c514                rtican_type1_error_level
 .data          0x000000004805c518        0x0 d:\Program Files\dSPACE RCPHIL 2017-B\DS1202\Lib/librtversion.a(RtVersion.o)
 .data          0x000000004805c518        0x0 d:\Program Files\dSPACE RCPHIL 2017-B\DS1202\Lib/librtglobals.a(DsEESPort.o)
 .data.rel      0x000000004805c518        0xc d:\Program Files\dSPACE RCPHIL 2017-B\DS1202\Lib/librtglobals.a(DsEESPort.o)
                0x000000004805c518                p_xilapi_eesport_errorswitching_uint32_T
                0x000000004805c51c                p_xilapi_eesport_erroractivated_uint32_T
                0x000000004805c520                p_xilapi_eesport_activeerrorset_uint32_T
 .data          0x000000004805c524        0x0 d:\Program Files\dSPACE RCPHIL 2017-B\DS1202\Lib/libm_fastpow.a(w_pow.o)
 .data          0x000000004805c524        0x0 d:\Program Files\dSPACE RCPHIL 2017-B\DS1202\Lib/libm_fastpow.a(e_pow.o)
 .data          0x000000004805c524        0x0 d:\Program Files\dSPACE RCPHIL 2017-B\DS1202\Lib/libm_fastpow.a(s_scalbn.o)
 .data          0x000000004805c524        0x0 c:/programdata/dspace/1184d92c-d928-4591-a1e9-b54339797c20/compiler/qnx650_520/host/win32/x86/usr/bin/../lib/gcc/powerpc-unknown-nto-qnx6.5.0/5.2.0/crtend.o
 .data          0x000000004805c524        0x0 C:\ProgramData\dSPACE\1184D92C-D928-4591-A1E9-B54339797C20\Compiler\QNX650_520\target\qnx6/ppcbe/lib/crtn.o

.tm_clone_table
                0x000000004805c524        0x0
 .tm_clone_table
                0x000000004805c524        0x0 c:/programdata/dspace/1184d92c-d928-4591-a1e9-b54339797c20/compiler/qnx650_520/host/win32/x86/usr/bin/../lib/gcc/powerpc-unknown-nto-qnx6.5.0/5.2.0/crtbegin.o
 .tm_clone_table
                0x000000004805c524        0x0 c:/programdata/dspace/1184d92c-d928-4591-a1e9-b54339797c20/compiler/qnx650_520/host/win32/x86/usr/bin/../lib/gcc/powerpc-unknown-nto-qnx6.5.0/5.2.0/crtend.o

.data1
 *(.data1)

.got            0x000000004805c524       0x54
 *(.got)
 .got           0x000000004805c524       0x54 C:\ProgramData\dSPACE\1184D92C-D928-4591-A1E9-B54339797C20\Compiler\QNX650_520\target\qnx6/ppcbe/lib/crt1.o
                0x000000004805c56c                _GLOBAL_OFFSET_TABLE_

.sdata          0x000000004805c578        0x0
                0x0000000000008000                PROVIDE (_SDA_BASE_, 0x8000)
 *(.sdata .sdata.* .gnu.linkonce.s.*)
 .sdata         0x000000004805c578        0x0 C:\ProgramData\dSPACE\1184D92C-D928-4591-A1E9-B54339797C20\Compiler\QNX650_520\target\qnx6/ppcbe/lib/crt1.o
                0x000000004805c578                _edata = .
                [!provide]                        PROVIDE (edata, .)
                0x000000004805c578                __bss_start = .

.sbss           0x000000004805c578        0x0
                [!provide]                        PROVIDE (__sbss_start, .)
                [!provide]                        PROVIDE (___sbss_start, .)
 *(.dynsbss)
 .dynsbss       0x000000004805c578        0x0 C:\ProgramData\dSPACE\1184D92C-D928-4591-A1E9-B54339797C20\Compiler\QNX650_520\target\qnx6/ppcbe/lib/crt1.o
 *(.sbss .sbss.* .gnu.linkonce.sb.*)
 *(.scommon)
                [!provide]                        PROVIDE (__sbss_end, .)
                [!provide]                        PROVIDE (___sbss_end, .)

.plt            0x000000004805c578      0x6fc
 *(.plt)
 .plt           0x000000004805c578      0x6fc C:\ProgramData\dSPACE\1184D92C-D928-4591-A1E9-B54339797C20\Compiler\QNX650_520\target\qnx6/ppcbe/lib/crt1.o
                0x000000004805c5c0                srtk_tic_read
                0x000000004805c5c8                ts_reset
                0x000000004805c5d0                __register_frame_info
                0x000000004805c5d8                DioCl2EncoderIn_create
                0x000000004805c5e0                msg_error_clear
                0x000000004805c5e8                AdcCl1AnalogIn_read
                0x000000004805c5f0                dsrtt_set_current_time
                0x000000004805c5f8                sqrt
                0x000000004805c600                DioCl2EncoderIn_read
                0x000000004805c608                rtk_current_task_absolute_time_ptr_get
                0x000000004805c610                can_tp1_channel_start
                0x000000004805c618                DioCl1DigIn_start
                0x000000004805c620                DsTimeSync_simstateRun
                0x000000004805c628                DacCl1AnalogOut_create
                0x000000004805c630                DioCl2EncoderIn_setEncPosition
                0x000000004805c638                DioCl2EncoderIn_stop
                0x000000004805c640                can_tp1_communication_init
                0x000000004805c648                DioCl1DigIn_setInputFilter
                0x000000004805c650                floor
                0x000000004805c658                DioCl1DigIn_create
                0x000000004805c660                memcpy
                0x000000004805c668                msg_warning_set
                0x000000004805c670                rtk_setup_temp_overrun_handling
                0x000000004805c678                DioCl1DigOut_setChMaskOutData
                0x000000004805c680                DioCl2EncoderIn_setIndexMode
                0x000000004805c688                ceil
                0x000000004805c690                SrtkIntBase_requestTaskMode
                0x000000004805c698                rtk_reset_tasks
                0x000000004805c6a0                DioCl2EncoderIn_setIndexPosition
                0x000000004805c6a8                can_tp1_all_data_clear
                0x000000004805c6b0                __cxa_finalize
                0x000000004805c6b8                _init_array
                0x000000004805c6c0                rtk_set_task_type
                0x000000004805c6c8                DsTimeSync_baserate
                0x000000004805c6d0                rtk_task_name_set
                0x000000004805c6d8                DacCl1AnalogOut_apply
                0x000000004805c6e0                can_tp1_msg_copy_all_to_mem
                0x000000004805c6e8                can_tp1_msg_read_from_mem
                0x000000004805c6f0                DioCl1DigIn_getChMaskInData
                0x000000004805c6f8                DioCl1DigOut_setChMaskOutHighZ
                0x000000004805c700                dsrtt_script_service_post_computation
                0x000000004805c708                rtk_create_task
                0x000000004805c710                msg_warning_printf
                0x000000004805c718                msg_last_error_number
                0x000000004805c720                DioCl2EncoderIn_start
                0x000000004805c728                AdcCl1AnalogIn_setConversTrigger
                0x000000004805c730                dsparam_copy_data_set
                0x000000004805c738                SrtkPreload_preloadRegion
                0x000000004805c740                rtk_dsts_time_to_simtime_convert
                0x000000004805c748                msg_error_set
                0x000000004805c750                rtk_enable_services
                0x000000004805c758                SrtkDaq_Init
                0x000000004805c760                DioCl1DigOut_setSignalVoltage
                0x000000004805c768                rtk_task_task_calls_get
                0x000000004805c770                DioCl1DigIn_apply
                0x000000004805c778                dsser_config
                0x000000004805c780                can_tp1_channel_init
                0x000000004805c788                can_tp1_dsmcr_client_create
                0x000000004805c790                SrtkCfg_finalizeSlaveBoot
                0x000000004805c798                DsTimeSync_setCurrentTimePtr
                0x000000004805c7a0                DioCl2EncoderIn_setMinEncVelocity
                0x000000004805c7a8                SrtkIntBase_enableIntGlobal
                0x000000004805c7b0                can_tp1_channel_termination_set
                0x000000004805c7b8                DioCl2EncoderIn_getIsIndexRaised
                0x000000004805c7c0                DacCl1AnalogOut_write
                0x000000004805c7c8                AdcCl1AnalogIn_setConversionMode
                0x000000004805c7d0                rtk_overrun_flag_clear
                0x000000004805c7d8                dsser_enable
                0x000000004805c7e0                rtk_bind_interrupt
                0x000000004805c7e8                DacCl1AnalogOut_stop
                0x000000004805c7f0                AdcCl1AnalogIn_apply
                0x000000004805c7f8                _init_libc
                0x000000004805c800                can_tp1_msg_send
                0x000000004805c808                DioCl2EncoderIn_setGatedMode
                0x000000004805c810                dsrtt_init
                0x000000004805c818                AdcCl1AnalogIn_write
                0x000000004805c820                DioCl1DigOut_write
                0x000000004805c828                SrtkApp_terminate
                0x000000004805c830                DioCl1DigOut_start
                0x000000004805c838                DioCl2EncoderIn_setMaxPosition
                0x000000004805c840                DioCl2EncoderIn_setMinPosition
                0x000000004805c848                AdcCl1AnalogIn_isDataReady
                0x000000004805c850                msg_info_set
                0x000000004805c858                dsser_disable
                0x000000004805c860                SensorSupply_create
                0x000000004805c868                dsrtt_script_service_pre_computation
                0x000000004805c870                DacCl1AnalogOut_start
                0x000000004805c878                msg_error_printf
                0x000000004805c880                memset
                0x000000004805c888                DioCl1DigOut_create
                0x000000004805c890                _Sin
                0x000000004805c898                can_tp1_msg_sleep
                0x000000004805c8a0                DioCl2EncoderIn_getEncPosition
                0x000000004805c8a8                rtk_leave_idle_mode
                0x000000004805c8b0                __wrap_exit
                0x000000004805c8b8                DioCl1DigOut_apply
                0x000000004805c8c0                __wrap_atexit
                0x000000004805c8c8                DioCl2EncoderIn_setMeasurementInterval
                0x000000004805c8d0                DacCl1AnalogOut_setOutputValue
                0x000000004805c8d8                sprintf
                0x000000004805c8e0                AdcCl1AnalogIn_start
                0x000000004805c8e8                _fini_array
                0x000000004805c8f0                SensorSupply_setVoltage
                0x000000004805c8f8                SrtkDaq_Background
                0x000000004805c900                _preinit_array
                0x000000004805c908                SrtkApp_init
                0x000000004805c910                exp
                0x000000004805c918                rtk_bind_subinterrupt
                0x000000004805c920                can_tp1_msg_rx_register
                0x000000004805c928                SrtkDaq_Service
                0x000000004805c930                rtk_task_task_name_get
                0x000000004805c938                AdcCl1AnalogIn_setConversSwTrigger
                0x000000004805c940                can_tp1_msg_wakeup
                0x000000004805c948                DioCl1DigIn_read
                0x000000004805c950                SrtkSim_notifyStateTransition
                0x000000004805c958                can_tp1_msg_tx_register
                0x000000004805c960                AdcCl1AnalogIn_getSingleValue
                0x000000004805c968                DioCl2EncoderIn_apply
                0x000000004805c970                DioCl2EncoderIn_getEncVelocity
                0x000000004805c978                msg_set
                0x000000004805c980                SensorSupply_apply
                0x000000004805c988                rtk_get_subentry
                0x000000004805c990                dsrtt_set_step_size
                0x000000004805c998                rtk_enter_idle_mode
                0x000000004805c9a0                dsser_init
                0x000000004805c9a8                rtk_initialize
                0x000000004805c9b0                DacCl1AnalogOut_setOutputHighZ
                0x000000004805c9b8                dsser_receive
                0x000000004805c9c0                DioCl2EncoderIn_setEncoderLines
                0x000000004805c9c8                SensorSupply_setSensorState
                0x000000004805c9d0                can_tp1_msg_read
                0x000000004805c9d8                SensorSupply_start
                0x000000004805c9e0                SrtkApp_background
                0x000000004805c9e8                rtk_default_overrun_fcn
                0x000000004805c9f0                AdcCl1AnalogIn_create
                0x000000004805c9f8                vcm_module_register
                0x000000004805ca00                can_tp1_msg_set
                0x000000004805ca08                DsTimeSync_simstateStop
                0x000000004805ca10                SrtkIntBase_disableIntGlobal
                0x000000004805ca18                SrtkSim_registerState
                0x000000004805ca20                __deregister_frame_info
                0x000000004805ca28                dsser_fifo_reset
                0x000000004805ca30                can_tp1_error_read

.bss            0x000000004805cc78    0x41728
 *(.dynbss)
 .dynbss        0x000000004805cc78       0x14 C:\ProgramData\dSPACE\1184D92C-D928-4591-A1E9-B54339797C20\Compiler\QNX650_520\target\qnx6/ppcbe/lib/crt1.o
                0x000000004805cc78                errno
                0x000000004805cc80                dsts_sum_of_reseted_time
                0x000000004805cc88                msg_last_error_no
 *(.bss .bss.* .gnu.linkonce.b.*)
 .bss           0x000000004805cc8c        0x0 C:\ProgramData\dSPACE\1184D92C-D928-4591-A1E9-B54339797C20\Compiler\QNX650_520\target\qnx6/ppcbe/lib/crt1.o
 .bss           0x000000004805cc8c        0x0 C:\ProgramData\dSPACE\1184D92C-D928-4591-A1E9-B54339797C20\Compiler\QNX650_520\target\qnx6/ppcbe/lib/crti.o
 .bss           0x000000004805cc8c       0x20 c:/programdata/dspace/1184d92c-d928-4591-a1e9-b54339797c20/compiler/qnx650_520/host/win32/x86/usr/bin/../lib/gcc/powerpc-unknown-nto-qnx6.5.0/5.2.0/crtbegin.o
 *fill*         0x000000004805ccac        0x4 
 .bss           0x000000004805ccb0    0x41349 Human_in_Loop.o07
                0x000000004805ccb0                Human_in_Loop_B
                0x0000000048085d00                Human_in_Loop_DW
                0x000000004809db80                Human_in_Loop_M_
                0x000000004809de78                Human_in_Loop_X
                0x000000004809dff8                Human_in_Loop_PrevZCX
 .bss           0x000000004809dff9        0x0 Human_in_Loop_data.o07
 *fill*         0x000000004809dff9        0x3 
 .bss           0x000000004809dffc       0x78 Human_in_Loop_trc_ptr.o07
                0x000000004809dffc                p_0_Human_in_Loop_real_T_0
                0x000000004809e000                p_0_Human_in_Loop_int32_T_1
                0x000000004809e004                p_0_Human_in_Loop_uint32_T_2
                0x000000004809e008                p_0_Human_in_Loop_uint8_T_3
                0x000000004809e00c                p_0_Human_in_Loop_boolean_T_4
                0x000000004809e010                p_0_Human_in_Loop_real_T_5
                0x000000004809e014                p_0_Human_in_Loop_real_T_6
                0x000000004809e018                p_0_Human_in_Loop_real_T_7
                0x000000004809e01c                p_0_Human_in_Loop_real_T_8
                0x000000004809e020                p_0_Human_in_Loop_real_T_9
                0x000000004809e024                p_0_Human_in_Loop_real_T_10
                0x000000004809e028                p_0_Human_in_Loop_real_T_11
                0x000000004809e02c                p_0_Human_in_Loop_real_T_12
                0x000000004809e030                p_1_Human_in_Loop_real_T_0
                0x000000004809e034                p_1_Human_in_Loop_int32_T_1
                0x000000004809e038                p_1_Human_in_Loop_int8_T_2
                0x000000004809e03c                p_1_Human_in_Loop_boolean_T_3
                0x000000004809e040                p_1_Human_in_Loop_real_T_4
                0x000000004809e044                p_1_Human_in_Loop_uint32_T_5
                0x000000004809e048                p_1_Human_in_Loop_boolean_T_6
                0x000000004809e04c                p_2_Human_in_Loop_real_T_0
                0x000000004809e050                p_2_Human_in_Loop_int_T_1
                0x000000004809e054                p_2_Human_in_Loop_int8_T_2
                0x000000004809e058                p_2_Human_in_Loop_real_T_3
                0x000000004809e05c                p_2_Human_in_Loop_real_T_4
                0x000000004809e060                p_2_Human_in_Loop_real_T_5
                0x000000004809e064                p_2_Human_in_Loop_real_T_6
                0x000000004809e068                p_2_Human_in_Loop_real_T_7
                0x000000004809e06c                p_2_Human_in_Loop_real_T_8
                0x000000004809e070                p_3_Human_in_Loop_real_T_0
 .bss           0x000000004809e074        0x0 rtGetInf.o07
 .bss           0x000000004809e074        0x0 rtGetNaN.o07
 *fill*         0x000000004809e074        0x4 
 .bss           0x000000004809e078       0x2c rt_nonfinite.o07
                0x000000004809e078                rtNaN
                0x000000004809e080                rtNaNF
                0x000000004809e088                rtInf
                0x000000004809e090                rtInfF
                0x000000004809e098                rtMinusInf
                0x000000004809e0a0                rtMinusInfF
 .bss           0x000000004809e0a4        0x0 rt_zcfcn.o07
 *fill*         0x000000004809e0a4        0x4 
 .bss           0x000000004809e0a8      0x11c rti_sim_engine.o07
                0x000000004809e0a8                currentTime
                0x000000004809e0ac                finalTime
                0x000000004809e0b0                modelStepSize
                0x000000004809e0b8                pRTIDacC1AnalogOut_Ch_16
                0x000000004809e0bc                pRTIEmcEncoder_Unit_1_DioCl_2_Port_1_Ch1
                0x000000004809e0c0                pRTIEmcEncoder_Unit_3_DioCl_2_Port_1_Ch5
                0x000000004809e0c4                pRTIDioC1DigOut_Port_3_Ch_11
                0x000000004809e0c8                pRTIDioC1DigOut_Port_3_Ch_13
                0x000000004809e0cc                pRTIDioC1DigOut_Port_1_Ch_1
                0x000000004809e0d0                rtiDS1202SER_B1_Ser
                0x000000004809e0d8                can_type1_channel_M1_C1
                0x000000004809e0dc                can_type1_channel_M1_C2
                0x000000004809e0e4                CANTP1_RX_SPMSG_M1_C1_STD
                0x000000004809e0ec                can_type1_msg_M1
                0x000000004809e100                CANTP1_RX_SPMSG_M1_C2_STD
                0x000000004809e108                pRTIAdcC1AnalogIn_Ch_6
                0x000000004809e10c                pRTIAdcC1AnalogIn_Ch_1
                0x000000004809e110                pRTIAdcC1AnalogIn_Ch_2
                0x000000004809e114                pRTIAdcC1AnalogIn_Ch_3
                0x000000004809e118                pRTIAdcC1AnalogIn_Ch_4
                0x000000004809e11c                pRTIAdcC1AnalogIn_Ch_9
                0x000000004809e120                pRTIAdcC1AnalogIn_Ch_10
                0x000000004809e124                pRTIDioC1DigIn_Port_1_Ch_2
                0x000000004809e128                taskMode
                0x000000004809e12c                pRTI_Sensor_Supply
                0x000000004809e130                CANTP1_TX_SPMSG_M1_C1_STD
                0x000000004809e134                CANTP1_TX_SPMSG_M1_C1_XTD
                0x000000004809e138                CANTP1_RX_M1_C1_MCRCLT_STD
                0x000000004809e13c                CANTP1_TX_SPMSG_M1_C2_STD
                0x000000004809e140                CANTP1_TX_SPMSG_M1_C2_XTD
                0x000000004809e144                CANTP1_RX_M1_C2_MCRCLT_STD
                0x000000004809e148                pRti_TIMERA_STime
                0x000000004809e14c                pRti_TIMERA_TTime
                0x000000004809e150                pRti_TIMERA_TState
                0x000000004809e154                pRti_TIMERA_OType
                0x000000004809e158                pRti_TIMERA_OMax
                0x000000004809e15c                pRti_TIMERA_ORpt
                0x000000004809e160                pRti_TIMERA_OCnt
                0x000000004809e164                pRti_TIMERA_TCnt
                0x000000004809e168                pRti_TIMERA_Prio
                0x000000004809e170                pRti_UART_EVENTS_CH1_INT0_TTime
                0x000000004809e174                pRti_UART_EVENTS_CH1_INT0_TState
                0x000000004809e178                pRti_UART_EVENTS_CH1_INT0_OType
                0x000000004809e17c                pRti_UART_EVENTS_CH1_INT0_OMax
                0x000000004809e180                pRti_UART_EVENTS_CH1_INT0_ORpt
                0x000000004809e184                pRti_UART_EVENTS_CH1_INT0_OCnt
                0x000000004809e188                pRti_UART_EVENTS_CH1_INT0_TCnt
                0x000000004809e18c                pRti_UART_EVENTS_CH1_INT0_Prio
                0x000000004809e190                pRti_TIMERB_STime
                0x000000004809e194                pRti_TIMERB_TTime
                0x000000004809e198                pRti_TIMERB_TState
                0x000000004809e19c                pRti_TIMERB_OType
                0x000000004809e1a0                pRti_TIMERB_OMax
                0x000000004809e1a4                pRti_TIMERB_ORpt
                0x000000004809e1a8                pRti_TIMERB_OCnt
                0x000000004809e1ac                pRti_TIMERB_TCnt
                0x000000004809e1b0                pRti_TIMERB_Prio
                0x000000004809e1c0                rtiAssertionMode
 .bss           0x000000004809e1c4        0x4 rti_init_c.o07
 .bss           0x000000004809e1c8        0x0 rt_sim.o07
 .bss           0x000000004809e1c8        0x0 rti_assert.o07
 .bss           0x000000004809e1c8      0x1c4 rtican_err1202.o07
                0x000000004809e1c8                rtican_type1_tq_error
                0x000000004809e388                can_tp1_address_table
 .bss           0x000000004809e38c        0x0 d:\Program Files\dSPACE RCPHIL 2017-B\DS1202\Lib/librtversion.a(RtVersion.o)
 .bss           0x000000004809e38c       0x14 d:\Program Files\dSPACE RCPHIL 2017-B\DS1202\Lib/librtglobals.a(DsEESPort.o)
                0x000000004809e38c                xilapi_eesport_trigger_uint32_T
                0x000000004809e390                xilapi_eesport_flags_uint32_T
                0x000000004809e394                xilapi_eesport_errorswitching_uint32_T
                0x000000004809e398                xilapi_eesport_erroractivated_uint32_T
                0x000000004809e39c                xilapi_eesport_activeerrorset_uint32_T
 .bss           0x000000004809e3a0        0x0 d:\Program Files\dSPACE RCPHIL 2017-B\DS1202\Lib/libm_fastpow.a(w_pow.o)
 .bss           0x000000004809e3a0        0x0 d:\Program Files\dSPACE RCPHIL 2017-B\DS1202\Lib/libm_fastpow.a(e_pow.o)
 .bss           0x000000004809e3a0        0x0 d:\Program Files\dSPACE RCPHIL 2017-B\DS1202\Lib/libm_fastpow.a(s_scalbn.o)
 .bss           0x000000004809e3a0        0x0 c:/programdata/dspace/1184d92c-d928-4591-a1e9-b54339797c20/compiler/qnx650_520/host/win32/x86/usr/bin/../lib/gcc/powerpc-unknown-nto-qnx6.5.0/5.2.0/crtend.o
 .bss           0x000000004809e3a0        0x0 C:\ProgramData\dSPACE\1184D92C-D928-4591-A1E9-B54339797C20\Compiler\QNX650_520\target\qnx6/ppcbe/lib/crtn.o
 *(COMMON)
                0x000000004809e3a0                . = ALIGN ((. != 0x0)?0x4:0x1)

.iplt           0x000000004809e3a0        0x0
 .iplt          0x000000004809e3a0        0x0 C:\ProgramData\dSPACE\1184D92C-D928-4591-A1E9-B54339797C20\Compiler\QNX650_520\target\qnx6/ppcbe/lib/crt1.o
                0x000000004809e3a0                . = ALIGN (0x4)
                0x000000004809e3a0                . = ALIGN (0x4)
                0x000000004809e3a0                __end = .
                0x000000004809e3a0                _end = .
                [!provide]                        PROVIDE (end, .)
                0x000000004809e3a0                . = DATA_SEGMENT_END (.)

.stab
 *(.stab)

.stabstr
 *(.stabstr)

.stab.excl
 *(.stab.excl)

.stab.exclstr
 *(.stab.exclstr)

.stab.index
 *(.stab.index)

.stab.indexstr
 *(.stab.indexstr)

.comment        0x0000000000000000       0x47
 *(.comment)
 .comment       0x0000000000000000       0x11 c:/programdata/dspace/1184d92c-d928-4591-a1e9-b54339797c20/compiler/qnx650_520/host/win32/x86/usr/bin/../lib/gcc/powerpc-unknown-nto-qnx6.5.0/5.2.0/crtbegin.o
                                         0x12 (size before relaxing)
 .comment       0x0000000000000011       0x12 Human_in_Loop.o07
 .comment       0x0000000000000011       0x12 Human_in_Loop_data.o07
 .comment       0x0000000000000011       0x12 Human_in_Loop_trc_ptr.o07
 .comment       0x0000000000000011       0x12 rtGetInf.o07
 .comment       0x0000000000000011       0x12 rtGetNaN.o07
 .comment       0x0000000000000011       0x12 rt_nonfinite.o07
 .comment       0x0000000000000011       0x12 rt_zcfcn.o07
 .comment       0x0000000000000011       0x12 rti_sim_engine.o07
 .comment       0x0000000000000011       0x12 rti_init_c.o07
 .comment       0x0000000000000011       0x12 rt_sim.o07
 .comment       0x0000000000000011       0x12 rti_assert.o07
 .comment       0x0000000000000011       0x12 rtican_err1202.o07
 .comment       0x0000000000000011       0x12 d:\Program Files\dSPACE RCPHIL 2017-B\DS1202\Lib/librtversion.a(RtVersion.o)
 .comment       0x0000000000000011       0x12 d:\Program Files\dSPACE RCPHIL 2017-B\DS1202\Lib/librtglobals.a(DsEESPort.o)
 .comment       0x0000000000000011       0x12 d:\Program Files\dSPACE RCPHIL 2017-B\DS1202\Lib/libm_fastpow.a(w_pow.o)
 .comment       0x0000000000000023       0x12 d:\Program Files\dSPACE RCPHIL 2017-B\DS1202\Lib/libm_fastpow.a(e_pow.o)
 .comment       0x0000000000000035       0x12 d:\Program Files\dSPACE RCPHIL 2017-B\DS1202\Lib/libm_fastpow.a(s_scalbn.o)
 .comment       0x0000000000000047       0x12 c:/programdata/dspace/1184d92c-d928-4591-a1e9-b54339797c20/compiler/qnx650_520/host/win32/x86/usr/bin/../lib/gcc/powerpc-unknown-nto-qnx6.5.0/5.2.0/crtend.o

.PPC.EMB.apuinfo
                0x0000000000000000       0x18
 .PPC.EMB.apuinfo
                0x0000000000000000       0x18 Human_in_Loop.o07
 .PPC.EMB.apuinfo
                0x0000000000000018       0x18 rt_zcfcn.o07

.debug
 *(.debug)

.line
 *(.line)

.debug_srcinfo
 *(.debug_srcinfo)

.debug_sfnames
 *(.debug_sfnames)

.debug_aranges
 *(.debug_aranges)

.debug_pubnames
 *(.debug_pubnames)

.debug_info
 *(.debug_info .gnu.linkonce.wi.*)

.debug_abbrev
 *(.debug_abbrev)

.debug_line
 *(.debug_line)

.debug_frame
 *(.debug_frame)

.debug_str
 *(.debug_str)

.debug_loc
 *(.debug_loc)

.debug_macinfo
 *(.debug_macinfo)

.debug_weaknames
 *(.debug_weaknames)

.debug_funcnames
 *(.debug_funcnames)

.debug_typenames
 *(.debug_typenames)

.debug_varnames
 *(.debug_varnames)

.debug_pubtypes
 *(.debug_pubtypes)

.debug_ranges
 *(.debug_ranges)

.gnu.attributes
                0x0000000000000000       0x14
 *(.gnu.attributes)
 .gnu.attributes
                0x0000000000000000       0x10 Human_in_Loop.o07
 .gnu.attributes
                0x0000000000000010       0x10 rtGetInf.o07
 .gnu.attributes
                0x0000000000000020       0x10 rtGetNaN.o07
 .gnu.attributes
                0x0000000000000030       0x10 rt_nonfinite.o07
 .gnu.attributes
                0x0000000000000040       0x10 rt_zcfcn.o07
 .gnu.attributes
                0x0000000000000050       0x10 rti_sim_engine.o07
 .gnu.attributes
                0x0000000000000060       0x10 rt_sim.o07
 .gnu.attributes
                0x0000000000000070       0x10 rti_assert.o07
 .gnu.attributes
                0x0000000000000080       0x14 d:\Program Files\dSPACE RCPHIL 2017-B\DS1202\Lib/libm_fastpow.a(w_pow.o)
 .gnu.attributes
                0x0000000000000094       0x14 d:\Program Files\dSPACE RCPHIL 2017-B\DS1202\Lib/libm_fastpow.a(e_pow.o)
 .gnu.attributes
                0x00000000000000a8       0x14 d:\Program Files\dSPACE RCPHIL 2017-B\DS1202\Lib/libm_fastpow.a(s_scalbn.o)

/DISCARD/
 *(.note.GNU-stack)
 *(.gnu_debuglink)
OUTPUT(Human_in_Loop.ppc elf32-powerpc)
