Archive member included to satisfy reference by file (symbol)

d:\Program Files\dSPACE RCPHIL 2017-B\DS1202\Lib/librtversion.a(RtVersion.o)
                              (--whole-archive)
d:\Program Files\dSPACE RCPHIL 2017-B\DS1202\Lib/librtglobals.a(DsEESPort.o)
                              (--whole-archive)
d:\Program Files\dSPACE RCPHIL 2017-B\DS1202\Lib/libm_fastpow.a(w_pow.o)
                              Human_in_Loop.o07 (pow)
d:\Program Files\dSPACE RCPHIL 2017-B\DS1202\Lib/libm_fastpow.a(e_pow.o)
                              d:\Program Files\dSPACE RCPHIL 2017-B\DS1202\Lib/libm_fastpow.a(w_pow.o) (__ieee754_pow)
d:\Program Files\dSPACE RCPHIL 2017-B\DS1202\Lib/libm_fastpow.a(s_scalbn.o)
                              d:\Program Files\dSPACE RCPHIL 2017-B\DS1202\Lib/libm_fastpow.a(e_pow.o) (scalbn)

As-needed library included to satisfy reference by file (symbol)

libDsRealTimeTestingRP.so.1   rti_sim_engine.o07 (dsrtt_script_service_pre_computation)

Memory Configuration

Name             Origin             Length             Attributes
*default*        0x0000000000000000 0xffffffffffffffff

Linker script and memory map

LOAD C:\ProgramData\dSPACE\1184D92C-D928-4591-A1E9-B54339797C20\Compiler\QNX650_520\target\qnx6/ppcbe/lib/crt1.o
LOAD C:\ProgramData\dSPACE\1184D92C-D928-4591-A1E9-B54339797C20\Compiler\QNX650_520\target\qnx6/ppcbe/lib/crti.o
LOAD c:/programdata/dspace/1184d92c-d928-4591-a1e9-b54339797c20/compiler/qnx650_520/host/win32/x86/usr/bin/../lib/gcc/powerpc-unknown-nto-qnx6.5.0/5.2.0/crtbegin.o
                0x0000000000000000                _DSPACE_START = 0x0
                0x0000000000000000                _DSPACE_START_ = 0x0
                0x00000000000004b2                DS_TARGET_PLATFORM = 0x4b2
START GROUP
LOAD Human_in_Loop.o07
LOAD Human_in_Loop_data.o07
LOAD Human_in_Loop_trc_ptr.o07
LOAD rtGetInf.o07
LOAD rtGetNaN.o07
LOAD rt_nonfinite.o07
LOAD rt_zcfcn.o07
LOAD rti_sim_engine.o07
LOAD rti_init_c.o07
LOAD rt_sim.o07
LOAD rti_assert.o07
LOAD rtican_err1202.o07
LOAD d:\Program Files\dSPACE RCPHIL 2017-B\DS1202\Lib/librtcan.so
LOAD d:\Program Files\dSPACE RCPHIL 2017-B\DS1202\Lib/librtj1939.so
LOAD d:\Program Files\dSPACE RCPHIL 2017-B\DS1202\Lib/librtser.so
LOAD d:\Program Files\dSPACE RCPHIL 2017-B\DS1202\Lib/librt13xxio.so
LOAD d:\Program Files\dSPACE RCPHIL 2017-B\DS1202\Lib/librt1202.so
LOAD d:\Program Files\dSPACE RCPHIL 2017-B\DS1202\Lib/librtwrap.so
LOAD d:\Program Files\dSPACE RCPHIL 2017-B\DS1202\Lib/librtversion.a
LOAD d:\Program Files\dSPACE RCPHIL 2017-B\DS1202\Lib/librtglobals.a
LOAD d:\Program Files\dSPACE RCPHIL 2017-B\DS1202\Lib/libm_fastpow.a
END GROUP
LOAD d:\Program Files\dSPACE RCPHIL 2017-B\DS1202\Lib/libstdc++.so
LOAD C:\ProgramData\dSPACE\1184D92C-D928-4591-A1E9-B54339797C20\Compiler\QNX650_520\target\qnx6/ppcbe/lib/libm.so
LOAD c:/programdata/dspace/1184d92c-d928-4591-a1e9-b54339797c20/compiler/qnx650_520/host/win32/x86/usr/bin/../lib/gcc/powerpc-unknown-nto-qnx6.5.0/5.2.0\libgcc.a
LOAD C:\ProgramData\dSPACE\1184D92C-D928-4591-A1E9-B54339797C20\Compiler\QNX650_520\target\qnx6/ppcbe/lib/libc.so
LOAD C:\ProgramData\dSPACE\1184D92C-D928-4591-A1E9-B54339797C20\Compiler\QNX650_520\target\qnx6/ppcbe/lib\libc.a
LOAD c:/programdata/dspace/1184d92c-d928-4591-a1e9-b54339797c20/compiler/qnx650_520/host/win32/x86/usr/bin/../lib/gcc/powerpc-unknown-nto-qnx6.5.0/5.2.0\libgcc.a
LOAD c:/programdata/dspace/1184d92c-d928-4591-a1e9-b54339797c20/compiler/qnx650_520/host/win32/x86/usr/bin/../lib/gcc/powerpc-unknown-nto-qnx6.5.0/5.2.0/crtend.o
LOAD C:\ProgramData\dSPACE\1184D92C-D928-4591-A1E9-B54339797C20\Compiler\QNX650_520\target\qnx6/ppcbe/lib/crtn.o
                [!provide]                        PROVIDE (__stack, 0x0)
                [!provide]                        PROVIDE (___stack, 0x0)
                [!provide]                        PROVIDE (__executable_start, 0x48040000)
                0x0000000048040134                . = (0x48040000 + SIZEOF_HEADERS)

.interp         0x0000000048040134       0x14
 *(.interp)
 .interp        0x0000000048040134       0x14 C:\ProgramData\dSPACE\1184D92C-D928-4591-A1E9-B54339797C20\Compiler\QNX650_520\target\qnx6/ppcbe/lib/crt1.o

.note           0x0000000048040150       0x18
 .note          0x0000000048040150       0x18 C:\ProgramData\dSPACE\1184D92C-D928-4591-A1E9-B54339797C20\Compiler\QNX650_520\target\qnx6/ppcbe/lib/crtn.o

.note.gnu.build-id
                0x0000000048040168       0x20
 *(.note.gnu.build-id)
 .note.gnu.build-id
                0x0000000048040168       0x20 C:\ProgramData\dSPACE\1184D92C-D928-4591-A1E9-B54339797C20\Compiler\QNX650_520\target\qnx6/ppcbe/lib/crt1.o

.hash           0x0000000048040188      0x478
 *(.hash)
 .hash          0x0000000048040188      0x478 C:\ProgramData\dSPACE\1184D92C-D928-4591-A1E9-B54339797C20\Compiler\QNX650_520\target\qnx6/ppcbe/lib/crt1.o

.gnu.hash
 *(.gnu.hash)

.dynsym         0x0000000048040600      0x990
 *(.dynsym)
 .dynsym        0x0000000048040600      0x990 C:\ProgramData\dSPACE\1184D92C-D928-4591-A1E9-B54339797C20\Compiler\QNX650_520\target\qnx6/ppcbe/lib/crt1.o

.dynstr         0x0000000048040f90      0xcde
 *(.dynstr)
 .dynstr        0x0000000048040f90      0xcde C:\ProgramData\dSPACE\1184D92C-D928-4591-A1E9-B54339797C20\Compiler\QNX650_520\target\qnx6/ppcbe/lib/crt1.o

.gnu.version    0x0000000048041c6e        0x0
 *(.gnu.version)
 .gnu.version   0x0000000048041c6e        0x0 C:\ProgramData\dSPACE\1184D92C-D928-4591-A1E9-B54339797C20\Compiler\QNX650_520\target\qnx6/ppcbe/lib/crt1.o

.gnu.version_d  0x0000000048041c70        0x0
 *(.gnu.version_d)
 .gnu.version_d
                0x0000000048041c70        0x0 C:\ProgramData\dSPACE\1184D92C-D928-4591-A1E9-B54339797C20\Compiler\QNX650_520\target\qnx6/ppcbe/lib/crt1.o

.gnu.version_r  0x0000000048041c70        0x0
 *(.gnu.version_r)
 .gnu.version_r
                0x0000000048041c70        0x0 C:\ProgramData\dSPACE\1184D92C-D928-4591-A1E9-B54339797C20\Compiler\QNX650_520\target\qnx6/ppcbe/lib/crt1.o

.rel.dyn
 *(.rel.init)
 *(.rel.text .rel.text.* .rel.gnu.linkonce.t.*)
 *(.rel.fini)
 *(.rel.rodata .rel.rodata.* .rel.gnu.linkonce.r.*)
 *(.rel.data.rel.ro* .rel.gnu.linkonce.d.rel.ro.*)
 *(.rel.data .rel.data.* .rel.gnu.linkonce.d.*)
 *(.rel.tdata .rel.tdata.* .rel.gnu.linkonce.td.*)
 *(.rel.tbss .rel.tbss.* .rel.gnu.linkonce.tb.*)
 *(.rel.ctors)
 *(.rel.dtors)
 *(.rel.got)
 *(.rel.sdata .rel.sdata.* .rel.gnu.linkonce.s.*)
 *(.rel.sbss .rel.sbss.* .rel.gnu.linkonce.sb.*)
 *(.rel.sdata2 .rel.sdata2.* .rel.gnu.linkonce.s2.*)
 *(.rel.sbss2 .rel.sbss2.* .rel.gnu.linkonce.sb2.*)
 *(.rel.bss .rel.bss.* .rel.gnu.linkonce.b.*)

.rela.dyn       0x0000000048041c70       0x6c
 *(.rela.init)
 *(.rela.text .rela.text.* .rela.gnu.linkonce.t.*)
 .rela.text     0x0000000048041c70        0x0 C:\ProgramData\dSPACE\1184D92C-D928-4591-A1E9-B54339797C20\Compiler\QNX650_520\target\qnx6/ppcbe/lib/crt1.o
 .rela.text.startup
                0x0000000048041c70        0x0 C:\ProgramData\dSPACE\1184D92C-D928-4591-A1E9-B54339797C20\Compiler\QNX650_520\target\qnx6/ppcbe/lib/crt1.o
 *(.rela.fini)
 *(.rela.rodata .rela.rodata.* .rela.gnu.linkonce.r.*)
 .rela.rodata   0x0000000048041c70        0x0 C:\ProgramData\dSPACE\1184D92C-D928-4591-A1E9-B54339797C20\Compiler\QNX650_520\target\qnx6/ppcbe/lib/crt1.o
 *(.rela.data .rela.data.* .rela.gnu.linkonce.d.*)
 *(.rela.tdata .rela.tdata.* .rela.gnu.linkonce.td.*)
 *(.rela.tbss .rela.tbss.* .rela.gnu.linkonce.tb.*)
 *(.rela.ctors)
 *(.rela.dtors)
 *(.rela.got)
 .rela.got      0x0000000048041c70       0x48 C:\ProgramData\dSPACE\1184D92C-D928-4591-A1E9-B54339797C20\Compiler\QNX650_520\target\qnx6/ppcbe/lib/crt1.o
 *(.rela.got1)
 *(.rela.got2)
 *(.rela.sdata .rela.sdata.* .rela.gnu.linkonce.s.*)
 *(.rela.sbss .rela.sbss.* .rela.gnu.linkonce.sb.*)
 .rela.sbss     0x0000000048041cb8        0x0 C:\ProgramData\dSPACE\1184D92C-D928-4591-A1E9-B54339797C20\Compiler\QNX650_520\target\qnx6/ppcbe/lib/crt1.o
 *(.rela.sdata2 .rela.sdata2.* .rela.gnu.linkonce.s2.*)
 *(.rela.sbss2 .rela.sbss2.* .rela.gnu.linkonce.sb2.*)
 *(.rela.bss .rela.bss.* .rela.gnu.linkonce.b.*)
 .rela.bss      0x0000000048041cb8       0x24 C:\ProgramData\dSPACE\1184D92C-D928-4591-A1E9-B54339797C20\Compiler\QNX650_520\target\qnx6/ppcbe/lib/crt1.o
 .rela.iplt     0x0000000048041cdc        0x0 C:\ProgramData\dSPACE\1184D92C-D928-4591-A1E9-B54339797C20\Compiler\QNX650_520\target\qnx6/ppcbe/lib/crt1.o

.rel.plt
 *(.rel.plt)

.rela.plt       0x0000000048041cdc      0x648
 *(.rela.plt)
 .rela.plt      0x0000000048041cdc      0x648 C:\ProgramData\dSPACE\1184D92C-D928-4591-A1E9-B54339797C20\Compiler\QNX650_520\target\qnx6/ppcbe/lib/crt1.o

.init           0x0000000048042324       0x24
 *(.init)
 .init          0x0000000048042324        0xc C:\ProgramData\dSPACE\1184D92C-D928-4591-A1E9-B54339797C20\Compiler\QNX650_520\target\qnx6/ppcbe/lib/crti.o
                0x0000000048042324                _init
 .init          0x0000000048042330        0x4 c:/programdata/dspace/1184d92c-d928-4591-a1e9-b54339797c20/compiler/qnx650_520/host/win32/x86/usr/bin/../lib/gcc/powerpc-unknown-nto-qnx6.5.0/5.2.0/crtbegin.o
 .init          0x0000000048042334        0x4 c:/programdata/dspace/1184d92c-d928-4591-a1e9-b54339797c20/compiler/qnx650_520/host/win32/x86/usr/bin/../lib/gcc/powerpc-unknown-nto-qnx6.5.0/5.2.0/crtend.o
 .init          0x0000000048042338       0x10 C:\ProgramData\dSPACE\1184D92C-D928-4591-A1E9-B54339797C20\Compiler\QNX650_520\target\qnx6/ppcbe/lib/crtn.o

.text           0x0000000048042350     0x913c
                0x0000000048042350                _btext = .
 *(.text .stub .text.* .gnu.linkonce.t.*)
 .text          0x0000000048042350      0x118 C:\ProgramData\dSPACE\1184D92C-D928-4591-A1E9-B54339797C20\Compiler\QNX650_520\target\qnx6/ppcbe/lib/crt1.o
                0x0000000048042350                _start
 .text          0x0000000048042468        0x0 C:\ProgramData\dSPACE\1184D92C-D928-4591-A1E9-B54339797C20\Compiler\QNX650_520\target\qnx6/ppcbe/lib/crti.o
 .text          0x0000000048042468      0x2b0 c:/programdata/dspace/1184d92c-d928-4591-a1e9-b54339797c20/compiler/qnx650_520/host/win32/x86/usr/bin/../lib/gcc/powerpc-unknown-nto-qnx6.5.0/5.2.0/crtbegin.o
 *fill*         0x0000000048042718        0x8 00000000
 .text          0x0000000048042720     0x5b70 Human_in_Loop.o07
                0x0000000048042f00                Human_in_Loop_Mux
                0x0000000048042f10                rt_powd_snf
                0x00000000480431d0                rt_roundd_snf
                0x0000000048043230                Human_in_Lo_ControlModule_Reset
                0x00000000480432c0                Human_in_Loo_ControlModule_Init
                0x00000000480432d0                Human_in_Loop_ControlModule
                0x0000000048044d10                Human_in_Loo_ControlModule_Term
                0x0000000048044d50                rt_hypotd_snf
                0x0000000048044e30                Human_in_Loop_output
                0x00000000480475b0                Human_in_Loop_derivatives
                0x0000000048047940                Human_in_Loop_update
                0x0000000048047bc0                Human_in_Loop_initialize
                0x0000000048048150                Human_in_Loop_terminate
 .text          0x0000000048048290        0x0 Human_in_Loop_data.o07
 .text          0x0000000048048290      0x154 Human_in_Loop_trc_ptr.o07
                0x00000000480483b0                Human_in_Loop_rti_init_trc_pointers
 *fill*         0x00000000480483e4        0xc 00000000
 .text          0x00000000480483f0       0x5c rtGetInf.o07
                0x00000000480483f0                rtGetInf
                0x0000000048048410                rtGetInfF
                0x0000000048048420                rtGetMinusInf
                0x0000000048048440                rtGetMinusInfF
 *fill*         0x000000004804844c        0x4 00000000
 .text          0x0000000048048450       0x3c rtGetNaN.o07
                0x0000000048048450                rtGetNaN
                0x0000000048048480                rtGetNaNF
 *fill*         0x000000004804848c        0x4 00000000
 .text          0x0000000048048490       0xf4 rt_nonfinite.o07
                0x0000000048048490                rt_InitInfAndNaN
                0x00000000480484f0                rtIsInf
                0x0000000048048520                rtIsInfF
                0x0000000048048550                rtIsNaN
                0x0000000048048570                rtIsNaNF
 *fill*         0x0000000048048584        0xc 00000000
 .text          0x0000000048048590       0xf8 rt_zcfcn.o07
                0x0000000048048590                rt_ZCFcn
 *fill*         0x0000000048048688        0x8 00000000
 .text          0x0000000048048690      0xce4 rti_sim_engine.o07
                0x0000000048049300                rtk_idle_function
                0x0000000048049310                rti_th_timertask1_trigger_source
                0x0000000048049360                initConditions
                0x0000000048049370                initVariables
 .text.unlikely
                0x0000000048049374       0x78 rti_sim_engine.o07
 *fill*         0x00000000480493ec        0x4 00000000
 .text.startup  0x00000000480493f0     0x1238 rti_sim_engine.o07
                0x00000000480493f0                main
 *fill*         0x000000004804a628        0x8 00000000
 .text          0x000000004804a630       0x40 rti_init_c.o07
                0x000000004804a630                rti_init
 .text          0x000000004804a670       0x44 rt_sim.o07
                0x000000004804a670                rt_SimInitTimingEngine
                0x000000004804a6a0                rt_SimGetNextSampleHit
                0x000000004804a6b0                rt_SimUpdateDiscreteTaskSampleHits
 *fill*         0x000000004804a6b4        0xc 00000000
 .text          0x000000004804a6c0       0xd4 rti_assert.o07
                0x000000004804a6c0                rti_assertion_handler
                0x000000004804a750                rti_assertion_mode_msg
 *fill*         0x000000004804a794        0xc 00000000
 .text          0x000000004804a7a0      0x244 rtican_err1202.o07
                0x000000004804a7a0                rtican_type1_tq_err_handler
                0x000000004804a8f0                rtican_type1_tq_err_all_reset
                0x000000004804a930                rtican_type1_tq_err_all_chk
 .text          0x000000004804a9e4        0x0 d:\Program Files\dSPACE RCPHIL 2017-B\DS1202\Lib/librtversion.a(RtVersion.o)
 *fill*         0x000000004804a9e4        0xc 00000000
 .text          0x000000004804a9f0        0x4 d:\Program Files\dSPACE RCPHIL 2017-B\DS1202\Lib/librtglobals.a(DsEESPort.o)
                0x000000004804a9f0                DsEesPort_init()
 .text          0x000000004804a9f4       0x20 d:\Program Files\dSPACE RCPHIL 2017-B\DS1202\Lib/libm_fastpow.a(w_pow.o)
                0x000000004804a9f4                pow
 .text          0x000000004804aa14      0x85c d:\Program Files\dSPACE RCPHIL 2017-B\DS1202\Lib/libm_fastpow.a(e_pow.o)
                0x000000004804aa14                __ieee754_pow
 .text          0x000000004804b270      0x188 d:\Program Files\dSPACE RCPHIL 2017-B\DS1202\Lib/libm_fastpow.a(s_scalbn.o)
                0x000000004804b270                scalbn
 .text          0x000000004804b3f8       0x94 c:/programdata/dspace/1184d92c-d928-4591-a1e9-b54339797c20/compiler/qnx650_520/host/win32/x86/usr/bin/../lib/gcc/powerpc-unknown-nto-qnx6.5.0/5.2.0/crtend.o
 .text          0x000000004804b48c        0x0 C:\ProgramData\dSPACE\1184D92C-D928-4591-A1E9-B54339797C20\Compiler\QNX650_520\target\qnx6/ppcbe/lib/crtn.o
 *(.gnu.warning)
 *(.glink)
 .glink         0x000000004804b48c        0x0 C:\ProgramData\dSPACE\1184D92C-D928-4591-A1E9-B54339797C20\Compiler\QNX650_520\target\qnx6/ppcbe/lib/crt1.o

.fini           0x000000004804b48c       0x20
 *(.fini)
 .fini          0x000000004804b48c        0xc C:\ProgramData\dSPACE\1184D92C-D928-4591-A1E9-B54339797C20\Compiler\QNX650_520\target\qnx6/ppcbe/lib/crti.o
                0x000000004804b48c                _fini
 .fini          0x000000004804b498        0x4 c:/programdata/dspace/1184d92c-d928-4591-a1e9-b54339797c20/compiler/qnx650_520/host/win32/x86/usr/bin/../lib/gcc/powerpc-unknown-nto-qnx6.5.0/5.2.0/crtbegin.o
 .fini          0x000000004804b49c       0x10 C:\ProgramData\dSPACE\1184D92C-D928-4591-A1E9-B54339797C20\Compiler\QNX650_520\target\qnx6/ppcbe/lib/crtn.o
                [!provide]                        PROVIDE (__etext, .)
                0x000000004804b4ac                PROVIDE (_etext, .)
                [!provide]                        PROVIDE (etext, .)

.rodata         0x000000004804b4b0      0x6b8
 *(.rodata .rodata.* .gnu.linkonce.r.*)
 .rodata        0x000000004804b4b0       0x38 Human_in_Loop.o07
                0x000000004804b4e4                Human_in_Loop_M
 .rodata.cst4   0x000000004804b4e8       0x60 Human_in_Loop.o07
 .rodata.cst8   0x000000004804b548       0x58 Human_in_Loop.o07
 .rodata.str1.4
                0x000000004804b5a0        0x5 Human_in_Loop.o07
 *fill*         0x000000004804b5a5        0x3 
 .rodata.cst4   0x000000004804b5a8        0x8 rtGetInf.o07
 .rodata.cst4   0x000000004804b5b0        0x4 rtGetNaN.o07
 .rodata        0x000000004804b5b4       0x13 rt_zcfcn.o07
 .rodata.cst4   0x000000004804b5c7        0x4 rt_zcfcn.o07
 *fill*         0x000000004804b5c7        0x1 
 .rodata        0x000000004804b5c8        0xc rti_sim_engine.o07
                0x000000004804b5c8                rtiDataSetStorageEnabled
                0x000000004804b5cc                p_dsts_sum_of_reset_time
                0x000000004804b5d0                p_msg_last_error_no
 .rodata.cst4   0x000000004804b5d4        0xc rti_sim_engine.o07
                                         0x18 (size before relaxing)
 .rodata.cst8   0x000000004804b5e0        0x8 rti_sim_engine.o07
                                         0x10 (size before relaxing)
 .rodata.str1.4
                0x000000004804b5e8      0x2a8 rti_sim_engine.o07
 .rodata.cst4   0x000000004804b890        0x4 rt_sim.o07
                                          0x8 (size before relaxing)
 .rodata.str1.4
                0x000000004804b894       0x71 rt_sim.o07
 *fill*         0x000000004804b905        0x3 
 .rodata.str1.4
                0x000000004804b908       0x6d rti_assert.o07
 *fill*         0x000000004804b975        0x3 
 .rodata.str1.4
                0x000000004804b978       0x9c rtican_err1202.o07
                                         0x9b (size before relaxing)
 *fill*         0x000000004804ba14        0x4 
 .rodata        0x000000004804ba18       0x30 d:\Program Files\dSPACE RCPHIL 2017-B\DS1202\Lib/libm_fastpow.a(e_pow.o)
 .rodata.cst4   0x000000004804ba48        0x8 d:\Program Files\dSPACE RCPHIL 2017-B\DS1202\Lib/libm_fastpow.a(e_pow.o)
 .rodata.cst8   0x000000004804ba50       0xe8 d:\Program Files\dSPACE RCPHIL 2017-B\DS1202\Lib/libm_fastpow.a(e_pow.o)
 .rodata.cst8   0x000000004804bb38       0x30 d:\Program Files\dSPACE RCPHIL 2017-B\DS1202\Lib/libm_fastpow.a(s_scalbn.o)

.rodata1
 *(.rodata1)

.sdata2         0x000000004804bb68        0x0
                0x0000000000008000                PROVIDE (_SDA2_BASE_, 0x8000)
 *(.sdata2 .sdata2.* .gnu.linkonce.s2.*)
 .sdata2        0x000000004804bb68        0x0 C:\ProgramData\dSPACE\1184D92C-D928-4591-A1E9-B54339797C20\Compiler\QNX650_520\target\qnx6/ppcbe/lib/crt1.o

.sbss2
 *(.sbss2 .sbss2.* .gnu.linkonce.sb2.*)

.eh_frame_hdr   0x000000004804bb68       0x14
 *(.eh_frame_hdr)
 .eh_frame_hdr  0x000000004804bb68       0x14 d:\Program Files\dSPACE RCPHIL 2017-B\DS1202\Lib/librtglobals.a(DsEESPort.o)

.eh_frame       0x000000004804bb7c       0x2c
 *(.eh_frame)
 .eh_frame      0x000000004804bb7c        0x0 C:\ProgramData\dSPACE\1184D92C-D928-4591-A1E9-B54339797C20\Compiler\QNX650_520\target\qnx6/ppcbe/lib/crt1.o
 .eh_frame      0x000000004804bb7c        0x0 c:/programdata/dspace/1184d92c-d928-4591-a1e9-b54339797c20/compiler/qnx650_520/host/win32/x86/usr/bin/../lib/gcc/powerpc-unknown-nto-qnx6.5.0/5.2.0/crtbegin.o
 .eh_frame      0x000000004804bb7c       0x28 d:\Program Files\dSPACE RCPHIL 2017-B\DS1202\Lib/librtglobals.a(DsEESPort.o)
 .eh_frame      0x000000004804bba4        0x4 c:/programdata/dspace/1184d92c-d928-4591-a1e9-b54339797c20/compiler/qnx650_520/host/win32/x86/usr/bin/../lib/gcc/powerpc-unknown-nto-qnx6.5.0/5.2.0/crtend.o

.gcc_except_table
 *(.gcc_except_table .gcc_except_table.*)
                0x000000004804bba8                . = (ALIGN (0x1000) - ((0x1000 - .) & 0xfff))
                0x000000004804c000                . = DATA_SEGMENT_ALIGN (0x1000, 0x1000)

.eh_frame
 *(.eh_frame)

.gcc_except_table
 *(.gcc_except_table .gcc_except_table.*)

.tdata
 *(.tdata .tdata.* .gnu.linkonce.td.*)

.tbss
 *(.tbss .tbss.* .gnu.linkonce.tb.*)
 *(.tcommon)

.preinit_array  0x000000004804c000        0x0
                0x000000004804c000                PROVIDE (__preinit_array_start, .)
 *(.preinit_array)
                0x000000004804c000                PROVIDE (__preinit_array_end, .)

.init_array     0x000000004804c000        0x0
                0x000000004804c000                PROVIDE (__init_array_start, .)
 *(SORT(.init_array.*))
 *(.init_array)
                0x000000004804c000                PROVIDE (__init_array_end, .)

.fini_array     0x000000004804c000        0x0
                0x000000004804c000                PROVIDE (__fini_array_start, .)
 *(.fini_array)
 *(SORT(.fini_array.*))
                0x000000004804c000                PROVIDE (__fini_array_end, .)

.ctors          0x000000004804c000        0x8
 *crtbegin.o(.ctors)
 .ctors         0x000000004804c000        0x4 c:/programdata/dspace/1184d92c-d928-4591-a1e9-b54339797c20/compiler/qnx650_520/host/win32/x86/usr/bin/../lib/gcc/powerpc-unknown-nto-qnx6.5.0/5.2.0/crtbegin.o
 *crtbegin?.o(.ctors)
 *(EXCLUDE_FILE(*crtend?.o *crtend.o) .ctors)
 *(SORT(.ctors.*))
 *(.ctors)
 .ctors         0x000000004804c004        0x4 c:/programdata/dspace/1184d92c-d928-4591-a1e9-b54339797c20/compiler/qnx650_520/host/win32/x86/usr/bin/../lib/gcc/powerpc-unknown-nto-qnx6.5.0/5.2.0/crtend.o

.dtors          0x000000004804c008        0x8
 *crtbegin.o(.dtors)
 .dtors         0x000000004804c008        0x4 c:/programdata/dspace/1184d92c-d928-4591-a1e9-b54339797c20/compiler/qnx650_520/host/win32/x86/usr/bin/../lib/gcc/powerpc-unknown-nto-qnx6.5.0/5.2.0/crtbegin.o
 *crtbegin?.o(.dtors)
 *(EXCLUDE_FILE(*crtend?.o *crtend.o) .dtors)
 *(SORT(.dtors.*))
 *(.dtors)
 .dtors         0x000000004804c00c        0x4 c:/programdata/dspace/1184d92c-d928-4591-a1e9-b54339797c20/compiler/qnx650_520/host/win32/x86/usr/bin/../lib/gcc/powerpc-unknown-nto-qnx6.5.0/5.2.0/crtend.o
                0x000000004804c00c                __DTOR_END__

.jcr            0x000000004804c010        0x4
 *(.jcr)
 .jcr           0x000000004804c010        0x0 c:/programdata/dspace/1184d92c-d928-4591-a1e9-b54339797c20/compiler/qnx650_520/host/win32/x86/usr/bin/../lib/gcc/powerpc-unknown-nto-qnx6.5.0/5.2.0/crtbegin.o
 .jcr           0x000000004804c010        0x4 c:/programdata/dspace/1184d92c-d928-4591-a1e9-b54339797c20/compiler/qnx650_520/host/win32/x86/usr/bin/../lib/gcc/powerpc-unknown-nto-qnx6.5.0/5.2.0/crtend.o

.data.rel.ro
 *(.data.rel.ro.local* .gnu.linkonce.d.rel.ro.local.*)
 *(.data.rel.ro* .gnu.linkonce.d.rel.ro.*)

.fixup
 *(.fixup)

.got1
 *(.got1)

.got2
 *(.got2)

.dynamic        0x000000004804c014      0x100
 *(.dynamic)
 .dynamic       0x000000004804c014      0x100 C:\ProgramData\dSPACE\1184D92C-D928-4591-A1E9-B54339797C20\Compiler\QNX650_520\target\qnx6/ppcbe/lib/crt1.o
                0x000000004804c014                _DYNAMIC

.got
 *(.got)
                0x000000004804c114                . = DATA_SEGMENT_RELRO_END (., 0x0)

.plt
 *(.plt)

.data           0x000000004804c118     0xe214
 *(.data .data.* .gnu.linkonce.d.*)
 .data          0x000000004804c118        0x0 C:\ProgramData\dSPACE\1184D92C-D928-4591-A1E9-B54339797C20\Compiler\QNX650_520\target\qnx6/ppcbe/lib/crt1.o
 .data          0x000000004804c118        0x0 C:\ProgramData\dSPACE\1184D92C-D928-4591-A1E9-B54339797C20\Compiler\QNX650_520\target\qnx6/ppcbe/lib/crti.o
 .data          0x000000004804c118        0x0 c:/programdata/dspace/1184d92c-d928-4591-a1e9-b54339797c20/compiler/qnx650_520/host/win32/x86/usr/bin/../lib/gcc/powerpc-unknown-nto-qnx6.5.0/5.2.0/crtbegin.o
 .data.rel.local
                0x000000004804c118        0x4 c:/programdata/dspace/1184d92c-d928-4591-a1e9-b54339797c20/compiler/qnx650_520/host/win32/x86/usr/bin/../lib/gcc/powerpc-unknown-nto-qnx6.5.0/5.2.0/crtbegin.o
                0x000000004804c118                __dso_handle
 .data          0x000000004804c11c        0x0 Human_in_Loop.o07
 *fill*         0x000000004804c11c        0x4 
 .data          0x000000004804c120     0xe1e8 Human_in_Loop_data.o07
                0x000000004804c120                Human_in_Loop_P
 .data          0x000000004805a308        0x0 Human_in_Loop_trc_ptr.o07
 .data          0x000000004805a308        0x0 rtGetInf.o07
 .data          0x000000004805a308        0x0 rtGetNaN.o07
 .data          0x000000004805a308        0x0 rt_nonfinite.o07
 .data          0x000000004805a308        0x0 rt_zcfcn.o07
 .data          0x000000004805a308       0x14 rti_sim_engine.o07
                0x000000004805a308                simState
                0x000000004805a318                lastSimState
 .data          0x000000004805a31c        0x0 rti_init_c.o07
 .data          0x000000004805a31c        0x0 rt_sim.o07
 .data          0x000000004805a31c        0x0 rti_assert.o07
 .data          0x000000004805a31c        0x4 rtican_err1202.o07
                0x000000004805a31c                rtican_type1_error_level
 .data          0x000000004805a320        0x0 d:\Program Files\dSPACE RCPHIL 2017-B\DS1202\Lib/librtversion.a(RtVersion.o)
 .data          0x000000004805a320        0x0 d:\Program Files\dSPACE RCPHIL 2017-B\DS1202\Lib/librtglobals.a(DsEESPort.o)
 .data.rel      0x000000004805a320        0xc d:\Program Files\dSPACE RCPHIL 2017-B\DS1202\Lib/librtglobals.a(DsEESPort.o)
                0x000000004805a320                p_xilapi_eesport_errorswitching_uint32_T
                0x000000004805a324                p_xilapi_eesport_erroractivated_uint32_T
                0x000000004805a328                p_xilapi_eesport_activeerrorset_uint32_T
 .data          0x000000004805a32c        0x0 d:\Program Files\dSPACE RCPHIL 2017-B\DS1202\Lib/libm_fastpow.a(w_pow.o)
 .data          0x000000004805a32c        0x0 d:\Program Files\dSPACE RCPHIL 2017-B\DS1202\Lib/libm_fastpow.a(e_pow.o)
 .data          0x000000004805a32c        0x0 d:\Program Files\dSPACE RCPHIL 2017-B\DS1202\Lib/libm_fastpow.a(s_scalbn.o)
 .data          0x000000004805a32c        0x0 c:/programdata/dspace/1184d92c-d928-4591-a1e9-b54339797c20/compiler/qnx650_520/host/win32/x86/usr/bin/../lib/gcc/powerpc-unknown-nto-qnx6.5.0/5.2.0/crtend.o
 .data          0x000000004805a32c        0x0 C:\ProgramData\dSPACE\1184D92C-D928-4591-A1E9-B54339797C20\Compiler\QNX650_520\target\qnx6/ppcbe/lib/crtn.o

.tm_clone_table
                0x000000004805a32c        0x0
 .tm_clone_table
                0x000000004805a32c        0x0 c:/programdata/dspace/1184d92c-d928-4591-a1e9-b54339797c20/compiler/qnx650_520/host/win32/x86/usr/bin/../lib/gcc/powerpc-unknown-nto-qnx6.5.0/5.2.0/crtbegin.o
 .tm_clone_table
                0x000000004805a32c        0x0 c:/programdata/dspace/1184d92c-d928-4591-a1e9-b54339797c20/compiler/qnx650_520/host/win32/x86/usr/bin/../lib/gcc/powerpc-unknown-nto-qnx6.5.0/5.2.0/crtend.o

.data1
 *(.data1)

.got            0x000000004805a32c       0x54
 *(.got)
 .got           0x000000004805a32c       0x54 C:\ProgramData\dSPACE\1184D92C-D928-4591-A1E9-B54339797C20\Compiler\QNX650_520\target\qnx6/ppcbe/lib/crt1.o
                0x000000004805a374                _GLOBAL_OFFSET_TABLE_

.sdata          0x000000004805a380        0x0
                0x0000000000008000                PROVIDE (_SDA_BASE_, 0x8000)
 *(.sdata .sdata.* .gnu.linkonce.s.*)
 .sdata         0x000000004805a380        0x0 C:\ProgramData\dSPACE\1184D92C-D928-4591-A1E9-B54339797C20\Compiler\QNX650_520\target\qnx6/ppcbe/lib/crt1.o
                0x000000004805a380                _edata = .
                [!provide]                        PROVIDE (edata, .)
                0x000000004805a380                __bss_start = .

.sbss           0x000000004805a380        0x0
                [!provide]                        PROVIDE (__sbss_start, .)
                [!provide]                        PROVIDE (___sbss_start, .)
 *(.dynsbss)
 .dynsbss       0x000000004805a380        0x0 C:\ProgramData\dSPACE\1184D92C-D928-4591-A1E9-B54339797C20\Compiler\QNX650_520\target\qnx6/ppcbe/lib/crt1.o
 *(.sbss .sbss.* .gnu.linkonce.sb.*)
 *(.scommon)
                [!provide]                        PROVIDE (__sbss_end, .)
                [!provide]                        PROVIDE (___sbss_end, .)

.plt            0x000000004805a380      0x690
 *(.plt)
 .plt           0x000000004805a380      0x690 C:\ProgramData\dSPACE\1184D92C-D928-4591-A1E9-B54339797C20\Compiler\QNX650_520\target\qnx6/ppcbe/lib/crt1.o
                0x000000004805a3c8                srtk_tic_read
                0x000000004805a3d0                ts_reset
                0x000000004805a3d8                __register_frame_info
                0x000000004805a3e0                DioCl2EncoderIn_create
                0x000000004805a3e8                msg_error_clear
                0x000000004805a3f0                AdcCl1AnalogIn_read
                0x000000004805a3f8                dsrtt_set_current_time
                0x000000004805a400                sqrt
                0x000000004805a408                DioCl2EncoderIn_read
                0x000000004805a410                rtk_current_task_absolute_time_ptr_get
                0x000000004805a418                can_tp1_channel_start
                0x000000004805a420                DioCl1DigIn_start
                0x000000004805a428                DsTimeSync_simstateRun
                0x000000004805a430                DacCl1AnalogOut_create
                0x000000004805a438                DioCl2EncoderIn_setEncPosition
                0x000000004805a440                DioCl2EncoderIn_stop
                0x000000004805a448                can_tp1_communication_init
                0x000000004805a450                DioCl1DigIn_setInputFilter
                0x000000004805a458                floor
                0x000000004805a460                DioCl1DigIn_create
                0x000000004805a468                memcpy
                0x000000004805a470                msg_warning_set
                0x000000004805a478                rtk_setup_temp_overrun_handling
                0x000000004805a480                DioCl1DigOut_setChMaskOutData
                0x000000004805a488                DioCl2EncoderIn_setIndexMode
                0x000000004805a490                ceil
                0x000000004805a498                SrtkIntBase_requestTaskMode
                0x000000004805a4a0                rtk_reset_tasks
                0x000000004805a4a8                DioCl2EncoderIn_setIndexPosition
                0x000000004805a4b0                can_tp1_all_data_clear
                0x000000004805a4b8                __cxa_finalize
                0x000000004805a4c0                _init_array
                0x000000004805a4c8                rtk_set_task_type
                0x000000004805a4d0                DsTimeSync_baserate
                0x000000004805a4d8                rtk_task_name_set
                0x000000004805a4e0                DacCl1AnalogOut_apply
                0x000000004805a4e8                can_tp1_msg_copy_all_to_mem
                0x000000004805a4f0                can_tp1_msg_read_from_mem
                0x000000004805a4f8                DioCl1DigIn_getChMaskInData
                0x000000004805a500                DioCl1DigOut_setChMaskOutHighZ
                0x000000004805a508                dsrtt_script_service_post_computation
                0x000000004805a510                rtk_create_task
                0x000000004805a518                msg_warning_printf
                0x000000004805a520                msg_last_error_number
                0x000000004805a528                DioCl2EncoderIn_start
                0x000000004805a530                AdcCl1AnalogIn_setConversTrigger
                0x000000004805a538                dsparam_copy_data_set
                0x000000004805a540                SrtkPreload_preloadRegion
                0x000000004805a548                rtk_dsts_time_to_simtime_convert
                0x000000004805a550                msg_error_set
                0x000000004805a558                rtk_enable_services
                0x000000004805a560                SrtkDaq_Init
                0x000000004805a568                DioCl1DigOut_setSignalVoltage
                0x000000004805a570                rtk_task_task_calls_get
                0x000000004805a578                DioCl1DigIn_apply
                0x000000004805a580                can_tp1_channel_init
                0x000000004805a588                can_tp1_dsmcr_client_create
                0x000000004805a590                DsTimeSync_setCurrentTimePtr
                0x000000004805a598                DioCl2EncoderIn_setMinEncVelocity
                0x000000004805a5a0                SrtkIntBase_enableIntGlobal
                0x000000004805a5a8                can_tp1_channel_termination_set
                0x000000004805a5b0                DioCl2EncoderIn_getIsIndexRaised
                0x000000004805a5b8                DacCl1AnalogOut_write
                0x000000004805a5c0                AdcCl1AnalogIn_setConversionMode
                0x000000004805a5c8                rtk_overrun_flag_clear
                0x000000004805a5d0                rtk_bind_interrupt
                0x000000004805a5d8                DacCl1AnalogOut_stop
                0x000000004805a5e0                AdcCl1AnalogIn_apply
                0x000000004805a5e8                _init_libc
                0x000000004805a5f0                can_tp1_msg_send
                0x000000004805a5f8                DioCl2EncoderIn_setGatedMode
                0x000000004805a600                dsrtt_init
                0x000000004805a608                AdcCl1AnalogIn_write
                0x000000004805a610                DioCl1DigOut_write
                0x000000004805a618                SrtkApp_terminate
                0x000000004805a620                DioCl1DigOut_start
                0x000000004805a628                DioCl2EncoderIn_setMaxPosition
                0x000000004805a630                DioCl2EncoderIn_setMinPosition
                0x000000004805a638                AdcCl1AnalogIn_isDataReady
                0x000000004805a640                msg_info_set
                0x000000004805a648                SensorSupply_create
                0x000000004805a650                dsrtt_script_service_pre_computation
                0x000000004805a658                DacCl1AnalogOut_start
                0x000000004805a660                msg_error_printf
                0x000000004805a668                memset
                0x000000004805a670                DioCl1DigOut_create
                0x000000004805a678                _Sin
                0x000000004805a680                can_tp1_msg_sleep
                0x000000004805a688                DioCl2EncoderIn_getEncPosition
                0x000000004805a690                rtk_leave_idle_mode
                0x000000004805a698                __wrap_exit
                0x000000004805a6a0                DioCl1DigOut_apply
                0x000000004805a6a8                __wrap_atexit
                0x000000004805a6b0                DioCl2EncoderIn_setMeasurementInterval
                0x000000004805a6b8                DacCl1AnalogOut_setOutputValue
                0x000000004805a6c0                sprintf
                0x000000004805a6c8                AdcCl1AnalogIn_start
                0x000000004805a6d0                _fini_array
                0x000000004805a6d8                SensorSupply_setVoltage
                0x000000004805a6e0                SrtkDaq_Background
                0x000000004805a6e8                _preinit_array
                0x000000004805a6f0                SrtkApp_init
                0x000000004805a6f8                can_tp1_msg_rx_register
                0x000000004805a700                SrtkDaq_Service
                0x000000004805a708                rtk_task_task_name_get
                0x000000004805a710                AdcCl1AnalogIn_setConversSwTrigger
                0x000000004805a718                can_tp1_msg_wakeup
                0x000000004805a720                DioCl1DigIn_read
                0x000000004805a728                SrtkSim_notifyStateTransition
                0x000000004805a730                can_tp1_msg_tx_register
                0x000000004805a738                AdcCl1AnalogIn_getSingleValue
                0x000000004805a740                DioCl2EncoderIn_apply
                0x000000004805a748                DioCl2EncoderIn_getEncVelocity
                0x000000004805a750                msg_set
                0x000000004805a758                SensorSupply_apply
                0x000000004805a760                rtk_get_subentry
                0x000000004805a768                dsrtt_set_step_size
                0x000000004805a770                rtk_enter_idle_mode
                0x000000004805a778                rtk_initialize
                0x000000004805a780                DacCl1AnalogOut_setOutputHighZ
                0x000000004805a788                DioCl2EncoderIn_setEncoderLines
                0x000000004805a790                SensorSupply_setSensorState
                0x000000004805a798                can_tp1_msg_read
                0x000000004805a7a0                SensorSupply_start
                0x000000004805a7a8                SrtkApp_background
                0x000000004805a7b0                rtk_default_overrun_fcn
                0x000000004805a7b8                AdcCl1AnalogIn_create
                0x000000004805a7c0                vcm_module_register
                0x000000004805a7c8                can_tp1_msg_set
                0x000000004805a7d0                DsTimeSync_simstateStop
                0x000000004805a7d8                SrtkIntBase_disableIntGlobal
                0x000000004805a7e0                SrtkSim_registerState
                0x000000004805a7e8                __deregister_frame_info
                0x000000004805a7f0                can_tp1_error_read

.bss            0x000000004805aa10    0x3b2f8
 *(.dynbss)
 .dynbss        0x000000004805aa10       0x14 C:\ProgramData\dSPACE\1184D92C-D928-4591-A1E9-B54339797C20\Compiler\QNX650_520\target\qnx6/ppcbe/lib/crt1.o
                0x000000004805aa10                errno
                0x000000004805aa18                dsts_sum_of_reseted_time
                0x000000004805aa20                msg_last_error_no
 *(.bss .bss.* .gnu.linkonce.b.*)
 .bss           0x000000004805aa24        0x0 C:\ProgramData\dSPACE\1184D92C-D928-4591-A1E9-B54339797C20\Compiler\QNX650_520\target\qnx6/ppcbe/lib/crt1.o
 .bss           0x000000004805aa24        0x0 C:\ProgramData\dSPACE\1184D92C-D928-4591-A1E9-B54339797C20\Compiler\QNX650_520\target\qnx6/ppcbe/lib/crti.o
 .bss           0x000000004805aa24       0x20 c:/programdata/dspace/1184d92c-d928-4591-a1e9-b54339797c20/compiler/qnx650_520/host/win32/x86/usr/bin/../lib/gcc/powerpc-unknown-nto-qnx6.5.0/5.2.0/crtbegin.o
 *fill*         0x000000004805aa44        0x4 
 .bss           0x000000004805aa48    0x3af79 Human_in_Loop.o07
                0x000000004805aa48                Human_in_Loop_B
                0x0000000048083788                Human_in_Loop_DW
                0x00000000480956d0                Human_in_Loop_M_
                0x0000000048095900                Human_in_Loop_X
                0x00000000480959c0                Human_in_Loop_PrevZCX
 .bss           0x00000000480959c1        0x0 Human_in_Loop_data.o07
 *fill*         0x00000000480959c1        0x3 
 .bss           0x00000000480959c4       0x40 Human_in_Loop_trc_ptr.o07
                0x00000000480959c4                p_0_Human_in_Loop_real_T_0
                0x00000000480959c8                p_0_Human_in_Loop_boolean_T_1
                0x00000000480959cc                p_0_Human_in_Loop_real_T_2
                0x00000000480959d0                p_0_Human_in_Loop_real_T_3
                0x00000000480959d4                p_1_Human_in_Loop_real_T_0
                0x00000000480959d8                p_1_Human_in_Loop_int32_T_1
                0x00000000480959dc                p_1_Human_in_Loop_int8_T_2
                0x00000000480959e0                p_1_Human_in_Loop_boolean_T_3
                0x00000000480959e4                p_1_Human_in_Loop_real_T_4
                0x00000000480959e8                p_1_Human_in_Loop_uint32_T_5
                0x00000000480959ec                p_1_Human_in_Loop_boolean_T_6
                0x00000000480959f0                p_2_Human_in_Loop_real_T_0
                0x00000000480959f4                p_2_Human_in_Loop_int_T_1
                0x00000000480959f8                p_2_Human_in_Loop_int8_T_2
                0x00000000480959fc                p_2_Human_in_Loop_boolean_T_3
                0x0000000048095a00                p_3_Human_in_Loop_real_T_0
 .bss           0x0000000048095a04        0x0 rtGetInf.o07
 .bss           0x0000000048095a04        0x0 rtGetNaN.o07
 *fill*         0x0000000048095a04        0x4 
 .bss           0x0000000048095a08       0x2c rt_nonfinite.o07
                0x0000000048095a08                rtNaN
                0x0000000048095a10                rtNaNF
                0x0000000048095a18                rtInf
                0x0000000048095a20                rtInfF
                0x0000000048095a28                rtMinusInf
                0x0000000048095a30                rtMinusInfF
 .bss           0x0000000048095a34        0x0 rt_zcfcn.o07
 *fill*         0x0000000048095a34        0x4 
 .bss           0x0000000048095a38       0xf4 rti_sim_engine.o07
                0x0000000048095a38                currentTime
                0x0000000048095a3c                finalTime
                0x0000000048095a40                modelStepSize
                0x0000000048095a48                pRTIDacC1AnalogOut_Ch_16
                0x0000000048095a4c                pRTIEmcEncoder_Unit_5_DioCl_2_Port_1_Ch10
                0x0000000048095a50                pRTIEmcEncoder_Unit_3_DioCl_2_Port_1_Ch5
                0x0000000048095a54                pRTIDioC1DigOut_Port_3_Ch_15
                0x0000000048095a58                pRTIDioC1DigOut_Port_3_Ch_13
                0x0000000048095a5c                pRTIDioC1DigOut_Port_1_Ch_1
                0x0000000048095a60                can_type1_channel_M1_C1
                0x0000000048095a64                can_type1_channel_M1_C2
                0x0000000048095a6c                CANTP1_RX_SPMSG_M1_C1_STD
                0x0000000048095a74                can_type1_msg_M1
                0x0000000048095a88                CANTP1_RX_SPMSG_M1_C2_STD
                0x0000000048095a90                pRTIAdcC1AnalogIn_Ch_6
                0x0000000048095a94                pRTIAdcC1AnalogIn_Ch_1
                0x0000000048095a98                pRTIAdcC1AnalogIn_Ch_2
                0x0000000048095a9c                pRTIAdcC1AnalogIn_Ch_3
                0x0000000048095aa0                pRTIAdcC1AnalogIn_Ch_4
                0x0000000048095aa4                pRTIAdcC1AnalogIn_Ch_9
                0x0000000048095aa8                pRTIAdcC1AnalogIn_Ch_10
                0x0000000048095aac                pRTIDioC1DigIn_Port_1_Ch_2
                0x0000000048095ab0                taskMode
                0x0000000048095ab4                pRTI_Sensor_Supply
                0x0000000048095ab8                CANTP1_TX_SPMSG_M1_C1_STD
                0x0000000048095abc                CANTP1_TX_SPMSG_M1_C1_XTD
                0x0000000048095ac0                CANTP1_RX_M1_C1_MCRCLT_STD
                0x0000000048095ac4                CANTP1_TX_SPMSG_M1_C2_STD
                0x0000000048095ac8                CANTP1_TX_SPMSG_M1_C2_XTD
                0x0000000048095acc                CANTP1_RX_M1_C2_MCRCLT_STD
                0x0000000048095ad0                pRti_TIMERA_STime
                0x0000000048095ad4                pRti_TIMERA_TTime
                0x0000000048095ad8                pRti_TIMERA_TState
                0x0000000048095adc                pRti_TIMERA_OType
                0x0000000048095ae0                pRti_TIMERA_OMax
                0x0000000048095ae4                pRti_TIMERA_ORpt
                0x0000000048095ae8                pRti_TIMERA_OCnt
                0x0000000048095aec                pRti_TIMERA_TCnt
                0x0000000048095af0                pRti_TIMERA_Prio
                0x0000000048095af8                pRti_TIMERB_STime
                0x0000000048095afc                pRti_TIMERB_TTime
                0x0000000048095b00                pRti_TIMERB_TState
                0x0000000048095b04                pRti_TIMERB_OType
                0x0000000048095b08                pRti_TIMERB_OMax
                0x0000000048095b0c                pRti_TIMERB_ORpt
                0x0000000048095b10                pRti_TIMERB_OCnt
                0x0000000048095b14                pRti_TIMERB_TCnt
                0x0000000048095b18                pRti_TIMERB_Prio
                0x0000000048095b28                rtiAssertionMode
 .bss           0x0000000048095b2c        0x4 rti_init_c.o07
 .bss           0x0000000048095b30        0x0 rt_sim.o07
 .bss           0x0000000048095b30        0x0 rti_assert.o07
 .bss           0x0000000048095b30      0x1c4 rtican_err1202.o07
                0x0000000048095b30                rtican_type1_tq_error
                0x0000000048095cf0                can_tp1_address_table
 .bss           0x0000000048095cf4        0x0 d:\Program Files\dSPACE RCPHIL 2017-B\DS1202\Lib/librtversion.a(RtVersion.o)
 .bss           0x0000000048095cf4       0x14 d:\Program Files\dSPACE RCPHIL 2017-B\DS1202\Lib/librtglobals.a(DsEESPort.o)
                0x0000000048095cf4                xilapi_eesport_trigger_uint32_T
                0x0000000048095cf8                xilapi_eesport_flags_uint32_T
                0x0000000048095cfc                xilapi_eesport_errorswitching_uint32_T
                0x0000000048095d00                xilapi_eesport_erroractivated_uint32_T
                0x0000000048095d04                xilapi_eesport_activeerrorset_uint32_T
 .bss           0x0000000048095d08        0x0 d:\Program Files\dSPACE RCPHIL 2017-B\DS1202\Lib/libm_fastpow.a(w_pow.o)
 .bss           0x0000000048095d08        0x0 d:\Program Files\dSPACE RCPHIL 2017-B\DS1202\Lib/libm_fastpow.a(e_pow.o)
 .bss           0x0000000048095d08        0x0 d:\Program Files\dSPACE RCPHIL 2017-B\DS1202\Lib/libm_fastpow.a(s_scalbn.o)
 .bss           0x0000000048095d08        0x0 c:/programdata/dspace/1184d92c-d928-4591-a1e9-b54339797c20/compiler/qnx650_520/host/win32/x86/usr/bin/../lib/gcc/powerpc-unknown-nto-qnx6.5.0/5.2.0/crtend.o
 .bss           0x0000000048095d08        0x0 C:\ProgramData\dSPACE\1184D92C-D928-4591-A1E9-B54339797C20\Compiler\QNX650_520\target\qnx6/ppcbe/lib/crtn.o
 *(COMMON)
                0x0000000048095d08                . = ALIGN ((. != 0x0)?0x4:0x1)

.iplt           0x0000000048095d10        0x0
 .iplt          0x0000000048095d10        0x0 C:\ProgramData\dSPACE\1184D92C-D928-4591-A1E9-B54339797C20\Compiler\QNX650_520\target\qnx6/ppcbe/lib/crt1.o
                0x0000000048095d10                . = ALIGN (0x4)
                0x0000000048095d10                . = ALIGN (0x4)
                0x0000000048095d10                __end = .
                0x0000000048095d10                _end = .
                [!provide]                        PROVIDE (end, .)
                0x0000000048095d10                . = DATA_SEGMENT_END (.)

.stab
 *(.stab)

.stabstr
 *(.stabstr)

.stab.excl
 *(.stab.excl)

.stab.exclstr
 *(.stab.exclstr)

.stab.index
 *(.stab.index)

.stab.indexstr
 *(.stab.indexstr)

.comment        0x0000000000000000       0x47
 *(.comment)
 .comment       0x0000000000000000       0x11 c:/programdata/dspace/1184d92c-d928-4591-a1e9-b54339797c20/compiler/qnx650_520/host/win32/x86/usr/bin/../lib/gcc/powerpc-unknown-nto-qnx6.5.0/5.2.0/crtbegin.o
                                         0x12 (size before relaxing)
 .comment       0x0000000000000011       0x12 Human_in_Loop.o07
 .comment       0x0000000000000011       0x12 Human_in_Loop_data.o07
 .comment       0x0000000000000011       0x12 Human_in_Loop_trc_ptr.o07
 .comment       0x0000000000000011       0x12 rtGetInf.o07
 .comment       0x0000000000000011       0x12 rtGetNaN.o07
 .comment       0x0000000000000011       0x12 rt_nonfinite.o07
 .comment       0x0000000000000011       0x12 rt_zcfcn.o07
 .comment       0x0000000000000011       0x12 rti_sim_engine.o07
 .comment       0x0000000000000011       0x12 rti_init_c.o07
 .comment       0x0000000000000011       0x12 rt_sim.o07
 .comment       0x0000000000000011       0x12 rti_assert.o07
 .comment       0x0000000000000011       0x12 rtican_err1202.o07
 .comment       0x0000000000000011       0x12 d:\Program Files\dSPACE RCPHIL 2017-B\DS1202\Lib/librtversion.a(RtVersion.o)
 .comment       0x0000000000000011       0x12 d:\Program Files\dSPACE RCPHIL 2017-B\DS1202\Lib/librtglobals.a(DsEESPort.o)
 .comment       0x0000000000000011       0x12 d:\Program Files\dSPACE RCPHIL 2017-B\DS1202\Lib/libm_fastpow.a(w_pow.o)
 .comment       0x0000000000000023       0x12 d:\Program Files\dSPACE RCPHIL 2017-B\DS1202\Lib/libm_fastpow.a(e_pow.o)
 .comment       0x0000000000000035       0x12 d:\Program Files\dSPACE RCPHIL 2017-B\DS1202\Lib/libm_fastpow.a(s_scalbn.o)
 .comment       0x0000000000000047       0x12 c:/programdata/dspace/1184d92c-d928-4591-a1e9-b54339797c20/compiler/qnx650_520/host/win32/x86/usr/bin/../lib/gcc/powerpc-unknown-nto-qnx6.5.0/5.2.0/crtend.o

.PPC.EMB.apuinfo
                0x0000000000000000       0x18
 .PPC.EMB.apuinfo
                0x0000000000000000       0x18 Human_in_Loop.o07
 .PPC.EMB.apuinfo
                0x0000000000000018       0x18 rt_zcfcn.o07

.debug
 *(.debug)

.line
 *(.line)

.debug_srcinfo
 *(.debug_srcinfo)

.debug_sfnames
 *(.debug_sfnames)

.debug_aranges
 *(.debug_aranges)

.debug_pubnames
 *(.debug_pubnames)

.debug_info
 *(.debug_info .gnu.linkonce.wi.*)

.debug_abbrev
 *(.debug_abbrev)

.debug_line
 *(.debug_line)

.debug_frame
 *(.debug_frame)

.debug_str
 *(.debug_str)

.debug_loc
 *(.debug_loc)

.debug_macinfo
 *(.debug_macinfo)

.debug_weaknames
 *(.debug_weaknames)

.debug_funcnames
 *(.debug_funcnames)

.debug_typenames
 *(.debug_typenames)

.debug_varnames
 *(.debug_varnames)

.debug_pubtypes
 *(.debug_pubtypes)

.debug_ranges
 *(.debug_ranges)

.gnu.attributes
                0x0000000000000000       0x14
 *(.gnu.attributes)
 .gnu.attributes
                0x0000000000000000       0x10 Human_in_Loop.o07
 .gnu.attributes
                0x0000000000000010       0x10 rtGetInf.o07
 .gnu.attributes
                0x0000000000000020       0x10 rtGetNaN.o07
 .gnu.attributes
                0x0000000000000030       0x10 rt_nonfinite.o07
 .gnu.attributes
                0x0000000000000040       0x10 rt_zcfcn.o07
 .gnu.attributes
                0x0000000000000050       0x10 rti_sim_engine.o07
 .gnu.attributes
                0x0000000000000060       0x10 rt_sim.o07
 .gnu.attributes
                0x0000000000000070       0x10 rti_assert.o07
 .gnu.attributes
                0x0000000000000080       0x14 d:\Program Files\dSPACE RCPHIL 2017-B\DS1202\Lib/libm_fastpow.a(w_pow.o)
 .gnu.attributes
                0x0000000000000094       0x14 d:\Program Files\dSPACE RCPHIL 2017-B\DS1202\Lib/libm_fastpow.a(e_pow.o)
 .gnu.attributes
                0x00000000000000a8       0x14 d:\Program Files\dSPACE RCPHIL 2017-B\DS1202\Lib/libm_fastpow.a(s_scalbn.o)

/DISCARD/
 *(.note.GNU-stack)
 *(.gnu_debuglink)
OUTPUT(Human_in_Loop.ppc elf32-powerpc)
