Archive member included to satisfy reference by file (symbol)

d:\Program Files\dSPACE RCPHIL 2017-B\DS1202\Lib/librtversion.a(RtVersion.o)
                              (--whole-archive)
d:\Program Files\dSPACE RCPHIL 2017-B\DS1202\Lib/librtglobals.a(DsEESPort.o)
                              (--whole-archive)
d:\Program Files\dSPACE RCPHIL 2017-B\DS1202\Lib/libm_fastpow.a(w_pow.o)
                              Human_in_Loop.o07 (pow)
d:\Program Files\dSPACE RCPHIL 2017-B\DS1202\Lib/libm_fastpow.a(e_pow.o)
                              d:\Program Files\dSPACE RCPHIL 2017-B\DS1202\Lib/libm_fastpow.a(w_pow.o) (__ieee754_pow)
d:\Program Files\dSPACE RCPHIL 2017-B\DS1202\Lib/libm_fastpow.a(s_scalbn.o)
                              d:\Program Files\dSPACE RCPHIL 2017-B\DS1202\Lib/libm_fastpow.a(e_pow.o) (scalbn)

As-needed library included to satisfy reference by file (symbol)

libDsRealTimeTestingRP.so.1   rti_sim_engine.o07 (dsrtt_script_service_pre_computation)

Memory Configuration

Name             Origin             Length             Attributes
*default*        0x0000000000000000 0xffffffffffffffff

Linker script and memory map

LOAD C:\ProgramData\dSPACE\1184D92C-D928-4591-A1E9-B54339797C20\Compiler\QNX650_520\target\qnx6/ppcbe/lib/crt1.o
LOAD C:\ProgramData\dSPACE\1184D92C-D928-4591-A1E9-B54339797C20\Compiler\QNX650_520\target\qnx6/ppcbe/lib/crti.o
LOAD c:/programdata/dspace/1184d92c-d928-4591-a1e9-b54339797c20/compiler/qnx650_520/host/win32/x86/usr/bin/../lib/gcc/powerpc-unknown-nto-qnx6.5.0/5.2.0/crtbegin.o
                0x0000000000000000                _DSPACE_START = 0x0
                0x0000000000000000                _DSPACE_START_ = 0x0
                0x00000000000004b2                DS_TARGET_PLATFORM = 0x4b2
START GROUP
LOAD Human_in_Loop.o07
LOAD Human_in_Loop_data.o07
LOAD Human_in_Loop_trc_ptr.o07
LOAD rtGetInf.o07
LOAD rtGetNaN.o07
LOAD rt_nonfinite.o07
LOAD rt_zcfcn.o07
LOAD rti_sim_engine.o07
LOAD rti_init_c.o07
LOAD rt_sim.o07
LOAD rti_assert.o07
LOAD d:\Program Files\dSPACE RCPHIL 2017-B\DS1202\Lib/librtcan.so
LOAD d:\Program Files\dSPACE RCPHIL 2017-B\DS1202\Lib/librtj1939.so
LOAD d:\Program Files\dSPACE RCPHIL 2017-B\DS1202\Lib/librtser.so
LOAD d:\Program Files\dSPACE RCPHIL 2017-B\DS1202\Lib/librt13xxio.so
LOAD d:\Program Files\dSPACE RCPHIL 2017-B\DS1202\Lib/librt1202.so
LOAD d:\Program Files\dSPACE RCPHIL 2017-B\DS1202\Lib/librtwrap.so
LOAD d:\Program Files\dSPACE RCPHIL 2017-B\DS1202\Lib/librtversion.a
LOAD d:\Program Files\dSPACE RCPHIL 2017-B\DS1202\Lib/librtglobals.a
LOAD d:\Program Files\dSPACE RCPHIL 2017-B\DS1202\Lib/libm_fastpow.a
END GROUP
LOAD d:\Program Files\dSPACE RCPHIL 2017-B\DS1202\Lib/libstdc++.so
LOAD C:\ProgramData\dSPACE\1184D92C-D928-4591-A1E9-B54339797C20\Compiler\QNX650_520\target\qnx6/ppcbe/lib/libm.so
LOAD c:/programdata/dspace/1184d92c-d928-4591-a1e9-b54339797c20/compiler/qnx650_520/host/win32/x86/usr/bin/../lib/gcc/powerpc-unknown-nto-qnx6.5.0/5.2.0\libgcc.a
LOAD C:\ProgramData\dSPACE\1184D92C-D928-4591-A1E9-B54339797C20\Compiler\QNX650_520\target\qnx6/ppcbe/lib/libc.so
LOAD C:\ProgramData\dSPACE\1184D92C-D928-4591-A1E9-B54339797C20\Compiler\QNX650_520\target\qnx6/ppcbe/lib\libc.a
LOAD c:/programdata/dspace/1184d92c-d928-4591-a1e9-b54339797c20/compiler/qnx650_520/host/win32/x86/usr/bin/../lib/gcc/powerpc-unknown-nto-qnx6.5.0/5.2.0\libgcc.a
LOAD c:/programdata/dspace/1184d92c-d928-4591-a1e9-b54339797c20/compiler/qnx650_520/host/win32/x86/usr/bin/../lib/gcc/powerpc-unknown-nto-qnx6.5.0/5.2.0/crtend.o
LOAD C:\ProgramData\dSPACE\1184D92C-D928-4591-A1E9-B54339797C20\Compiler\QNX650_520\target\qnx6/ppcbe/lib/crtn.o
                [!provide]                        PROVIDE (__stack, 0x0)
                [!provide]                        PROVIDE (___stack, 0x0)
                [!provide]                        PROVIDE (__executable_start, 0x48040000)
                0x0000000048040134                . = (0x48040000 + SIZEOF_HEADERS)

.interp         0x0000000048040134       0x14
 *(.interp)
 .interp        0x0000000048040134       0x14 C:\ProgramData\dSPACE\1184D92C-D928-4591-A1E9-B54339797C20\Compiler\QNX650_520\target\qnx6/ppcbe/lib/crt1.o

.note           0x0000000048040150       0x18
 .note          0x0000000048040150       0x18 C:\ProgramData\dSPACE\1184D92C-D928-4591-A1E9-B54339797C20\Compiler\QNX650_520\target\qnx6/ppcbe/lib/crtn.o

.note.gnu.build-id
                0x0000000048040168       0x20
 *(.note.gnu.build-id)
 .note.gnu.build-id
                0x0000000048040168       0x20 C:\ProgramData\dSPACE\1184D92C-D928-4591-A1E9-B54339797C20\Compiler\QNX650_520\target\qnx6/ppcbe/lib/crt1.o

.hash           0x0000000048040188      0x43c
 *(.hash)
 .hash          0x0000000048040188      0x43c C:\ProgramData\dSPACE\1184D92C-D928-4591-A1E9-B54339797C20\Compiler\QNX650_520\target\qnx6/ppcbe/lib/crt1.o

.gnu.hash
 *(.gnu.hash)

.dynsym         0x00000000480405c4      0x8a0
 *(.dynsym)
 .dynsym        0x00000000480405c4      0x8a0 C:\ProgramData\dSPACE\1184D92C-D928-4591-A1E9-B54339797C20\Compiler\QNX650_520\target\qnx6/ppcbe/lib/crt1.o

.dynstr         0x0000000048040e64      0xb4e
 *(.dynstr)
 .dynstr        0x0000000048040e64      0xb4e C:\ProgramData\dSPACE\1184D92C-D928-4591-A1E9-B54339797C20\Compiler\QNX650_520\target\qnx6/ppcbe/lib/crt1.o

.gnu.version    0x00000000480419b2        0x0
 *(.gnu.version)
 .gnu.version   0x00000000480419b2        0x0 C:\ProgramData\dSPACE\1184D92C-D928-4591-A1E9-B54339797C20\Compiler\QNX650_520\target\qnx6/ppcbe/lib/crt1.o

.gnu.version_d  0x00000000480419b4        0x0
 *(.gnu.version_d)
 .gnu.version_d
                0x00000000480419b4        0x0 C:\ProgramData\dSPACE\1184D92C-D928-4591-A1E9-B54339797C20\Compiler\QNX650_520\target\qnx6/ppcbe/lib/crt1.o

.gnu.version_r  0x00000000480419b4        0x0
 *(.gnu.version_r)
 .gnu.version_r
                0x00000000480419b4        0x0 C:\ProgramData\dSPACE\1184D92C-D928-4591-A1E9-B54339797C20\Compiler\QNX650_520\target\qnx6/ppcbe/lib/crt1.o

.rel.dyn
 *(.rel.init)
 *(.rel.text .rel.text.* .rel.gnu.linkonce.t.*)
 *(.rel.fini)
 *(.rel.rodata .rel.rodata.* .rel.gnu.linkonce.r.*)
 *(.rel.data.rel.ro* .rel.gnu.linkonce.d.rel.ro.*)
 *(.rel.data .rel.data.* .rel.gnu.linkonce.d.*)
 *(.rel.tdata .rel.tdata.* .rel.gnu.linkonce.td.*)
 *(.rel.tbss .rel.tbss.* .rel.gnu.linkonce.tb.*)
 *(.rel.ctors)
 *(.rel.dtors)
 *(.rel.got)
 *(.rel.sdata .rel.sdata.* .rel.gnu.linkonce.s.*)
 *(.rel.sbss .rel.sbss.* .rel.gnu.linkonce.sb.*)
 *(.rel.sdata2 .rel.sdata2.* .rel.gnu.linkonce.s2.*)
 *(.rel.sbss2 .rel.sbss2.* .rel.gnu.linkonce.sb2.*)
 *(.rel.bss .rel.bss.* .rel.gnu.linkonce.b.*)

.rela.dyn       0x00000000480419b4       0x84
 *(.rela.init)
 *(.rela.text .rela.text.* .rela.gnu.linkonce.t.*)
 .rela.text     0x00000000480419b4        0x0 C:\ProgramData\dSPACE\1184D92C-D928-4591-A1E9-B54339797C20\Compiler\QNX650_520\target\qnx6/ppcbe/lib/crt1.o
 *(.rela.fini)
 *(.rela.rodata .rela.rodata.* .rela.gnu.linkonce.r.*)
 .rela.rodata   0x00000000480419b4        0x0 C:\ProgramData\dSPACE\1184D92C-D928-4591-A1E9-B54339797C20\Compiler\QNX650_520\target\qnx6/ppcbe/lib/crt1.o
 *(.rela.data .rela.data.* .rela.gnu.linkonce.d.*)
 *(.rela.tdata .rela.tdata.* .rela.gnu.linkonce.td.*)
 *(.rela.tbss .rela.tbss.* .rela.gnu.linkonce.tb.*)
 *(.rela.ctors)
 *(.rela.dtors)
 *(.rela.got)
 .rela.got      0x00000000480419b4       0x48 C:\ProgramData\dSPACE\1184D92C-D928-4591-A1E9-B54339797C20\Compiler\QNX650_520\target\qnx6/ppcbe/lib/crt1.o
 *(.rela.got1)
 *(.rela.got2)
 *(.rela.sdata .rela.sdata.* .rela.gnu.linkonce.s.*)
 *(.rela.sbss .rela.sbss.* .rela.gnu.linkonce.sb.*)
 .rela.sbss     0x00000000480419fc        0x0 C:\ProgramData\dSPACE\1184D92C-D928-4591-A1E9-B54339797C20\Compiler\QNX650_520\target\qnx6/ppcbe/lib/crt1.o
 *(.rela.sdata2 .rela.sdata2.* .rela.gnu.linkonce.s2.*)
 *(.rela.sbss2 .rela.sbss2.* .rela.gnu.linkonce.sb2.*)
 *(.rela.bss .rela.bss.* .rela.gnu.linkonce.b.*)
 .rela.bss      0x00000000480419fc       0x3c C:\ProgramData\dSPACE\1184D92C-D928-4591-A1E9-B54339797C20\Compiler\QNX650_520\target\qnx6/ppcbe/lib/crt1.o
 .rela.iplt     0x0000000048041a38        0x0 C:\ProgramData\dSPACE\1184D92C-D928-4591-A1E9-B54339797C20\Compiler\QNX650_520\target\qnx6/ppcbe/lib/crt1.o

.rel.plt
 *(.rel.plt)

.rela.plt       0x0000000048041a38      0x57c
 *(.rela.plt)
 .rela.plt      0x0000000048041a38      0x57c C:\ProgramData\dSPACE\1184D92C-D928-4591-A1E9-B54339797C20\Compiler\QNX650_520\target\qnx6/ppcbe/lib/crt1.o

.init           0x0000000048041fb4       0x24
 *(.init)
 .init          0x0000000048041fb4        0xc C:\ProgramData\dSPACE\1184D92C-D928-4591-A1E9-B54339797C20\Compiler\QNX650_520\target\qnx6/ppcbe/lib/crti.o
                0x0000000048041fb4                _init
 .init          0x0000000048041fc0        0x4 c:/programdata/dspace/1184d92c-d928-4591-a1e9-b54339797c20/compiler/qnx650_520/host/win32/x86/usr/bin/../lib/gcc/powerpc-unknown-nto-qnx6.5.0/5.2.0/crtbegin.o
 .init          0x0000000048041fc4        0x4 c:/programdata/dspace/1184d92c-d928-4591-a1e9-b54339797c20/compiler/qnx650_520/host/win32/x86/usr/bin/../lib/gcc/powerpc-unknown-nto-qnx6.5.0/5.2.0/crtend.o
 .init          0x0000000048041fc8       0x10 C:\ProgramData\dSPACE\1184D92C-D928-4591-A1E9-B54339797C20\Compiler\QNX650_520\target\qnx6/ppcbe/lib/crtn.o

.text           0x0000000048041fe0    0x13e1c
                0x0000000048041fe0                _btext = .
 *(.text .stub .text.* .gnu.linkonce.t.*)
 .text          0x0000000048041fe0      0x118 C:\ProgramData\dSPACE\1184D92C-D928-4591-A1E9-B54339797C20\Compiler\QNX650_520\target\qnx6/ppcbe/lib/crt1.o
                0x0000000048041fe0                _start
 .text          0x00000000480420f8        0x0 C:\ProgramData\dSPACE\1184D92C-D928-4591-A1E9-B54339797C20\Compiler\QNX650_520\target\qnx6/ppcbe/lib/crti.o
 .text          0x00000000480420f8      0x2b0 c:/programdata/dspace/1184d92c-d928-4591-a1e9-b54339797c20/compiler/qnx650_520/host/win32/x86/usr/bin/../lib/gcc/powerpc-unknown-nto-qnx6.5.0/5.2.0/crtbegin.o
 *fill*         0x00000000480423a8        0x8 00000000
 .text          0x00000000480423b0    0x10b80 Human_in_Loop.o07
                0x0000000048043cb0                rt_hypotd_snf
                0x0000000048046300                Human_in_Loop_BayeisanOpt_Init
                0x0000000048046420                Human_in_Loop_BayeisanOpt_Reset
                0x0000000048046530                Human_in_Loop_BayeisanOpt
                0x0000000048047530                Human_SerialDecodingSystem_Init
                0x00000000480475d0                Huma_SerialDecodingSystem_Reset
                0x0000000048047660                Human_in_L_SerialDecodingSystem
                0x0000000048048820                Human_in_Loop_Mux1
                0x0000000048048840                Human_in_Lo_MATLABFunction_Init
                0x0000000048048850                Human_in_Loop_MATLABFunction
                0x0000000048048930                Human_in_Loop_Mux
                0x0000000048048940                rt_powd_snf
                0x0000000048048c10                rt_roundd_snf
                0x0000000048048c70                Human_in_Lo_ControlModule_Reset
                0x0000000048048ce0                Human_in_Loo_ControlModule_Init
                0x0000000048048cf0                Human_in_Loop_ControlModule
                0x000000004804a680                Human_in_Loo_ControlModule_Term
                0x000000004804a6c0                Human_in_Loop_output
                0x0000000048051d70                Human_in_Loop_derivatives
                0x0000000048052440                Human_in_Loop_update
                0x00000000480526e0                Human_in_Loop_initialize
                0x0000000048052e80                Human_in_Loop_terminate
 .text          0x0000000048052f30        0x0 Human_in_Loop_data.o07
 .text          0x0000000048052f30      0x264 Human_in_Loop_trc_ptr.o07
                0x0000000048053160                Human_in_Loop_rti_init_trc_pointers
 *fill*         0x0000000048053194        0xc 00000000
 .text          0x00000000480531a0       0x5c rtGetInf.o07
                0x00000000480531a0                rtGetInf
                0x00000000480531c0                rtGetInfF
                0x00000000480531d0                rtGetMinusInf
                0x00000000480531f0                rtGetMinusInfF
 *fill*         0x00000000480531fc        0x4 00000000
 .text          0x0000000048053200       0x3c rtGetNaN.o07
                0x0000000048053200                rtGetNaN
                0x0000000048053230                rtGetNaNF
 *fill*         0x000000004805323c        0x4 00000000
 .text          0x0000000048053240       0xf4 rt_nonfinite.o07
                0x0000000048053240                rt_InitInfAndNaN
                0x00000000480532a0                rtIsInf
                0x00000000480532d0                rtIsInfF
                0x0000000048053300                rtIsNaN
                0x0000000048053320                rtIsNaNF
 *fill*         0x0000000048053334        0xc 00000000
 .text          0x0000000048053340       0xf8 rt_zcfcn.o07
                0x0000000048053340                rt_ZCFcn
 *fill*         0x0000000048053438        0x8 00000000
 .text          0x0000000048053440      0xc84 rti_sim_engine.o07
                0x0000000048054050                rtk_idle_function
                0x0000000048054060                rti_th_timertask1_trigger_source
                0x00000000480540b0                initConditions
                0x00000000480540c0                initVariables
 .text.unlikely
                0x00000000480540c4       0x78 rti_sim_engine.o07
 *fill*         0x000000004805413c        0x4 00000000
 .text.startup  0x0000000048054140     0x10b0 rti_sim_engine.o07
                0x0000000048054140                main
 .text          0x00000000480551f0       0x40 rti_init_c.o07
                0x00000000480551f0                rti_init
 .text          0x0000000048055230       0x44 rt_sim.o07
                0x0000000048055230                rt_SimInitTimingEngine
                0x0000000048055260                rt_SimGetNextSampleHit
                0x0000000048055270                rt_SimUpdateDiscreteTaskSampleHits
 *fill*         0x0000000048055274        0xc 00000000
 .text          0x0000000048055280       0xd4 rti_assert.o07
                0x0000000048055280                rti_assertion_handler
                0x0000000048055310                rti_assertion_mode_msg
 .text          0x0000000048055354        0x0 d:\Program Files\dSPACE RCPHIL 2017-B\DS1202\Lib/librtversion.a(RtVersion.o)
 *fill*         0x0000000048055354        0xc 00000000
 .text          0x0000000048055360        0x4 d:\Program Files\dSPACE RCPHIL 2017-B\DS1202\Lib/librtglobals.a(DsEESPort.o)
                0x0000000048055360                DsEesPort_init()
 .text          0x0000000048055364       0x20 d:\Program Files\dSPACE RCPHIL 2017-B\DS1202\Lib/libm_fastpow.a(w_pow.o)
                0x0000000048055364                pow
 .text          0x0000000048055384      0x85c d:\Program Files\dSPACE RCPHIL 2017-B\DS1202\Lib/libm_fastpow.a(e_pow.o)
                0x0000000048055384                __ieee754_pow
 .text          0x0000000048055be0      0x188 d:\Program Files\dSPACE RCPHIL 2017-B\DS1202\Lib/libm_fastpow.a(s_scalbn.o)
                0x0000000048055be0                scalbn
 .text          0x0000000048055d68       0x94 c:/programdata/dspace/1184d92c-d928-4591-a1e9-b54339797c20/compiler/qnx650_520/host/win32/x86/usr/bin/../lib/gcc/powerpc-unknown-nto-qnx6.5.0/5.2.0/crtend.o
 .text          0x0000000048055dfc        0x0 C:\ProgramData\dSPACE\1184D92C-D928-4591-A1E9-B54339797C20\Compiler\QNX650_520\target\qnx6/ppcbe/lib/crtn.o
 *(.gnu.warning)
 *(.glink)
 .glink         0x0000000048055dfc        0x0 C:\ProgramData\dSPACE\1184D92C-D928-4591-A1E9-B54339797C20\Compiler\QNX650_520\target\qnx6/ppcbe/lib/crt1.o

.fini           0x0000000048055dfc       0x20
 *(.fini)
 .fini          0x0000000048055dfc        0xc C:\ProgramData\dSPACE\1184D92C-D928-4591-A1E9-B54339797C20\Compiler\QNX650_520\target\qnx6/ppcbe/lib/crti.o
                0x0000000048055dfc                _fini
 .fini          0x0000000048055e08        0x4 c:/programdata/dspace/1184d92c-d928-4591-a1e9-b54339797c20/compiler/qnx650_520/host/win32/x86/usr/bin/../lib/gcc/powerpc-unknown-nto-qnx6.5.0/5.2.0/crtbegin.o
 .fini          0x0000000048055e0c       0x10 C:\ProgramData\dSPACE\1184D92C-D928-4591-A1E9-B54339797C20\Compiler\QNX650_520\target\qnx6/ppcbe/lib/crtn.o
                [!provide]                        PROVIDE (__etext, .)
                0x0000000048055e1c                PROVIDE (_etext, .)
                [!provide]                        PROVIDE (etext, .)

.rodata         0x0000000048055e20     0x1760
 *(.rodata .rodata.* .gnu.linkonce.r.*)
 .rodata        0x0000000048055e20     0x104c Human_in_Loop.o07
                0x0000000048056e68                Human_in_Loop_M
 .rodata.cst4   0x0000000048056e6c       0xa4 Human_in_Loop.o07
 .rodata.cst8   0x0000000048056f10      0x128 Human_in_Loop.o07
 .rodata.str1.4
                0x0000000048057038        0x5 Human_in_Loop.o07
 *fill*         0x000000004805703d        0x3 
 .rodata.cst4   0x0000000048057040        0x8 rtGetInf.o07
 .rodata.cst4   0x0000000048057048        0x4 rtGetNaN.o07
 .rodata        0x000000004805704c       0x13 rt_zcfcn.o07
 *fill*         0x000000004805705f        0x1 
 .rodata.cst4   0x0000000048057060        0x4 rt_zcfcn.o07
 .rodata        0x0000000048057064        0xc rti_sim_engine.o07
                0x0000000048057064                rtiDataSetStorageEnabled
                0x0000000048057068                p_dsts_sum_of_reset_time
                0x000000004805706c                p_msg_last_error_no
 .rodata.cst4   0x0000000048057070        0xc rti_sim_engine.o07
                                         0x10 (size before relaxing)
 *fill*         0x000000004805707c        0x4 
 .rodata.cst8   0x0000000048057080        0x8 rti_sim_engine.o07
                                         0x10 (size before relaxing)
 .rodata.str1.4
                0x0000000048057088      0x2bc rti_sim_engine.o07
 .rodata.cst4   0x0000000048057344        0x4 rt_sim.o07
                                          0x8 (size before relaxing)
 .rodata.str1.4
                0x0000000048057348       0x71 rt_sim.o07
 *fill*         0x00000000480573b9        0x3 
 .rodata.str1.4
                0x00000000480573bc       0x70 rti_assert.o07
                                         0x6d (size before relaxing)
 *fill*         0x000000004805742c        0x4 
 .rodata        0x0000000048057430       0x30 d:\Program Files\dSPACE RCPHIL 2017-B\DS1202\Lib/libm_fastpow.a(e_pow.o)
 .rodata.cst4   0x0000000048057460        0x8 d:\Program Files\dSPACE RCPHIL 2017-B\DS1202\Lib/libm_fastpow.a(e_pow.o)
 .rodata.cst8   0x0000000048057468       0xe8 d:\Program Files\dSPACE RCPHIL 2017-B\DS1202\Lib/libm_fastpow.a(e_pow.o)
 .rodata.cst8   0x0000000048057550       0x30 d:\Program Files\dSPACE RCPHIL 2017-B\DS1202\Lib/libm_fastpow.a(s_scalbn.o)

.rodata1
 *(.rodata1)

.sdata2         0x0000000048057580        0x0
                0x0000000000008000                PROVIDE (_SDA2_BASE_, 0x8000)
 *(.sdata2 .sdata2.* .gnu.linkonce.s2.*)
 .sdata2        0x0000000048057580        0x0 C:\ProgramData\dSPACE\1184D92C-D928-4591-A1E9-B54339797C20\Compiler\QNX650_520\target\qnx6/ppcbe/lib/crt1.o

.sbss2
 *(.sbss2 .sbss2.* .gnu.linkonce.sb2.*)

.eh_frame_hdr   0x0000000048057580       0x14
 *(.eh_frame_hdr)
 .eh_frame_hdr  0x0000000048057580       0x14 d:\Program Files\dSPACE RCPHIL 2017-B\DS1202\Lib/librtglobals.a(DsEESPort.o)

.eh_frame       0x0000000048057594       0x2c
 *(.eh_frame)
 .eh_frame      0x0000000048057594        0x0 C:\ProgramData\dSPACE\1184D92C-D928-4591-A1E9-B54339797C20\Compiler\QNX650_520\target\qnx6/ppcbe/lib/crt1.o
 .eh_frame      0x0000000048057594        0x0 c:/programdata/dspace/1184d92c-d928-4591-a1e9-b54339797c20/compiler/qnx650_520/host/win32/x86/usr/bin/../lib/gcc/powerpc-unknown-nto-qnx6.5.0/5.2.0/crtbegin.o
 .eh_frame      0x0000000048057594       0x28 d:\Program Files\dSPACE RCPHIL 2017-B\DS1202\Lib/librtglobals.a(DsEESPort.o)
 .eh_frame      0x00000000480575bc        0x4 c:/programdata/dspace/1184d92c-d928-4591-a1e9-b54339797c20/compiler/qnx650_520/host/win32/x86/usr/bin/../lib/gcc/powerpc-unknown-nto-qnx6.5.0/5.2.0/crtend.o

.gcc_except_table
 *(.gcc_except_table .gcc_except_table.*)
                0x00000000480575c0                . = (ALIGN (0x1000) - ((0x1000 - .) & 0xfff))
                0x00000000480585c0                . = DATA_SEGMENT_ALIGN (0x1000, 0x1000)

.eh_frame
 *(.eh_frame)

.gcc_except_table
 *(.gcc_except_table .gcc_except_table.*)

.tdata
 *(.tdata .tdata.* .gnu.linkonce.td.*)

.tbss
 *(.tbss .tbss.* .gnu.linkonce.tb.*)
 *(.tcommon)

.preinit_array  0x00000000480585c0        0x0
                0x00000000480585c0                PROVIDE (__preinit_array_start, .)
 *(.preinit_array)
                0x00000000480585c0                PROVIDE (__preinit_array_end, .)

.init_array     0x00000000480585c0        0x0
                0x00000000480585c0                PROVIDE (__init_array_start, .)
 *(SORT(.init_array.*))
 *(.init_array)
                0x00000000480585c0                PROVIDE (__init_array_end, .)

.fini_array     0x00000000480585c0        0x0
                0x00000000480585c0                PROVIDE (__fini_array_start, .)
 *(.fini_array)
 *(SORT(.fini_array.*))
                0x00000000480585c0                PROVIDE (__fini_array_end, .)

.ctors          0x00000000480585c0        0x8
 *crtbegin.o(.ctors)
 .ctors         0x00000000480585c0        0x4 c:/programdata/dspace/1184d92c-d928-4591-a1e9-b54339797c20/compiler/qnx650_520/host/win32/x86/usr/bin/../lib/gcc/powerpc-unknown-nto-qnx6.5.0/5.2.0/crtbegin.o
 *crtbegin?.o(.ctors)
 *(EXCLUDE_FILE(*crtend?.o *crtend.o) .ctors)
 *(SORT(.ctors.*))
 *(.ctors)
 .ctors         0x00000000480585c4        0x4 c:/programdata/dspace/1184d92c-d928-4591-a1e9-b54339797c20/compiler/qnx650_520/host/win32/x86/usr/bin/../lib/gcc/powerpc-unknown-nto-qnx6.5.0/5.2.0/crtend.o

.dtors          0x00000000480585c8        0x8
 *crtbegin.o(.dtors)
 .dtors         0x00000000480585c8        0x4 c:/programdata/dspace/1184d92c-d928-4591-a1e9-b54339797c20/compiler/qnx650_520/host/win32/x86/usr/bin/../lib/gcc/powerpc-unknown-nto-qnx6.5.0/5.2.0/crtbegin.o
 *crtbegin?.o(.dtors)
 *(EXCLUDE_FILE(*crtend?.o *crtend.o) .dtors)
 *(SORT(.dtors.*))
 *(.dtors)
 .dtors         0x00000000480585cc        0x4 c:/programdata/dspace/1184d92c-d928-4591-a1e9-b54339797c20/compiler/qnx650_520/host/win32/x86/usr/bin/../lib/gcc/powerpc-unknown-nto-qnx6.5.0/5.2.0/crtend.o
                0x00000000480585cc                __DTOR_END__

.jcr            0x00000000480585d0        0x4
 *(.jcr)
 .jcr           0x00000000480585d0        0x0 c:/programdata/dspace/1184d92c-d928-4591-a1e9-b54339797c20/compiler/qnx650_520/host/win32/x86/usr/bin/../lib/gcc/powerpc-unknown-nto-qnx6.5.0/5.2.0/crtbegin.o
 .jcr           0x00000000480585d0        0x4 c:/programdata/dspace/1184d92c-d928-4591-a1e9-b54339797c20/compiler/qnx650_520/host/win32/x86/usr/bin/../lib/gcc/powerpc-unknown-nto-qnx6.5.0/5.2.0/crtend.o

.data.rel.ro
 *(.data.rel.ro.local* .gnu.linkonce.d.rel.ro.local.*)
 *(.data.rel.ro* .gnu.linkonce.d.rel.ro.*)

.fixup
 *(.fixup)

.got1
 *(.got1)

.got2
 *(.got2)

.dynamic        0x00000000480585d4      0x100
 *(.dynamic)
 .dynamic       0x00000000480585d4      0x100 C:\ProgramData\dSPACE\1184D92C-D928-4591-A1E9-B54339797C20\Compiler\QNX650_520\target\qnx6/ppcbe/lib/crt1.o
                0x00000000480585d4                _DYNAMIC

.got
 *(.got)
                0x00000000480586d4                . = DATA_SEGMENT_RELRO_END (., 0x0)

.plt
 *(.plt)

.data           0x00000000480586d8     0xe388
 *(.data .data.* .gnu.linkonce.d.*)
 .data          0x00000000480586d8        0x0 C:\ProgramData\dSPACE\1184D92C-D928-4591-A1E9-B54339797C20\Compiler\QNX650_520\target\qnx6/ppcbe/lib/crt1.o
 .data          0x00000000480586d8        0x0 C:\ProgramData\dSPACE\1184D92C-D928-4591-A1E9-B54339797C20\Compiler\QNX650_520\target\qnx6/ppcbe/lib/crti.o
 .data          0x00000000480586d8        0x0 c:/programdata/dspace/1184d92c-d928-4591-a1e9-b54339797c20/compiler/qnx650_520/host/win32/x86/usr/bin/../lib/gcc/powerpc-unknown-nto-qnx6.5.0/5.2.0/crtbegin.o
 .data.rel.local
                0x00000000480586d8        0x4 c:/programdata/dspace/1184d92c-d928-4591-a1e9-b54339797c20/compiler/qnx650_520/host/win32/x86/usr/bin/../lib/gcc/powerpc-unknown-nto-qnx6.5.0/5.2.0/crtbegin.o
                0x00000000480586d8                __dso_handle
 .data          0x00000000480586dc        0x0 Human_in_Loop.o07
 *fill*         0x00000000480586dc        0x4 
 .data          0x00000000480586e0     0xe360 Human_in_Loop_data.o07
                0x00000000480586e0                Human_in_Loop_P
 .data          0x0000000048066a40        0x0 Human_in_Loop_trc_ptr.o07
 .data          0x0000000048066a40        0x0 rtGetInf.o07
 .data          0x0000000048066a40        0x0 rtGetNaN.o07
 .data          0x0000000048066a40        0x0 rt_nonfinite.o07
 .data          0x0000000048066a40        0x0 rt_zcfcn.o07
 .data          0x0000000048066a40       0x14 rti_sim_engine.o07
                0x0000000048066a40                simState
                0x0000000048066a50                lastSimState
 .data          0x0000000048066a54        0x0 rti_init_c.o07
 .data          0x0000000048066a54        0x0 rt_sim.o07
 .data          0x0000000048066a54        0x0 rti_assert.o07
 .data          0x0000000048066a54        0x0 d:\Program Files\dSPACE RCPHIL 2017-B\DS1202\Lib/librtversion.a(RtVersion.o)
 .data          0x0000000048066a54        0x0 d:\Program Files\dSPACE RCPHIL 2017-B\DS1202\Lib/librtglobals.a(DsEESPort.o)
 .data.rel      0x0000000048066a54        0xc d:\Program Files\dSPACE RCPHIL 2017-B\DS1202\Lib/librtglobals.a(DsEESPort.o)
                0x0000000048066a54                p_xilapi_eesport_errorswitching_uint32_T
                0x0000000048066a58                p_xilapi_eesport_erroractivated_uint32_T
                0x0000000048066a5c                p_xilapi_eesport_activeerrorset_uint32_T
 .data          0x0000000048066a60        0x0 d:\Program Files\dSPACE RCPHIL 2017-B\DS1202\Lib/libm_fastpow.a(w_pow.o)
 .data          0x0000000048066a60        0x0 d:\Program Files\dSPACE RCPHIL 2017-B\DS1202\Lib/libm_fastpow.a(e_pow.o)
 .data          0x0000000048066a60        0x0 d:\Program Files\dSPACE RCPHIL 2017-B\DS1202\Lib/libm_fastpow.a(s_scalbn.o)
 .data          0x0000000048066a60        0x0 c:/programdata/dspace/1184d92c-d928-4591-a1e9-b54339797c20/compiler/qnx650_520/host/win32/x86/usr/bin/../lib/gcc/powerpc-unknown-nto-qnx6.5.0/5.2.0/crtend.o
 .data          0x0000000048066a60        0x0 C:\ProgramData\dSPACE\1184D92C-D928-4591-A1E9-B54339797C20\Compiler\QNX650_520\target\qnx6/ppcbe/lib/crtn.o

.tm_clone_table
                0x0000000048066a60        0x0
 .tm_clone_table
                0x0000000048066a60        0x0 c:/programdata/dspace/1184d92c-d928-4591-a1e9-b54339797c20/compiler/qnx650_520/host/win32/x86/usr/bin/../lib/gcc/powerpc-unknown-nto-qnx6.5.0/5.2.0/crtbegin.o
 .tm_clone_table
                0x0000000048066a60        0x0 c:/programdata/dspace/1184d92c-d928-4591-a1e9-b54339797c20/compiler/qnx650_520/host/win32/x86/usr/bin/../lib/gcc/powerpc-unknown-nto-qnx6.5.0/5.2.0/crtend.o

.data1
 *(.data1)

.got            0x0000000048066a60       0x54
 *(.got)
 .got           0x0000000048066a60       0x54 C:\ProgramData\dSPACE\1184D92C-D928-4591-A1E9-B54339797C20\Compiler\QNX650_520\target\qnx6/ppcbe/lib/crt1.o
                0x0000000048066aa8                _GLOBAL_OFFSET_TABLE_

.sdata          0x0000000048066ab4        0x0
                0x0000000000008000                PROVIDE (_SDA_BASE_, 0x8000)
 *(.sdata .sdata.* .gnu.linkonce.s.*)
 .sdata         0x0000000048066ab4        0x0 C:\ProgramData\dSPACE\1184D92C-D928-4591-A1E9-B54339797C20\Compiler\QNX650_520\target\qnx6/ppcbe/lib/crt1.o
                0x0000000048066ab4                _edata = .
                [!provide]                        PROVIDE (edata, .)
                0x0000000048066ab4                __bss_start = .

.sbss           0x0000000048066ab4        0x0
                [!provide]                        PROVIDE (__sbss_start, .)
                [!provide]                        PROVIDE (___sbss_start, .)
 *(.dynsbss)
 .dynsbss       0x0000000048066ab4        0x0 C:\ProgramData\dSPACE\1184D92C-D928-4591-A1E9-B54339797C20\Compiler\QNX650_520\target\qnx6/ppcbe/lib/crt1.o
 *(.sbss .sbss.* .gnu.linkonce.sb.*)
 *(.scommon)
                [!provide]                        PROVIDE (__sbss_end, .)
                [!provide]                        PROVIDE (___sbss_end, .)

.plt            0x0000000048066ab4      0x5c4
 *(.plt)
 .plt           0x0000000048066ab4      0x5c4 C:\ProgramData\dSPACE\1184D92C-D928-4591-A1E9-B54339797C20\Compiler\QNX650_520\target\qnx6/ppcbe/lib/crt1.o
                0x0000000048066afc                ts_reset
                0x0000000048066b04                __register_frame_info
                0x0000000048066b0c                DioCl2EncoderIn_create
                0x0000000048066b14                msg_error_clear
                0x0000000048066b1c                AdcCl1AnalogIn_read
                0x0000000048066b24                dsrtt_set_current_time
                0x0000000048066b2c                sqrt
                0x0000000048066b34                DioCl2EncoderIn_read
                0x0000000048066b3c                rtk_current_task_absolute_time_ptr_get
                0x0000000048066b44                DioCl1DigIn_start
                0x0000000048066b4c                DsTimeSync_simstateRun
                0x0000000048066b54                DacCl1AnalogOut_create
                0x0000000048066b5c                DioCl2EncoderIn_setEncPosition
                0x0000000048066b64                DioCl2EncoderIn_stop
                0x0000000048066b6c                DioCl1DigIn_setInputFilter
                0x0000000048066b74                floor
                0x0000000048066b7c                DioCl1DigIn_create
                0x0000000048066b84                memcpy
                0x0000000048066b8c                rtk_setup_temp_overrun_handling
                0x0000000048066b94                DioCl1DigOut_setChMaskOutData
                0x0000000048066b9c                DioCl2EncoderIn_setIndexMode
                0x0000000048066ba4                ceil
                0x0000000048066bac                SrtkIntBase_requestTaskMode
                0x0000000048066bb4                rtk_reset_tasks
                0x0000000048066bbc                rtk_scheduler
                0x0000000048066bc4                __cxa_finalize
                0x0000000048066bcc                _init_array
                0x0000000048066bd4                rtk_set_task_type
                0x0000000048066bdc                DsTimeSync_baserate
                0x0000000048066be4                rtk_task_name_set
                0x0000000048066bec                DacCl1AnalogOut_apply
                0x0000000048066bf4                DioCl1DigIn_getChMaskInData
                0x0000000048066bfc                DioCl1DigOut_setChMaskOutHighZ
                0x0000000048066c04                dsrtt_script_service_post_computation
                0x0000000048066c0c                rtk_create_task
                0x0000000048066c14                msg_warning_printf
                0x0000000048066c1c                msg_last_error_number
                0x0000000048066c24                DioCl2EncoderIn_start
                0x0000000048066c2c                AdcCl1AnalogIn_setConversTrigger
                0x0000000048066c34                dsparam_copy_data_set
                0x0000000048066c3c                SrtkPreload_preloadRegion
                0x0000000048066c44                msg_error_set
                0x0000000048066c4c                rtk_enable_services
                0x0000000048066c54                SrtkDaq_Init
                0x0000000048066c5c                DioCl1DigOut_setSignalVoltage
                0x0000000048066c64                rtk_task_task_calls_get
                0x0000000048066c6c                DioCl1DigIn_apply
                0x0000000048066c74                dsser_config
                0x0000000048066c7c                SrtkCfg_finalizeSlaveBoot
                0x0000000048066c84                DsTimeSync_setCurrentTimePtr
                0x0000000048066c8c                DioCl2EncoderIn_setMinEncVelocity
                0x0000000048066c94                SrtkIntBase_enableIntGlobal
                0x0000000048066c9c                DacCl1AnalogOut_write
                0x0000000048066ca4                AdcCl1AnalogIn_setConversionMode
                0x0000000048066cac                rtk_overrun_flag_clear
                0x0000000048066cb4                dsser_enable
                0x0000000048066cbc                rtk_bind_interrupt
                0x0000000048066cc4                DacCl1AnalogOut_stop
                0x0000000048066ccc                AdcCl1AnalogIn_apply
                0x0000000048066cd4                _init_libc
                0x0000000048066cdc                DioCl2EncoderIn_setGatedMode
                0x0000000048066ce4                dsrtt_init
                0x0000000048066cec                AdcCl1AnalogIn_write
                0x0000000048066cf4                DioCl1DigOut_write
                0x0000000048066cfc                SrtkApp_terminate
                0x0000000048066d04                DioCl1DigOut_start
                0x0000000048066d0c                DioCl2EncoderIn_setMaxPosition
                0x0000000048066d14                DioCl2EncoderIn_setMinPosition
                0x0000000048066d1c                AdcCl1AnalogIn_isDataReady
                0x0000000048066d24                msg_info_set
                0x0000000048066d2c                dsser_disable
                0x0000000048066d34                dsrtt_script_service_pre_computation
                0x0000000048066d3c                DacCl1AnalogOut_start
                0x0000000048066d44                msg_error_printf
                0x0000000048066d4c                memset
                0x0000000048066d54                DioCl1DigOut_create
                0x0000000048066d5c                DioCl2EncoderIn_getEncPosition
                0x0000000048066d64                rtk_leave_idle_mode
                0x0000000048066d6c                __wrap_exit
                0x0000000048066d74                DioCl1DigOut_apply
                0x0000000048066d7c                __wrap_atexit
                0x0000000048066d84                DioCl2EncoderIn_setMeasurementInterval
                0x0000000048066d8c                DacCl1AnalogOut_setOutputValue
                0x0000000048066d94                AdcCl1AnalogIn_start
                0x0000000048066d9c                _fini_array
                0x0000000048066da4                SrtkDaq_Background
                0x0000000048066dac                _Log
                0x0000000048066db4                _preinit_array
                0x0000000048066dbc                SrtkApp_init
                0x0000000048066dc4                exp
                0x0000000048066dcc                rtk_bind_subinterrupt
                0x0000000048066dd4                SrtkDaq_Service
                0x0000000048066ddc                rtk_task_task_name_get
                0x0000000048066de4                AdcCl1AnalogIn_setConversSwTrigger
                0x0000000048066dec                DioCl1DigIn_read
                0x0000000048066df4                SrtkSim_notifyStateTransition
                0x0000000048066dfc                AdcCl1AnalogIn_getSingleValue
                0x0000000048066e04                DioCl2EncoderIn_apply
                0x0000000048066e0c                DioCl2EncoderIn_getEncVelocity
                0x0000000048066e14                msg_set
                0x0000000048066e1c                rtk_get_subentry
                0x0000000048066e24                dsrtt_set_step_size
                0x0000000048066e2c                rtk_enter_idle_mode
                0x0000000048066e34                dsser_init
                0x0000000048066e3c                rtk_initialize
                0x0000000048066e44                DacCl1AnalogOut_setOutputHighZ
                0x0000000048066e4c                dsser_receive
                0x0000000048066e54                DioCl2EncoderIn_setEncoderLines
                0x0000000048066e5c                SrtkApp_background
                0x0000000048066e64                rtk_default_overrun_fcn
                0x0000000048066e6c                AdcCl1AnalogIn_create
                0x0000000048066e74                vcm_module_register
                0x0000000048066e7c                DsTimeSync_simstateStop
                0x0000000048066e84                SrtkIntBase_disableIntGlobal
                0x0000000048066e8c                SrtkSim_registerState
                0x0000000048066e94                __deregister_frame_info
                0x0000000048066e9c                dsser_fifo_reset

.bss            0x0000000048067078    0x9d8d4
 *(.dynbss)
 .dynbss        0x0000000048067078       0x1c C:\ProgramData\dSPACE\1184D92C-D928-4591-A1E9-B54339797C20\Compiler\QNX650_520\target\qnx6/ppcbe/lib/crt1.o
                0x0000000048067078                rtk_handler_descriptor_table
                0x000000004806707c                rtk_task_mapping_table
                0x0000000048067080                errno
                0x0000000048067088                dsts_sum_of_reseted_time
                0x0000000048067090                msg_last_error_no
 *(.bss .bss.* .gnu.linkonce.b.*)
 .bss           0x0000000048067094        0x0 C:\ProgramData\dSPACE\1184D92C-D928-4591-A1E9-B54339797C20\Compiler\QNX650_520\target\qnx6/ppcbe/lib/crt1.o
 .bss           0x0000000048067094        0x0 C:\ProgramData\dSPACE\1184D92C-D928-4591-A1E9-B54339797C20\Compiler\QNX650_520\target\qnx6/ppcbe/lib/crti.o
 .bss           0x0000000048067094       0x20 c:/programdata/dspace/1184d92c-d928-4591-a1e9-b54339797c20/compiler/qnx650_520/host/win32/x86/usr/bin/../lib/gcc/powerpc-unknown-nto-qnx6.5.0/5.2.0/crtbegin.o
 *fill*         0x00000000480670b4        0x4 
 .bss           0x00000000480670b8    0x9d6e2 Human_in_Loop.o07
                0x00000000480670b8                Human_in_Loop_DW
                0x00000000480a9368                Human_in_Loop_B
                0x0000000048104318                Human_in_Loop_M_
                0x0000000048104618                Human_in_Loop_X
                0x0000000048104798                Human_in_Loop_PrevZCX
 .bss           0x000000004810479a        0x0 Human_in_Loop_data.o07
 *fill*         0x000000004810479a        0x2 
 .bss           0x000000004810479c       0x84 Human_in_Loop_trc_ptr.o07
                0x000000004810479c                p_0_Human_in_Loop_real_T_0
                0x00000000481047a0                p_0_Human_in_Loop_int32_T_1
                0x00000000481047a4                p_0_Human_in_Loop_uint32_T_2
                0x00000000481047a8                p_0_Human_in_Loop_uint8_T_3
                0x00000000481047ac                p_0_Human_in_Loop_boolean_T_4
                0x00000000481047b0                p_0_Human_in_Loop_real_T_5
                0x00000000481047b4                p_0_Human_in_Loop_real_T_6
                0x00000000481047b8                p_0_Human_in_Loop_real_T_7
                0x00000000481047bc                p_0_Human_in_Loop_real_T_8
                0x00000000481047c0                p_0_Human_in_Loop_real_T_9
                0x00000000481047c4                p_0_Human_in_Loop_real_T_10
                0x00000000481047c8                p_0_Human_in_Loop_real_T_11
                0x00000000481047cc                p_0_Human_in_Loop_real_T_12
                0x00000000481047d0                p_0_Human_in_Loop_real_T_13
                0x00000000481047d4                p_0_Human_in_Loop_real_T_14
                0x00000000481047d8                p_1_Human_in_Loop_real_T_0
                0x00000000481047dc                p_1_Human_in_Loop_int32_T_1
                0x00000000481047e0                p_1_Human_in_Loop_int8_T_2
                0x00000000481047e4                p_1_Human_in_Loop_boolean_T_3
                0x00000000481047e8                p_1_Human_in_Loop_real_T_4
                0x00000000481047ec                p_1_Human_in_Loop_uint32_T_5
                0x00000000481047f0                p_1_Human_in_Loop_boolean_T_6
                0x00000000481047f4                p_2_Human_in_Loop_real_T_4
                0x00000000481047f8                p_2_Human_in_Loop_uint32_T_5
                0x00000000481047fc                p_2_Human_in_Loop_int8_T_6
                0x0000000048104800                p_2_Human_in_Loop_boolean_T_7
                0x0000000048104804                p_2_Human_in_Loop_real_T_8
                0x0000000048104808                p_2_Human_in_Loop_real_T_9
                0x000000004810480c                p_2_Human_in_Loop_real_T_10
                0x0000000048104810                p_2_Human_in_Loop_real_T_11
                0x0000000048104814                p_2_Human_in_Loop_real_T_12
                0x0000000048104818                p_2_Human_in_Loop_real_T_13
                0x000000004810481c                p_3_Human_in_Loop_real_T_0
 .bss           0x0000000048104820        0x0 rtGetInf.o07
 .bss           0x0000000048104820        0x0 rtGetNaN.o07
 .bss           0x0000000048104820       0x2c rt_nonfinite.o07
                0x0000000048104820                rtNaN
                0x0000000048104828                rtNaNF
                0x0000000048104830                rtInf
                0x0000000048104838                rtInfF
                0x0000000048104840                rtMinusInf
                0x0000000048104848                rtMinusInfF
 .bss           0x000000004810484c        0x0 rt_zcfcn.o07
 *fill*         0x000000004810484c        0x4 
 .bss           0x0000000048104850       0xe4 rti_sim_engine.o07
                0x0000000048104850                currentTime
                0x0000000048104854                finalTime
                0x0000000048104858                modelStepSize
                0x0000000048104860                pRTIDacC1AnalogOut_Ch_16
                0x0000000048104864                pRTIEmcEncoder_Unit_1_DioCl_2_Port_1_Ch1
                0x0000000048104868                pRTIEmcEncoder_Unit_3_DioCl_2_Port_1_Ch5
                0x000000004810486c                pRTIDioC1DigOut_Port_3_Ch_11
                0x0000000048104870                pRTIDioC1DigOut_Port_3_Ch_13
                0x0000000048104874                pRTIDioC1DigOut_Port_1_Ch_1
                0x0000000048104878                rtiDS1202SER_B1_Ser
                0x0000000048104880                pRTIAdcC1AnalogIn_Ch_6
                0x0000000048104884                pRTIAdcC1AnalogIn_Ch_1
                0x0000000048104888                pRTIAdcC1AnalogIn_Ch_2
                0x000000004810488c                pRTIAdcC1AnalogIn_Ch_3
                0x0000000048104890                pRTIAdcC1AnalogIn_Ch_4
                0x0000000048104894                pRTIAdcC1AnalogIn_Ch_9
                0x0000000048104898                pRTIAdcC1AnalogIn_Ch_10
                0x000000004810489c                pRTIDioC1DigIn_Port_1_Ch_2
                0x00000000481048a0                taskMode
                0x00000000481048a4                pRti_TIMERA_STime
                0x00000000481048a8                pRti_TIMERA_TTime
                0x00000000481048ac                pRti_TIMERA_TState
                0x00000000481048b0                pRti_TIMERA_OType
                0x00000000481048b4                pRti_TIMERA_OMax
                0x00000000481048b8                pRti_TIMERA_ORpt
                0x00000000481048bc                pRti_TIMERA_OCnt
                0x00000000481048c0                pRti_TIMERA_TCnt
                0x00000000481048c4                pRti_TIMERA_Prio
                0x00000000481048cc                pRti_UART_EVENTS_CH1_INT0_TTime
                0x00000000481048d0                pRti_UART_EVENTS_CH1_INT0_TState
                0x00000000481048d4                pRti_UART_EVENTS_CH1_INT0_OType
                0x00000000481048d8                pRti_UART_EVENTS_CH1_INT0_OMax
                0x00000000481048dc                pRti_UART_EVENTS_CH1_INT0_ORpt
                0x00000000481048e0                pRti_UART_EVENTS_CH1_INT0_OCnt
                0x00000000481048e4                pRti_UART_EVENTS_CH1_INT0_TCnt
                0x00000000481048e8                pRti_UART_EVENTS_CH1_INT0_Prio
                0x00000000481048ec                pRti_TIMERB_STime
                0x00000000481048f0                pRti_TIMERB_TTime
                0x00000000481048f4                pRti_TIMERB_TState
                0x00000000481048f8                pRti_TIMERB_OType
                0x00000000481048fc                pRti_TIMERB_OMax
                0x0000000048104900                pRti_TIMERB_ORpt
                0x0000000048104904                pRti_TIMERB_OCnt
                0x0000000048104908                pRti_TIMERB_TCnt
                0x000000004810490c                pRti_TIMERB_Prio
                0x0000000048104910                pRti_SWI1_TTime
                0x0000000048104914                pRti_SWI1_TState
                0x0000000048104918                pRti_SWI1_OType
                0x000000004810491c                pRti_SWI1_OMax
                0x0000000048104920                pRti_SWI1_ORpt
                0x0000000048104924                pRti_SWI1_OCnt
                0x0000000048104928                pRti_SWI1_TCnt
                0x000000004810492c                pRti_SWI1_Prio
                0x0000000048104930                rtiAssertionMode
 .bss           0x0000000048104934        0x4 rti_init_c.o07
 .bss           0x0000000048104938        0x0 rt_sim.o07
 .bss           0x0000000048104938        0x0 rti_assert.o07
 .bss           0x0000000048104938        0x0 d:\Program Files\dSPACE RCPHIL 2017-B\DS1202\Lib/librtversion.a(RtVersion.o)
 .bss           0x0000000048104938       0x14 d:\Program Files\dSPACE RCPHIL 2017-B\DS1202\Lib/librtglobals.a(DsEESPort.o)
                0x0000000048104938                xilapi_eesport_trigger_uint32_T
                0x000000004810493c                xilapi_eesport_flags_uint32_T
                0x0000000048104940                xilapi_eesport_errorswitching_uint32_T
                0x0000000048104944                xilapi_eesport_erroractivated_uint32_T
                0x0000000048104948                xilapi_eesport_activeerrorset_uint32_T
 .bss           0x000000004810494c        0x0 d:\Program Files\dSPACE RCPHIL 2017-B\DS1202\Lib/libm_fastpow.a(w_pow.o)
 .bss           0x000000004810494c        0x0 d:\Program Files\dSPACE RCPHIL 2017-B\DS1202\Lib/libm_fastpow.a(e_pow.o)
 .bss           0x000000004810494c        0x0 d:\Program Files\dSPACE RCPHIL 2017-B\DS1202\Lib/libm_fastpow.a(s_scalbn.o)
 .bss           0x000000004810494c        0x0 c:/programdata/dspace/1184d92c-d928-4591-a1e9-b54339797c20/compiler/qnx650_520/host/win32/x86/usr/bin/../lib/gcc/powerpc-unknown-nto-qnx6.5.0/5.2.0/crtend.o
 .bss           0x000000004810494c        0x0 C:\ProgramData\dSPACE\1184D92C-D928-4591-A1E9-B54339797C20\Compiler\QNX650_520\target\qnx6/ppcbe/lib/crtn.o
 *(COMMON)
                0x000000004810494c                . = ALIGN ((. != 0x0)?0x4:0x1)

.iplt           0x0000000048104950        0x0
 .iplt          0x0000000048104950        0x0 C:\ProgramData\dSPACE\1184D92C-D928-4591-A1E9-B54339797C20\Compiler\QNX650_520\target\qnx6/ppcbe/lib/crt1.o
                0x0000000048104950                . = ALIGN (0x4)
                0x0000000048104950                . = ALIGN (0x4)
                0x0000000048104950                __end = .
                0x0000000048104950                _end = .
                [!provide]                        PROVIDE (end, .)
                0x0000000048104950                . = DATA_SEGMENT_END (.)

.stab
 *(.stab)

.stabstr
 *(.stabstr)

.stab.excl
 *(.stab.excl)

.stab.exclstr
 *(.stab.exclstr)

.stab.index
 *(.stab.index)

.stab.indexstr
 *(.stab.indexstr)

.comment        0x0000000000000000       0x47
 *(.comment)
 .comment       0x0000000000000000       0x11 c:/programdata/dspace/1184d92c-d928-4591-a1e9-b54339797c20/compiler/qnx650_520/host/win32/x86/usr/bin/../lib/gcc/powerpc-unknown-nto-qnx6.5.0/5.2.0/crtbegin.o
                                         0x12 (size before relaxing)
 .comment       0x0000000000000011       0x12 Human_in_Loop.o07
 .comment       0x0000000000000011       0x12 Human_in_Loop_data.o07
 .comment       0x0000000000000011       0x12 Human_in_Loop_trc_ptr.o07
 .comment       0x0000000000000011       0x12 rtGetInf.o07
 .comment       0x0000000000000011       0x12 rtGetNaN.o07
 .comment       0x0000000000000011       0x12 rt_nonfinite.o07
 .comment       0x0000000000000011       0x12 rt_zcfcn.o07
 .comment       0x0000000000000011       0x12 rti_sim_engine.o07
 .comment       0x0000000000000011       0x12 rti_init_c.o07
 .comment       0x0000000000000011       0x12 rt_sim.o07
 .comment       0x0000000000000011       0x12 rti_assert.o07
 .comment       0x0000000000000011       0x12 d:\Program Files\dSPACE RCPHIL 2017-B\DS1202\Lib/librtversion.a(RtVersion.o)
 .comment       0x0000000000000011       0x12 d:\Program Files\dSPACE RCPHIL 2017-B\DS1202\Lib/librtglobals.a(DsEESPort.o)
 .comment       0x0000000000000011       0x12 d:\Program Files\dSPACE RCPHIL 2017-B\DS1202\Lib/libm_fastpow.a(w_pow.o)
 .comment       0x0000000000000023       0x12 d:\Program Files\dSPACE RCPHIL 2017-B\DS1202\Lib/libm_fastpow.a(e_pow.o)
 .comment       0x0000000000000035       0x12 d:\Program Files\dSPACE RCPHIL 2017-B\DS1202\Lib/libm_fastpow.a(s_scalbn.o)
 .comment       0x0000000000000047       0x12 c:/programdata/dspace/1184d92c-d928-4591-a1e9-b54339797c20/compiler/qnx650_520/host/win32/x86/usr/bin/../lib/gcc/powerpc-unknown-nto-qnx6.5.0/5.2.0/crtend.o

.PPC.EMB.apuinfo
                0x0000000000000000       0x18
 .PPC.EMB.apuinfo
                0x0000000000000000       0x18 Human_in_Loop.o07
 .PPC.EMB.apuinfo
                0x0000000000000018       0x18 rt_zcfcn.o07

.debug
 *(.debug)

.line
 *(.line)

.debug_srcinfo
 *(.debug_srcinfo)

.debug_sfnames
 *(.debug_sfnames)

.debug_aranges
 *(.debug_aranges)

.debug_pubnames
 *(.debug_pubnames)

.debug_info
 *(.debug_info .gnu.linkonce.wi.*)

.debug_abbrev
 *(.debug_abbrev)

.debug_line
 *(.debug_line)

.debug_frame
 *(.debug_frame)

.debug_str
 *(.debug_str)

.debug_loc
 *(.debug_loc)

.debug_macinfo
 *(.debug_macinfo)

.debug_weaknames
 *(.debug_weaknames)

.debug_funcnames
 *(.debug_funcnames)

.debug_typenames
 *(.debug_typenames)

.debug_varnames
 *(.debug_varnames)

.debug_pubtypes
 *(.debug_pubtypes)

.debug_ranges
 *(.debug_ranges)

.gnu.attributes
                0x0000000000000000       0x14
 *(.gnu.attributes)
 .gnu.attributes
                0x0000000000000000       0x10 Human_in_Loop.o07
 .gnu.attributes
                0x0000000000000010       0x10 rtGetInf.o07
 .gnu.attributes
                0x0000000000000020       0x10 rtGetNaN.o07
 .gnu.attributes
                0x0000000000000030       0x10 rt_nonfinite.o07
 .gnu.attributes
                0x0000000000000040       0x10 rt_zcfcn.o07
 .gnu.attributes
                0x0000000000000050       0x10 rti_sim_engine.o07
 .gnu.attributes
                0x0000000000000060       0x10 rt_sim.o07
 .gnu.attributes
                0x0000000000000070       0x10 rti_assert.o07
 .gnu.attributes
                0x0000000000000080       0x14 d:\Program Files\dSPACE RCPHIL 2017-B\DS1202\Lib/libm_fastpow.a(w_pow.o)
 .gnu.attributes
                0x0000000000000094       0x14 d:\Program Files\dSPACE RCPHIL 2017-B\DS1202\Lib/libm_fastpow.a(e_pow.o)
 .gnu.attributes
                0x00000000000000a8       0x14 d:\Program Files\dSPACE RCPHIL 2017-B\DS1202\Lib/libm_fastpow.a(s_scalbn.o)

/DISCARD/
 *(.note.GNU-stack)
 *(.gnu_debuglink)
OUTPUT(Human_in_Loop.ppc elf32-powerpc)
